--------- beginning of main
07-03 20:08:40.965  1300  1314 W .apps.wellbeing: ApkAssets: Deleting an ApkAssets object '<empty> and /system/priv-app/CallLogBackup/CallLogBackup.apk' with 1 weak references
07-03 20:08:40.965  1300  1314 W .apps.wellbeing: ApkAssets: Deleting an ApkAssets object '<empty> and /product/priv-app/PartnerSetupPrebuilt/PartnerSetupPrebuilt.apk' with 1 weak references
07-03 20:08:40.965  1300  1314 W .apps.wellbeing: ApkAssets: Deleting an ApkAssets object '<empty> and /system/app/CameraExtensionsProxy/CameraExtensionsProxy.apk' with 1 weak references
07-03 20:08:40.965  1300  1314 W .apps.wellbeing: ApkAssets: Deleting an ApkAssets object '<empty> and /product/app/NexusWallpapersStubPrebuilt2018/NexusWallpapersStubPrebuilt2018.apk' with 1 weak references
07-03 20:08:40.965  1300  1314 W .apps.wellbeing: ApkAssets: Deleting an ApkAssets object '<empty> and /system_ext/priv-app/NexusLauncherRelease/NexusLauncherRelease.apk' with 1 weak references
07-03 20:08:40.965  1300  1314 W .apps.wellbeing: ApkAssets: Deleting an ApkAssets object '<empty> and /system/app/CarrierDefaultApp/CarrierDefaultApp.apk' with 1 weak references
07-03 20:08:40.965  1300  1314 W .apps.wellbeing: ApkAssets: Deleting an ApkAssets object '<empty> and /system/priv-app/CredentialManager/CredentialManager.apk' with 1 weak references
07-03 20:08:40.965  1300  1314 W .apps.wellbeing: ApkAssets: Deleting an ApkAssets object '<empty> and /product/overlay/FontNotoSerifSource/FontNotoSerifSourceOverlay.apk' with 1 weak references
07-03 20:08:40.965  1300  1314 W .apps.wellbeing: ApkAssets: Deleting an ApkAssets object '<empty> and /system/priv-app/DeviceAsWebcam/DeviceAsWebcam.apk' with 1 weak references
07-03 20:08:40.966  1300  1314 W .apps.wellbeing: ApkAssets: Deleting an ApkAssets object '<empty> and /system/priv-app/ProxyHandler/ProxyHandler.apk' with 1 weak references
07-03 20:08:40.966  1300  1314 W .apps.wellbeing: ApkAssets: Deleting an ApkAssets object '<empty> and /apex/com.android.permission/priv-app/GoogleSafetyCenterResources@350820360/GoogleSafetyCenterResources.apk' with 1 weak references
07-03 20:08:40.966  1300  1314 W .apps.wellbeing: ApkAssets: Deleting an ApkAssets object '<empty> and /product/overlay/DisplayCutoutEmulationWaterfall/DisplayCutoutEmulationWaterfallOverlay.apk' with 1 weak references
07-03 20:08:40.966  1300  1314 W .apps.wellbeing: ApkAssets: Deleting an ApkAssets object '<empty> and /system/priv-app/IntentResolver/IntentResolver.apk' with 1 weak references
07-03 20:08:40.966  1300  1314 W .apps.wellbeing: ApkAssets: Deleting an ApkAssets object '<empty> and /product/overlay/TransparentNavigationBar/TransparentNavigationBarOverlay.apk' with 1 weak references
07-03 20:08:40.966  1300  1314 W .apps.wellbeing: ApkAssets: Deleting an ApkAssets object '<empty> and /system/priv-app/E2eeContactKeysProvider/E2eeContactKeysProvider.apk' with 1 weak references
07-03 20:08:40.966  1300  1314 W .apps.wellbeing: ApkAssets: Deleting an ApkAssets object '<empty> and /apex/com.android.tethering/priv-app/ServiceConnectivityResourcesGoogle@350820300/ServiceConnectivityResourcesGoogle.apk' with 1 weak references
07-03 20:08:40.966  1300  1314 W .apps.wellbeing: ApkAssets: Deleting an ApkAssets object '/vendor/overlay/goldfish_overlay_connectivity_google.apk' with 1 weak references
07-03 20:08:40.966  1300  1314 W .apps.wellbeing: ApkAssets: Deleting an ApkAssets object '<empty> and /system_ext/priv-app/GoogleFeedback/GoogleFeedback.apk' with 1 weak references
07-03 20:08:40.966  1300  1314 W .apps.wellbeing: ApkAssets: Deleting an ApkAssets object '<empty> and /system/app/GooglePrintRecommendationService/GooglePrintRecommendationService.apk' with 1 weak references
07-03 20:08:40.966  1300  1314 W .apps.wellbeing: ApkAssets: Deleting an ApkAssets object '<empty> and /product/app/Photos/Photos.apk' with 1 weak references
07-03 20:08:40.967  1300  1314 W .apps.wellbeing: ApkAssets: Deleting an ApkAssets object '<empty> and /product/app/CalendarGooglePrebuilt/CalendarGooglePrebuilt.apk' with 1 weak references
07-03 20:08:40.967  1300  1314 W .apps.wellbeing: ApkAssets: Deleting an ApkAssets object '<empty> and /system/priv-app/ManagedProvisioning/ManagedProvisioning.apk' with 1 weak references
07-03 20:08:40.967  1300  1314 W .apps.wellbeing: ApkAssets: Deleting an ApkAssets object '<empty> and /system/priv-app/SoundPicker/SoundPicker.apk' with 1 weak references
07-03 20:08:40.967  1300  1314 W .apps.wellbeing: ApkAssets: Deleting an ApkAssets object '<empty> and /system/priv-app/DocumentsUIGoogle/DocumentsUIGoogle.apk' with 1 weak references
07-03 20:08:40.967  1300  1314 W .apps.wellbeing: ApkAssets: Deleting an ApkAssets object '<empty> and /product/app/PrebuiltGoogleTelemetryTvp/PrebuiltGoogleTelemetryTvp.apk' with 1 weak references
07-03 20:08:40.967  1300  1314 W .apps.wellbeing: ApkAssets: Deleting an ApkAssets object '<empty> and /system_ext/priv-app/MultiDisplayProvider/MultiDisplayProvider.apk' with 1 weak references
07-03 20:08:40.967  1300  1314 W .apps.wellbeing: ApkAssets: Deleting an ApkAssets object '<empty> and /system/priv-app/DeviceDiagnostics/DeviceDiagnostics.apk' with 1 weak references
07-03 20:08:40.967  1300  1314 W .apps.wellbeing: ApkAssets: Deleting an ApkAssets object '/product/overlay/DeviceDiagnostics__sdk_gphone64_x86_64__auto_generated_rro_product.apk' with 1 weak references
07-03 20:08:40.967  1300  1314 W .apps.wellbeing: ApkAssets: Deleting an ApkAssets object '<empty> and /product/overlay/NotesRoleEnabled/NotesRoleEnabledOverlay.apk' with 1 weak references
07-03 20:08:40.967  1300  1314 W .apps.wellbeing: ApkAssets: Deleting an ApkAssets object '<empty> and /system/priv-app/LiveWallpapersPicker/LiveWallpapersPicker.apk' with 1 weak references
07-03 20:08:40.967  1300  1314 W .apps.wellbeing: ApkAssets: Deleting an ApkAssets object '<empty> and /product/app/PrebuiltGoogleAdservicesTvp/PrebuiltGoogleAdservicesTvp.apk' with 1 weak references
07-03 20:08:40.968  1300  1314 W .apps.wellbeing: ApkAssets: Deleting an ApkAssets object '<empty> and /apex/com.android.healthfitness/priv-app/HealthConnectControllerGoogle@350820300/HealthConnectControllerGoogle.apk' with 1 weak references
07-03 20:08:40.968  1300  1314 W .apps.wellbeing: ApkAssets: Deleting an ApkAssets object '<empty> and /product/priv-app/KidsSupervisionStub/KidsSupervisionStub.apk' with 1 weak references
07-03 20:08:40.968  1300  1314 W .apps.wellbeing: ApkAssets: Deleting an ApkAssets object '<empty> and /system_ext/priv-app/StorageManager/StorageManager.apk' with 1 weak references
07-03 20:08:40.968  1300  1314 W .apps.wellbeing: ApkAssets: Deleting an ApkAssets object '/product/overlay/StorageManager__sdk_gphone64_x86_64__auto_generated_rro_product.apk' with 1 weak references
07-03 20:08:40.968  1300  1314 W .apps.wellbeing: ApkAssets: Deleting an ApkAssets object '<empty> and /system/app/BookmarkProvider/BookmarkProvider.apk' with 1 weak references
07-03 20:08:40.968  1300  1314 W .apps.wellbeing: ApkAssets: Deleting an ApkAssets object '<empty> and /system_ext/priv-app/SettingsGoogle/SettingsGoogle.apk' with 1 weak references
07-03 20:08:40.968  1300  1314 W .apps.wellbeing: ApkAssets: Deleting an ApkAssets object '/product/overlay/SettingsGoogle__sdk_gphone64_x86_64__auto_generated_rro_product.apk' with 1 weak references
07-03 20:08:40.968  1300  1314 W .apps.wellbeing: ApkAssets: Deleting an ApkAssets object '<empty> and /product/priv-app/SettingsIntelligenceGooglePrebuilt/SettingsIntelligenceGooglePrebuilt.apk' with 1 weak references
07-03 20:08:40.968  1300  1314 W .apps.wellbeing: ApkAssets: Deleting an ApkAssets object '<empty> and /apex/com.android.uwb/priv-app/ServiceUwbResourcesGoogle@350820300/ServiceUwbResourcesGoogle.apk' with 1 weak references
07-03 20:08:40.968  1300  1314 W .apps.wellbeing: ApkAssets: Deleting an ApkAssets object '<empty> and /apex/com.android.wifi/priv-app/ServiceWifiResourcesGoogle@350820300/ServiceWifiResourcesGoogle.apk' with 1 weak references
07-03 20:08:40.968  1300  1314 W .apps.wellbeing: ApkAssets: Deleting an ApkAssets object '<empty> and /system_ext/priv-app/ThemePicker/ThemePicker.apk' with 1 weak references
07-03 20:08:40.969  1300  1314 W .apps.wellbeing: ApkAssets: Deleting an ApkAssets object '<empty> and /system_ext/priv-app/WallpaperPickerGoogleRelease/WallpaperPickerGoogleRelease.apk' with 1 weak references
07-03 20:08:40.969  1300  1314 W .apps.wellbeing: ApkAssets: Deleting an ApkAssets object '<empty> and /product/priv-app/OdadPrebuilt/OdadPrebuilt.apk' with 1 weak references
07-03 20:08:40.969  1300  1314 W .apps.wellbeing: ApkAssets: Deleting an ApkAssets object '<empty> and /system/priv-app/TeleService/TeleService.apk' with 1 weak references
07-03 20:08:40.969  1300  1314 W .apps.wellbeing: ApkAssets: Deleting an ApkAssets object '/vendor/overlay/TeleService__sdk_gphone64_x86_64__auto_generated_rro_vendor.apk' with 1 weak references
07-03 20:08:40.969  1300  1314 W .apps.wellbeing: ApkAssets: Deleting an ApkAssets object '/product/overlay/TeleService__sdk_gphone64_x86_64__auto_generated_rro_product.apk' with 1 weak references
07-03 20:08:40.969  1300  1314 W .apps.wellbeing: ApkAssets: Deleting an ApkAssets object '<empty> and /system/priv-app/Shell/Shell.apk' with 1 weak references
07-03 20:08:40.969  1300  1314 W .apps.wellbeing: ApkAssets: Deleting an ApkAssets object '<empty> and /system/priv-app/BlockedNumberProvider/BlockedNumberProvider.apk' with 1 weak references
07-03 20:08:40.969  1300  1314 W .apps.wellbeing: ApkAssets: Deleting an ApkAssets object '<empty> and /system/priv-app/UserDictionaryProvider/UserDictionaryProvider.apk' with 1 weak references
07-03 20:08:40.970  1300  1314 W .apps.wellbeing: ApkAssets: Deleting an ApkAssets object '<empty> and /system_ext/app/EmergencyInfoGoogleNoUi/EmergencyInfoGoogleNoUi.apk' with 1 weak references
07-03 20:08:40.970  1300  1314 W .apps.wellbeing: ApkAssets: Deleting an ApkAssets object '<empty> and /product/overlay/NavigationBarModeGestural/NavigationBarModeGesturalOverlay.apk' with 1 weak references
07-03 20:08:40.970  1300  1314 W .apps.wellbeing: ApkAssets: Deleting an ApkAssets object '<empty> and /system/priv-app/FusedLocation/FusedLocation.apk' with 1 weak references
07-03 20:08:40.970  1300  1314 W .apps.wellbeing: ApkAssets: Deleting an ApkAssets object '<empty> and /system_ext/priv-app/SystemUIGoogle/SystemUIGoogle.apk' with 1 weak references
07-03 20:08:40.970  1300  1314 W .apps.wellbeing: ApkAssets: Deleting an ApkAssets object '/vendor/overlay/SystemUIGoogle__sdk_gphone64_x86_64__auto_generated_rro_vendor.apk' with 1 weak references
07-03 20:08:40.970  1300  1314 W .apps.wellbeing: ApkAssets: Deleting an ApkAssets object '/product/overlay/SystemUIGoogle__sdk_gphone64_x86_64__auto_generated_rro_product.apk' with 1 weak references
07-03 20:08:40.970  1300  1314 W .apps.wellbeing: ApkAssets: Deleting an ApkAssets object '<empty> and /product/app/YouTubeMusicPrebuilt/YouTubeMusicPrebuilt.apk' with 1 weak references
07-03 20:08:40.970  1300  1314 W .apps.wellbeing: ApkAssets: Deleting an ApkAssets object '<empty> and /system/app/BluetoothMidiService/BluetoothMidiService.apk' with 1 weak references
07-03 20:08:40.970  1300  1314 W .apps.wellbeing: ApkAssets: Deleting an ApkAssets object '<empty> and /system/app/Traceur/Traceur.apk' with 1 weak references
07-03 20:08:40.970  1300  1314 W .apps.wellbeing: ApkAssets: Deleting an ApkAssets object '<empty> and /apex/com.android.cellbroadcast/priv-app/GoogleCellBroadcastApp@350820300/GoogleCellBroadcastApp.apk' with 1 weak references
07-03 20:08:40.970  1300  1314 W .apps.wellbeing: ApkAssets: Deleting an ApkAssets object '<empty> and /system/priv-app/ContactsProvider/ContactsProvider.apk' with 1 weak references
07-03 20:08:40.970  1300  1314 W .apps.wellbeing: ApkAssets: Deleting an ApkAssets object '/product/overlay/ContactsProvider__sdk_gphone64_x86_64__auto_generated_rro_product.apk' with 1 weak references
07-03 20:08:40.970  1300  1314 W .apps.wellbeing: ApkAssets: Deleting an ApkAssets object '<empty> and /product/app/LatinIMEGooglePrebuilt/LatinIMEGooglePrebuilt.apk' with 1 weak references
07-03 20:08:40.971  1300  1314 W .apps.wellbeing: ApkAssets: Deleting an ApkAssets object '<empty> and /product/priv-app/GoogleRestorePrebuilt-v526684/GoogleRestorePrebuilt-v526684.apk' with 1 weak references
07-03 20:08:41.025  1034  1171 I FontLog : Pulling font file for id = 7, cache size = 7 [CONTEXT service_id=132 ]
07-03 20:08:41.077   573   696 I ImeTracker: io.github.jark006.freezeit:4d7090f8: onRequestHide at ORIGIN_SERVER reason HIDE_UNSPECIFIED_WINDOW fromUser false
07-03 20:08:41.077   573   696 I ImeTracker: io.github.jark006.freezeit:4d7090f8: onCancelled at PHASE_SERVER_SHOULD_HIDE
07-03 20:08:41.080  1286  1286 I GoogleInputMethodService: GoogleInputMethodService.onFinishInput():3157 
07-03 20:08:41.081  1286  1286 I GoogleInputMethodService: GoogleInputMethodService.updateDeviceLockedStatus():2248 repeatCheckTimes = 0, locked = false
07-03 20:08:41.082  1286  1286 I GoogleInputMethodService: GoogleInputMethodService.onStartInput():1986 onStartInput(EditorInfo{EditorInfo{packageName=io.github.jark006.freezeit, inputType=0, inputTypeString=NULL, enableLearning=false, autoCorrection=false, autoComplete=false, imeOptions=0, privateImeOptions=null, actionName=UNSPECIFIED, actionLabel=null, initialSelStart=-1, initialSelEnd=-1, initialCapsMode=0, label=null, fieldId=0, fieldName=null, extras=null, hintText=null, hintLocales=[]}}, false)
07-03 20:08:41.082  1286  1286 I GoogleInputMethodService: GoogleInputMethodService.updateDeviceLockedStatus():2248 repeatCheckTimes = 1, locked = false
07-03 20:08:41.082  1286  1286 I AndroidIME: InputBundleManager.loadActiveInputBundleId():450 loadActiveInputBundleId: und-Latn-x-password, password
--------- beginning of system
07-03 20:08:41.083   573   875 W PackageConfigPersister: App-specific configuration not found for packageName: io.github.jark006.freezeit and userId: 0
07-03 20:08:41.122  1263  1263 D BaseDepthController: setSurface:
07-03 20:08:41.122  1263  1263 D BaseDepthController: 	mWaitingOnSurfaceValidity: false
07-03 20:08:41.122  1263  1263 D BaseDepthController: 	mSurface: null
07-03 20:08:41.126   427   449 W GpuWork : Failed to attach bpf program to power/gpu_work_period tracepoint [2(No such file or directory)]
07-03 20:08:41.126  1263  1263 D BaseDepthController: mSurface is null and mCurrentBlur is: 0
07-03 20:08:41.127  1263  1263 D StateManager: goToState - fromState: Normal, toState: Normal, partial trace:
07-03 20:08:41.127  1263  1263 D StateManager: 	at com.android.launcher3.statemanager.StateManager.moveToRestState(go/retraceme 31f9979659277bb965985aff1272c33e3c3c9e755b77166d20a2465454178f2c:4)
07-03 20:08:41.127  1263  1263 D StateManager: 	at com.android.launcher3.statemanager.StateManager.moveToRestState(go/retraceme 31f9979659277bb965985aff1272c33e3c3c9e755b77166d20a2465454178f2c:1)
07-03 20:08:41.127  1263  1263 D StateManager: 	at com.android.launcher3.statemanager.StatefulActivity.onStop(go/retraceme 31f9979659277bb965985aff1272c33e3c3c9e755b77166d20a2465454178f2c:34)
07-03 20:08:41.128  1263  1263 D StatsLog: LAUNCHER_ONSTOP
07-03 20:08:41.128   573  1900 I AppWidgetServiceImpl: setAppWidgetHidden() 0
07-03 20:08:41.129  1263  1799 D OneSearchSuggestProvider: Shut down the binder channel
07-03 20:08:41.130  1263  1278 I IPCThreadState: oneway function results for code 2 on binder at 0x78c382cc1940 will be dropped but finished with status UNKNOWN_TRANSACTION
07-03 20:08:41.133  1263  1263 D StatsLog: LAUNCHER_GOOGLE_SEARCH_RESTORE_LIST_SIZE_AFTER_ACTIVITY_RESTART
07-03 20:08:41.159  1475  1475 I BgTaskExecutorImpl: (REDACTED) Starting %s background task %s.
07-03 20:08:41.162  1475  2138 I NetworkRecognitionRnr: Using pair HTTP connection
07-03 20:08:41.163  1475  2163 I A       : [Upload] Connected
07-03 20:08:41.165  1475  1686 W CronetNetworkRqstWrppr: Upload request without a content type.
07-03 20:08:41.167  1475  2163 I NetworkRecognitionRnr: Using pair HTTP connection
07-03 20:08:41.167  1475  1475 E A       : onError
07-03 20:08:41.167  1475  1475 E A       : com.google.android.apps.gsa.shared.speech.b.l: errorCode: 65561, engine: 2
07-03 20:08:41.167  1475  1475 E A       : 	at com.google.android.apps.gsa.staticplugins.bp.a.f.a(PG:23)
07-03 20:08:41.167  1475  1475 E A       : 	at com.google.android.apps.gsa.s3.o.hi(PG:13)
07-03 20:08:41.167  1475  1475 E A       : 	at com.google.ci.g.a.f.e(PG:9)
07-03 20:08:41.167  1475  1475 E A       : 	at com.google.android.apps.gsa.speech.k.a.g.d(PG:162)
07-03 20:08:41.167  1475  1475 E A       : 	at com.google.android.apps.gsa.speech.k.a.g.iO(PG:26)
07-03 20:08:41.167  1475  1475 E A       : 	at com.google.android.apps.gsa.s3.p.c(PG:102)
07-03 20:08:41.167  1475  1475 E A       : 	at com.google.android.apps.gsa.s3.q.run(PG:1)
07-03 20:08:41.167  1475  1475 E A       : 	at java.util.concurrent.Executors$RunnableAdapter.call(Executors.java:487)
07-03 20:08:41.167  1475  1475 E A       : 	at java.util.concurrent.FutureTask.run(FutureTask.java:264)
07-03 20:08:41.167  1475  1475 E A       : 	at com.google.android.apps.gsa.shared.util.c.a.e.run(PG:12)
07-03 20:08:41.167  1475  1475 E A       : 	at com.google.android.apps.gsa.shared.util.c.a.bg.run(PG:3)
07-03 20:08:41.167  1475  1475 E A       : 	at com.google.android.apps.gsa.shared.util.c.a.bg.run(PG:3)
07-03 20:08:41.167  1475  1475 E A       : 	at java.util.concurrent.ThreadPoolExecutor.runWorker(ThreadPoolExecutor.java:1145)
07-03 20:08:41.167  1475  1475 E A       : 	at java.util.concurrent.ThreadPoolExecutor$Worker.run(ThreadPoolExecutor.java:644)
07-03 20:08:41.167  1475  1475 E A       : 	at java.lang.Thread.run(Thread.java:1012)
07-03 20:08:41.167  1475  1475 E A       : 	at com.google.android.apps.gsa.shared.util.c.a.l.run(PG:42)
07-03 20:08:41.167  1475  1475 E A       : Caused by: com.google.android.apps.gsa.shared.speech.b.n: errorCode: 65586, engine: 2
07-03 20:08:41.167  1475  1475 E A       : 	at com.google.android.apps.gsa.s3.o.hi(PG:6)
07-03 20:08:41.167  1475  1475 E A       : 	... 14 more
07-03 20:08:41.167  1475  1475 E A       : Caused by: com.google.android.apps.gsa.shared.speech.b.j: errorCode: 401, engine: 2
07-03 20:08:41.167  1475  1475 E A       : 	at com.google.android.apps.gsa.assistant.shared.n.i.b(PG:30)
07-03 20:08:41.167  1475  1475 E A       : 	at com.google.android.apps.gsa.s3.producers.j.hs(PG:11)
07-03 20:08:41.167  1475  1475 E A       : 	at com.google.android.apps.gsa.speech.k.a.g.d(PG:135)
07-03 20:08:41.167  1475  1475 E A       : 	... 12 more
07-03 20:08:41.173  1475  2124 I A       : [Upload] Connected
07-03 20:08:41.175  1475  1686 W CronetNetworkRqstWrppr: Upload request without a content type.
07-03 20:08:41.176  1475  1475 W A       : Failed to sync device settings.
07-03 20:08:41.176  1475  1475 I A       : Retrying to sync device settings.
07-03 20:08:41.177   573   722 D WifiConfigStore: Writing to stores completed in 3 ms.
07-03 20:08:41.177  1475  1475 W JobInfo : Job 'com.google.android.googlequicksearchbox/com.google.android.apps.gsa.tasks.BackgroundTasksJobService#-353' has a deadline with functional constraints and an extremely short time window of 0 ms (delay=30000, deadline=30000). The functional constraints are not likely to be satisfied when the job runs.
07-03 20:08:41.178   573  1901 W JobInfo : Job 'com.google.android.googlequicksearchbox/com.google.android.apps.gsa.tasks.BackgroundTasksJobService#-353' has a deadline with functional constraints and an extremely short time window of 0 ms (delay=30000, deadline=30000). The functional constraints are not likely to be satisfied when the job runs.
07-03 20:08:41.178   573  1901 W JobInfo : Job 'com.google.android.googlequicksearchbox/com.google.android.apps.gsa.tasks.BackgroundTasksJobService#-353' has a deadline with functional constraints and an extremely short time window of 0 ms (delay=30000, deadline=30000). The functional constraints are not likely to be satisfied when the job runs.
07-03 20:08:41.184   573  1901 W JobScheduler: Job didn't exist in JobStore: 82c692b #u0a144/-353 com.google.android.googlequicksearchbox/com.google.android.apps.gsa.tasks.BackgroundTasksJobService
07-03 20:08:41.203  1561  1718 E MDD     : DownloadProgressMonitor: Can't find file group for uri: android://com.google.android.apps.messaging/files/datadownload/shared/public/datadownloadfile_1783080163998
07-03 20:08:41.230  1561  1719 D dasx    : Starting download: https://fonts.gstatic.com/s/e/notoemoji/16.0/1f497/lottie.json
07-03 20:08:41.230  1561  1719 V dasx    : Is http uri, downloading (uri: https://fonts.gstatic.com/s/e/notoemoji/16.0/1f497/lottie.json)
07-03 20:08:41.236  1561  1725 E MDD     : DownloadProgressMonitor: Can't find file group for uri: android://com.google.android.apps.messaging/files/datadownload/shared/public/datadownloadfile_1783080163999
07-03 20:08:41.244  1561  1718 D dasx    : Starting download: https://fonts.gstatic.com/s/e/notoemoji/16.0/1f493/lottie.json
07-03 20:08:41.244  1561  1718 V dasx    : Is http uri, downloading (uri: https://fonts.gstatic.com/s/e/notoemoji/16.0/1f493/lottie.json)
07-03 20:08:41.302   823   915 W WindowOnBackDispatcher: sendCancelIfRunning: isInProgress=false callback=android.view.ViewRootImpl$$ExternalSyntheticLambda11@aa128d0
07-03 20:08:41.302   573  1900 D CoreBackPreview: Window{878f4c6 u0 Splash Screen io.github.jark006.freezeit EXITING}: Setting back callback null
07-03 20:08:41.302   573  1900 W InputManager-JNI: Input channel object '878f4c6 Splash Screen io.github.jark006.freezeit (client)' was disposed without first being removed with the input manager!
07-03 20:08:41.447  1263  1477 D EGL_emulation: app_time_stats: avg=30.27ms min=8.49ms max=482.96ms count=32
07-03 20:08:41.488   823  1010 D EGL_emulation: app_time_stats: avg=101.98ms min=13.31ms max=872.08ms count=10
07-03 20:08:41.711   573   677 D ActivityManager: freezing 2776 com.google.android.marvin.talkback
07-03 20:08:41.713   573   731 D InetDiagMessage: Destroyed 0 sockets, proto=IPPROTO_TCP, family=AF_INET, states=14
07-03 20:08:41.713   573   731 D InetDiagMessage: Destroyed 0 sockets, proto=IPPROTO_TCP, family=AF_INET6, states=14
07-03 20:08:41.713   573   731 D InetDiagMessage: Destroyed live tcp sockets for uids={10167} in 1ms
07-03 20:08:41.778  1034  1034 D BoundBrokerSvc: onUnbind: Intent { act=com.google.android.gms.gmscompliance.service.START dat=chimera-action:/... cmp=com.google.android.gms/.chimera.PersistentBoundBrokerService }
07-03 20:08:41.797  1561  1561 I BugleDataModel: ActionExecutorImpl: Starting ActionService
07-03 20:08:41.799  1561  1561 I BugleDataModel: ActionExecutorImpl: ACTION_EXECUTE_QUEUED_FixupMessageStatusOnStartupAction
07-03 20:08:41.799  1561  1561 I BugleDataModel: ActionExecutorImpl: ACTION_EXECUTE_QUEUED_ProcessPendingMessagesAction
07-03 20:08:41.800  1561  1723 I BugleDataModel: ExecuteActionRunnable: running action FixupMessageStatusOnStartupAction
07-03 20:08:41.808  1561  1561 I BugleDataModel: ActionExecutorImpl: ACTION_EXECUTE_QUEUED_GenericWorkerQueueAction
07-03 20:08:41.813  1561  2009 W BugleDataModel: 0 fallback attempts are cancelled or failed, with 8 and APP_RESTART
07-03 20:08:41.813  1561  1723 I BugleDataModel: FixupMessageStatusOnStartupAction: sendFailedCnt: 0, downloadFailedCnt: 0, partsProcessingFailedCnt: 0
07-03 20:08:41.817  1561  1723 I BugleConnectivity: removeConnectivityStateListener: Entry in connectivityListenerListsMap not found for subId -1.
07-03 20:08:41.819  1561  1723 I BugleDataModel: PendingMessagesProcessor process from FixupMessageStatusOnStartupAction due to connectivity changed  with delay 0s with queues smsMessagesToSend:0 mmsMessagesToSend:0 rcsMessagesToSend:0 rcsFTMessagesToSend:0 messagesToDownload:0
07-03 20:08:41.819  1561  1723 I BugleDataModel: ProcessPendingMessagesTimers: cleared next retry time for channel sms_send 
07-03 20:08:41.819  1561  1723 I BugleDataModel: ProcessPendingMessagesTimers: cleared next retry time for channel mms_send 
07-03 20:08:41.819  1561  1723 I BugleDataModel: ProcessPendingMessagesTimers: cleared next retry time for channel mms_download 
07-03 20:08:41.819  1561  1723 I BugleDataModel: ProcessPendingMessagesTimers: cleared next retry time for channel rcs_send 
07-03 20:08:41.819  1561  1723 I BugleDataModel: ProcessPendingMessagesTimers: cleared next retry time for channel rcs_ft_upload 
07-03 20:08:41.821  1561  1723 I BugleDataModel: ProcessPendingMessagesTimers: cleared next retry time for channel rcs_ft_download 
07-03 20:08:41.821  1561  1723 I BugleDataModel: ProcessPendingMessagesTimers: cleared next retry time for channel cloud_sync_send 
07-03 20:08:41.821  1561  1723 I BugleDataModel: ProcessPendingMessagesTimers: cleared next retry time for channel cloud_sync_attachment_download 
07-03 20:08:41.822  1561  1723 I BugleDataModel: ExecuteActionRunnable: running action ProcessPendingMessagesAction
07-03 20:08:41.823  1561  1723 I BugleConnectivity: removeConnectivityStateListener: Entry in connectivityListenerListsMap not found for subId -1.
07-03 20:08:41.825  1561  1723 I BugleDataModel: PendingMessagesProcessor process from ProcessPendingMessagesAction due to scheduled processing  with delay 0s with queues smsMessagesToSend:0 mmsMessagesToSend:0 rcsMessagesToSend:0 rcsFTMessagesToSend:0 messagesToDownload:0
07-03 20:08:41.825  1561  1723 I BugleDataModel: ExecuteActionRunnable: running action GenericWorkerQueueAction
07-03 20:08:41.825  1561  1723 I BugleDataModel: ActionExecutorImpl: ACTION_BACKGROUND_QUEUED_GenericWorkerQueueAction
07-03 20:08:41.825   378   378 I netd    : tetherGetStats() -> {[]} <0.43ms>
07-03 20:08:41.827  1561  1725 I BugleJobs: GenericWorkerQueueAction: Bailing early, no work found, no failed work found
07-03 20:08:41.827  1561  1725 I BugleDataModel: ActionExecutorImpl: ACTION_RESPONSE_QUEUED_GenericWorkerQueueAction
07-03 20:08:41.827   378   378 I netd    : bandwidthSetGlobalAlert(2097152) <0.09ms>
07-03 20:08:41.828  1561  1723 I BugleDataModel: ActionExecutorImpl: Stopping ActionService
07-03 20:08:41.845  1561  1719 E MDD     : DownloadProgressMonitor: Can't find file group for uri: android://com.google.android.apps.messaging/files/datadownload/shared/public/datadownloadfile_1783080164000
07-03 20:08:41.846  1561  1718 E MDD     : DownloadProgressMonitor: Can't find file group for uri: android://com.google.android.apps.messaging/files/datadownload/shared/public/datadownloadfile_1783080164001
07-03 20:08:41.846  1561  1725 D dasx    : Starting download: https://fonts.gstatic.com/s/e/notoemoji/16.0/1f49e/lottie.json
07-03 20:08:41.846  1561  1725 V dasx    : Is http uri, downloading (uri: https://fonts.gstatic.com/s/e/notoemoji/16.0/1f49e/lottie.json)
07-03 20:08:41.847  1561  1719 D dasx    : Starting download: https://fonts.gstatic.com/s/e/notoemoji/16.0/1f495/lottie.json
07-03 20:08:41.847  1561  1719 V dasx    : Is http uri, downloading (uri: https://fonts.gstatic.com/s/e/notoemoji/16.0/1f495/lottie.json)
07-03 20:08:41.934   378  3139 I resolv  : GetAddrInfoHandler::run: {100 100 100 983140 10209 0}
07-03 20:08:41.935   378  3141 I resolv  : res_nmkquery: (QUERY, IN, A)
07-03 20:08:41.935   378  3140 I resolv  : res_nmkquery: (QUERY, IN, AAAA)
07-03 20:08:41.947  3073  3073 D AutofillManager: notifyViewReadyInner:1073741824
07-03 20:08:42.076  3073  3086 D EGL_emulation: app_time_stats: avg=60.40ms min=2.39ms max=783.77ms count=17
07-03 20:08:42.077   378  3141 I resolv  : res_nsend: used send_dg 52 terrno: 0
07-03 20:08:42.077   378  3141 I resolv  : doQuery: rcode=0, ancount=1, return value=52
07-03 20:08:42.078   378  3140 I resolv  : res_nsend: used send_dg 36 terrno: 0
07-03 20:08:42.078   378  3140 I resolv  : doQuery: rcode=0, ancount=0, return value=36
07-03 20:08:42.078  3073  3138 D TrafficStats: tagSocket(241) with statsTag=0xffffffff, statsUid=-1
07-03 20:08:42.237  1561  1725 E MDD     : DownloadProgressMonitor: Can't find file group for uri: android://com.google.android.apps.messaging/files/datadownload/shared/public/datadownloadfile_1783080164002
07-03 20:08:42.239  1561  1718 D dasx    : Starting download: https://fonts.gstatic.com/s/e/notoemoji/16.0/1f48c/lottie.json
07-03 20:08:42.239  1561  1718 V dasx    : Is http uri, downloading (uri: https://fonts.gstatic.com/s/e/notoemoji/16.0/1f48c/lottie.json)
07-03 20:08:42.244  1561  1719 E MDD     : DownloadProgressMonitor: Can't find file group for uri: android://com.google.android.apps.messaging/files/datadownload/shared/public/datadownloadfile_1783080164003
07-03 20:08:42.245  1561  1725 D dasx    : Starting download: https://fonts.gstatic.com/s/e/notoemoji/16.0/1f49f/lottie.json
07-03 20:08:42.245  1561  1725 V dasx    : Is http uri, downloading (uri: https://fonts.gstatic.com/s/e/notoemoji/16.0/1f49f/lottie.json)
07-03 20:08:42.835  1561  1718 E MDD     : DownloadProgressMonitor: Can't find file group for uri: android://com.google.android.apps.messaging/files/datadownload/shared/public/datadownloadfile_1783080164004
07-03 20:08:42.836  1561  1719 D dasx    : Starting download: https://fonts.gstatic.com/s/e/notoemoji/16.0/2763_fe0f/lottie.json
07-03 20:08:42.836  1561  1719 V dasx    : Is http uri, downloading (uri: https://fonts.gstatic.com/s/e/notoemoji/16.0/2763_fe0f/lottie.json)
07-03 20:08:42.841  1561  1725 E MDD     : DownloadProgressMonitor: Can't find file group for uri: android://com.google.android.apps.messaging/files/datadownload/shared/public/datadownloadfile_1783080164005
07-03 20:08:42.842  1561  1718 D dasx    : Starting download: https://fonts.gstatic.com/s/e/notoemoji/16.0/2764_fe0f_200d_1fa79/lottie.json
07-03 20:08:42.842  1561  1718 V dasx    : Is http uri, downloading (uri: https://fonts.gstatic.com/s/e/notoemoji/16.0/2764_fe0f_200d_1fa79/lottie.json)
07-03 20:08:42.976   573   731 D InetDiagMessage: Destroyed 0 sockets, proto=IPPROTO_TCP, family=AF_INET, states=14
07-03 20:08:42.976   573   731 D InetDiagMessage: Destroyed 0 sockets, proto=IPPROTO_TCP, family=AF_INET6, states=14
07-03 20:08:42.976   573   731 D InetDiagMessage: Destroyed live tcp sockets for uids={10156} in 1ms
07-03 20:08:42.977   573   731 D InetDiagMessage: Destroyed 0 sockets, proto=IPPROTO_TCP, family=AF_INET, states=14
07-03 20:08:42.977   573   731 D InetDiagMessage: Destroyed 0 sockets, proto=IPPROTO_TCP, family=AF_INET6, states=14
07-03 20:08:42.977   573   731 D InetDiagMessage: Destroyed live tcp sockets for uids={20156} in 1ms
07-03 20:08:43.165   573   731 D InetDiagMessage: Destroyed 0 sockets, proto=IPPROTO_TCP, family=AF_INET, states=14
07-03 20:08:43.165   573   731 D InetDiagMessage: Destroyed 0 sockets, proto=IPPROTO_TCP, family=AF_INET6, states=14
07-03 20:08:43.165   573   731 D InetDiagMessage: Destroyed live tcp sockets for uids={10176} in 1ms
07-03 20:08:43.165   573   731 D InetDiagMessage: Destroyed 0 sockets, proto=IPPROTO_TCP, family=AF_INET, states=14
07-03 20:08:43.166   573   731 D InetDiagMessage: Destroyed 0 sockets, proto=IPPROTO_TCP, family=AF_INET6, states=14
07-03 20:08:43.166   573   731 D InetDiagMessage: Destroyed live tcp sockets for uids={20176} in 1ms
07-03 20:08:43.179   573   731 D ConnectivityService: reportNetworkConnectivity(100, false) by 10144
07-03 20:08:43.179   891  2453 D NetworkMonitor/100: Forcing reevaluation for UID 10144. Dns signal count: 0
07-03 20:08:43.180   891  3143 D TrafficStats: tagSocket(6) with statsTag=0xffffff81, statsUid=-1
07-03 20:08:43.180   891  3144 D TrafficStats: tagSocket(126) with statsTag=0xffffff81, statsUid=-1
07-03 20:08:43.181   891  3143 D TrafficStats: tagSocket(6) with statsTag=0xffffff81, statsUid=-1
07-03 20:08:43.181   891  3144 D TrafficStats: tagSocket(127) with statsTag=0xffffff81, statsUid=-1
07-03 20:08:43.182   378  3145 I resolv  : ResNSendHandler::run: 0 / {100 983140 100 983140 1073 1}
07-03 20:08:43.183   378  3146 I resolv  : ResNSendHandler::run: 0 / {100 983140 100 983140 1073 1}
07-03 20:08:43.185   378  3147 I resolv  : ResNSendHandler::run: 0 / {100 983140 100 983140 1073 1}
07-03 20:08:43.185   378  3148 I resolv  : ResNSendHandler::run: 0 / {100 983140 100 983140 1073 1}
07-03 20:08:43.185   378  3148 I resolv  : resolv_cache_lookup: FOUND IN CACHE entry=0x73f4a4721cf0
07-03 20:08:43.212  1034  1034 D BoundBrokerSvc: onUnbind: Intent { act=com.google.android.gms.time.trustedtime.singleuserapi.service.START dat=chimera-action:/... cmp=com.google.android.gms/.chimera.PersistentSingleUserInternalApiService }
07-03 20:08:43.214  1034  1034 D BoundBrokerSvc: onUnbind: Intent { act=com.google.android.gms.time.trustedtime.service.START dat=chimera-action:/... cmp=com.google.android.gms/.chimera.PersistentApiService }
07-03 20:08:43.229  1034  1034 D BoundBrokerSvc: onUnbind: Intent { act=com.google.android.gms.presencemanager.service.START dat=chimera-action:/... cmp=com.google.android.gms/.chimera.PersistentApiService }
07-03 20:08:43.229  1034  1034 D BoundBrokerSvc: onUnbind: Intent { act=com.google.android.gms.presencemanager.service.INTERNAL_IDENTITY dat=chimera-action:/... cmp=com.google.android.gms/.chimera.PersistentApiService }
07-03 20:08:43.230   378  3147 I resolv  : res_nsend: used send_dg 48 terrno: 0
07-03 20:08:43.230   378  3146 I resolv  : res_nsend: used send_dg 47 terrno: 0
07-03 20:08:43.230   378  3145 I resolv  : res_nsend: used send_dg 32 terrno: 0
07-03 20:08:43.231   891   891 D TrafficStats: tagSocket(126) with statsTag=0xffffffff, statsUid=-1
07-03 20:08:43.232  1561  1719 E MDD     : DownloadProgressMonitor: Can't find file group for uri: android://com.google.android.apps.messaging/files/datadownload/shared/public/datadownloadfile_1783080164006
07-03 20:08:43.232   891   891 D TrafficStats: tagSocket(6) with statsTag=0xffffffff, statsUid=-1
07-03 20:08:43.232   891  3144 D NetworkMonitor/100: PROBE_DNS connectivitycheck.gstatic.com 52ms OK 220.181.174.226
07-03 20:08:43.233   891  3143 D NetworkMonitor/100: PROBE_DNS www.google.com 52ms OK 198.18.0.187
07-03 20:08:43.235   378  3149 I resolv  : GetAddrInfoHandler::run: {100 983140 100 983140 1073 1}
07-03 20:08:43.235   378  3150 I resolv  : GetAddrInfoHandler::run: {100 983140 100 983140 1073 1}
07-03 20:08:43.235   378  3152 I resolv  : res_nmkquery: (QUERY, IN, A)
07-03 20:08:43.235   378  3152 I resolv  : resolv_cache_lookup: FOUND IN CACHE entry=0x73f55471c560
07-03 20:08:43.235   378  3152 I resolv  : doQuery: rcode=0, ancount=1, return value=48
07-03 20:08:43.235   378  3151 I resolv  : res_nmkquery: (QUERY, IN, AAAA)
07-03 20:08:43.235  1561  1725 D dasx    : Starting download: https://fonts.gstatic.com/s/e/notoemoji/16.0/1f494/lottie.json
07-03 20:08:43.235  1561  1725 V dasx    : Is http uri, downloading (uri: https://fonts.gstatic.com/s/e/notoemoji/16.0/1f494/lottie.json)
07-03 20:08:43.236   378  3154 I resolv  : res_nmkquery: (QUERY, IN, A)
07-03 20:08:43.236   378  3154 I resolv  : resolv_cache_lookup: FOUND IN CACHE entry=0x73f4a4721cf0
07-03 20:08:43.236   378  3154 I resolv  : doQuery: rcode=0, ancount=1, return value=63
07-03 20:08:43.236   378  3153 I resolv  : res_nmkquery: (QUERY, IN, AAAA)
07-03 20:08:43.239   378  3151 I resolv  : res_nsend: used send_dg 32 terrno: 0
07-03 20:08:43.239   378  3153 I resolv  : res_nsend: used send_dg 47 terrno: 0
07-03 20:08:43.239   378  3151 I resolv  : doQuery: rcode=0, ancount=0, return value=32
07-03 20:08:43.239   378  3153 I resolv  : doQuery: rcode=0, ancount=0, return value=47
07-03 20:08:43.239   891  3144 D TrafficStats: tagSocket(6) with statsTag=0xffffff81, statsUid=-1
07-03 20:08:43.240   891  3143 D TrafficStats: tagSocket(127) with statsTag=0xffffff81, statsUid=-1
07-03 20:08:43.299  1034  1034 D BoundBrokerSvc: onUnbind: Intent { act=com.google.android.gms.clearcut.bootcount.service.START pkg=com.google.android.gms }
07-03 20:08:43.328  1530  1530 D BoundBrokerSvc: onUnbind: Intent { act=com.google.android.gms.pay.service.BIND dat=chimera-action:/... cmp=com.google.android.gms/.chimera.GmsApiService }
07-03 20:08:43.365  1561  1718 E MDD     : DownloadProgressMonitor: Can't find file group for uri: android://com.google.android.apps.messaging/files/datadownload/shared/public/datadownloadfile_1783080164007
07-03 20:08:43.369  1561  1719 D dasx    : Starting download: https://fonts.gstatic.com/s/e/notoemoji/16.0/2764_fe0f_200d_1f525/lottie.json
07-03 20:08:43.370  1561  1719 V dasx    : Is http uri, downloading (uri: https://fonts.gstatic.com/s/e/notoemoji/16.0/2764_fe0f_200d_1f525/lottie.json)
07-03 20:08:43.438  1530  1530 D BoundBrokerSvc: onUnbind: Intent { act=com.google.android.gms.audit.service.START dat=chimera-action:/... cmp=com.google.android.gms/.chimera.GmsBoundBrokerService }
07-03 20:08:43.634  1561  1725 E MDD     : DownloadProgressMonitor: Can't find file group for uri: android://com.google.android.apps.messaging/files/datadownload/shared/public/datadownloadfile_1783080164008
07-03 20:08:43.635   573   731 D InetDiagMessage: Destroyed 0 sockets, proto=IPPROTO_TCP, family=AF_INET, states=14
07-03 20:08:43.636   573   731 D InetDiagMessage: Destroyed 0 sockets, proto=IPPROTO_TCP, family=AF_INET6, states=14
07-03 20:08:43.636   573   731 D InetDiagMessage: Destroyed live tcp sockets for uids={10131} in 1ms
07-03 20:08:43.636   573   731 D InetDiagMessage: Destroyed 0 sockets, proto=IPPROTO_TCP, family=AF_INET, states=14
07-03 20:08:43.637   573   731 D InetDiagMessage: Destroyed 0 sockets, proto=IPPROTO_TCP, family=AF_INET6, states=14
07-03 20:08:43.637   573   731 D InetDiagMessage: Destroyed live tcp sockets for uids={20131} in 1ms
07-03 20:08:43.637  1561  1718 D dasx    : Starting download: https://fonts.gstatic.com/s/e/notoemoji/16.0/1f48b/lottie.json
07-03 20:08:43.637  1561  1718 V dasx    : Is http uri, downloading (uri: https://fonts.gstatic.com/s/e/notoemoji/16.0/1f48b/lottie.json)
07-03 20:08:43.760   573   731 D InetDiagMessage: Destroyed 0 sockets, proto=IPPROTO_TCP, family=AF_INET, states=14
07-03 20:08:43.760   573   731 D InetDiagMessage: Destroyed 0 sockets, proto=IPPROTO_TCP, family=AF_INET6, states=14
07-03 20:08:43.760   573   731 D InetDiagMessage: Destroyed live tcp sockets for uids={10165} in 1ms
07-03 20:08:43.760  1561  1719 E MDD     : DownloadProgressMonitor: Can't find file group for uri: android://com.google.android.apps.messaging/files/datadownload/shared/public/datadownloadfile_1783080164009
07-03 20:08:43.760   573   731 D InetDiagMessage: Destroyed 0 sockets, proto=IPPROTO_TCP, family=AF_INET, states=14
07-03 20:08:43.761   573   731 D InetDiagMessage: Destroyed 0 sockets, proto=IPPROTO_TCP, family=AF_INET6, states=14
07-03 20:08:43.761   573   731 D InetDiagMessage: Destroyed live tcp sockets for uids={20165} in 1ms
07-03 20:08:43.763  1561  1725 D dasx    : Starting download: https://fonts.gstatic.com/s/e/notoemoji/16.0/1f463/lottie.json
07-03 20:08:43.763  1561  1725 V dasx    : Is http uri, downloading (uri: https://fonts.gstatic.com/s/e/notoemoji/16.0/1f463/lottie.json)
07-03 20:08:43.826   378   378 I netd    : tetherGetStats() -> {[]} <0.46ms>
07-03 20:08:43.830   378   378 I netd    : bandwidthSetGlobalAlert(2097152) <0.11ms>
07-03 20:08:43.864   573   731 D InetDiagMessage: Destroyed 0 sockets, proto=IPPROTO_TCP, family=AF_INET, states=14
07-03 20:08:43.864   573   731 D InetDiagMessage: Destroyed 0 sockets, proto=IPPROTO_TCP, family=AF_INET6, states=14
07-03 20:08:43.864   573   731 D InetDiagMessage: Destroyed live tcp sockets for uids={10103} in 1ms
07-03 20:08:43.865   573   731 D InetDiagMessage: Destroyed 0 sockets, proto=IPPROTO_TCP, family=AF_INET, states=14
07-03 20:08:43.865   573   731 D InetDiagMessage: Destroyed 0 sockets, proto=IPPROTO_TCP, family=AF_INET6, states=14
07-03 20:08:43.865   573   731 D InetDiagMessage: Destroyed live tcp sockets for uids={20103} in 1ms
07-03 20:08:44.192   891  3143 D NetworkMonitor/100: PROBE_HTTPS https://www.google.com/generate_204 time=958ms ret=204 request={Connection=[close], User-Agent=[Mozilla/5.0 (X11; Linux x86_64) AppleWebKit/537.36 (KHTML, like Gecko) Chrome/60.0.3112.32 Safari/537.36]} headers={null=[HTTP/1.1 204 No Content], Alt-Svc=[h3=":443"; ma=2592000,h3-29=":443"; ma=2592000], Connection=[close], Content-Length=[0], Cross-Origin-Resource-Policy=[cross-origin], Date=[Fri, 03 Jul 2026 12:08:43 GMT], X-Android-Received-Millis=[1783080524192], X-Android-Response-Source=[NETWORK 204], X-Android-Selected-Protocol=[http/1.1], X-Android-Sent-Millis=[1783080523822]}
07-03 20:08:44.193   891  3142 D NetworkMonitor/100: isCaptivePortal: isSuccessful()=true isPortal()=false RedirectUrl=null isPartialConnectivity()=false Time=1013ms
07-03 20:08:44.193   573   731 D ConnectivityService: [100 WIFI] validation passed
07-03 20:08:44.334   573  1423 E TaskPersister: File error accessing recents directory (directory doesn't exist?).
07-03 20:08:44.406  1561  1725 E MDD     : DownloadProgressMonitor: Can't find file group for uri: android://com.google.android.apps.messaging/files/datadownload/shared/public/datadownloadfile_1783080164011
07-03 20:08:44.406  1561  1718 E MDD     : DownloadProgressMonitor: Can't find file group for uri: android://com.google.android.apps.messaging/files/datadownload/shared/public/datadownloadfile_1783080164010
07-03 20:08:44.407  1561  1719 D dasx    : Starting download: https://fonts.gstatic.com/s/e/notoemoji/16.0/1fac0/lottie.json
07-03 20:08:44.407  1561  1719 V dasx    : Is http uri, downloading (uri: https://fonts.gstatic.com/s/e/notoemoji/16.0/1fac0/lottie.json)
07-03 20:08:44.408  1561  1725 D dasx    : Starting download: https://fonts.gstatic.com/s/e/notoemoji/16.0/1fa78/lottie.json
07-03 20:08:44.408  1561  1725 V dasx    : Is http uri, downloading (uri: https://fonts.gstatic.com/s/e/notoemoji/16.0/1fa78/lottie.json)
07-03 20:08:44.546   891  3144 D NetworkMonitor/100: PROBE_HTTP http://connectivitycheck.gstatic.com/generate_204 time=1312ms ret=204 request={Connection=[close], User-Agent=[Mozilla/5.0 (X11; Linux x86_64) AppleWebKit/537.36 (KHTML, like Gecko) Chrome/60.0.3112.32 Safari/537.36]} headers={null=[HTTP/1.1 204 No Content], Connection=[close], Content-Length=[0], Cross-Origin-Resource-Policy=[cross-origin], Date=[Fri, 03 Jul 2026 12:08:44 GMT], X-Android-Received-Millis=[1783080524546], X-Android-Response-Source=[NETWORK 204], X-Android-Selected-Protocol=[http/1.1], X-Android-Sent-Millis=[1783080523244]}
07-03 20:08:44.645   573   731 D InetDiagMessage: Destroyed 0 sockets, proto=IPPROTO_TCP, family=AF_INET, states=14
07-03 20:08:44.646   573   731 D InetDiagMessage: Destroyed 0 sockets, proto=IPPROTO_TCP, family=AF_INET6, states=14
07-03 20:08:44.646   573   731 D InetDiagMessage: Destroyed live tcp sockets for uids={10136} in 1ms
07-03 20:08:44.646   573   731 D InetDiagMessage: Destroyed 0 sockets, proto=IPPROTO_TCP, family=AF_INET, states=14
07-03 20:08:44.646   573   731 D InetDiagMessage: Destroyed 0 sockets, proto=IPPROTO_TCP, family=AF_INET6, states=14
07-03 20:08:44.646   573   731 D InetDiagMessage: Destroyed live tcp sockets for uids={20136} in 0ms
07-03 20:08:44.664   573   731 D InetDiagMessage: Destroyed 0 sockets, proto=IPPROTO_TCP, family=AF_INET, states=14
07-03 20:08:44.664   573   731 D InetDiagMessage: Destroyed 0 sockets, proto=IPPROTO_TCP, family=AF_INET6, states=14
07-03 20:08:44.664   573   731 D InetDiagMessage: Destroyed live tcp sockets for uids={10206} in 1ms
07-03 20:08:44.664   573   731 D InetDiagMessage: Destroyed 0 sockets, proto=IPPROTO_TCP, family=AF_INET, states=14
07-03 20:08:44.664   573   731 D InetDiagMessage: Destroyed 0 sockets, proto=IPPROTO_TCP, family=AF_INET6, states=14
07-03 20:08:44.664   573   731 D InetDiagMessage: Destroyed live tcp sockets for uids={20206} in 0ms
07-03 20:08:44.694  3157  3157 D AndroidRuntime: >>>>>> START com.android.internal.os.RuntimeInit uid 2000 <<<<<<
07-03 20:08:44.699  3157  3157 I AndroidRuntime: Using default boot image
07-03 20:08:44.699  3157  3157 I AndroidRuntime: Leaving lock profiling enabled
07-03 20:08:44.700  3157  3157 I app_process: Core platform API reporting enabled, enforcing=false
07-03 20:08:44.701  3157  3157 I app_process: Using CollectorTypeCMC GC.
07-03 20:08:44.748  3157  3157 D nativeloader: InitDefaultPublicLibraries for_preload=1: libandroid.so:libaaudio.so:libamidi.so:libbinder_ndk.so:libc.so:libcamera2ndk.so:libdl.so:libEGL.so:libGLESv1_CM.so:libGLESv2.so:libGLESv3.so:libicu.so:libicui18n.so:libicuuc.so:libjnigraphics.so:liblog.so:libmediandk.so:libm.so:libnativehelper.so:libnativewindow.so:libOpenMAXAL.so:libOpenSLES.so:libRS.so:libstdc++.so:libsync.so:libvulkan.so:libwebviewchromium_plat_support.so:libz.so
07-03 20:08:44.776  3157  3157 D nativeloader: Load libicu_jni.so using APEX ns com_android_art for caller /apex/com.android.art/javalib/core-oj.jar: ok
07-03 20:08:44.776  3157  3157 D app_process: u_setTimeZoneFilesDirectory("/apex/com.android.tzdata/etc/tz/versioned/8/icu") succeeded. 
07-03 20:08:44.776  3157  3157 D app_process: I18n APEX ICU file found: /apex/com.android.i18n/etc/icu/icudt75l.dat
07-03 20:08:44.778  3157  3157 D nativeloader: Load libjavacore.so using APEX ns com_android_art for caller /apex/com.android.art/javalib/core-oj.jar: ok
07-03 20:08:44.780  3157  3157 D nativeloader: Load libopenjdk.so using APEX ns com_android_art for caller /apex/com.android.art/javalib/core-oj.jar: ok
07-03 20:08:44.781  3157  3157 W app_process: Unexpected CPU variant for x86: x86_64.
07-03 20:08:44.781  3157  3157 W app_process: Known variants: atom, sandybridge, silvermont, goldmont, goldmont-plus, goldmont-without-sha-xsaves, tremont, kabylake, default
07-03 20:08:44.786  3157  3157 W app_process: ClassLoaderContext shared library size mismatch. Expected=2, found=0 (PCL[]{PCL[/system/framework/android.test.base.jar*724373495]#PCL[/system/framework/android.test.mock.jar*1452759902]} | PCL[])
07-03 20:08:44.789  3157  3157 W app_process: ClassLoaderContext classpath size mismatch. expected=0, found=1 (PCL[]{PCL[/system/framework/android.test.runner.jar*2496447986]#PCL[/system/framework/android.test.base.jar*724373495]} | PCL[/system/framework/android.test.runner.jar*2496447986])
07-03 20:08:44.813   573   731 D InetDiagMessage: Destroyed 0 sockets, proto=IPPROTO_TCP, family=AF_INET, states=14
07-03 20:08:44.813   573   731 D InetDiagMessage: Destroyed 0 sockets, proto=IPPROTO_TCP, family=AF_INET6, states=14
07-03 20:08:44.813   573   731 D InetDiagMessage: Destroyed live tcp sockets for uids={10205} in 2ms
07-03 20:08:44.814   573   731 D InetDiagMessage: Destroyed 0 sockets, proto=IPPROTO_TCP, family=AF_INET, states=14
07-03 20:08:44.814   573   731 D InetDiagMessage: Destroyed 0 sockets, proto=IPPROTO_TCP, family=AF_INET6, states=14
07-03 20:08:44.815   573   731 D InetDiagMessage: Destroyed live tcp sockets for uids={20205} in 1ms
07-03 20:08:44.816  3157  3157 D nativeloader: Load libframework-connectivity-tiramisu-jni.so using APEX ns com_android_tethering for caller /apex/com.android.tethering/javalib/framework-connectivity-t.jar: ok
07-03 20:08:44.816  3157  3157 D AndroidRuntime: Calling main entry com.android.commands.uiautomator.Launcher
07-03 20:08:44.818  3157  3157 D UiAutomationConnection: Created on user UserHandle{0}
07-03 20:08:44.818  3157  3157 I UiAutomation: Initialized for user 0 on display 0
07-03 20:08:44.818  3157  3157 W UiAutomation: Created with deprecatead constructor, assumes DEFAULT_DISPLAY
07-03 20:08:44.819   573  1901 D AccessibilityManagerService: changeCurrentUserForTestAutomationIfNeededLocked(0): ignoring because device doesn't support visible background users
07-03 20:08:44.820   573  1901 I UiAutomationManager: Registering UiTestAutomationService (id=com.android.server.accessibility/UiAutomation, flags=0x0) when called by user 0
07-03 20:08:44.821   573  1901 W MagnificationConnectionManager: requestConnection duplicated request: connect=false, mConnectionState=DISCONNECTED
07-03 20:08:44.822  1355  2073 I AiAiEcho: Settings changed for uri: content://settings/secure/accessibility_enabled
07-03 20:08:44.822  1355  1441 I AiAiEcho: Predicting[0]:  [CONTEXT sampling_count=5 ]
07-03 20:08:44.822   573   573 D BatterySaverPolicy: accessibility changed to true, updating policy.
07-03 20:08:44.822  3157  3168 V UiAutomation: Init UiAutomation@b92da9b[id=1, displayId=0, flags=0]
07-03 20:08:44.823  1355  1441 I AiAiEcho: EchoTargets: 
07-03 20:08:44.823  1355  1441 I AiAiEcho: Filtered by AiAi flag check: 
07-03 20:08:44.823  1355  1441 I AiAiEcho: [CONTEXT ratelimit_period="10 SECONDS" ]
07-03 20:08:44.823  1355  1441 I AiAiEcho: Ranked targets strategy: SORT, count: 0, ranking metadata:  [CONTEXT ratelimit_period="10 SECONDS" ]
07-03 20:08:44.823  1355  1441 I AiAiEcho: #remoteViewsTwiddler: feature disabled.
07-03 20:08:44.824   573   873 W MagnificationConnectionManager: requestConnection duplicated request: connect=false, mConnectionState=DISCONNECTED
07-03 20:08:44.824  1355  1441 I AiAiEcho: Predicting[0]:  [CONTEXT sampling_count=5 ]
07-03 20:08:44.824  1355  1441 I AiAiEcho: EchoTargets: 
07-03 20:08:44.824  1355  1441 I AiAiEcho: Filtered by AiAi flag check: 
07-03 20:08:44.824  1355  1441 I AiAiEcho: [CONTEXT ratelimit_period="10 SECONDS" ]
07-03 20:08:44.824  1355  1441 I AiAiEcho: Ranked targets strategy: SORT, count: 0, ranking metadata:  [CONTEXT ratelimit_period="10 SECONDS" ]
07-03 20:08:44.824  1355  1441 I AiAiEcho: #remoteViewsTwiddler: feature disabled.
07-03 20:08:44.824  1355  1441 I AiAiEcho: Predicting[0]:  [CONTEXT sampling_count=5 ]
07-03 20:08:44.824  1355  1441 I AiAiEcho: EchoTargets: 
07-03 20:08:44.824  1355  1441 I AiAiEcho: Filtered by AiAi flag check: 
07-03 20:08:44.824  1355  1441 I AiAiEcho: [CONTEXT ratelimit_period="10 SECONDS" ]
07-03 20:08:44.824  1355  1441 I AiAiEcho: Ranked targets strategy: SORT, count: 0, ranking metadata:  [CONTEXT ratelimit_period="10 SECONDS" ]
