07-03 20:08:44.824  1355  1441 I AiAiEcho: #remoteViewsTwiddler: feature disabled.
07-03 20:08:44.824  1355  1441 I AiAiEcho: #postPredictionTargets: Sending updates to UISurface media_data_manager with targets# 0 (types=[])
07-03 20:08:44.825  1355  1441 I AiAiEcho: #postPredictionTargets: Sending updates to UISurface lockscreen with targets# 0 (types=[])
07-03 20:08:44.825  1355  2073 I AiAiEcho: Settings changed for uri: content://settings/secure/accessibility_enabled
07-03 20:08:44.825  1355  1441 I AiAiEcho: #postPredictionTargets: Sending updates to UISurface home with targets# 0 (types=[])
07-03 20:08:44.825  1475  1686 I A       : NGA disabled since it's running Panthera and at least one a11y feature is on.
07-03 20:08:44.825  1475  1686 I A       : (REDACTED) Nga state changed to %s
07-03 20:08:44.825  1475  1686 I A       : (REDACTED) isTngActive=%s
07-03 20:08:44.826  1355  1441 I AiAiEcho: Predicting[0]:  [CONTEXT sampling_count=5 ]
07-03 20:08:44.826  1355  1441 I AiAiEcho: EchoTargets: 
07-03 20:08:44.826  1355  1441 I AiAiEcho: Filtered by AiAi flag check: 
07-03 20:08:44.826  1355  1441 I AiAiEcho: [CONTEXT ratelimit_period="10 SECONDS" ]
07-03 20:08:44.826  1355  1441 I AiAiEcho: Ranked targets strategy: SORT, count: 0, ranking metadata:  [CONTEXT ratelimit_period="10 SECONDS" ]
07-03 20:08:44.826  1355  1441 I AiAiEcho: #remoteViewsTwiddler: feature disabled.
07-03 20:08:44.826  1355  1441 I AiAiEcho: Predicting[0]:  [CONTEXT sampling_count=5 ]
07-03 20:08:44.826  1355  1441 I AiAiEcho: EchoTargets: 
07-03 20:08:44.826  1355  1441 I AiAiEcho: Filtered by AiAi flag check: 
07-03 20:08:44.826  1355  1441 I AiAiEcho: [CONTEXT ratelimit_period="10 SECONDS" ]
07-03 20:08:44.826  1355  1441 I AiAiEcho: Ranked targets strategy: SORT, count: 0, ranking metadata:  [CONTEXT ratelimit_period="10 SECONDS" ]
07-03 20:08:44.826  1355  1441 I AiAiEcho: #remoteViewsTwiddler: feature disabled.
07-03 20:08:44.826  1355  1441 I AiAiEcho: Predicting[0]:  [CONTEXT sampling_count=5 ]
07-03 20:08:44.826  1355  1441 I AiAiEcho: EchoTargets: 
07-03 20:08:44.826  1355  1441 I AiAiEcho: Filtered by AiAi flag check: 
07-03 20:08:44.826  1355  1441 I AiAiEcho: [CONTEXT ratelimit_period="10 SECONDS" ]
07-03 20:08:44.827  1355  1441 I AiAiEcho: Ranked targets strategy: SORT, count: 0, ranking metadata:  [CONTEXT ratelimit_period="10 SECONDS" ]
07-03 20:08:44.827  1355  1441 I AiAiEcho: #remoteViewsTwiddler: feature disabled.
07-03 20:08:44.827  1355  1441 I AiAiEcho: #postPredictionTargets: Sending updates to UISurface media_data_manager with targets# 0 (types=[])
07-03 20:08:44.827  1355  1441 I AiAiEcho: #postPredictionTargets: Sending updates to UISurface lockscreen with targets# 0 (types=[])
07-03 20:08:44.827   823   823 D SsMediaDataProvider: Forwarding Smartspace updates []
07-03 20:08:44.827  1355  1441 I AiAiEcho: #postPredictionTargets: Sending updates to UISurface home with targets# 0 (types=[])
07-03 20:08:44.827   823   823 W PageIndicator: Total number of pages invalid: 0. Assuming 1 page.
07-03 20:08:44.827  1371  1812 I A       : (REDACTED) Nga on-device enabled based on TNG:MA active state: %b
07-03 20:08:44.827  1149  1179 D AccessibilitySourceService: enabled a11y services count 0
07-03 20:08:44.827  1149  1179 D AccessibilitySourceService: a11y source sending 0 issue to sc
07-03 20:08:44.827   823   823 W PageIndicator: Total number of pages invalid: 0. Assuming 1 page.
07-03 20:08:44.827   823   823 D SsMediaDataProvider: Forwarding Smartspace updates []
07-03 20:08:44.827  1371  1812 I A       : (REDACTED) Nga on-device enabled based on TNG:MA active state: %b
07-03 20:08:44.827  1371  1812 I A       : Unsubscribed to apa or classic variant change.
07-03 20:08:44.828  1263  1263 D SsBaseTemplateCard: No text view can be set up
07-03 20:08:44.828  1263  1263 D SsBaseTemplateCard: Passed-in item info is null
07-03 20:08:44.828  1263  1263 D SsBaseTemplateCard: Passed-in item info is null
07-03 20:08:44.828  1263  1263 D SsBaseTemplateCard: Passed-in item info is null
07-03 20:08:44.828  1263  1263 I SsBaseTemplateCard: Secondary card pane is null
07-03 20:08:44.828  1263  1263 D SsBaseTemplateCard: No text view can be set up
07-03 20:08:44.828  1263  1263 D SsBaseTemplateCard: Passed-in item info is null
07-03 20:08:44.828  1263  1263 D SsBaseTemplateCard: Passed-in item info is null
07-03 20:08:44.828  1263  1263 D SsBaseTemplateCard: Passed-in item info is null
07-03 20:08:44.828  1263  1263 I SsBaseTemplateCard: Secondary card pane is null
07-03 20:08:44.831   573   892 D SafetySourceDataValidat: No cert check requested for package com.google.android.permissioncontroller
07-03 20:08:44.918  1561  1719 E MDD     : DownloadProgressMonitor: Can't find file group for uri: android://com.google.android.apps.messaging/files/datadownload/shared/public/datadownloadfile_1783080164012
07-03 20:08:44.921  1561  1725 E MDD     : DownloadProgressMonitor: Can't find file group for uri: android://com.google.android.apps.messaging/files/datadownload/shared/public/datadownloadfile_1783080164013
07-03 20:08:44.923  1561  1718 D dasx    : Starting download: https://fonts.gstatic.com/s/e/notoemoji/16.0/1f9a0/lottie.json
07-03 20:08:44.923  1561  1718 V dasx    : Is http uri, downloading (uri: https://fonts.gstatic.com/s/e/notoemoji/16.0/1f9a0/lottie.json)
07-03 20:08:44.923  1561  1725 D dasx    : Starting download: https://fonts.gstatic.com/s/e/notoemoji/16.0/1f440/lottie.json
07-03 20:08:44.923  1561  1725 V dasx    : Is http uri, downloading (uri: https://fonts.gstatic.com/s/e/notoemoji/16.0/1f440/lottie.json)
07-03 20:08:44.947   573   731 D InetDiagMessage: Destroyed 0 sockets, proto=IPPROTO_TCP, family=AF_INET, states=14
07-03 20:08:44.951   573   731 D InetDiagMessage: Destroyed 1 sockets, proto=IPPROTO_TCP, family=AF_INET6, states=14
07-03 20:08:44.951   573   731 D InetDiagMessage: Destroyed live tcp sockets for uids={10193} in 4ms
07-03 20:08:44.951   573   731 D InetDiagMessage: Destroyed 0 sockets, proto=IPPROTO_TCP, family=AF_INET, states=14
07-03 20:08:44.952   573   731 D InetDiagMessage: Destroyed 0 sockets, proto=IPPROTO_TCP, family=AF_INET6, states=14
07-03 20:08:44.952   573   731 D InetDiagMessage: Destroyed live tcp sockets for uids={20193} in 1ms
07-03 20:08:45.123  1475  2164 W A       : (REDACTED) [%s] response code: %d
07-03 20:08:45.176   573   731 D InetDiagMessage: Destroyed 0 sockets, proto=IPPROTO_TCP, family=AF_INET, states=14
07-03 20:08:45.176   573   731 D InetDiagMessage: Destroyed 0 sockets, proto=IPPROTO_TCP, family=AF_INET6, states=14
07-03 20:08:45.177   573   731 D InetDiagMessage: Destroyed live tcp sockets for uids={10140} in 2ms
07-03 20:08:45.177   573   731 D InetDiagMessage: Destroyed 0 sockets, proto=IPPROTO_TCP, family=AF_INET, states=14
07-03 20:08:45.178   573   731 D InetDiagMessage: Destroyed 0 sockets, proto=IPPROTO_TCP, family=AF_INET6, states=14
07-03 20:08:45.178   573   731 D InetDiagMessage: Destroyed live tcp sockets for uids={20140} in 1ms
07-03 20:08:45.300  1561  1725 E MDD     : DownloadProgressMonitor: Can't find file group for uri: android://com.google.android.apps.messaging/files/datadownload/shared/public/datadownloadfile_1783080164015
07-03 20:08:45.304  1561  1719 D dasx    : Starting download: https://fonts.gstatic.com/s/e/notoemoji/16.0/1f441_fe0f/lottie.json
07-03 20:08:45.304  1561  1719 V dasx    : Is http uri, downloading (uri: https://fonts.gstatic.com/s/e/notoemoji/16.0/1f441_fe0f/lottie.json)
07-03 20:08:45.324  1561  1718 E MDD     : DownloadProgressMonitor: Can't find file group for uri: android://com.google.android.apps.messaging/files/datadownload/shared/public/datadownloadfile_1783080164014
07-03 20:08:45.329  1561  1725 D dasx    : Starting download: https://fonts.gstatic.com/s/e/notoemoji/16.0/1fae6/lottie.json
07-03 20:08:45.329  1561  1725 V dasx    : Is http uri, downloading (uri: https://fonts.gstatic.com/s/e/notoemoji/16.0/1fae6/lottie.json)
07-03 20:08:45.633   378   378 I netd    : tetherGetStats() -> {[]} <0.44ms>
07-03 20:08:45.635   378   378 I netd    : bandwidthSetGlobalAlert(2097152) <0.05ms>
07-03 20:08:45.713  1561  1719 E MDD     : DownloadProgressMonitor: Can't find file group for uri: android://com.google.android.apps.messaging/files/datadownload/shared/public/datadownloadfile_1783080164016
07-03 20:08:45.716  1561  1718 D dasx    : Starting download: https://fonts.gstatic.com/s/e/notoemoji/16.0/1f9bf/lottie.json
07-03 20:08:45.716  1561  1718 V dasx    : Is http uri, downloading (uri: https://fonts.gstatic.com/s/e/notoemoji/16.0/1f9bf/lottie.json)
07-03 20:08:45.725   573   873 D OomAdjuster: Not killing cached processes
07-03 20:08:45.836  3157  3157 W AccessibilityNodeInfoDumper: Fetch time: 5ms
07-03 20:08:45.838   573   873 W MagnificationConnectionManager: requestConnection duplicated request: connect=false, mConnectionState=DISCONNECTED
07-03 20:08:45.838   573   873 D AccessibilityManagerService: restoreCurrentUserForTestAutomationIfNeededLocked(): ignoring because device doesn't support visible background users
07-03 20:08:45.839   573   573 D BatterySaverPolicy: accessibility changed to false, updating policy.
07-03 20:08:45.839  1355  2073 I AiAiEcho: Settings changed for uri: content://settings/secure/accessibility_enabled
07-03 20:08:45.840  1355  1441 I AiAiEcho: Predicting[0]:  [CONTEXT sampling_count=5 ]
07-03 20:08:45.840  1355  1441 I AiAiEcho: EchoTargets: 
07-03 20:08:45.840  1355  1441 I AiAiEcho: Filtered by AiAi flag check: 
07-03 20:08:45.840  1355  1441 I AiAiEcho: [CONTEXT ratelimit_period="10 SECONDS" ]
07-03 20:08:45.840  1355  1441 I AiAiEcho: Ranked targets strategy: SORT, count: 0, ranking metadata:  [CONTEXT ratelimit_period="10 SECONDS" ]
07-03 20:08:45.840  1355  1441 I AiAiEcho: #remoteViewsTwiddler: feature disabled.
07-03 20:08:45.840  1355  1441 I AiAiEcho: Predicting[0]:  [CONTEXT sampling_count=5 ]
07-03 20:08:45.840  1355  1441 I AiAiEcho: EchoTargets: 
07-03 20:08:45.840  1355  1441 I AiAiEcho: Filtered by AiAi flag check: 
07-03 20:08:45.840  1355  1441 I AiAiEcho: [CONTEXT ratelimit_period="10 SECONDS" ]
07-03 20:08:45.840  1355  1441 I AiAiEcho: Ranked targets strategy: SORT, count: 0, ranking metadata:  [CONTEXT ratelimit_period="10 SECONDS" ]
07-03 20:08:45.840  1355  1441 I AiAiEcho: #remoteViewsTwiddler: feature disabled.
07-03 20:08:45.840  1475  1684 I A       : NGA enabled in interactor.
07-03 20:08:45.841  1355  1441 I AiAiEcho: Predicting[0]:  [CONTEXT sampling_count=5 ]
07-03 20:08:45.841  1475  1684 I A       : (REDACTED) Nga state changed to %s
07-03 20:08:45.841  1355  1441 I AiAiEcho: EchoTargets: 
07-03 20:08:45.841  1355  1441 I AiAiEcho: Filtered by AiAi flag check: 
07-03 20:08:45.841  1355  1441 I AiAiEcho: [CONTEXT ratelimit_period="10 SECONDS" ]
07-03 20:08:45.841  1355  1441 I AiAiEcho: Ranked targets strategy: SORT, count: 0, ranking metadata:  [CONTEXT ratelimit_period="10 SECONDS" ]
07-03 20:08:45.841  1475  1684 I A       : (REDACTED) isTngActive=%s
07-03 20:08:45.841  1355  1441 I AiAiEcho: #remoteViewsTwiddler: feature disabled.
07-03 20:08:45.841  1355  1441 I AiAiEcho: #postPredictionTargets: Sending updates to UISurface media_data_manager with targets# 0 (types=[])
07-03 20:08:45.841  1355  1441 I AiAiEcho: #postPredictionTargets: Sending updates to UISurface lockscreen with targets# 0 (types=[])
07-03 20:08:45.841  1355  1441 I AiAiEcho: #postPredictionTargets: Sending updates to UISurface home with targets# 0 (types=[])
07-03 20:08:45.843  3157  3157 D AndroidRuntime: Shutting down VM
07-03 20:08:45.843  1371  1812 I A       : (REDACTED) on opa visibility changed %s
07-03 20:08:45.845  1371  3102 I A       : Initializing all components
07-03 20:08:45.845  1371  1813 I A       : (REDACTED) Nga on-device enabled based on TNG:MA active state: %b
07-03 20:08:45.845  1263  1263 D SsBaseTemplateCard: No text view can be set up
07-03 20:08:45.845  1263  1263 D SsBaseTemplateCard: Passed-in item info is null
07-03 20:08:45.845  1263  1263 D SsBaseTemplateCard: Passed-in item info is null
07-03 20:08:45.845  1263  1263 D SsBaseTemplateCard: Passed-in item info is null
07-03 20:08:45.845  1263  1263 I SsBaseTemplateCard: Secondary card pane is null
07-03 20:08:45.846  1371  1812 I A       : (REDACTED) onIsEnabledChanged, isEnabled: %s
07-03 20:08:45.846  1371  1812 W A       : Disposing empty manager. Did you forgot to subscribe observables?
07-03 20:08:45.846  1371  1812 W A       : Disposing empty manager. Did you forgot to subscribe observables?
07-03 20:08:45.846  1371  1812 W A       : Disposing empty manager. Did you forgot to subscribe observables?
07-03 20:08:45.846  1371  1812 W A       : Disposing empty manager. Did you forgot to subscribe observables?
07-03 20:08:45.846  1371  1812 W A       : Disposing empty manager. Did you forgot to subscribe observables?
07-03 20:08:45.846  1371  1812 W A       : Disposing empty manager. Did you forgot to subscribe observables?
07-03 20:08:45.846  1371  1812 W A       : Disposing empty manager. Did you forgot to subscribe observables?
07-03 20:08:45.846  1371  1812 W A       : Disposing empty manager. Did you forgot to subscribe observables?
07-03 20:08:45.846  1371  1812 W A       : Disposing empty manager. Did you forgot to subscribe observables?
07-03 20:08:45.846  1371  1812 W A       : Disposing empty manager. Did you forgot to subscribe observables?
07-03 20:08:45.846  1371  1812 W A       : Disposing empty manager. Did you forgot to subscribe observables?
07-03 20:08:45.846  1371  1812 I A       : (REDACTED) Setting session to type: %s
07-03 20:08:45.846  1371  1812 W A       : Disposing empty manager. Did you forgot to subscribe observables?
07-03 20:08:45.846   823   823 W PageIndicator: Total number of pages invalid: 0. Assuming 1 page.
07-03 20:08:45.846  1371  1812 W A       : Disposing empty manager. Did you forgot to subscribe observables?
07-03 20:08:45.846  1371  1812 W A       : Disposing empty manager. Did you forgot to subscribe observables?
07-03 20:08:45.846  1371  1812 W A       : Disposing empty manager. Did you forgot to subscribe observables?
07-03 20:08:45.846  1371  1812 W A       : Disposing empty manager. Did you forgot to subscribe observables?
07-03 20:08:45.846  1371  1812 W A       : Disposing empty manager. Did you forgot to subscribe observables?
07-03 20:08:45.846  1371  1812 I A       : (REDACTED) setNavBarVisible: %s
07-03 20:08:45.846   823   823 D SsMediaDataProvider: Forwarding Smartspace updates []
07-03 20:08:45.846  1371  1812 W A       : Disposing empty manager. Did you forgot to subscribe observables?
07-03 20:08:45.846  1371  1812 W A       : Disposing empty manager. Did you forgot to subscribe observables?
07-03 20:08:45.846  1371  1812 W A       : Disposing empty manager. Did you forgot to subscribe observables?
07-03 20:08:45.846  1371  1812 W A       : Disposing empty manager. Did you forgot to subscribe observables?
07-03 20:08:45.846  1371  1812 W A       : Disposing empty manager. Did you forgot to subscribe observables?
07-03 20:08:45.846  1371  1812 W A       : Disposing empty manager. Did you forgot to subscribe observables?
07-03 20:08:45.847  1371  1813 I A       : (REDACTED) Nga on-device enabled based on TNG:MA active state: %b
07-03 20:08:45.848  1371  1813 I A       : Initialize
07-03 20:08:45.849  1371  1813 I NgaEntryPointEventSendr: setupConnection
07-03 20:08:45.849  1371  1813 I NgaEntryPointEventSendr: (REDACTED) State changed: %s => %s
07-03 20:08:45.850  1371  1813 I NgaEntryPointEventSendr: onServiceConnected
07-03 20:08:45.850  1475  1486 I A       : Calling beginBinderSession().
07-03 20:08:45.850  1371  1812 I ALT.ARCProvider: (REDACTED) #audio# activating audio request client(%s)
07-03 20:08:45.850  1475  1486 I A       : beginBinderSession(): calling binder
07-03 20:08:45.850  1371  1812 I ALT.ClientsRegy: (REDACTED) #audio# activating audio client(token(%d), %s)
07-03 20:08:45.850  1371  1813 I NgaEntryPointEventSendr: (REDACTED) State changed: %s => %s
07-03 20:08:45.850  1371  1813 I A       : (REDACTED) on opa visibility changed %s
07-03 20:08:45.850  1371  1813 I A       : (REDACTED) stopListening(%s, %s)
07-03 20:08:45.851  1371  1812 I ALT.ClientsRegy: (REDACTED) #audio# enforcing concurrency state on a new client(%s, token(%d))
07-03 20:08:45.851  1371  1812 I ALT.AudioRoutesRegy: (REDACTED) #audio# initializing the default route(%d) for %s
07-03 20:08:45.853  1371  1812 I ALT.ARClient: (REDACTED) #audio# routing audio request client(token(%d)) to(%s)
07-03 20:08:45.853  1371  1812 I ALT.HotwordRoutesRegy: (REDACTED) #audio# initializing the default route(%s) for hotword
07-03 20:08:45.853  1371  1812 I ALT.AudioRoutesRegy: (REDACTED) #audio# updating to audio route(token(%d), %s) for %s
07-03 20:08:45.853  1371  1813 I A       : (REDACTED) Nga on-device enabled based on TNG:MA active state: %b
07-03 20:08:45.853   573   888 W ActivityManager: Unable to start service Intent { cmp=com.google.android.apps.tachyon/.clientapi.ClientApiService } U=0: not found
07-03 20:08:45.854  1371  1812 I ALT.AudioRoutesRegy: (REDACTED) #audio# audio route(token(%d), %s) OK to update
07-03 20:08:45.854  1371  1812 I ALT.AudioRoutesRegy: (REDACTED) #audio# enforcing concurrency state on a new audio route of %s
07-03 20:08:45.854  1371  1812 I ALT.AudioRoutesRegy: (REDACTED) #audio# disconnecting(%s) audio %s for %s
07-03 20:08:45.855  1371  1812 I ALT.AudioRoutesRegy: (REDACTED) #audio# starting connection to audio route(token(%d), %s) for %s
07-03 20:08:45.857  1371  1813 I INV.SystemUI: showGestureNav
07-03 20:08:45.857  1371  1813 I INV.SystemUI: (REDACTED) setUiHints(hints = %s)
07-03 20:08:45.858  1371  1812 I A       : (REDACTED) State changed: %s => %s by %s and %s with %s
07-03 20:08:45.858  1371  1812 I A       : (REDACTED) Recognizer choice: (recognizer_type: %s, recognizer_mode: %s, choice_reason: %s)
07-03 20:08:45.858  1475  2020 W A       : (REDACTED) %s task was not run. Callback from Service received after client was disposed.
07-03 20:08:45.859  1371  1812 I A       : (REDACTED) onActiveStateChangeEvent: %s => %s
07-03 20:08:45.859  1371  1813 I NgaEntryPointEventSendr: (REDACTED) State changed: %s => %s (%s)
07-03 20:08:45.859  1475  2020 W SearchServiceCore: Abort, client detached.
07-03 20:08:45.860  1371  1813 I A       : Successfully initialized all components
07-03 20:08:45.861  1475  2124 I PBSessionCacheImpl: (REDACTED) Deleted sessionId[%d] from persistence.
07-03 20:08:45.861  1371  1813 I ALT.RefManager: (REDACTED) #audio# referencing(%s) to(%s), (%s)
07-03 20:08:45.861  1371  1812 W A       : (REDACTED) Missing generator mapping for generator %s
07-03 20:08:45.861  1371  1812 W A       : (REDACTED) Missing generator mapping for generator %s
07-03 20:08:45.861  1371  1812 W A       : (REDACTED) Missing generator mapping for generator %s
07-03 20:08:45.862   573   888 D CompatChangeReporter: Compat change id reported: 297989574; UID 10143; state: ENABLED
07-03 20:08:45.863  1371  1813 I A       : (REDACTED) #audio# audio routing(%s) took %d(ms)
07-03 20:08:45.863  1371  1813 I ALT.AudioEventsHolder: (REDACTED) #audio# route(%s) for audio request client(token(%d)) updated with status(%s)
07-03 20:08:45.863  1371  1812 I A       : (REDACTED) #onActiveStateChangeEvent, newState: %s, previousState: %s.
07-03 20:08:45.865  1371  1813 I INV.SystemUI: setUiHints: finished successfully
07-03 20:08:45.867  1034  1040 W .gms.persistent: Missing inline cache for fowt anht.k(android.content.Context, boolean, int, java.lang.Integer, anic, eqdz)
07-03 20:08:45.867  1034  1040 W .gms.persistent: Missing inline cache for fowt anht.k(android.content.Context, boolean, int, java.lang.Integer, anic, eqdz)
07-03 20:08:45.867  1034  1040 W .gms.persistent: Missing inline cache for fowt anht.k(android.content.Context, boolean, int, java.lang.Integer, anic, eqdz)
07-03 20:08:45.867  1034  1040 W .gms.persistent: Missing inline cache for fowt anht.k(android.content.Context, boolean, int, java.lang.Integer, anic, eqdz)
07-03 20:08:45.867  1034  1040 W .gms.persistent: Missing inline cache for fowt anht.k(android.content.Context, boolean, int, java.lang.Integer, anic, eqdz)
07-03 20:08:45.867  1034  1040 W .gms.persistent: Missing inline cache for fowt anht.k(android.content.Context, boolean, int, java.lang.Integer, anic, eqdz)
07-03 20:08:45.867  1034  1040 W .gms.persistent: Missing inline cache for fowt anht.k(android.content.Context, boolean, int, java.lang.Integer, anic, eqdz)
07-03 20:08:45.867  1034  1040 W .gms.persistent: Missing inline cache for fowt anht.k(android.content.Context, boolean, int, java.lang.Integer, anic, eqdz)
07-03 20:08:45.867  1034  1040 W .gms.persistent: Missing inline cache for fowt anht.k(android.content.Context, boolean, int, java.lang.Integer, anic, eqdz)
07-03 20:08:45.867  1034  1040 W .gms.persistent: Missing inline cache for fowt anht.k(android.content.Context, boolean, int, java.lang.Integer, anic, eqdz)
07-03 20:08:45.867  1034  1040 W .gms.persistent: Missing inline cache for fowt anht.k(android.content.Context, boolean, int, java.lang.Integer, anic, eqdz)
07-03 20:08:45.867  1034  1040 W .gms.persistent: Missing inline cache for fowt anht.k(android.content.Context, boolean, int, java.lang.Integer, anic, eqdz)
07-03 20:08:45.867  1034  1040 W .gms.persistent: Missing inline cache for fowt anht.k(android.content.Context, boolean, int, java.lang.Integer, anic, eqdz)
07-03 20:08:45.867  1034  1040 W .gms.persistent: Missing inline cache for fowt anht.k(android.content.Context, boolean, int, java.lang.Integer, anic, eqdz)
07-03 20:08:45.867  1034  1040 W .gms.persistent: Missing inline cache for fowt anht.k(android.content.Context, boolean, int, java.lang.Integer, anic, eqdz)
07-03 20:08:45.867  1034  1040 W .gms.persistent: Missing inline cache for fowt anht.k(android.content.Context, boolean, int, java.lang.Integer, anic, eqdz)
07-03 20:08:45.867  1034  1040 W .gms.persistent: Missing inline cache for fowt anht.k(android.content.Context, boolean, int, java.lang.Integer, anic, eqdz)
07-03 20:08:45.867  1034  1040 W .gms.persistent: Missing inline cache for fowt anht.k(android.content.Context, boolean, int, java.lang.Integer, anic, eqdz)
07-03 20:08:45.867  1034  1040 W .gms.persistent: Missing inline cache for fowt anht.k(android.content.Context, boolean, int, java.lang.Integer, anic, eqdz)
07-03 20:08:45.867  1034  1040 W .gms.persistent: Missing inline cache for fowt anht.k(android.content.Context, boolean, int, java.lang.Integer, anic, eqdz)
07-03 20:08:45.867  1034  1040 W .gms.persistent: Missing inline cache for fowt anht.k(android.content.Context, boolean, int, java.lang.Integer, anic, eqdz)
07-03 20:08:45.867  1034  1040 W .gms.persistent: Missing inline cache for fowt anht.k(android.content.Context, boolean, int, java.lang.Integer, anic, eqdz)
07-03 20:08:45.867  1034  1040 W .gms.persistent: Missing inline cache for fowt anht.k(android.content.Context, boolean, int, java.lang.Integer, anic, eqdz)
07-03 20:08:45.867  1034  1040 W .gms.persistent: Missing inline cache for fowt anht.k(android.content.Context, boolean, int, java.lang.Integer, anic, eqdz)
07-03 20:08:45.867  1034  1040 W .gms.persistent: Missing inline cache for fowt anht.k(android.content.Context, boolean, int, java.lang.Integer, anic, eqdz)
07-03 20:08:45.867  1034  1040 W .gms.persistent: Missing inline cache for fowt anht.k(android.content.Context, boolean, int, java.lang.Integer, anic, eqdz)
07-03 20:08:45.867  1034  1040 W .gms.persistent: Missing inline cache for fowt anht.k(android.content.Context, boolean, int, java.lang.Integer, anic, eqdz)
07-03 20:08:45.874  1371  1696 V ClearcutMetricXmitter: Transmission is done.
07-03 20:08:46.190  3073  3170 D ProfileInstaller: Installing profile for io.github.jark006.freezeit
07-03 20:08:46.251  1561  1725 E MDD     : DownloadProgressMonitor: Can't find file group for uri: android://com.google.android.apps.messaging/files/datadownload/shared/public/datadownloadfile_1783080164017
07-03 20:08:46.252  1561  1718 E MDD     : DownloadProgressMonitor: Can't find file group for uri: android://com.google.android.apps.messaging/files/datadownload/shared/public/datadownloadfile_1783080164018
07-03 20:08:46.253  1561  1719 D dasx    : Starting download: https://fonts.gstatic.com/s/e/notoemoji/16.0/1f9be/lottie.json
07-03 20:08:46.253  1561  1719 V dasx    : Is http uri, downloading (uri: https://fonts.gstatic.com/s/e/notoemoji/16.0/1f9be/lottie.json)
07-03 20:08:46.255  1561  1725 D dasx    : Starting download: https://fonts.gstatic.com/s/e/notoemoji/16.0/1f4aa/lottie.json
07-03 20:08:46.255  1561  1725 V dasx    : Is http uri, downloading (uri: https://fonts.gstatic.com/s/e/notoemoji/16.0/1f4aa/lottie.json)
07-03 20:08:46.339  1286  1292 W putmethod.latin: Missing inline cache for int rto.a(java.lang.Object)
07-03 20:08:46.690  1561  1719 E MDD     : DownloadProgressMonitor: Can't find file group for uri: android://com.google.android.apps.messaging/files/datadownload/shared/public/datadownloadfile_1783080164019
07-03 20:08:46.692  1561  1718 D dasx    : Starting download: https://fonts.gstatic.com/s/e/notoemoji/16.0/1f4aa_1f3fb/lottie.json
07-03 20:08:46.692  1561  1718 V dasx    : Is http uri, downloading (uri: https://fonts.gstatic.com/s/e/notoemoji/16.0/1f4aa_1f3fb/lottie.json)
07-03 20:08:46.698  1561  1725 E MDD     : DownloadProgressMonitor: Can't find file group for uri: android://com.google.android.apps.messaging/files/datadownload/shared/public/datadownloadfile_1783080164020
07-03 20:08:46.715  3073  3073 W WindowOnBackDispatcher: OnBackInvokedCallback is not enabled for the application.
07-03 20:08:46.715  3073  3073 W WindowOnBackDispatcher: Set 'android:enableOnBackInvokedCallback="true"' in the application manifest.
07-03 20:08:46.725  3073  3077 W ark006.freezeit: Missing inline cache for void c0.u.u()
07-03 20:08:46.725  3073  3077 W ark006.freezeit: Missing inline cache for void c0.u.u()
07-03 20:08:46.725  3073  3077 W ark006.freezeit: Missing inline cache for void c0.u.u()
07-03 20:08:46.730   425  1024 W AudioFlinger: createTrack_l(): mismatch between requested flags (00000004) and output flags (00000002)
07-03 20:08:46.741  1561  1719 D dasx    : Starting download: https://fonts.gstatic.com/s/e/notoemoji/16.0/1f4aa_1f3fc/lottie.json
07-03 20:08:46.741  1561  1719 V dasx    : Is http uri, downloading (uri: https://fonts.gstatic.com/s/e/notoemoji/16.0/1f4aa_1f3fc/lottie.json)
07-03 20:08:46.747   425  1024 D audioserver: logFgsApiBegin: FGS Logger Transaction failed, -129
07-03 20:08:46.748   573  1470 W AS.PlaybackActivityMon: No piid assigned for invalid/internal port id 15
07-03 20:08:46.789  3073  3086 D EGL_emulation: app_time_stats: avg=270.61ms min=8.49ms max=4441.28ms count=17
07-03 20:08:46.802  3073  3073 D AutofillManager: view not autofillable - not passing ime action check
07-03 20:08:46.820   425   549 D AudioFlinger: mixer(0x75a3af7558e0) throttle end: throttle time(33)
07-03 20:08:46.897   378   378 I netd    : tetherGetStats() -> {[]} <0.23ms>
07-03 20:08:46.934   425   549 D audioserver: logFgsApiEnd: FGS Logger Transaction failed, -129
07-03 20:08:46.950  3073  3180 D TrafficStats: tagSocket(250) with statsTag=0xffffffff, statsUid=-1
07-03 20:08:46.970  3073  3073 D AutofillManager: view not autofillable - not passing ime action check
07-03 20:08:46.970  3073  3073 D AutofillManager: view not autofillable - not passing ime action check
07-03 20:08:46.971  3073  3073 D AutofillManager: view not autofillable - not passing ime action check
07-03 20:08:47.004  1034  1034 D BoundBrokerSvc: onUnbind: Intent { act=com.google.android.gms.pseudonymous.service.START dat=chimera-action:/... cmp=com.google.android.gms/.chimera.PersistentApiService }
07-03 20:08:47.174  1561  1718 E MDD     : DownloadProgressMonitor: Can't find file group for uri: android://com.google.android.apps.messaging/files/datadownload/shared/public/datadownloadfile_1783080164021
07-03 20:08:47.355  1561  1719 E MDD     : DownloadProgressMonitor: Can't find file group for uri: android://com.google.android.apps.messaging/files/datadownload/shared/public/datadownloadfile_1783080164022
07-03 20:08:47.357  1561  1725 D dasx    : Starting download: https://fonts.gstatic.com/s/e/notoemoji/16.0/1f4aa_1f3fd/lottie.json
07-03 20:08:47.357  1561  1725 V dasx    : Is http uri, downloading (uri: https://fonts.gstatic.com/s/e/notoemoji/16.0/1f4aa_1f3fd/lottie.json)
07-03 20:08:47.359  1561  1718 D dasx    : Starting download: https://fonts.gstatic.com/s/e/notoemoji/16.0/1f4aa_1f3fe/lottie.json
07-03 20:08:47.359  1561  1718 V dasx    : Is http uri, downloading (uri: https://fonts.gstatic.com/s/e/notoemoji/16.0/1f4aa_1f3fe/lottie.json)
07-03 20:08:47.421   378   378 I netd    : tetherGetStats() -> {[]} <0.34ms>
07-03 20:08:47.423   378   378 I netd    : bandwidthSetGlobalAlert(2097152) <0.04ms>
07-03 20:08:47.748   425  1024 D audioserver: logFgsApiBegin: FGS Logger Transaction failed, -129
07-03 20:08:47.748   573  1470 W AS.PlaybackActivityMon: No piid assigned for invalid/internal port id 15
07-03 20:08:47.786  3073  3073 D AutofillManager: view not autofillable - not passing ime action check
07-03 20:08:47.786  3073  3073 D AutofillManager: view not autofillable - not passing ime action check
07-03 20:08:47.793  3073  3086 D EGL_emulation: app_time_stats: avg=21.69ms min=4.05ms max=147.13ms count=42
07-03 20:08:47.934  2490  2502 W .apps.safetyhub: Missing inline cache for void mkm.a(mir, android.util.SparseArray)
07-03 20:08:47.934  2490  2502 W .apps.safetyhub: Missing inline cache for void mkm.a(mir, android.util.SparseArray)
07-03 20:08:47.934  2490  2502 W .apps.safetyhub: Missing inline cache for void mkm.a(mir, android.util.SparseArray)
07-03 20:08:47.934  2490  2502 W .apps.safetyhub: Missing inline cache for void mkm.a(mir, android.util.SparseArray)
07-03 20:08:47.934  2490  2502 W .apps.safetyhub: Missing inline cache for void mkm.a(mir, android.util.SparseArray)
07-03 20:08:47.934  2490  2502 W .apps.safetyhub: Missing inline cache for void mkm.a(mir, android.util.SparseArray)
07-03 20:08:47.934  2490  2502 W .apps.safetyhub: Missing inline cache for void mkm.a(mir, android.util.SparseArray)
07-03 20:08:47.934  2490  2502 W .apps.safetyhub: Missing inline cache for void mkm.a(mir, android.util.SparseArray)
07-03 20:08:47.934  2490  2502 W .apps.safetyhub: Missing inline cache for void mkm.a(mir, android.util.SparseArray)
07-03 20:08:47.934  2490  2502 W .apps.safetyhub: Missing inline cache for void mkm.a(mir, android.util.SparseArray)
07-03 20:08:47.936  3073  3186 D TrafficStats: tagSocket(244) with statsTag=0xffffffff, statsUid=-1
07-03 20:08:47.976   425   549 D audioserver: logFgsApiEnd: FGS Logger Transaction failed, -129
07-03 20:08:48.092  1561  1725 E MDD     : DownloadProgressMonitor: Can't find file group for uri: android://com.google.android.apps.messaging/files/datadownload/shared/public/datadownloadfile_1783080164023
07-03 20:08:48.148  1561  1718 E MDD     : DownloadProgressMonitor: Can't find file group for uri: android://com.google.android.apps.messaging/files/datadownload/shared/public/datadownloadfile_1783080164024
07-03 20:08:48.149  1561  1719 D dasx    : Starting download: https://fonts.gstatic.com/s/e/notoemoji/16.0/1f4aa_1f3ff/lottie.json
07-03 20:08:48.149  1561  1719 V dasx    : Is http uri, downloading (uri: https://fonts.gstatic.com/s/e/notoemoji/16.0/1f4aa_1f3ff/lottie.json)
07-03 20:08:48.154  1561  1725 D dasx    : Starting download: https://fonts.gstatic.com/s/e/notoemoji/16.0/1f44f/lottie.json
07-03 20:08:48.154  1561  1725 V dasx    : Is http uri, downloading (uri: https://fonts.gstatic.com/s/e/notoemoji/16.0/1f44f/lottie.json)
07-03 20:08:48.307  1633  2937 I HttpGrpcBindableService: [pfd-write] DOWNLOAD COMPLETE: Downloaded 63360223 bytes from URL [https://dl.google.com/android/voice/soda/en-US/v3056/soda-en-US-v3056.zip].
07-03 20:08:48.307  1633  2937 W System.err: val in interceptor: null
07-03 20:08:48.310  1355  2092 I AstreaHttpConnection: DOWNLOAD COMPLETE: Downloaded unknown number of bytes from https://dl.google.com/android/voice/soda/en-US/v3056/soda-en-US-v3056.zip.
07-03 20:08:48.604  1561  1725 E MDD     : DownloadProgressMonitor: Can't find file group for uri: android://com.google.android.apps.messaging/files/datadownload/shared/public/datadownloadfile_1783080164026
07-03 20:08:48.607  1561  1719 E MDD     : DownloadProgressMonitor: Can't find file group for uri: android://com.google.android.apps.messaging/files/datadownload/shared/public/datadownloadfile_1783080164025
07-03 20:08:48.632  1561  1718 D dasx    : Starting download: https://fonts.gstatic.com/s/e/notoemoji/16.0/1f44f_1f3fb/lottie.json
07-03 20:08:48.632  1561  1718 V dasx    : Is http uri, downloading (uri: https://fonts.gstatic.com/s/e/notoemoji/16.0/1f44f_1f3fb/lottie.json)
07-03 20:08:48.643  1561  1719 D dasx    : Starting download: https://fonts.gstatic.com/s/e/notoemoji/16.0/1f44f_1f3fc/lottie.json
07-03 20:08:48.643  1561  1719 V dasx    : Is http uri, downloading (uri: https://fonts.gstatic.com/s/e/notoemoji/16.0/1f44f_1f3fc/lottie.json)
07-03 20:08:48.653  1530  1530 D BoundBrokerSvc: onUnbind: Intent { act=com.google.android.gms.auth.cryptauth.cryptauthservice.START dat=chimera-action:/... cmp=com.google.android.gms/.chimera.GmsBoundBrokerService }
07-03 20:08:48.673  1530  1530 D BoundBrokerSvc: onUnbind: Intent { act=com.google.android.mdd.service.START dat=chimera-action:/... cmp=com.google.android.gms/.chimera.GmsBoundBrokerService }
07-03 20:08:48.725  1530  1530 D BoundBrokerSvc: onUnbind: Intent { act=com.google.android.gms.findmydevice.spot.service.management.START dat=chimera-action:/... cmp=com.google.android.gms/.chimera.GmsApiService }
07-03 20:08:48.727  1034  1034 D BoundBrokerSvc: onUnbind: Intent { act=com.google.android.gms.tapandpay.service.BIND dat=chimera-action:/... cmp=com.google.android.gms/.chimera.PersistentApiService }
07-03 20:08:48.758  1034  1034 D BoundBrokerSvc: onUnbind: Intent { act=com.google.android.gms.scheduler.ACTION_PROXY_SCHEDULE dat=chimera-action:/... cmp=com.google.android.gms/.chimera.PersistentDirectBootAwareApiService }
07-03 20:08:48.802  3189  3189 D AndroidRuntime: >>>>>> START com.android.internal.os.RuntimeInit uid 2000 <<<<<<
07-03 20:08:48.805   810   810 I wpa_supplicant: wlan0: CTRL-EVENT-BEACON-LOSS 
07-03 20:08:48.806  3189  3189 I AndroidRuntime: Using default boot image
07-03 20:08:48.806  3189  3189 I AndroidRuntime: Leaving lock profiling enabled
07-03 20:08:48.807  3189  3189 I app_process: Core platform API reporting enabled, enforcing=false
07-03 20:08:48.807  3189  3189 I app_process: Using CollectorTypeCMC GC.
07-03 20:08:48.857  3189  3189 D nativeloader: InitDefaultPublicLibraries for_preload=1: libandroid.so:libaaudio.so:libamidi.so:libbinder_ndk.so:libc.so:libcamera2ndk.so:libdl.so:libEGL.so:libGLESv1_CM.so:libGLESv2.so:libGLESv3.so:libicu.so:libicui18n.so:libicuuc.so:libjnigraphics.so:liblog.so:libmediandk.so:libm.so:libnativehelper.so:libnativewindow.so:libOpenMAXAL.so:libOpenSLES.so:libRS.so:libstdc++.so:libsync.so:libvulkan.so:libwebviewchromium_plat_support.so:libz.so
07-03 20:08:48.865  3189  3189 D nativeloader: Load libicu_jni.so using APEX ns com_android_art for caller /apex/com.android.art/javalib/core-oj.jar: ok
07-03 20:08:48.865  3189  3189 D app_process: u_setTimeZoneFilesDirectory("/apex/com.android.tzdata/etc/tz/versioned/8/icu") succeeded. 
07-03 20:08:48.865  3189  3189 D app_process: I18n APEX ICU file found: /apex/com.android.i18n/etc/icu/icudt75l.dat
07-03 20:08:48.866  3189  3189 D nativeloader: Load libjavacore.so using APEX ns com_android_art for caller /apex/com.android.art/javalib/core-oj.jar: ok
07-03 20:08:48.866  3189  3189 D nativeloader: Load libopenjdk.so using APEX ns com_android_art for caller /apex/com.android.art/javalib/core-oj.jar: ok
07-03 20:08:48.868  3189  3189 W app_process: Unexpected CPU variant for x86: x86_64.
07-03 20:08:48.868  3189  3189 W app_process: Known variants: atom, sandybridge, silvermont, goldmont, goldmont-plus, goldmont-without-sha-xsaves, tremont, kabylake, default
07-03 20:08:48.868  3189  3189 W app_process: ClassLoaderContext shared library size mismatch. Expected=2, found=0 (PCL[]{PCL[/system/framework/android.test.base.jar*724373495]#PCL[/system/framework/android.test.mock.jar*1452759902]} | PCL[])
07-03 20:08:48.869  3189  3189 W app_process: ClassLoaderContext classpath size mismatch. expected=0, found=1 (PCL[]{PCL[/system/framework/android.test.runner.jar*2496447986]#PCL[/system/framework/android.test.base.jar*724373495]} | PCL[/system/framework/android.test.runner.jar*2496447986])
07-03 20:08:48.880  3189  3189 D nativeloader: Load libframework-connectivity-tiramisu-jni.so using APEX ns com_android_tethering for caller /apex/com.android.tethering/javalib/framework-connectivity-t.jar: ok
07-03 20:08:48.880  3189  3189 D AndroidRuntime: Calling main entry com.android.commands.uiautomator.Launcher
07-03 20:08:48.881  3189  3189 D UiAutomationConnection: Created on user UserHandle{0}
07-03 20:08:48.881  3189  3189 I UiAutomation: Initialized for user 0 on display 0
07-03 20:08:48.881  3189  3189 W UiAutomation: Created with deprecatead constructor, assumes DEFAULT_DISPLAY
07-03 20:08:48.882   573   875 D AccessibilityManagerService: changeCurrentUserForTestAutomationIfNeededLocked(0): ignoring because device doesn't support visible background users
07-03 20:08:48.882   573   875 I UiAutomationManager: Registering UiTestAutomationService (id=com.android.server.accessibility/UiAutomation, flags=0x0) when called by user 0
07-03 20:08:48.882   573   875 W MagnificationConnectionManager: requestConnection duplicated request: connect=false, mConnectionState=DISCONNECTED
07-03 20:08:48.883  1355  2073 I AiAiEcho: Settings changed for uri: content://settings/secure/accessibility_enabled
07-03 20:08:48.883  1355  1441 I AiAiEcho: Predicting[0]:  [CONTEXT sampling_count=5 ]
07-03 20:08:48.883  1355  1441 I AiAiEcho: EchoTargets: 
07-03 20:08:48.883  1355  1441 I AiAiEcho: Filtered by AiAi flag check: 
07-03 20:08:48.883  1355  1441 I AiAiEcho: [CONTEXT ratelimit_period="10 SECONDS" ]
07-03 20:08:48.883  1355  1441 I AiAiEcho: Ranked targets strategy: SORT, count: 0, ranking metadata:  [CONTEXT ratelimit_period="10 SECONDS" ]
07-03 20:08:48.883  1355  1441 I AiAiEcho: #remoteViewsTwiddler: feature disabled.
07-03 20:08:48.883  1355  1441 I AiAiEcho: Predicting[0]:  [CONTEXT sampling_count=5 ]
07-03 20:08:48.883  1355  1441 I AiAiEcho: EchoTargets: 
07-03 20:08:48.883  1355  1441 I AiAiEcho: Filtered by AiAi flag check: 
07-03 20:08:48.883  1355  1441 I AiAiEcho: [CONTEXT ratelimit_period="10 SECONDS" ]
07-03 20:08:48.884  1355  1441 I AiAiEcho: Ranked targets strategy: SORT, count: 0, ranking metadata:  [CONTEXT ratelimit_period="10 SECONDS" ]
07-03 20:08:48.884  1355  1441 I AiAiEcho: #remoteViewsTwiddler: feature disabled.
07-03 20:08:48.884  1355  1441 I AiAiEcho: Predicting[0]:  [CONTEXT sampling_count=5 ]
07-03 20:08:48.884  1355  1441 I AiAiEcho: EchoTargets: 
07-03 20:08:48.884  1355  1441 I AiAiEcho: Filtered by AiAi flag check: 
07-03 20:08:48.884  1355  1441 I AiAiEcho: [CONTEXT ratelimit_period="10 SECONDS" ]
07-03 20:08:48.884  1355  1441 I AiAiEcho: Ranked targets strategy: SORT, count: 0, ranking metadata:  [CONTEXT ratelimit_period="10 SECONDS" ]
07-03 20:08:48.884  1355  1441 I AiAiEcho: #remoteViewsTwiddler: feature disabled.
07-03 20:08:48.885  3189  3200 V UiAutomation: Init UiAutomation@cc436bf[id=2, displayId=0, flags=0]
07-03 20:08:48.885   573   573 D BatterySaverPolicy: accessibility changed to true, updating policy.
07-03 20:08:48.885   573   888 W MagnificationConnectionManager: requestConnection duplicated request: connect=false, mConnectionState=DISCONNECTED
07-03 20:08:48.885  1355  2082 I AiAiEcho: Settings changed for uri: content://settings/secure/accessibility_enabled
07-03 20:08:48.885  1355  1441 I AiAiEcho: #postPredictionTargets: Sending updates to UISurface media_data_manager with targets# 0 (types=[])
07-03 20:08:48.886  1355  1441 I AiAiEcho: #postPredictionTargets: Sending updates to UISurface lockscreen with targets# 0 (types=[])
07-03 20:08:48.886  1355  1441 I AiAiEcho: #postPredictionTargets: Sending updates to UISurface home with targets# 0 (types=[])
07-03 20:08:48.886  1355  1441 I AiAiEcho: Predicting[0]:  [CONTEXT sampling_count=5 ]
07-03 20:08:48.886  1355  1441 I AiAiEcho: EchoTargets: 
07-03 20:08:48.886  1355  1441 I AiAiEcho: Filtered by AiAi flag check: 
07-03 20:08:48.886  1355  1441 I AiAiEcho: [CONTEXT ratelimit_period="10 SECONDS" ]
07-03 20:08:48.886  1355  1441 I AiAiEcho: Ranked targets strategy: SORT, count: 0, ranking metadata:  [CONTEXT ratelimit_period="10 SECONDS" ]
07-03 20:08:48.886  1355  1441 I AiAiEcho: #remoteViewsTwiddler: feature disabled.
07-03 20:08:48.886  1263  1263 D SsBaseTemplateCard: No text view can be set up
07-03 20:08:48.887  1355  1441 I AiAiEcho: Predicting[0]:  [CONTEXT sampling_count=5 ]
07-03 20:08:48.887  1355  1441 I AiAiEcho: EchoTargets: 
07-03 20:08:48.887  1355  1441 I AiAiEcho: Filtered by AiAi flag check: 
07-03 20:08:48.887  1355  1441 I AiAiEcho: [CONTEXT ratelimit_period="10 SECONDS" ]
07-03 20:08:48.887  1263  1263 D SsBaseTemplateCard: Passed-in item info is null
07-03 20:08:48.887  1263  1263 D SsBaseTemplateCard: Passed-in item info is null
07-03 20:08:48.887  1355  1441 I AiAiEcho: Ranked targets strategy: SORT, count: 0, ranking metadata:  [CONTEXT ratelimit_period="10 SECONDS" ]
07-03 20:08:48.887  1263  1263 D SsBaseTemplateCard: Passed-in item info is null
07-03 20:08:48.887  1263  1263 I SsBaseTemplateCard: Secondary card pane is null
07-03 20:08:48.887  1355  1441 I AiAiEcho: #remoteViewsTwiddler: feature disabled.
07-03 20:08:48.887  1149  1179 D AccessibilitySourceService: enabled a11y services count 0
07-03 20:08:48.887  1149  1179 D AccessibilitySourceService: a11y source sending 0 issue to sc
07-03 20:08:48.887  1355  1441 I AiAiEcho: Predicting[0]:  [CONTEXT sampling_count=5 ]
07-03 20:08:48.887  1355  1441 I AiAiEcho: EchoTargets: 
07-03 20:08:48.887  1355  1441 I AiAiEcho: Filtered by AiAi flag check: 
07-03 20:08:48.887  1355  1441 I AiAiEcho: [CONTEXT ratelimit_period="10 SECONDS" ]
07-03 20:08:48.887  1355  1441 I AiAiEcho: Ranked targets strategy: SORT, count: 0, ranking metadata:  [CONTEXT ratelimit_period="10 SECONDS" ]
07-03 20:08:48.887  1355  1441 I AiAiEcho: #remoteViewsTwiddler: feature disabled.
07-03 20:08:48.887  1355  1441 I AiAiEcho: #postPredictionTargets: Sending updates to UISurface media_data_manager with targets# 0 (types=[])
07-03 20:08:48.887   573   887 D SafetySourceDataValidat: No cert check requested for package com.google.android.permissioncontroller
07-03 20:08:48.887  1355  1441 I AiAiEcho: #postPredictionTargets: Sending updates to UISurface lockscreen with targets# 0 (types=[])
07-03 20:08:48.887  1355  1441 I AiAiEcho: #postPredictionTargets: Sending updates to UISurface home with targets# 0 (types=[])
07-03 20:08:48.888  1263  1263 D SsBaseTemplateCard: No text view can be set up
07-03 20:08:48.888   823   823 D SsMediaDataProvider: Forwarding Smartspace updates []
07-03 20:08:48.888  1263  1263 D SsBaseTemplateCard: Passed-in item info is null
07-03 20:08:48.888  1263  1263 D SsBaseTemplateCard: Passed-in item info is null
07-03 20:08:48.888  1263  1263 D SsBaseTemplateCard: Passed-in item info is null
07-03 20:08:48.888   823   823 W PageIndicator: Total number of pages invalid: 0. Assuming 1 page.
07-03 20:08:48.888  1263  1263 I SsBaseTemplateCard: Secondary card pane is null
07-03 20:08:48.888   823   823 W PageIndicator: Total number of pages invalid: 0. Assuming 1 page.
07-03 20:08:48.888   823   823 D SsMediaDataProvider: Forwarding Smartspace updates []
07-03 20:08:48.889  1475  1689 I A       : NGA disabled since it's running Panthera and at least one a11y feature is on.
07-03 20:08:48.889  1475  1689 I A       : (REDACTED) Nga state changed to %s
07-03 20:08:48.889  1475  1689 I A       : (REDACTED) isTngActive=%s
07-03 20:08:48.890  1371  1812 I A       : (REDACTED) Nga on-device enabled based on TNG:MA active state: %b
07-03 20:08:48.890  1371  1812 I A       : (REDACTED) Nga on-device enabled based on TNG:MA active state: %b
07-03 20:08:48.890  1371  1812 I A       : Unsubscribed to apa or classic variant change.
07-03 20:08:49.117  1561  1718 E MDD     : DownloadProgressMonitor: Can't find file group for uri: android://com.google.android.apps.messaging/files/datadownload/shared/public/datadownloadfile_1783080164027
07-03 20:08:49.121  1561  1719 E MDD     : DownloadProgressMonitor: Can't find file group for uri: android://com.google.android.apps.messaging/files/datadownload/shared/public/datadownloadfile_1783080164028
07-03 20:08:49.123  1561  1725 D dasx    : Starting download: https://fonts.gstatic.com/s/e/notoemoji/16.0/1f44f_1f3fd/lottie.json
07-03 20:08:49.123  1561  1725 V dasx    : Is http uri, downloading (uri: https://fonts.gstatic.com/s/e/notoemoji/16.0/1f44f_1f3fd/lottie.json)
07-03 20:08:49.124  1561  1718 D dasx    : Starting download: https://fonts.gstatic.com/s/e/notoemoji/16.0/1f44f_1f3fe/lottie.json
07-03 20:08:49.124  1561  1718 V dasx    : Is http uri, downloading (uri: https://fonts.gstatic.com/s/e/notoemoji/16.0/1f44f_1f3fe/lottie.json)
07-03 20:08:49.241   378   378 I netd    : tetherGetStats() -> {[]} <0.28ms>
07-03 20:08:49.244   378   378 I netd    : bandwidthSetGlobalAlert(2097152) <0.04ms>
07-03 20:08:49.382  3073  3086 D EGL_emulation: app_time_stats: avg=31.43ms min=7.45ms max=765.03ms count=48
07-03 20:08:49.386  1355  1448 I ZipfileLPSourceImpl: LanguagePack downloaded (background) for LanguagePackDescriptor{locale=en_US, version=3056, installType=ZIPFILE_DOWNLOAD, applicationDomains=[1, 2, 3, 4, 5, 6, 7, 11], featuresForDomains={1=[2, 3, 4, 5, 6, 9, 10, 12, 13, 14, 15], 2=[2, 3, 4, 5, 6, 7, 8, 9, 10, 12, 13, 14, 15], 3=[2, 3, 4, 5, 6, 9, 10, 12, 13, 14, 15], 4=[2, 3, 4, 5, 6, 7, 8, 9, 10, 12, 13, 14, 15], 5=[2, 3, 4, 5, 6, 9, 10, 12, 13, 14, 15], 6=[2, 3, 4, 5, 6, 7, 8, 9, 10, 12, 13, 14, 15], 7=[2, 3, 4, 5, 6, 7, 8, 9, 10, 12, 13, 14, 15], 11=[2, 3, 4, 5, 6, 7, 8, 9, 10, 12, 13, 14, 15]}, sizeBytes=63360000, zipfileParams=Optional.of(ZipfileParams{downloadUrl=https://dl.google.com/android/voice/soda/en-US/v3056/soda-en-US-v3056.zip, hashValueSha1=FEEFFE09A4F88CA77C6F3515F7E2B99CBFEB6873}), readOnlyParams=Optional.absent()}
07-03 20:08:49.388  1355  1448 I DownloaderCallbacksTrig: No #onInstallComplete callbacks registered. Installation finished for en-US_v3056
07-03 20:08:49.388  1355  1448 I LanguagePackMaintenance: Background LanguagePack updates finished successfully
07-03 20:08:49.392  1355  1448 I FakeAppFlowTransport: (TEST) Generic AppFlow event: # aawe@98a074cd
07-03 20:08:49.525  1561  1725 E MDD     : DownloadProgressMonitor: Can't find file group for uri: android://com.google.android.apps.messaging/files/datadownload/shared/public/datadownloadfile_1783080164029
07-03 20:08:49.555  1561  1719 D dasx    : Starting download: https://fonts.gstatic.com/s/e/notoemoji/16.0/1f44f_1f3ff/lottie.json
07-03 20:08:49.555  1561  1719 V dasx    : Is http uri, downloading (uri: https://fonts.gstatic.com/s/e/notoemoji/16.0/1f44f_1f3ff/lottie.json)
07-03 20:08:49.558  1561  1718 E MDD     : DownloadProgressMonitor: Can't find file group for uri: android://com.google.android.apps.messaging/files/datadownload/shared/public/datadownloadfile_1783080164030
07-03 20:08:49.654  1034  1034 D BoundBrokerSvc: onUnbind: Intent { act=com.google.android.gms.libs.gmscorelogger.service.START dat=chimera-action:/... cmp=com.google.android.gms/.chimera.PersistentDirectBootAwareApiService }
07-03 20:08:49.897  3189  3189 W AccessibilityNodeInfoDumper: Fetch time: 6ms
07-03 20:08:49.899   573   887 W MagnificationConnectionManager: requestConnection duplicated request: connect=false, mConnectionState=DISCONNECTED
07-03 20:08:49.899   573   887 D AccessibilityManagerService: restoreCurrentUserForTestAutomationIfNeededLocked(): ignoring because device doesn't support visible background users
07-03 20:08:49.899  1355  2082 I AiAiEcho: Settings changed for uri: content://settings/secure/accessibility_enabled
07-03 20:08:49.900  3189  3189 D AndroidRuntime: Shutting down VM
07-03 20:08:49.900  1355  1441 I AiAiEcho: Predicting[0]:  [CONTEXT sampling_count=5 ]
07-03 20:08:49.900  1355  1441 I AiAiEcho: EchoTargets: 
07-03 20:08:49.900  1355  1441 I AiAiEcho: Filtered by AiAi flag check: 
07-03 20:08:49.900  1355  1441 I AiAiEcho: [CONTEXT ratelimit_period="10 SECONDS" ]
07-03 20:08:49.900  1355  1441 I AiAiEcho: Ranked targets strategy: SORT, count: 0, ranking metadata:  [CONTEXT ratelimit_period="10 SECONDS" ]
07-03 20:08:49.901  1355  1441 I AiAiEcho: #remoteViewsTwiddler: feature disabled.
07-03 20:08:49.901  1355  1441 I AiAiEcho: Predicting[0]:  [CONTEXT sampling_count=5 ]
07-03 20:08:49.902  1355  1441 I AiAiEcho: EchoTargets: 
07-03 20:08:49.902  1355  1441 I AiAiEcho: Filtered by AiAi flag check: 
07-03 20:08:49.902  1355  1441 I AiAiEcho: [CONTEXT ratelimit_period="10 SECONDS" ]
07-03 20:08:49.902  1355  1441 I AiAiEcho: Ranked targets strategy: SORT, count: 0, ranking metadata:  [CONTEXT ratelimit_period="10 SECONDS" ]
07-03 20:08:49.902   573   573 D BatterySaverPolicy: accessibility changed to false, updating policy.
07-03 20:08:49.902  1355  1441 I AiAiEcho: #remoteViewsTwiddler: feature disabled.
07-03 20:08:49.902  1355  1441 I AiAiEcho: Predicting[0]:  [CONTEXT sampling_count=5 ]
07-03 20:08:49.902  1355  1441 I AiAiEcho: EchoTargets: 
07-03 20:08:49.902  1355  1441 I AiAiEcho: Filtered by AiAi flag check: 
07-03 20:08:49.902  1355  1441 I AiAiEcho: [CONTEXT ratelimit_period="10 SECONDS" ]
