07-03 20:08:49.902  1355  1441 I AiAiEcho: Ranked targets strategy: SORT, count: 0, ranking metadata:  [CONTEXT ratelimit_period="10 SECONDS" ]
07-03 20:08:49.902  1355  1441 I AiAiEcho: #remoteViewsTwiddler: feature disabled.
07-03 20:08:49.903  1355  1441 I AiAiEcho: #postPredictionTargets: Sending updates to UISurface media_data_manager with targets# 0 (types=[])
07-03 20:08:49.903  1355  1441 I AiAiEcho: #postPredictionTargets: Sending updates to UISurface lockscreen with targets# 0 (types=[])
07-03 20:08:49.903   823   823 D SsMediaDataProvider: Forwarding Smartspace updates []
07-03 20:08:49.903   823   823 W PageIndicator: Total number of pages invalid: 0. Assuming 1 page.
07-03 20:08:49.903  1355  1441 I AiAiEcho: #postPredictionTargets: Sending updates to UISurface home with targets# 0 (types=[])
07-03 20:08:49.903  1263  1263 D SsBaseTemplateCard: No text view can be set up
07-03 20:08:49.903  1263  1263 D SsBaseTemplateCard: Passed-in item info is null
07-03 20:08:49.904  1263  1263 D SsBaseTemplateCard: Passed-in item info is null
07-03 20:08:49.904  1263  1263 D SsBaseTemplateCard: Passed-in item info is null
07-03 20:08:49.904  1263  1263 I SsBaseTemplateCard: Secondary card pane is null
07-03 20:08:49.906  1475  1684 I A       : NGA enabled in interactor.
07-03 20:08:49.906  1475  1684 I A       : (REDACTED) Nga state changed to %s
07-03 20:08:49.906  1475  1684 I A       : (REDACTED) isTngActive=%s
07-03 20:08:49.907  1371  1696 I A       : Initializing all components
07-03 20:08:49.907  1371  1812 I A       : (REDACTED) onIsEnabledChanged, isEnabled: %s
07-03 20:08:49.908  1371  1812 W A       : Disposing empty manager. Did you forgot to subscribe observables?
07-03 20:08:49.908  1371  1812 W A       : Disposing empty manager. Did you forgot to subscribe observables?
07-03 20:08:49.908  1371  1812 W A       : Disposing empty manager. Did you forgot to subscribe observables?
07-03 20:08:49.908  1371  1812 W A       : Disposing empty manager. Did you forgot to subscribe observables?
07-03 20:08:49.908  1371  1812 W A       : Disposing empty manager. Did you forgot to subscribe observables?
07-03 20:08:49.908  1371  1812 W A       : Disposing empty manager. Did you forgot to subscribe observables?
07-03 20:08:49.908  1371  1812 W A       : Disposing empty manager. Did you forgot to subscribe observables?
07-03 20:08:49.908  1371  1812 W A       : Disposing empty manager. Did you forgot to subscribe observables?
07-03 20:08:49.908  1371  1812 W A       : Disposing empty manager. Did you forgot to subscribe observables?
07-03 20:08:49.908  1371  1812 W A       : Disposing empty manager. Did you forgot to subscribe observables?
07-03 20:08:49.908  1371  1812 W A       : Disposing empty manager. Did you forgot to subscribe observables?
07-03 20:08:49.908  1371  1812 I A       : (REDACTED) Setting session to type: %s
07-03 20:08:49.908  1371  1812 W A       : Disposing empty manager. Did you forgot to subscribe observables?
07-03 20:08:49.908  1371  1812 W A       : Disposing empty manager. Did you forgot to subscribe observables?
07-03 20:08:49.908  1371  1812 W A       : Disposing empty manager. Did you forgot to subscribe observables?
07-03 20:08:49.908  1371  1812 W A       : Disposing empty manager. Did you forgot to subscribe observables?
07-03 20:08:49.908  1371  1812 W A       : Disposing empty manager. Did you forgot to subscribe observables?
07-03 20:08:49.908  1371  1812 W A       : Disposing empty manager. Did you forgot to subscribe observables?
07-03 20:08:49.908  1371  1812 I A       : (REDACTED) setNavBarVisible: %s
07-03 20:08:49.909  1371  1813 I A       : (REDACTED) on opa visibility changed %s
07-03 20:08:49.910  1371  1813 I A       : (REDACTED) on opa visibility changed %s
07-03 20:08:49.910  1371  1813 I A       : (REDACTED) Nga on-device enabled based on TNG:MA active state: %b
07-03 20:08:49.910  1371  1813 I A       : (REDACTED) State changed: %s => %s by %s and %s with %s
07-03 20:08:49.910  1371  1813 I A       : (REDACTED) Recognizer choice: (recognizer_type: %s, recognizer_mode: %s, choice_reason: %s)
07-03 20:08:49.910  1371  1813 I A       : (REDACTED) onActiveStateChangeEvent: %s => %s
07-03 20:08:49.910  1371  1813 I A       : (REDACTED) #onActiveStateChangeEvent, newState: %s, previousState: %s.
07-03 20:08:49.911  1371  1812 W A       : Disposing empty manager. Did you forgot to subscribe observables?
07-03 20:08:49.911  1371  1812 W A       : Disposing empty manager. Did you forgot to subscribe observables?
07-03 20:08:49.911  1371  1812 W A       : Disposing empty manager. Did you forgot to subscribe observables?
07-03 20:08:49.911  1371  1812 W A       : Disposing empty manager. Did you forgot to subscribe observables?
07-03 20:08:49.911  1371  1812 W A       : Disposing empty manager. Did you forgot to subscribe observables?
07-03 20:08:49.911  1371  1812 W A       : Disposing empty manager. Did you forgot to subscribe observables?
07-03 20:08:49.911  1371  1813 I A       : (REDACTED) Nga on-device enabled based on TNG:MA active state: %b
07-03 20:08:49.912  1371  1812 I NgaEntryPointEventSendr: setupConnection
07-03 20:08:49.913  1371  1812 I NgaEntryPointEventSendr: (REDACTED) State changed: %s => %s
07-03 20:08:49.913  1371  1813 I A       : Initialize
07-03 20:08:49.913  1371  1812 I A       : (REDACTED) stopListening(%s, %s)
07-03 20:08:49.914  1371  1812 I NgaEntryPointEventSendr: onServiceConnected
07-03 20:08:49.914  1475  1486 I A       : Calling beginBinderSession().
07-03 20:08:49.914  1475  1486 I A       : beginBinderSession(): calling binder
07-03 20:08:49.914  1371  1812 I NgaEntryPointEventSendr: (REDACTED) State changed: %s => %s
07-03 20:08:49.914  1371  1813 I A       : (REDACTED) Nga on-device enabled based on TNG:MA active state: %b
07-03 20:08:49.914  1371  1812 I INV.SystemUI: showGestureNav
07-03 20:08:49.914  1371  1812 I INV.SystemUI: (REDACTED) setUiHints(hints = %s)
07-03 20:08:49.915  1371  1812 I A       : Successfully initialized all components
07-03 20:08:49.916  1371  1813 I INV.SystemUI: setUiHints: finished successfully
07-03 20:08:49.916   573  1900 W ActivityManager: Unable to start service Intent { cmp=com.google.android.apps.tachyon/.clientapi.ClientApiService } U=0: not found
07-03 20:08:49.917  1371  1696 V ClearcutMetricXmitter: Transmission is done.
07-03 20:08:49.920  1371  1813 I NgaEntryPointEventSendr: (REDACTED) State changed: %s => %s (%s)
07-03 20:08:49.920  1475  2020 W A       : (REDACTED) %s task was not run. Callback from Service received after client was disposed.
07-03 20:08:49.920  1475  2124 I PBSessionCacheImpl: (REDACTED) Deleted sessionId[%d] from persistence.
07-03 20:08:49.921  1475  2020 W SearchServiceCore: Abort, client detached.
07-03 20:08:50.210   378   378 I netd    : tetherGetStats() -> {[]} <0.89ms>
07-03 20:08:50.244  1561  1719 E MDD     : DownloadProgressMonitor: Can't find file group for uri: android://com.google.android.apps.messaging/files/datadownload/shared/public/datadownloadfile_1783080164031
07-03 20:08:50.244  1561  1725 D dasx    : Starting download: https://fonts.gstatic.com/s/e/notoemoji/16.0/1f44d/lottie.json
07-03 20:08:50.244  1561  1725 V dasx    : Is http uri, downloading (uri: https://fonts.gstatic.com/s/e/notoemoji/16.0/1f44d/lottie.json)
07-03 20:08:50.252  1561  1718 D dasx    : Starting download: https://fonts.gstatic.com/s/e/notoemoji/16.0/1f44d_1f3fb/lottie.json
07-03 20:08:50.252  1561  1718 V dasx    : Is http uri, downloading (uri: https://fonts.gstatic.com/s/e/notoemoji/16.0/1f44d_1f3fb/lottie.json)
07-03 20:08:50.478   573   677 D ActivityManager: freezing 1455 com.android.traceur
07-03 20:08:50.479   573   731 D InetDiagMessage: Destroyed 0 sockets, proto=IPPROTO_TCP, family=AF_INET, states=14
07-03 20:08:50.480   573   731 D InetDiagMessage: Destroyed 0 sockets, proto=IPPROTO_TCP, family=AF_INET6, states=14
07-03 20:08:50.480   573   731 D InetDiagMessage: Destroyed live tcp sockets for uids={10126} in 2ms
07-03 20:08:50.654  1561  1725 E MDD     : DownloadProgressMonitor: Can't find file group for uri: android://com.google.android.apps.messaging/files/datadownload/shared/public/datadownloadfile_1783080164032
07-03 20:08:50.655  1561  1718 E MDD     : DownloadProgressMonitor: Can't find file group for uri: android://com.google.android.apps.messaging/files/datadownload/shared/public/datadownloadfile_1783080164033
07-03 20:08:50.657  1561  1718 D dasx    : Starting download: https://fonts.gstatic.com/s/e/notoemoji/16.0/1f44d_1f3fd/lottie.json
07-03 20:08:50.657  1561  1718 V dasx    : Is http uri, downloading (uri: https://fonts.gstatic.com/s/e/notoemoji/16.0/1f44d_1f3fd/lottie.json)
07-03 20:08:50.657  1561  1719 D dasx    : Starting download: https://fonts.gstatic.com/s/e/notoemoji/16.0/1f44d_1f3fc/lottie.json
07-03 20:08:50.657  1561  1719 V dasx    : Is http uri, downloading (uri: https://fonts.gstatic.com/s/e/notoemoji/16.0/1f44d_1f3fc/lottie.json)
07-03 20:08:50.694   195  3067 I keystore2: system/security/keystore2/watchdog/src/lib.rs:319 - Watchdog thread idle -> terminating. Have a great day.
