--------- beginning of main
07-03 20:03:25.413  4173  4180 W ark006.freezeit: ApkAssets: Deleting an ApkAssets object '<empty> and /apex/com.android.devicelock/priv-app/DeviceLockControllerGoogle@AE3A.240806.043/DeviceLockControllerGoogle.apk' with 1 weak references
07-03 20:03:25.413  4173  4180 W ark006.freezeit: ApkAssets: Deleting an ApkAssets object '<empty> and /product/priv-app/GoogleDialer/GoogleDialer.apk' with 1 weak references
07-03 20:03:25.414  4173  4180 W ark006.freezeit: ApkAssets: Deleting an ApkAssets object '<empty> and /system/priv-app/BuiltInPrintService/BuiltInPrintService.apk' with 1 weak references
07-03 20:03:25.414  4173  4180 W ark006.freezeit: ApkAssets: Deleting an ApkAssets object '/product/overlay/BuiltInPrintService__sdk_gphone64_x86_64__auto_generated_rro_product.apk' with 1 weak references
07-03 20:03:25.414  4173  4180 W ark006.freezeit: ApkAssets: Deleting an ApkAssets object '<empty> and /system/app/CaptivePortalLoginGoogle/CaptivePortalLoginGoogle.apk' with 1 weak references
07-03 20:03:25.414  4173  4180 W ark006.freezeit: ApkAssets: Deleting an ApkAssets object '<empty> and /system/priv-app/MusicFX/MusicFX.apk' with 1 weak references
07-03 20:03:25.414  4173  4180 W ark006.freezeit: ApkAssets: Deleting an ApkAssets object '<empty> and /product/app/Drive/Drive.apk' with 1 weak references
07-03 20:03:25.414  4173  4180 W ark006.freezeit: ApkAssets: Deleting an ApkAssets object '<empty> and /product/app/Maps/Maps.apk' with 1 weak references
07-03 20:03:25.414  4173  4180 W ark006.freezeit: ApkAssets: Deleting an ApkAssets object '<empty> and /product/app/ModuleMetadataGoogle/ModuleMetadataGoogle.apk' with 1 weak references
07-03 20:03:25.414  4173  4180 W ark006.freezeit: ApkAssets: Deleting an ApkAssets object '<empty> and /product/overlay/DisplayCutoutEmulationEmu01/DisplayCutoutEmulationEmu01Overlay.apk' with 1 weak references
07-03 20:03:25.414  4173  4180 W ark006.freezeit: ApkAssets: Deleting an ApkAssets object '<empty> and /system_ext/priv-app/AvatarPickerGoogle/AvatarPickerGoogle.apk' with 1 weak references
07-03 20:03:25.414  4173  4180 W ark006.freezeit: ApkAssets: Deleting an ApkAssets object '<empty> and /product/app/MarkupGoogle_v2/MarkupGoogle_v2.apk' with 1 weak references
07-03 20:03:25.414  4173  4180 W ark006.freezeit: ApkAssets: Deleting an ApkAssets object '<empty> and /data/app/~~SHTxmd3L6FTHeU4UBi3qYA==/com.google.android.webview--fkVeaoYHafmNXfqQ8X0xQ==/WebViewGoogle.apk' with 1 weak references
07-03 20:03:25.414  4173  4180 W ark006.freezeit: ApkAssets: Deleting an ApkAssets object '<empty> and /data/app/~~_gSAkyc-qT_IoHr9xkh-dg==/com.google.android.trichromelibrary_636771938-CuF0RVbVMGY2DNWyeFX8jA==/TrichromeLibrary.apk' with 2 weak references
07-03 20:03:25.414  4173  4180 W ark006.freezeit: ApkAssets: Deleting an ApkAssets object '<empty> and /apex/com.android.rkpd/priv-app/rkpdapp.google@350820300/rkpdapp.google.apk' with 1 weak references
07-03 20:03:25.414  4173  4180 W ark006.freezeit: ApkAssets: Deleting an ApkAssets object '<empty> and /product/app/GoogleContacts/GoogleContacts.apk' with 1 weak references
07-03 20:03:25.414  4173  4180 W ark006.freezeit: ApkAssets: Deleting an ApkAssets object '<empty> and /data/app/~~hN8gtLGnvjLpbVdyWhIVxg==/com.android.chrome-VksNjcKNz0nsrOniltIlRA==/Chrome.apk' with 1 weak references
07-03 20:03:25.415  4173  4180 W ark006.freezeit: ApkAssets: Deleting an ApkAssets object '<empty> and /system/priv-app/GooglePackageInstaller/GooglePackageInstaller.apk' with 1 weak references
07-03 20:03:25.415  4173  4180 W ark006.freezeit: ApkAssets: Deleting an ApkAssets object '<empty> and /product/app/PixelThemesStub/PixelThemesStub.apk' with 1 weak references
07-03 20:03:25.415  4173  4180 W ark006.freezeit: ApkAssets: Deleting an ApkAssets object '<empty> and /product/priv-app/PrebuiltGmsCore/PrebuiltGmsCore.apk' with 1 weak references
07-03 20:03:25.415  4173  4180 W ark006.freezeit: ApkAssets: Deleting an ApkAssets object '<empty> and /system_ext/priv-app/GoogleServicesFramework/GoogleServicesFramework.apk' with 1 weak references
07-03 20:03:25.415  4173  4180 W ark006.freezeit: ApkAssets: Deleting an ApkAssets object '<empty> and /system/priv-app/TagGoogle/TagGoogle.apk' with 1 weak references
07-03 20:03:25.415  4173  4180 W ark006.freezeit: ApkAssets: Deleting an ApkAssets object '<empty> and /product/app/GoogleTTS/GoogleTTS.apk' with 1 weak references
07-03 20:03:25.415  4173  4180 W ark006.freezeit: ApkAssets: Deleting an ApkAssets object '<empty> and /system/priv-app/CallLogBackup/CallLogBackup.apk' with 1 weak references
07-03 20:03:25.415  4173  4180 W ark006.freezeit: ApkAssets: Deleting an ApkAssets object '<empty> and /product/priv-app/PartnerSetupPrebuilt/PartnerSetupPrebuilt.apk' with 1 weak references
07-03 20:03:25.415  4173  4180 W ark006.freezeit: ApkAssets: Deleting an ApkAssets object '<empty> and /system/app/CameraExtensionsProxy/CameraExtensionsProxy.apk' with 1 weak references
07-03 20:03:25.415  4173  4180 W ark006.freezeit: ApkAssets: Deleting an ApkAssets object '<empty> and /product/app/NexusWallpapersStubPrebuilt2018/NexusWallpapersStubPrebuilt2018.apk' with 1 weak references
07-03 20:03:25.415  4173  4180 W ark006.freezeit: ApkAssets: Deleting an ApkAssets object '<empty> and /system_ext/priv-app/NexusLauncherRelease/NexusLauncherRelease.apk' with 1 weak references
07-03 20:03:25.415  4173  4180 W ark006.freezeit: ApkAssets: Deleting an ApkAssets object '<empty> and /system/app/CarrierDefaultApp/CarrierDefaultApp.apk' with 1 weak references
07-03 20:03:25.415  4173  4180 W ark006.freezeit: ApkAssets: Deleting an ApkAssets object '<empty> and /system/priv-app/CredentialManager/CredentialManager.apk' with 1 weak references
07-03 20:03:25.416  4173  4180 W ark006.freezeit: ApkAssets: Deleting an ApkAssets object '<empty> and /product/overlay/FontNotoSerifSource/FontNotoSerifSourceOverlay.apk' with 1 weak references
07-03 20:03:25.416  4173  4180 W ark006.freezeit: ApkAssets: Deleting an ApkAssets object '<empty> and /system/priv-app/ProxyHandler/ProxyHandler.apk' with 1 weak references
07-03 20:03:25.416  4173  4180 W ark006.freezeit: ApkAssets: Deleting an ApkAssets object '<empty> and /apex/com.android.permission/priv-app/GoogleSafetyCenterResources@350820360/GoogleSafetyCenterResources.apk' with 1 weak references
07-03 20:03:25.416  4173  4180 W ark006.freezeit: ApkAssets: Deleting an ApkAssets object '<empty> and /product/overlay/DisplayCutoutEmulationWaterfall/DisplayCutoutEmulationWaterfallOverlay.apk' with 1 weak references
07-03 20:03:25.416  4173  4180 W ark006.freezeit: ApkAssets: Deleting an ApkAssets object '<empty> and /system/priv-app/IntentResolver/IntentResolver.apk' with 1 weak references
07-03 20:03:25.416  4173  4180 W ark006.freezeit: ApkAssets: Deleting an ApkAssets object '<empty> and /product/overlay/TransparentNavigationBar/TransparentNavigationBarOverlay.apk' with 1 weak references
07-03 20:03:25.416  4173  4180 W ark006.freezeit: ApkAssets: Deleting an ApkAssets object '<empty> and /system/priv-app/E2eeContactKeysProvider/E2eeContactKeysProvider.apk' with 1 weak references
07-03 20:03:25.416  4173  4180 W ark006.freezeit: ApkAssets: Deleting an ApkAssets object '<empty> and /apex/com.android.tethering/priv-app/ServiceConnectivityResourcesGoogle@350820300/ServiceConnectivityResourcesGoogle.apk' with 1 weak references
07-03 20:03:25.416  4173  4180 W ark006.freezeit: ApkAssets: Deleting an ApkAssets object '/vendor/overlay/goldfish_overlay_connectivity_google.apk' with 1 weak references
07-03 20:03:25.416  4173  4180 W ark006.freezeit: ApkAssets: Deleting an ApkAssets object '<empty> and /system_ext/priv-app/GoogleFeedback/GoogleFeedback.apk' with 1 weak references
07-03 20:03:25.416  4173  4180 W ark006.freezeit: ApkAssets: Deleting an ApkAssets object '<empty> and /system/app/GooglePrintRecommendationService/GooglePrintRecommendationService.apk' with 1 weak references
07-03 20:03:25.416  4173  4180 W ark006.freezeit: ApkAssets: Deleting an ApkAssets object '<empty> and /product/app/Photos/Photos.apk' with 1 weak references
07-03 20:03:25.416  4173  4180 W ark006.freezeit: ApkAssets: Deleting an ApkAssets object '<empty> and /product/app/CalendarGooglePrebuilt/CalendarGooglePrebuilt.apk' with 1 weak references
07-03 20:03:25.416  4173  4180 W ark006.freezeit: ApkAssets: Deleting an ApkAssets object '<empty> and /system/priv-app/ManagedProvisioning/ManagedProvisioning.apk' with 1 weak references
07-03 20:03:25.416  4173  4180 W ark006.freezeit: ApkAssets: Deleting an ApkAssets object '<empty> and /system/priv-app/SoundPicker/SoundPicker.apk' with 1 weak references
07-03 20:03:25.416  4173  4180 W ark006.freezeit: ApkAssets: Deleting an ApkAssets object '<empty> and /system/priv-app/DocumentsUIGoogle/DocumentsUIGoogle.apk' with 1 weak references
07-03 20:03:25.416  4173  4180 W ark006.freezeit: ApkAssets: Deleting an ApkAssets object '<empty> and /product/app/PrebuiltGoogleTelemetryTvp/PrebuiltGoogleTelemetryTvp.apk' with 1 weak references
07-03 20:03:25.416  4173  4180 W ark006.freezeit: ApkAssets: Deleting an ApkAssets object '<empty> and /system/priv-app/DeviceDiagnostics/DeviceDiagnostics.apk' with 1 weak references
07-03 20:03:25.417  4173  4180 W ark006.freezeit: ApkAssets: Deleting an ApkAssets object '/product/overlay/DeviceDiagnostics__sdk_gphone64_x86_64__auto_generated_rro_product.apk' with 1 weak references
07-03 20:03:25.417  4173  4180 W ark006.freezeit: ApkAssets: Deleting an ApkAssets object '<empty> and /product/overlay/NotesRoleEnabled/NotesRoleEnabledOverlay.apk' with 1 weak references
07-03 20:03:25.417  4173  4180 W ark006.freezeit: ApkAssets: Deleting an ApkAssets object '<empty> and /system/priv-app/LiveWallpapersPicker/LiveWallpapersPicker.apk' with 1 weak references
07-03 20:03:25.417  4173  4180 W ark006.freezeit: ApkAssets: Deleting an ApkAssets object '<empty> and /product/app/PrebuiltGoogleAdservicesTvp/PrebuiltGoogleAdservicesTvp.apk' with 1 weak references
07-03 20:03:25.417  4173  4180 W ark006.freezeit: ApkAssets: Deleting an ApkAssets object '<empty> and /apex/com.android.healthfitness/priv-app/HealthConnectControllerGoogle@350820300/HealthConnectControllerGoogle.apk' with 1 weak references
07-03 20:03:25.417  4173  4180 W ark006.freezeit: ApkAssets: Deleting an ApkAssets object '<empty> and /product/priv-app/KidsSupervisionStub/KidsSupervisionStub.apk' with 1 weak references
07-03 20:03:25.417  4173  4180 W ark006.freezeit: ApkAssets: Deleting an ApkAssets object '<empty> and /system_ext/priv-app/StorageManager/StorageManager.apk' with 1 weak references
07-03 20:03:25.417  4173  4180 W ark006.freezeit: ApkAssets: Deleting an ApkAssets object '/product/overlay/StorageManager__sdk_gphone64_x86_64__auto_generated_rro_product.apk' with 1 weak references
07-03 20:03:25.417  4173  4180 W ark006.freezeit: ApkAssets: Deleting an ApkAssets object '<empty> and /system/app/BookmarkProvider/BookmarkProvider.apk' with 1 weak references
07-03 20:03:25.417  4173  4180 W ark006.freezeit: ApkAssets: Deleting an ApkAssets object '<empty> and /product/priv-app/SettingsIntelligenceGooglePrebuilt/SettingsIntelligenceGooglePrebuilt.apk' with 1 weak references
07-03 20:03:25.417  4173  4180 W ark006.freezeit: ApkAssets: Deleting an ApkAssets object '<empty> and /product/priv-app/AndroidAutoStubPrebuilt/AndroidAutoStubPrebuilt.apk' with 1 weak references
07-03 20:03:25.417  4173  4180 W ark006.freezeit: ApkAssets: Deleting an ApkAssets object '<empty> and /apex/com.android.uwb/priv-app/ServiceUwbResourcesGoogle@350820300/ServiceUwbResourcesGoogle.apk' with 1 weak references
07-03 20:03:25.417  4173  4180 W ark006.freezeit: ApkAssets: Deleting an ApkAssets object '<empty> and /apex/com.android.wifi/priv-app/ServiceWifiResourcesGoogle@350820300/ServiceWifiResourcesGoogle.apk' with 1 weak references
07-03 20:03:25.417  4173  4180 W ark006.freezeit: ApkAssets: Deleting an ApkAssets object '<empty> and /system_ext/priv-app/ThemePicker/ThemePicker.apk' with 1 weak references
07-03 20:03:25.417  4173  4180 W ark006.freezeit: ApkAssets: Deleting an ApkAssets object '<empty> and /system_ext/priv-app/WallpaperPickerGoogleRelease/WallpaperPickerGoogleRelease.apk' with 1 weak references
07-03 20:03:25.417  4173  4180 W ark006.freezeit: ApkAssets: Deleting an ApkAssets object '<empty> and /product/priv-app/OdadPrebuilt/OdadPrebuilt.apk' with 1 weak references
07-03 20:03:25.417  4173  4180 W ark006.freezeit: ApkAssets: Deleting an ApkAssets object '<empty> and /system/priv-app/BlockedNumberProvider/BlockedNumberProvider.apk' with 1 weak references
07-03 20:03:25.417  4173  4180 W ark006.freezeit: ApkAssets: Deleting an ApkAssets object '<empty> and /system/priv-app/UserDictionaryProvider/UserDictionaryProvider.apk' with 1 weak references
07-03 20:03:25.418  4173  4180 W ark006.freezeit: ApkAssets: Deleting an ApkAssets object '<empty> and /system_ext/app/EmergencyInfoGoogleNoUi/EmergencyInfoGoogleNoUi.apk' with 1 weak references
07-03 20:03:25.418  4173  4180 W ark006.freezeit: ApkAssets: Deleting an ApkAssets object '<empty> and /product/overlay/NavigationBarModeGestural/NavigationBarModeGesturalOverlay.apk' with 1 weak references
07-03 20:03:25.418  4173  4180 W ark006.freezeit: ApkAssets: Deleting an ApkAssets object '<empty> and /system_ext/priv-app/SystemUIGoogle/SystemUIGoogle.apk' with 1 weak references
07-03 20:03:25.418  4173  4180 W ark006.freezeit: ApkAssets: Deleting an ApkAssets object '/vendor/overlay/SystemUIGoogle__sdk_gphone64_x86_64__auto_generated_rro_vendor.apk' with 1 weak references
07-03 20:03:25.418  4173  4180 W ark006.freezeit: ApkAssets: Deleting an ApkAssets object '/product/overlay/SystemUIGoogle__sdk_gphone64_x86_64__auto_generated_rro_product.apk' with 1 weak references
07-03 20:03:25.418  4173  4180 W ark006.freezeit: ApkAssets: Deleting an ApkAssets object '<empty> and /product/app/YouTubeMusicPrebuilt/YouTubeMusicPrebuilt.apk' with 1 weak references
07-03 20:03:25.418  4173  4180 W ark006.freezeit: ApkAssets: Deleting an ApkAssets object '<empty> and /system/app/BluetoothMidiService/BluetoothMidiService.apk' with 1 weak references
07-03 20:03:25.418  4173  4180 W ark006.freezeit: ApkAssets: Deleting an ApkAssets object '<empty> and /system/app/Traceur/Traceur.apk' with 1 weak references
07-03 20:03:25.418  4173  4180 W ark006.freezeit: ApkAssets: Deleting an ApkAssets object '<empty> and /apex/com.android.cellbroadcast/priv-app/GoogleCellBroadcastApp@350820300/GoogleCellBroadcastApp.apk' with 1 weak references
07-03 20:03:25.418  4173  4180 W ark006.freezeit: ApkAssets: Deleting an ApkAssets object '<empty> and /system/priv-app/ContactsProvider/ContactsProvider.apk' with 1 weak references
07-03 20:03:25.418  4173  4180 W ark006.freezeit: ApkAssets: Deleting an ApkAssets object '/product/overlay/ContactsProvider__sdk_gphone64_x86_64__auto_generated_rro_product.apk' with 1 weak references
07-03 20:03:25.418  4173  4180 W ark006.freezeit: ApkAssets: Deleting an ApkAssets object '<empty> and /product/app/LatinIMEGooglePrebuilt/LatinIMEGooglePrebuilt.apk' with 1 weak references
07-03 20:03:25.418  4173  4180 W ark006.freezeit: ApkAssets: Deleting an ApkAssets object '<empty> and /product/priv-app/GoogleRestorePrebuilt-v526684/GoogleRestorePrebuilt-v526684.apk' with 1 weak references
07-03 20:03:25.727  3147  3296 E MDD     : DownloadProgressMonitor: Can't find file group for uri: android://com.google.android.apps.messaging/files/datadownload/shared/public/datadownloadfile_1783080163475
07-03 20:03:25.727  3147  3265 E MDD     : DownloadProgressMonitor: Can't find file group for uri: android://com.google.android.apps.messaging/files/datadownload/shared/public/datadownloadfile_1783080163474
07-03 20:03:25.727  1801  1801 I wpa_supplicant: wlan0: CTRL-EVENT-BEACON-LOSS 
07-03 20:03:25.727  3147  3292 D dasx    : Starting download: https://www.gstatic.com/messages/smarts/smart_actions_emotive_models/model_based_provider_configs_pumpkin_sticker_back_to_school.pb_1691530161128
07-03 20:03:25.727  3147  3292 V dasx    : Is http uri, downloading (uri: https://www.gstatic.com/messages/smarts/smart_actions_emotive_models/model_based_provider_configs_pumpkin_sticker_back_to_school.pb_1691530161128)
07-03 20:03:25.728  3147  3296 D dasx    : Starting download: https://c.tenor.com/7w6B3fFBeFMAAAAk/tenor.gif
07-03 20:03:25.728  3147  3296 V dasx    : Is http uri, downloading (uri: https://c.tenor.com/7w6B3fFBeFMAAAAk/tenor.gif)
07-03 20:03:25.729   381  4260 I resolv  : GetAddrInfoHandler::run: {100 786532 100 983140 10134 0}
07-03 20:03:25.729   381  4261 I resolv  : res_nmkquery: (QUERY, IN, AAAA)
07-03 20:03:25.729   381  4262 I resolv  : res_nmkquery: (QUERY, IN, A)
07-03 20:03:26.049   574   612 W IPCThreadState: Sending oneway calls to frozen process.
07-03 20:03:26.228   381  4262 I resolv  : res_nsend: used send_dg 45 terrno: 0
07-03 20:03:26.228   381  4261 I resolv  : res_nsend: used send_dg 29 terrno: 0
07-03 20:03:26.228   381  4262 I resolv  : doQuery: rcode=0, ancount=1, return value=45
07-03 20:03:26.228   381  4261 I resolv  : doQuery: rcode=0, ancount=0, return value=29
07-03 20:03:26.229  3147  3899 D TrafficStats: tagSocket(157) with statsTag=0xffffffff, statsUid=-1
07-03 20:03:26.369  3147  3292 E MDD     : DownloadProgressMonitor: Can't find file group for uri: android://com.google.android.apps.messaging/files/datadownload/shared/public/datadownloadfile_1783080163476
07-03 20:03:26.370  3147  3265 D dasx    : Starting download: https://c.tenor.com/7DechusmE40AAAAk/tenor.gif
07-03 20:03:26.370  3147  3265 V dasx    : Is http uri, downloading (uri: https://c.tenor.com/7DechusmE40AAAAk/tenor.gif)
07-03 20:03:26.370  3147  3841 D TrafficStats: tagSocket(163) with statsTag=0xffffffff, statsUid=-1
07-03 20:03:26.832  1437  4266 I ChimeraPrvdrProxy: Shutting down chimera ContentProvider com.google.android.gms.reminders.provider.RemindersChimeraProvider
07-03 20:03:27.423  1437  1578 D TrafficStats: tagSocket(6) with statsTag=0x30001803, statsUid=-1
--------- beginning of system
07-03 20:03:27.877   574  1085 D OomAdjuster: Not killing cached processes
07-03 20:03:28.800  3147  3296 E MDD     : DownloadProgressMonitor: Can't find file group for uri: android://com.google.android.apps.messaging/files/datadownload/shared/public/datadownloadfile_1783080163477
07-03 20:03:28.805  3147  3265 E MDD     : DownloadProgressMonitor: Can't find file group for uri: android://com.google.android.apps.messaging/files/datadownload/shared/public/datadownloadfile_1783080163478
07-03 20:03:28.807  3147  3292 D dasx    : Starting download: https://c.tenor.com/BznTK02srIsAAAAk/tenor.gif
07-03 20:03:28.807  3147  3292 V dasx    : Is http uri, downloading (uri: https://c.tenor.com/BznTK02srIsAAAAk/tenor.gif)
07-03 20:03:28.807  3147  3296 D dasx    : Starting download: https://c.tenor.com/p1qEArGuSoEAAAAk/tenor.gif
07-03 20:03:28.808  3147  3296 V dasx    : Is http uri, downloading (uri: https://c.tenor.com/p1qEArGuSoEAAAAk/tenor.gif)
07-03 20:03:28.876  1437  2941 E WakeLock: DG:service ** IS FORCE-RELEASED ON TIMEOUT **
07-03 20:03:28.942  1587  2810 I IPCThreadState: oneway function results for code 2 on binder at 0x7460ff4fcf50 will be dropped but finished with status UNKNOWN_TRANSACTION
07-03 20:03:28.971   381   447 I netd    : tetherGetStats() -> {[]} <0.21ms>
07-03 20:03:29.132   574  1255 I RemoteProvisionSysSvc: getRegistration(android.hardware.security.keymint.IRemotelyProvisionedComponent/default)
07-03 20:03:29.133   574  1255 D ActivityManager: sync unfroze 3022 com.google.android.rkpdapp for 6
--------- beginning of kernel
07-03 20:03:29.170     0     0 I servicemanager: Caller(pid=189,uid=1017,sid=u:r:keystore:s0) Found android.hardware.security.keymint.IRemotelyProvisionedComponent/default in device VINTF manifest.
07-03 20:03:29.140   574   574 I RegistrationProxy: onServiceConnected: com.android.rkpdapp.service.RemoteProvisioningService
07-03 20:03:29.141   574  3684 W ProcessStats: Tracking association SourceState{ced0af1 system/1000 ImpFg #6426} whose proc state 5 is better than process ProcessState{eb374fb com.google.android.rkpdapp/10193 pkg=com.google.android.rkpdapp} proc state 14 (6 skipped)
07-03 20:03:29.146   574  3684 I RegistrationProxy: IGetRegistrationCallback.onSuccess
07-03 20:03:29.147   574  3684 I RemoteProvisionSysSvc: Fetching key 10143 for client 132151992
07-03 20:03:29.147   574  3684 I RegistrationProxy: getKeyAsync operation started with callback 38305937
07-03 20:03:29.183     0     0 I servicemanager: Caller(pid=3022,uid=10193,sid=u:r:rkpdapp:s0:c193,c256,c512,c768) Found android.hardware.security.keymint.IRemotelyProvisionedComponent/default in device VINTF manifest.
07-03 20:03:29.147  3022  3430 I RkpdRegistrationBinder: Key requested for : android.hardware.security.keymint.IRemotelyProvisionedComponent/default, clientUid: 1017, keyId: 10143, callback: 177847274
07-03 20:03:29.150  3022  3430 I RkpdRegistrationBinder: Key successfully assigned to client
07-03 20:03:29.150   574   574 I RemoteProvisionSysSvc: Successfully fetched key for client 132151992
07-03 20:03:29.152   192   192 D SoftKeymaster: system/keymaster/km_openssl/certificate_utils.cpp, Line 148: Using TAG_CERTIFICATE_NOT_BEFORE: 0
07-03 20:03:29.152   192   192 D SoftKeymaster: system/keymaster/km_openssl/certificate_utils.cpp, Line 154: Using TAG_CERTIFICATE_NOT_AFTER: 2461449600000
07-03 20:03:29.152   192   192 D SoftKeymaster: system/keymaster/km_openssl/certificate_utils.cpp, Line 159: Got certificate date params:  NotBefore = 0, NotAfter = 2461449600000
07-03 20:03:29.152   192   192 D SoftKeymaster: system/keymaster/km_openssl/certificate_utils.cpp, Line 273: Setting notBefore to 0
07-03 20:03:29.152   192   192 D SoftKeymaster: system/keymaster/km_openssl/certificate_utils.cpp, Line 282: Setting notAfter to 2461449600
07-03 20:03:29.191     0     0 I servicemanager: Caller(pid=189,uid=1017,sid=u:r:keystore:s0) Found android.hardware.security.keymint.IRemotelyProvisionedComponent/default in device VINTF manifest.
07-03 20:03:29.159   574  1255 D BiometricService: Sensor ID(0), oemStrength: 15, updatedStrength: 15, modality 2, state: 0, cookie: 0, sensorId 0, hasEnrollments: false cannot participate in Keystore operations
07-03 20:03:29.159   574  1255 D BiometricService: Sensor ID(4), oemStrength: 15, updatedStrength: 15, modality 8, state: 0, cookie: 0, sensorId 4, hasEnrollments: false cannot participate in Keystore operations
07-03 20:03:29.218  2071  4267 W SystemServiceRegistry: No service published for: persistent_data_block
07-03 20:03:29.223  3147  3296 E MDD     : DownloadProgressMonitor: Can't find file group for uri: android://com.google.android.apps.messaging/files/datadownload/shared/public/datadownloadfile_1783080163480
07-03 20:03:29.253  2071  4267 W libc    : Access denied finding property "persist.adb.tls_server.enable"
07-03 20:03:29.248  2071  2071 W IntentService[D: type=1400 audit(0.0:54): avc:  denied  { read } for  name="u:object_r:system_adbd_prop:s0" dev="tmpfs" ino=318 scontext=u:r:gmscore_app:s0:c512,c768 tcontext=u:object_r:system_adbd_prop:s0 tclass=file permissive=0 app=com.google.android.gms
07-03 20:03:29.253  2071  4267 W libc    : Access denied finding property "service.adb.tls.port"
07-03 20:03:29.248  2071  2071 W IntentService[D: type=1400 audit(0.0:55): avc:  denied  { read } for  name="u:object_r:adbd_prop:s0" dev="tmpfs" ino=63 scontext=u:r:gmscore_app:s0:c512,c768 tcontext=u:object_r:adbd_prop:s0 tclass=file permissive=0 app=com.google.android.gms
07-03 20:03:29.329   381  4272 I resolv  : GetAddrInfoHandler::run: {100 786532 100 983140 10143 0}
07-03 20:03:29.329  2071  4267 D TrafficStats: tagSocket(99) with statsTag=0x1809, statsUid=-1
07-03 20:03:29.330  2071  4267 D TrafficStats: tagSocket(99) with statsTag=0x1809, statsUid=-1
07-03 20:03:29.331  2071  4267 D TrafficStats: tagSocket(99) with statsTag=0x1809, statsUid=-1
07-03 20:03:29.336  2071  4267 I EGL_emulation: Opening libGLESv1_CM_emulation.so
07-03 20:03:29.336  2071  4267 I EGL_emulation: Opening libGLESv2_emulation.so
07-03 20:03:29.424   574  1255 D FileUtils: Rounded bytes from 2592718848 to 4000000000
07-03 20:03:29.513  3147  3292 E MDD     : DownloadProgressMonitor: Can't find file group for uri: android://com.google.android.apps.messaging/files/datadownload/shared/public/datadownloadfile_1783080163479
07-03 20:03:29.515  3147  3265 D dasx    : Starting download: https://c.tenor.com/QBIzxcCFhAQAAAAk/tenor.gif
07-03 20:03:29.515  3147  3265 V dasx    : Is http uri, downloading (uri: https://c.tenor.com/QBIzxcCFhAQAAAAk/tenor.gif)
07-03 20:03:29.516  3147  3296 D dasx    : Starting download: https://c.tenor.com/SNToRS841A4AAAAk/tenor.gif
07-03 20:03:29.516  3147  3296 V dasx    : Is http uri, downloading (uri: https://c.tenor.com/SNToRS841A4AAAAk/tenor.gif)
07-03 20:03:30.217  3147  3265 E MDD     : DownloadProgressMonitor: Can't find file group for uri: android://com.google.android.apps.messaging/files/datadownload/shared/public/datadownloadfile_1783080163481
07-03 20:03:30.219  3147  3292 D dasx    : Starting download: https://c.tenor.com/QT8fTQhWDdEAAAAk/tenor.gif
07-03 20:03:30.220  3147  3292 V dasx    : Is http uri, downloading (uri: https://c.tenor.com/QT8fTQhWDdEAAAAk/tenor.gif)
07-03 20:03:30.220  3147  3296 E MDD     : DownloadProgressMonitor: Can't find file group for uri: android://com.google.android.apps.messaging/files/datadownload/shared/public/datadownloadfile_1783080163482
07-03 20:03:30.436  3147  3265 D dasx    : Starting download: https://c.tenor.com/qeiyevOg_1gAAAAk/tenor.gif
07-03 20:03:30.436  3147  3265 V dasx    : Is http uri, downloading (uri: https://c.tenor.com/qeiyevOg_1gAAAAk/tenor.gif)
07-03 20:03:30.604  3147  3292 E MDD     : DownloadProgressMonitor: Can't find file group for uri: android://com.google.android.apps.messaging/files/datadownload/shared/public/datadownloadfile_1783080163483
07-03 20:03:30.606  3147  3296 D dasx    : Starting download: https://c.tenor.com/JJO64sVq9MsAAAAk/tenor.gif
07-03 20:03:30.606  3147  3296 V dasx    : Is http uri, downloading (uri: https://c.tenor.com/JJO64sVq9MsAAAAk/tenor.gif)
07-03 20:03:31.155  3147  3265 E MDD     : DownloadProgressMonitor: Can't find file group for uri: android://com.google.android.apps.messaging/files/datadownload/shared/public/datadownloadfile_1783080163484
07-03 20:03:31.157  3147  3296 E MDD     : DownloadProgressMonitor: Can't find file group for uri: android://com.google.android.apps.messaging/files/datadownload/shared/public/datadownloadfile_1783080163485
07-03 20:03:31.157  3147  3292 D dasx    : Starting download: https://c.tenor.com/xGYeqMr6cS8AAAAk/tenor.gif
07-03 20:03:31.157  3147  3292 V dasx    : Is http uri, downloading (uri: https://c.tenor.com/xGYeqMr6cS8AAAAk/tenor.gif)
07-03 20:03:31.161  3147  3265 D dasx    : Starting download: https://c.tenor.com/FgmbVOiuvTwAAAAk/tenor.gif
07-03 20:03:31.161  3147  3265 V dasx    : Is http uri, downloading (uri: https://c.tenor.com/FgmbVOiuvTwAAAAk/tenor.gif)
07-03 20:03:31.551  3147  3292 E MDD     : DownloadProgressMonitor: Can't find file group for uri: android://com.google.android.apps.messaging/files/datadownload/shared/public/datadownloadfile_1783080163486
07-03 20:03:31.894  3147  3265 E MDD     : DownloadProgressMonitor: Can't find file group for uri: android://com.google.android.apps.messaging/files/datadownload/shared/public/datadownloadfile_1783080163487
07-03 20:03:31.895  3147  3296 D dasx    : Starting download: https://c.tenor.com/WQQfCdGdB6UAAAAk/tenor.gif
07-03 20:03:31.895  3147  3296 V dasx    : Is http uri, downloading (uri: https://c.tenor.com/WQQfCdGdB6UAAAAk/tenor.gif)
07-03 20:03:31.897  3147  3292 D dasx    : Starting download: https://c.tenor.com/xij-pBxXlXAAAAAk/tenor.gif
07-03 20:03:31.897  3147  3292 V dasx    : Is http uri, downloading (uri: https://c.tenor.com/xij-pBxXlXAAAAAk/tenor.gif)
07-03 20:03:32.295  3147  3296 E MDD     : DownloadProgressMonitor: Can't find file group for uri: android://com.google.android.apps.messaging/files/datadownload/shared/public/datadownloadfile_1783080163488
07-03 20:03:32.794  3147  3292 E MDD     : DownloadProgressMonitor: Can't find file group for uri: android://com.google.android.apps.messaging/files/datadownload/shared/public/datadownloadfile_1783080163489
07-03 20:03:32.796  3147  3265 D dasx    : Starting download: https://c.tenor.com/CHyCK8Tx4GYAAAAk/tenor.gif
07-03 20:03:32.796  3147  3265 V dasx    : Is http uri, downloading (uri: https://c.tenor.com/CHyCK8Tx4GYAAAAk/tenor.gif)
07-03 20:03:32.827  3147  3296 D dasx    : Starting download: https://c.tenor.com/FG7ZEoYk73IAAAAk/tenor.gif
07-03 20:03:32.827  3147  3296 V dasx    : Is http uri, downloading (uri: https://c.tenor.com/FG7ZEoYk73IAAAAk/tenor.gif)
07-03 20:03:33.663  1801  1801 I wpa_supplicant: wlan0: CTRL-EVENT-BEACON-LOSS 
07-03 20:03:33.715  3147  3265 E MDD     : DownloadProgressMonitor: Can't find file group for uri: android://com.google.android.apps.messaging/files/datadownload/shared/public/datadownloadfile_1783080163490
07-03 20:03:33.721  3147  3292 D dasx    : Starting download: https://c.tenor.com/GMf50kiNLC8AAAAk/tenor.gif
07-03 20:03:33.721  3147  3292 V dasx    : Is http uri, downloading (uri: https://c.tenor.com/GMf50kiNLC8AAAAk/tenor.gif)
07-03 20:03:33.721  3147  3176 W .apps.messaging: Missing inline cache for java.lang.Object cxvx.apply(java.lang.Object)
07-03 20:03:33.721  3147  3176 W .apps.messaging: Missing inline cache for java.lang.Object cxvx.apply(java.lang.Object)
07-03 20:03:33.722  3147  3176 W .apps.messaging: Missing inline cache for java.lang.Object cxvx.apply(java.lang.Object)
07-03 20:03:33.784  3147  3296 E MDD     : DownloadProgressMonitor: Can't find file group for uri: android://com.google.android.apps.messaging/files/datadownload/shared/public/datadownloadfile_1783080163491
07-03 20:03:33.789  3147  3265 D dasx    : Starting download: https://c.tenor.com/zMoc55x_4u0AAAAk/tenor.gif
07-03 20:03:33.789  3147  3265 V dasx    : Is http uri, downloading (uri: https://c.tenor.com/zMoc55x_4u0AAAAk/tenor.gif)
07-03 20:03:34.149   574   885 D InetDiagMessage: Destroyed 0 sockets, proto=IPPROTO_TCP, family=AF_INET, states=14
07-03 20:03:34.149   574   885 D InetDiagMessage: Destroyed 0 sockets, proto=IPPROTO_TCP, family=AF_INET6, states=14
07-03 20:03:34.149   574   885 D InetDiagMessage: Destroyed live tcp sockets for uids={10193} in 1ms
07-03 20:03:34.150   574   885 D InetDiagMessage: Destroyed 0 sockets, proto=IPPROTO_TCP, family=AF_INET, states=14
07-03 20:03:34.150   574   885 D InetDiagMessage: Destroyed 0 sockets, proto=IPPROTO_TCP, family=AF_INET6, states=14
07-03 20:03:34.150   574   885 D InetDiagMessage: Destroyed live tcp sockets for uids={20193} in 1ms
07-03 20:03:34.328  3147  3147 W JobService: onNetworkChanged() not implemented in androidx.work.impl.background.systemjob.SystemJobService. Must override in a subclass.
07-03 20:03:34.331  1268  1936 I ChimeraSrvcProxy: NullBinder for android.net.action.RECOMMEND_NETWORKS triggering remote TransactionTooLargeException due to Service without Chimera impl
07-03 20:03:34.331  1268  1936 W .gms.persistent: Large reply transaction of 1056768 bytes, interface descriptor , code 1
07-03 20:03:34.331  3331  3385 I BugleRcsEngine: Connected state: [1], networkType: [WIFI] [CONTEXT thread_id=60 ]
07-03 20:03:34.332  3331  3525 I BugleRcsEngine: handleMessage processing message:[NOTIFY_UPTIME_IGNORE_STATE_CHANGED] with [non-null]:RcsEngineImpl reference [CONTEXT log_prefix="RcsEngineImpl[DUAL_REG]:[222fa7f2-00a8]>Handler" thread_id=66 ]
07-03 20:03:34.332  1145  1167 E PhoneInterfaceManager: getCarrierPrivilegeStatusForUid: Invalid subId
07-03 20:03:34.332  3331  3525 I BugleRcsEngine: RCS Configuration storage in Bugle is disabled by p/h flag, using ProvisioningEngineStateCacheUtil.getProvisioningConfigurationForGivenSimIfExist() [CONTEXT log_prefix="ProvisioningEngineDataRetriever" thread_id=66 ]
07-03 20:03:34.431  3147  3292 E MDD     : DownloadProgressMonitor: Can't find file group for uri: android://com.google.android.apps.messaging/files/datadownload/shared/public/datadownloadfile_1783080163492
07-03 20:03:34.737   381   447 I netd    : tetherGetStats() -> {[]} <0.74ms>
07-03 20:03:34.742   381   447 I netd    : bandwidthSetGlobalAlert(2097152) <0.12ms>
07-03 20:03:34.887   574  3684 D OomAdjuster: Not killing cached processes
07-03 20:03:35.356  3147  3296 D dasx    : Starting download: https://c.tenor.com/_vp7nxsOURoAAAAk/tenor.gif
07-03 20:03:35.356  3147  3296 V dasx    : Is http uri, downloading (uri: https://c.tenor.com/_vp7nxsOURoAAAAk/tenor.gif)
07-03 20:03:35.558  3147  3265 E MDD     : DownloadProgressMonitor: Can't find file group for uri: android://com.google.android.apps.messaging/files/datadownload/shared/public/datadownloadfile_1783080163493
07-03 20:03:36.000  3147  3292 D dasx    : Starting download: https://c.tenor.com/tMK5vWgS8OsAAAAk/tenor.gif
07-03 20:03:36.000  3147  3292 V dasx    : Is http uri, downloading (uri: https://c.tenor.com/tMK5vWgS8OsAAAAk/tenor.gif)
07-03 20:03:36.102  3147  3296 E MDD     : DownloadProgressMonitor: Can't find file group for uri: android://com.google.android.apps.messaging/files/datadownload/shared/public/datadownloadfile_1783080163494
07-03 20:03:36.276  3147  3265 D dasx    : Starting download: https://c.tenor.com/1tJHYEz-rOUAAAAk/tenor.gif
07-03 20:03:36.276  3147  3265 V dasx    : Is http uri, downloading (uri: https://c.tenor.com/1tJHYEz-rOUAAAAk/tenor.gif)
07-03 20:03:36.835   574   613 D ActivityManager: sync unfroze 2394 com.google.android.apps.wallpaper for 3
07-03 20:03:36.839  1649  1649 I BgTaskExecutorImpl: (REDACTED) Starting %s background task %s.
07-03 20:03:36.841  1437  1437 D BoundBrokerSvc: onRebind: Intent { act=com.google.android.gms.notifications.registration.service.NotificationsRegistrationTaskBoundService.ACTION_TASK_READY dat=chimera-action:/... cmp=com.google.android.gms/.chimera.GmsInternalBoundBrokerService }
07-03 20:03:36.841  1437  1437 I GmsCoreXrpcWrapper: Returning a channel provider with trafficStatsTag=67175169 trafficStatsUid=-1
07-03 20:03:36.842  1649  1649 I BgTaskExecutorImpl: (REDACTED) Starting %s background task %s.
07-03 20:03:36.842  1268  2271 I NetworkScheduler.Stats: Task com.google.android.gms/com.google.android.gms.notifications.registration.service.NotificationsRegistrationTaskBoundService started execution. cause:4 exec_start_elapsed_seconds: 95 [CONTEXT service_id=218 ]
07-03 20:03:36.844  1649  1649 I BgTaskExecutorImpl: (REDACTED) Starting %s background task %s.
07-03 20:03:36.845  1649  1862 W CAMPeriodicRefresh: Refreshing not complete, unable to upload top contacts.
07-03 20:03:36.845   574  1255 D FileUtils: Rounded bytes from 2592718848 to 4000000000
07-03 20:03:36.846  1649  1649 I BgTaskExecutorImpl: (REDACTED) Starting %s background task %s.
07-03 20:03:36.846  1649  2267 W SearchServiceCore: Abort, client detached.
07-03 20:03:36.846  1649  2267 W SearchServiceCore: Abort, client detached.
07-03 20:03:36.847  1649  1649 I BgTaskExecutorImpl: (REDACTED) Starting %s background task %s.
07-03 20:03:36.848  1437  1437 D BoundBrokerSvc: onBind: Intent { act=com.google.android.gms.auth.service.START pkg=com.google.android.gms }
07-03 20:03:36.848  1437  1437 D BoundBrokerSvc: Loading bound service for intent: Intent { act=com.google.android.gms.auth.service.START pkg=com.google.android.gms }
07-03 20:03:36.849   574  1701 D FileUtils: Rounded bytes from 2592718848 to 4000000000
07-03 20:03:36.854  1268  1946 W GLSUser : [DeviceKeyStore] Cannot load key: Device key file not found.
07-03 20:03:36.854  1268  1946 W GLSUser : [DeviceKeyStore] Cannot load key: Device key file not found.
07-03 20:03:36.856  1649  2267 W SearchServiceCore: Abort, client detached.
07-03 20:03:36.856  1649  2267 W SearchServiceCore: Abort, client detached.
07-03 20:03:36.856  1649  2267 W SearchServiceCore: Abort, client detached.
07-03 20:03:36.857   574  3684 W JobScheduler: Job didn't exist in JobStore: b170eaf #u0a144/-49 com.google.android.googlequicksearchbox/com.google.android.apps.gsa.tasks.BackgroundTasksJobService
07-03 20:03:36.858  1437  3511 D TrafficStats: tagSocket(6) with statsTag=0x3c010301, statsUid=-1
07-03 20:03:36.859  1649  1649 I BgTaskExecutorImpl: (REDACTED) Starting %s background task %s.
07-03 20:03:36.859   381   447 I netd    : tetherGetStats() -> {[]} <0.19ms>
07-03 20:03:36.862  3147  3292 E MDD     : DownloadProgressMonitor: Can't find file group for uri: android://com.google.android.apps.messaging/files/datadownload/shared/public/datadownloadfile_1783080163495
07-03 20:03:36.865  3147  3265 E MDD     : DownloadProgressMonitor: Can't find file group for uri: android://com.google.android.apps.messaging/files/datadownload/shared/public/datadownloadfile_1783080163496
07-03 20:03:36.865  3147  3296 D dasx    : Starting download: https://c.tenor.com/mHn8qmF0jd8AAAAk/tenor.gif
07-03 20:03:36.865  3147  3296 V dasx    : Is http uri, downloading (uri: https://c.tenor.com/mHn8qmF0jd8AAAAk/tenor.gif)
07-03 20:03:36.866  1649  2607 I A       : No corpus to sync.
07-03 20:03:36.866  1649  2618 I A       : No corpus to sync.
07-03 20:03:36.866  3147  3292 D dasx    : Starting download: https://c.tenor.com/L-cr_zEMUKIAAAAk/tenor.gif
07-03 20:03:36.866  3147  3292 V dasx    : Is http uri, downloading (uri: https://c.tenor.com/L-cr_zEMUKIAAAAk/tenor.gif)
07-03 20:03:36.866  1649  2511 I A       : (REDACTED) Attempting to cache the data for corpora %s.
07-03 20:03:36.866  1649  2267 W SearchServiceCore: Abort, client detached.
07-03 20:03:36.866  1649  2267 W SearchServiceCore: Abort, client detached.
07-03 20:03:36.866  1649  2267 W SearchServiceCore: Abort, client detached.
07-03 20:03:36.866  1649  2612 I A       : (REDACTED) Attempting to cache the data for corpora %s.
07-03 20:03:36.866  1649  2267 W SearchServiceCore: Abort, client detached.
07-03 20:03:36.866  1649  2267 W SearchServiceCore: Abort, client detached.
07-03 20:03:36.866  1649  2267 W SearchServiceCore: Abort, client detached.
07-03 20:03:36.871  1147  1174 D SlicesIndexer: Slices already indexed - returning.
07-03 20:03:36.871  1649  1649 I BgTaskExecutorImpl: (REDACTED) Starting %s background task %s.
07-03 20:03:36.871  1649  1649 I BgTaskExecutorImpl: (REDACTED) Starting %s background task %s.
07-03 20:03:36.872  1649  1649 I BgTaskExecutorImpl: (REDACTED) Starting %s background task %s.
07-03 20:03:36.872  1147  1174 D SettingsSliceProvider: Allowlisting 12 uris to 3 pkgs.
07-03 20:03:36.872  1649  2612 I A       : (REDACTED) Attempting to cache the data for corpora %s.
07-03 20:03:36.872  1649  2267 W SearchServiceCore: Abort, client detached.
07-03 20:03:36.872  1649  2267 W SearchServiceCore: Abort, client detached.
07-03 20:03:36.873  1649  2607 I A       : (REDACTED) No accounts found for %s, not syncing anything.
07-03 20:03:36.873  1649  2267 W SearchServiceCore: Abort, client detached.
07-03 20:03:36.874  1649  2511 E SingleDataFileGroupPop: Failed to add file group 
07-03 20:03:36.874  1147  1174 D SlicesIndexer: Slices already indexed - returning.
07-03 20:03:36.874  1147  1174 D SettingsSliceProvider: Allowlisting 5 uris to 3 pkgs.
07-03 20:03:36.875  1649  1649 I BgTaskExecutorImpl: (REDACTED) Starting %s background task %s.
07-03 20:03:36.875  1649  1649 I BgTaskExecutorImpl: (REDACTED) Starting %s background task %s.
07-03 20:03:36.876  1649  2349 E SingleDataFileGroupPop: Failed to add file group 
07-03 20:03:36.876  1649  2267 W SearchServiceCore: Abort, client detached.
07-03 20:03:36.876  1649  2267 W SearchServiceCore: Abort, client detached.
07-03 20:03:36.878  1147  3446 D SlicesIndexer: Slices already indexed - returning.
07-03 20:03:36.878  1147  3446 W SliceData: Highlight menu key res is empty: com.android.settings.deviceinfo.hardwareinfo.DeviceModelPreferenceController
07-03 20:03:36.878  1649  1649 I BgTaskExecutorImpl: (REDACTED) Starting %s background task %s.
07-03 20:03:36.879  1147  3446 D SettingsSliceProvider: Built slice (content://com.android.settings.slices/action/hardware_info_device_model) in: 1
07-03 20:03:36.879  1649  2612 E SingleDataFileGroupPop: Failed to add file group 
07-03 20:03:36.879  1147  3136 D SlicesIndexer: Slices already indexed - returning.
07-03 20:03:36.879  1147  3136 W SliceData: Highlight menu key res is empty: com.android.settings.deviceinfo.firmwareversion.FirmwareVersionDetailPreferenceController
07-03 20:03:36.879  1147  3100 W ElapsedTimeUtils: getElapsedTime: sSuwFinishedTimeStamp is null
07-03 20:03:36.879  1147  3448 D SettingsSliceProvider: content://com.android.settings.slices/action/hardware_info_device_model loaded from cache
07-03 20:03:36.880  1147  3100 W ElapsedTimeUtils: getElapsedTime: sSuwFinishedTimeStamp is null
07-03 20:03:36.880  1147  3136 D SettingsSliceProvider: Built slice (content://com.android.settings.slices/action/os_firmware_version) in: 1
07-03 20:03:36.880  1147  3136 D SettingsSliceProvider: content://com.android.settings.slices/action/os_firmware_version loaded from cache
07-03 20:03:36.880  1147  3100 W ElapsedTimeUtils: getElapsedTime: sSuwFinishedTimeStamp is null
07-03 20:03:36.880  1147  2301 D SlicesIndexer: Slices already indexed - returning.
07-03 20:03:36.880  1147  3448 D SlicesIndexer: Slices already indexed - returning.
07-03 20:03:36.880  1147  3100 W ElapsedTimeUtils: getElapsedTime: sSuwFinishedTimeStamp is null
07-03 20:03:36.880  1147  3136 D SlicesIndexer: Slices already indexed - returning.
07-03 20:03:36.880  1147  2301 D VolumeSliceHelper: Registering uri for broadcast relay: content://com.android.settings.slices/action/media_volume
07-03 20:03:36.880  1147  3448 D VolumeSliceHelper: Registering uri for broadcast relay: content://com.android.settings.slices/action/media_volume
07-03 20:03:36.880  1147  1147 D SettingsSliceProvider: Starting background worker for: content://com.android.settings.slices/action/media_volume
07-03 20:03:36.880  1147  3448 D SettingsSliceProvider: Built slice (content://com.android.settings.slices/action/media_volume) in: 0
07-03 20:03:36.880  1147  3136 D VolumeSliceHelper: Registering uri for broadcast relay: content://com.android.settings.slices/action/call_volume
07-03 20:03:36.881  1147  2301 D SettingsSliceProvider: Built slice (content://com.android.settings.slices/action/media_volume) in: 1
07-03 20:03:36.881  1147  3100 W ElapsedTimeUtils: getElapsedTime: sSuwFinishedTimeStamp is null
07-03 20:03:36.881  1147  1174 D SliceBuilder: Creating slice for: com.android.settings.notification.CallVolumePreferenceController
07-03 20:03:36.881  1147  3136 D SettingsSliceProvider: Built slice (content://com.android.settings.slices/action/call_volume) in: 1
07-03 20:03:36.881  1147  3136 D SettingsSliceProvider: content://com.android.settings.slices/action/separate_ring_volume loaded from cache
07-03 20:03:36.881  1147  3100 W ElapsedTimeUtils: getElapsedTime: sSuwFinishedTimeStamp is null
07-03 20:03:36.881  1147  3100 D SliceBroadcastRelay: Registering Uri for broadcast relay: content://com.android.settings.slices/action/mobile_data
07-03 20:03:36.882  1147  1147 D SettingsSliceProvider: Starting background worker for: content://com.android.settings.slices/action/mobile_data
07-03 20:03:36.882  1147  3100 W ElapsedTimeUtils: getElapsedTime: sSuwFinishedTimeStamp is null
07-03 20:03:36.882  1147  2301 D SlicesIndexer: Slices already indexed - returning.
07-03 20:03:36.882  1147  3100 W ElapsedTimeUtils: getElapsedTime: sSuwFinishedTimeStamp is null
07-03 20:03:36.882  1147  2301 D SettingsSliceProvider: Could not create slicedata for uri: content://com.android.settings.slices/intent/wifi_calling
07-03 20:03:36.882  1147  2301 D SettingsSliceProvider: java.lang.IllegalStateException: Invalid Slices key from path: wifi_calling
07-03 20:03:36.882  1147  2301 D SettingsSliceProvider: 	at com.android.settings.slices.SlicesDatabaseAccessor.getIndexedSliceData(SlicesDatabaseAccessor.java:133)
07-03 20:03:36.882  1147  2301 D SettingsSliceProvider: 	at com.android.settings.slices.SlicesDatabaseAccessor.getSliceDataFromUri(SlicesDatabaseAccessor.java:76)
07-03 20:03:36.882  1147  2301 D SettingsSliceProvider: 	at com.android.settings.slices.SettingsSliceProvider.loadSlice(SettingsSliceProvider.java:413)
07-03 20:03:36.882  1147  2301 D SettingsSliceProvider: 	at com.android.settings.slices.SettingsSliceProvider.lambda$loadSliceInBackground$5(SettingsSliceProvider.java:444)
07-03 20:03:36.882  1147  2301 D SettingsSliceProvider: 	at com.android.settings.slices.SettingsSliceProvider.$r8$lambda$F6THPPOOlgUQrkUG5e2ThbF-zrY(SettingsSliceProvider.java:0)
07-03 20:03:36.882  1147  2301 D SettingsSliceProvider: 	at com.android.settings.slices.SettingsSliceProvider$$ExternalSyntheticLambda4.run(R8$$SyntheticClass:0)
07-03 20:03:36.882  1147  2301 D SettingsSliceProvider: 	at java.util.concurrent.Executors$RunnableAdapter.call(Executors.java:487)
07-03 20:03:36.882  1147  2301 D SettingsSliceProvider: 	at com.google.common.util.concurrent.TrustedListenableFutureTask$TrustedFutureInterruptibleTask.runInterruptibly(TrustedListenableFutureTask.java:131)
07-03 20:03:36.882  1147  2301 D SettingsSliceProvider: 	at com.google.common.util.concurrent.InterruptibleTask.run(InterruptibleTask.java:76)
07-03 20:03:36.882  1147  2301 D SettingsSliceProvider: 	at com.google.common.util.concurrent.TrustedListenableFutureTask.run(TrustedListenableFutureTask.java:82)
07-03 20:03:36.882  1147  2301 D SettingsSliceProvider: 	at java.util.concurrent.ThreadPoolExecutor.runWorker(ThreadPoolExecutor.java:1145)
07-03 20:03:36.882  1147  2301 D SettingsSliceProvider: 	at java.util.concurrent.ThreadPoolExecutor$Worker.run(ThreadPoolExecutor.java:644)
07-03 20:03:36.882  1147  2301 D SettingsSliceProvider: 	at java.lang.Thread.run(Thread.java:1012)
07-03 20:03:36.882  1147  3100 D SliceBroadcastRelay: Registering Uri for broadcast relay: content://com.android.settings.slices/action/zen_mode_toggle
07-03 20:03:36.883  1147  3100 W ElapsedTimeUtils: getElapsedTime: sSuwFinishedTimeStamp is null
07-03 20:03:36.883  1147  3100 D SliceBroadcastRelay: Registering Uri for broadcast relay: content://android.settings.slices/action/bluetooth
07-03 20:03:36.884  1147  1174 W ElapsedTimeUtils: getElapsedTime: sSuwFinishedTimeStamp is null
07-03 20:03:36.884  1147  3100 D SliceBuilder: Creating slice for: com.android.settings.notification.SeparateRingVolumePreferenceController
07-03 20:03:36.884  1147  1174 W ElapsedTimeUtils: getElapsedTime: sSuwFinishedTimeStamp is null
07-03 20:03:36.884  1147  1147 D SettingsSliceProvider: Starting background worker for: content://android.settings.slices/action/wifi
07-03 20:03:36.884  1147  1147 V WifiPickerTracker: onStart
07-03 20:03:36.884  1147  1147 D WsuServiceClient: Binding to com.google.android.apps.carrier.carrierwifi
07-03 20:03:36.885  1147  3764 I WifiPickerTracker: Scanning started
07-03 20:03:36.885  1147  1147 D WsuServiceClient: the specified wsu service is not installed.
07-03 20:03:36.885  1147  3764 E WifiScanner: listener does not exist
07-03 20:03:36.885  1147  3764 V WifiPickerTracker: Issuing scan request from WifiScanner
07-03 20:03:36.886   574   885 D ConnectivityService: NetReassign [no changes] [c 1] [a 0] [i 0]
07-03 20:03:36.886   574  1639 D ConnectivityService: requestNetwork for uid/pid:1000/1147 activeRequest: null callbackRequest: 141 [NetworkRequest [ REQUEST id=142, [ Capabilities: INTERNET&NOT_RESTRICTED&TRUSTED&NOT_VCN_MANAGED&NOT_BANDWIDTH_CONSTRAINED Uid: 1000 RequestorUid: 1000 RequestorPkg: com.android.settings UnderlyingNetworks: Null] ]] callback flags: 1 order: 2147483647 isUidTracked: false
07-03 20:03:36.887   574   878 D WifiNetworkFactory: got request NetworkRequest [ REQUEST id=142, [ Capabilities: INTERNET&NOT_RESTRICTED&TRUSTED&NOT_VCN_MANAGED&NOT_BANDWIDTH_CONSTRAINED Uid: 1000 RequestorUid: 1000 RequestorPkg: com.android.settings UnderlyingNetworks: Null] ]
07-03 20:03:36.887   574   878 D UntrustedWifiNetworkFactory: got request NetworkRequest [ REQUEST id=142, [ Capabilities: INTERNET&NOT_RESTRICTED&TRUSTED&NOT_VCN_MANAGED&NOT_BANDWIDTH_CONSTRAINED Uid: 1000 RequestorUid: 1000 RequestorPkg: com.android.settings UnderlyingNetworks: Null] ]
07-03 20:03:36.887   574   885 D ConnectivityService: NetReassign [142 : null → 100] [c 0] [a 0] [i 0]
07-03 20:03:36.887   574   878 D OemPaidWifiNetworkFactory: got request NetworkRequest [ REQUEST id=142, [ Capabilities: INTERNET&NOT_RESTRICTED&TRUSTED&NOT_VCN_MANAGED&NOT_BANDWIDTH_CONSTRAINED Uid: 1000 RequestorUid: 1000 RequestorPkg: com.android.settings UnderlyingNetworks: Null] ]
07-03 20:03:36.887   574   878 D MultiInternetWifiNetworkFactory: got request NetworkRequest [ REQUEST id=142, [ Capabilities: INTERNET&NOT_RESTRICTED&TRUSTED&NOT_VCN_MANAGED&NOT_BANDWIDTH_CONSTRAINED Uid: 1000 RequestorUid: 1000 RequestorPkg: com.android.settings UnderlyingNetworks: Null] ]
07-03 20:03:36.887  1147  3100 D SliceBuilder: Creating slice for: com.android.settings.notification.NotificationVolumePreferenceController
07-03 20:03:36.889  1649  2511 E PhFileGroupPop: Failed to add file group 
07-03 20:03:36.889  1649  2511 E PhFileGroupPop: Failed to add file group 
07-03 20:03:36.889   574  1701 W ScanResultUtil: Empty or null ScanResult list
07-03 20:03:36.889   574  1701 W WifiService: Attempt to retrieve WifiConfiguration with invalid scanResult List
07-03 20:03:36.889  1649  2511 E PhFileGroupPop: Failed to add file group 
07-03 20:03:36.889  1649  2511 E PhFileGroupPop: Failed to add file group 
07-03 20:03:36.889  1649  2511 E PhFileGroupPop: Failed to add file group 
07-03 20:03:36.889  1649  2612 E PhFileGroupPop: Failed to add file group 
07-03 20:03:36.889  1649  2612 E PhFileGroupPop: Failed to add file group 
07-03 20:03:36.889  1649  2612 E PhFileGroupPop: Failed to add file group 
