07-03 20:03:57.195  4173  4188 D EGL_emulation: app_time_stats: avg=15837.44ms min=17.01ms max=47478.18ms count=3
07-03 20:03:57.223  1450  1450 I KeyboardModeManager: KeyboardModeManager.setInputViewKeyboardViewHolderProvider():625 setInputView() : supportsOneHandedMode=true supportsSplitMode=true
07-03 20:03:57.223  1450  1450 I AndroidIME: KeyboardViewManager.updateKeyboardBackgroundFrameVisibility():314 Set background frame visibility. old:8, new:8
07-03 20:03:57.223  1450  1450 I NormalModeController: NormalModeController.getKeyboardBodyViewHolderPaddingBottom():104 currentPrimeKeyboardType:SOFT systemPaddingBottom:-1
07-03 20:03:57.223  1450  1450 I KeyboardHeightUtil: KeyboardHeightUtil.calculateMaxKeyboardBodyHeight():45 leave 281 height for app when ime window height:1857, header height:116 and isFullscreenMode:false, so the max keyboard body height is:1460
07-03 20:03:57.223  1450  1450 I KeyboardHeightUtil: KeyboardHeightUtil.calculateMaxKeyboardBodyHeight():45 leave 281 height for app when ime window height:1857, header height:116 and isFullscreenMode:false, so the max keyboard body height is:1460
07-03 20:03:57.224  1450  1450 I KeyboardHeightUtil: KeyboardHeightUtil.calculateMaxKeyboardBodyHeight():45 leave 281 height for app when ime window height:1857, header height:116 and isFullscreenMode:false, so the max keyboard body height is:1460
07-03 20:03:57.224  1450  1450 I KeyboardHeightUtil: KeyboardHeightUtil.calculateMaxKeyboardBodyHeight():45 leave 281 height for app when ime window height:1857, header height:116 and isFullscreenMode:false, so the max keyboard body height is:1460
07-03 20:03:57.224  1450  1450 I NormalModeController: NormalModeController.getKeyboardBodyViewHolderPaddingBottom():104 currentPrimeKeyboardType:SOFT systemPaddingBottom:-1
07-03 20:03:57.224  1450  1450 I KeyboardHeightUtil: KeyboardHeightUtil.calculateMaxKeyboardBodyHeight():45 leave 281 height for app when ime window height:1857, header height:116 and isFullscreenMode:false, so the max keyboard body height is:1460
07-03 20:03:57.224  1450  1450 I KeyboardHeightUtil: KeyboardHeightUtil.calculateMaxKeyboardBodyHeight():45 leave 281 height for app when ime window height:1857, header height:116 and isFullscreenMode:false, so the max keyboard body height is:1460
07-03 20:03:57.224  1450  1450 I KeyboardModeManager: KeyboardModeManager.setInputViewKeyboardViewHolderProvider():613 setInputView() : supportsOneHandedMode=true, supportSplitMode=true
07-03 20:03:57.225  1450  1450 I KeyboardModeManager: KeyboardModeManager.setInputViewKeyboardViewHolderProvider():625 setInputView() : supportsOneHandedMode=true supportsSplitMode=true
07-03 20:03:57.225  1450  1450 I NormalModeController: NormalModeController.getKeyboardBodyViewHolderPaddingBottom():104 currentPrimeKeyboardType:SOFT systemPaddingBottom:-1
07-03 20:03:57.225  1450  1450 I KeyboardHeightUtil: KeyboardHeightUtil.calculateMaxKeyboardBodyHeight():45 leave 281 height for app when ime window height:1857, header height:116 and isFullscreenMode:false, so the max keyboard body height is:1460
07-03 20:03:57.226  1450  1450 I KeyboardHeightUtil: KeyboardHeightUtil.calculateMaxKeyboardBodyHeight():45 leave 281 height for app when ime window height:1857, header height:116 and isFullscreenMode:false, so the max keyboard body height is:1460
07-03 20:03:57.226  1450  1450 I KeyboardHeightUtil: KeyboardHeightUtil.calculateMaxKeyboardBodyHeight():45 leave 281 height for app when ime window height:1857, header height:116 and isFullscreenMode:false, so the max keyboard body height is:1460
07-03 20:03:57.226  1450  1450 I KeyboardHeightUtil: KeyboardHeightUtil.calculateMaxKeyboardBodyHeight():45 leave 281 height for app when ime window height:1857, header height:116 and isFullscreenMode:false, so the max keyboard body height is:1460
07-03 20:03:57.226  1450  1450 I NormalModeController: NormalModeController.getKeyboardBodyViewHolderPaddingBottom():104 currentPrimeKeyboardType:SOFT systemPaddingBottom:-1
07-03 20:03:57.226  1450  1450 I KeyboardHeightUtil: KeyboardHeightUtil.calculateMaxKeyboardBodyHeight():45 leave 281 height for app when ime window height:1857, header height:116 and isFullscreenMode:false, so the max keyboard body height is:1460
07-03 20:03:57.226  1450  1450 I KeyboardHeightUtil: KeyboardHeightUtil.calculateMaxKeyboardBodyHeight():45 leave 281 height for app when ime window height:1857, header height:116 and isFullscreenMode:false, so the max keyboard body height is:1460
07-03 20:03:57.227  1450  1450 I KeyboardModeManager: KeyboardModeManager.setInputViewKeyboardViewHolderProvider():613 setInputView() : supportsOneHandedMode=true, supportSplitMode=true
07-03 20:03:57.228  1450  1450 I AndroidIME: InputBundleManager.loadActiveInputBundleId():450 loadActiveInputBundleId: und-Latn-x-password, password
07-03 20:03:57.231   574  1701 W PackageConfigPersister: App-specific configuration not found for packageName: io.github.jark006.freezeit and userId: 0
07-03 20:03:57.250   428   551 D audioserver: logFgsApiEnd: FGS Logger Transaction failed, -129
07-03 20:03:57.539  1565  2119 I IPCThreadState: oneway function results for code 2 on binder at 0x7460ff519cf0 will be dropped but finished with status UNKNOWN_TRANSACTION
07-03 20:03:57.727  1801  1801 I wpa_supplicant: wlan0: CTRL-EVENT-BEACON-LOSS 
07-03 20:03:57.777  3147  3292 E MDD     : DownloadProgressMonitor: Can't find file group for uri: android://com.google.android.apps.messaging/files/datadownload/shared/public/datadownloadfile_1783080163551
07-03 20:03:57.777  3147  3296 D dasx    : Starting download: https://c.tenor.com/oQG3LFZ5CIUAAAAk/tenor.gif
07-03 20:03:57.777  3147  3296 V dasx    : Is http uri, downloading (uri: https://c.tenor.com/oQG3LFZ5CIUAAAAk/tenor.gif)
07-03 20:03:58.382  1268  1268 D BoundBrokerSvc: onUnbind: Intent { act=com.google.android.gms.clearcut.service.START dat=chimera-action:/... cmp=com.google.android.gms/.chimera.PersistentDirectBootAwareApiService }
07-03 20:03:58.393  3147  3296 E MDD     : DownloadProgressMonitor: Can't find file group for uri: android://com.google.android.apps.messaging/files/datadownload/shared/public/datadownloadfile_1783080163552
07-03 20:03:58.393  3147  3268 D dasx    : Starting download: https://c.tenor.com/NF4F60jCiIgAAAAk/tenor.gif
07-03 20:03:58.393  3147  3268 V dasx    : Is http uri, downloading (uri: https://c.tenor.com/NF4F60jCiIgAAAAk/tenor.gif)
07-03 20:03:58.598  3147  3292 D dasx    : Starting download: https://c.tenor.com/0BP-FJexCAMAAAAk/tenor.gif
07-03 20:03:58.598  3147  3292 V dasx    : Is http uri, downloading (uri: https://c.tenor.com/0BP-FJexCAMAAAAk/tenor.gif)
07-03 20:03:58.792   381   447 I netd    : tetherGetStats() -> {[]} <0.71ms>
07-03 20:03:58.796   381   447 I netd    : bandwidthSetGlobalAlert(2097152) <0.10ms>
07-03 20:03:59.006  3147  3268 E MDD     : DownloadProgressMonitor: Can't find file group for uri: android://com.google.android.apps.messaging/files/datadownload/shared/public/datadownloadfile_1783080163553
07-03 20:03:59.009  3147  3296 D dasx    : Starting download: https://c.tenor.com/R9feEfMw9HsAAAAk/tenor.gif
07-03 20:03:59.009  3147  3296 V dasx    : Is http uri, downloading (uri: https://c.tenor.com/R9feEfMw9HsAAAAk/tenor.gif)
07-03 20:03:59.313  3147  3292 E MDD     : DownloadProgressMonitor: Can't find file group for uri: android://com.google.android.apps.messaging/files/datadownload/shared/public/datadownloadfile_1783080163554
07-03 20:03:59.315  3147  3268 D dasx    : Starting download: https://c.tenor.com/YhRVyP8wgIIAAAAk/tenor.gif
07-03 20:03:59.315  3147  3268 V dasx    : Is http uri, downloading (uri: https://c.tenor.com/YhRVyP8wgIIAAAAk/tenor.gif)
07-03 20:03:59.621  3147  3296 E MDD     : DownloadProgressMonitor: Can't find file group for uri: android://com.google.android.apps.messaging/files/datadownload/shared/public/datadownloadfile_1783080163555
07-03 20:04:00.031  1565  1740 I AiAiEcho: Predicting[0]:  [CONTEXT sampling_count=5 ]
07-03 20:04:00.031  1565  1740 I AiAiEcho: EchoTargets: 
07-03 20:04:00.031  1565  1740 I AiAiEcho: Filtered by AiAi flag check: 
07-03 20:04:00.031  1565  1740 I AiAiEcho: [CONTEXT ratelimit_period="10 SECONDS" ]
07-03 20:04:00.031  1565  1740 I AiAiEcho: Ranked targets strategy: SORT, count: 0, ranking metadata:  [CONTEXT ratelimit_period="10 SECONDS" ]
07-03 20:04:00.031  1565  1740 I AiAiEcho: #remoteViewsTwiddler: feature disabled.
07-03 20:04:00.031  1565  1740 I AiAiEcho: Predicting[0]:  [CONTEXT sampling_count=5 ]
07-03 20:04:00.031  1565  1740 I AiAiEcho: EchoTargets: 
07-03 20:04:00.031  1565  1740 I AiAiEcho: Filtered by AiAi flag check: 
07-03 20:04:00.031  1565  1740 I AiAiEcho: [CONTEXT ratelimit_period="10 SECONDS" ]
07-03 20:04:00.031  1565  1740 I AiAiEcho: Ranked targets strategy: SORT, count: 0, ranking metadata:  [CONTEXT ratelimit_period="10 SECONDS" ]
07-03 20:04:00.031  1565  1740 I AiAiEcho: #remoteViewsTwiddler: feature disabled.
07-03 20:04:00.032  1565  1740 I AiAiEcho: #postPredictionTargets: Sending updates to UISurface lockscreen with targets# 0 (types=[])
07-03 20:04:00.032  1565  1740 I AiAiEcho: #postPredictionTargets: Sending updates to UISurface home with targets# 0 (types=[])
07-03 20:04:00.033  1256  1256 D SsBaseTemplateCard: No text view can be set up
07-03 20:04:00.033  1256  1256 D SsBaseTemplateCard: Passed-in item info is null
07-03 20:04:00.033  1256  1256 D SsBaseTemplateCard: Passed-in item info is null
07-03 20:04:00.033  1256  1256 D SsBaseTemplateCard: Passed-in item info is null
07-03 20:04:00.033  1256  1256 I SsBaseTemplateCard: Secondary card pane is null
07-03 20:04:00.038   963  1100 D EGL_emulation: app_time_stats: avg=5221.65ms min=10.37ms max=52073.43ms count=10
07-03 20:04:00.044   963   963 W PageIndicator: Total number of pages invalid: 0. Assuming 1 page.
07-03 20:04:00.089  4368  4368 D AndroidRuntime: >>>>>> START com.android.internal.os.RuntimeInit uid 2000 <<<<<<
07-03 20:04:00.092  4368  4368 I AndroidRuntime: Using default boot image
07-03 20:04:00.092  4368  4368 I AndroidRuntime: Leaving lock profiling enabled
07-03 20:04:00.093  4368  4368 I app_process: Core platform API reporting enabled, enforcing=false
07-03 20:04:00.093  4368  4368 I app_process: Using CollectorTypeCMC GC.
07-03 20:04:00.131   385  4363 D android.hardware.audio@7.1-impl.ranchu: threadLoop: entering standby, frames: 149056
07-03 20:04:00.134  3147  3268 E MDD     : DownloadProgressMonitor: Can't find file group for uri: android://com.google.android.apps.messaging/files/datadownload/shared/public/datadownloadfile_1783080163556
07-03 20:04:00.134  3147  3292 D dasx    : Starting download: https://c.tenor.com/rdXxVEqOYlgAAAAk/tenor.gif
07-03 20:04:00.134  3147  3292 V dasx    : Is http uri, downloading (uri: https://c.tenor.com/rdXxVEqOYlgAAAAk/tenor.gif)
07-03 20:04:00.138  4368  4368 D nativeloader: InitDefaultPublicLibraries for_preload=1: libandroid.so:libaaudio.so:libamidi.so:libbinder_ndk.so:libc.so:libcamera2ndk.so:libdl.so:libEGL.so:libGLESv1_CM.so:libGLESv2.so:libGLESv3.so:libicu.so:libicui18n.so:libicuuc.so:libjnigraphics.so:liblog.so:libmediandk.so:libm.so:libnativehelper.so:libnativewindow.so:libOpenMAXAL.so:libOpenSLES.so:libRS.so:libstdc++.so:libsync.so:libvulkan.so:libwebviewchromium_plat_support.so:libz.so
07-03 20:04:00.144  4368  4368 D nativeloader: Load libicu_jni.so using APEX ns com_android_art for caller /apex/com.android.art/javalib/core-oj.jar: ok
07-03 20:04:00.144  4368  4368 D app_process: u_setTimeZoneFilesDirectory("/apex/com.android.tzdata/etc/tz/versioned/8/icu") succeeded. 
07-03 20:04:00.144  4368  4368 D app_process: I18n APEX ICU file found: /apex/com.android.i18n/etc/icu/icudt75l.dat
07-03 20:04:00.145  4368  4368 D nativeloader: Load libjavacore.so using APEX ns com_android_art for caller /apex/com.android.art/javalib/core-oj.jar: ok
07-03 20:04:00.145  4368  4368 D nativeloader: Load libopenjdk.so using APEX ns com_android_art for caller /apex/com.android.art/javalib/core-oj.jar: ok
07-03 20:04:00.146  4368  4368 W app_process: Unexpected CPU variant for x86: x86_64.
07-03 20:04:00.146  4368  4368 W app_process: Known variants: atom, sandybridge, silvermont, goldmont, goldmont-plus, goldmont-without-sha-xsaves, tremont, kabylake, default
07-03 20:04:00.147  4368  4368 W app_process: ClassLoaderContext shared library size mismatch. Expected=2, found=0 (PCL[]{PCL[/system/framework/android.test.base.jar*724373495]#PCL[/system/framework/android.test.mock.jar*1452759902]} | PCL[])
07-03 20:04:00.147  4368  4368 W app_process: ClassLoaderContext classpath size mismatch. expected=0, found=1 (PCL[]{PCL[/system/framework/android.test.runner.jar*2496447986]#PCL[/system/framework/android.test.base.jar*724373495]} | PCL[/system/framework/android.test.runner.jar*2496447986])
07-03 20:04:00.158  4368  4368 D nativeloader: Load libframework-connectivity-tiramisu-jni.so using APEX ns com_android_tethering for caller /apex/com.android.tethering/javalib/framework-connectivity-t.jar: ok
07-03 20:04:00.158  4368  4368 D AndroidRuntime: Calling main entry com.android.commands.uiautomator.Launcher
07-03 20:04:00.159  4368  4368 D UiAutomationConnection: Created on user UserHandle{0}
07-03 20:04:00.159  4368  4368 I UiAutomation: Initialized for user 0 on display 0
07-03 20:04:00.159  4368  4368 W UiAutomation: Created with deprecatead constructor, assumes DEFAULT_DISPLAY
07-03 20:04:00.160   574  1255 D AccessibilityManagerService: changeCurrentUserForTestAutomationIfNeededLocked(0): ignoring because device doesn't support visible background users
07-03 20:04:00.160   574  1255 I UiAutomationManager: Registering UiTestAutomationService (id=com.android.server.accessibility/UiAutomation, flags=0x0) when called by user 0
07-03 20:04:00.160   574  1255 W MagnificationConnectionManager: requestConnection duplicated request: connect=false, mConnectionState=DISCONNECTED
07-03 20:04:00.160  1565  2119 I AiAiEcho: Settings changed for uri: content://settings/secure/accessibility_enabled
07-03 20:04:00.160   574   574 W IPCThreadState: Sending oneway calls to frozen process.
07-03 20:04:00.161   574   574 W IPCThreadState: Sending oneway calls to frozen process.
07-03 20:04:00.161  1565  1740 I AiAiEcho: Predicting[0]:  [CONTEXT sampling_count=5 ]
07-03 20:04:00.161  1565  1740 I AiAiEcho: EchoTargets: 
07-03 20:04:00.161  1565  1740 I AiAiEcho: Filtered by AiAi flag check: 
07-03 20:04:00.161  1565  1740 I AiAiEcho: [CONTEXT ratelimit_period="10 SECONDS" ]
07-03 20:04:00.161  1565  1740 I AiAiEcho: Ranked targets strategy: SORT, count: 0, ranking metadata:  [CONTEXT ratelimit_period="10 SECONDS" ]
07-03 20:04:00.161  1565  1740 I AiAiEcho: #remoteViewsTwiddler: feature disabled.
07-03 20:04:00.161   574   574 W IPCThreadState: Sending oneway calls to frozen process.
07-03 20:04:00.161   574   574 W IPCThreadState: Sending oneway calls to frozen process.
07-03 20:04:00.161  1565  1740 I AiAiEcho: Predicting[0]:  [CONTEXT sampling_count=5 ]
07-03 20:04:00.161  1565  1740 I AiAiEcho: EchoTargets: 
07-03 20:04:00.161  1565  1740 I AiAiEcho: Filtered by AiAi flag check: 
07-03 20:04:00.161  1565  1740 I AiAiEcho: [CONTEXT ratelimit_period="10 SECONDS" ]
07-03 20:04:00.161  1565  1740 I AiAiEcho: Ranked targets strategy: SORT, count: 0, ranking metadata:  [CONTEXT ratelimit_period="10 SECONDS" ]
07-03 20:04:00.161  1565  1740 I AiAiEcho: #remoteViewsTwiddler: feature disabled.
07-03 20:04:00.161   574   574 W IPCThreadState: Sending oneway calls to frozen process.
07-03 20:04:00.161   574   574 W IPCThreadState: Sending oneway calls to frozen process.
07-03 20:04:00.161   574   574 W IPCThreadState: Sending oneway calls to frozen process.
07-03 20:04:00.161   574   574 W IPCThreadState: Sending oneway calls to frozen process.
07-03 20:04:00.161   574   574 W IPCThreadState: Sending oneway calls to frozen process.
07-03 20:04:00.161  1565  1740 I AiAiEcho: #postPredictionTargets: Sending updates to UISurface lockscreen with targets# 0 (types=[])
07-03 20:04:00.162  1565  1740 I AiAiEcho: #postPredictionTargets: Sending updates to UISurface home with targets# 0 (types=[])
07-03 20:04:00.162  1256  1256 D SsBaseTemplateCard: No text view can be set up
07-03 20:04:00.162  1256  1256 D SsBaseTemplateCard: Passed-in item info is null
07-03 20:04:00.162  1256  1256 D SsBaseTemplateCard: Passed-in item info is null
07-03 20:04:00.162  1256  1256 D SsBaseTemplateCard: Passed-in item info is null
07-03 20:04:00.162  1256  1256 I SsBaseTemplateCard: Secondary card pane is null
07-03 20:04:00.162  4368  4379 V UiAutomation: Init UiAutomation@6e24c9f[id=2, displayId=0, flags=0]
07-03 20:04:00.162  1649  1862 I A       : NGA disabled since it's running Panthera and at least one a11y feature is on.
07-03 20:04:00.162  1649  1862 I A       : (REDACTED) Nga state changed to %s
07-03 20:04:00.162   574   574 W IPCThreadState: Sending oneway calls to frozen process.
07-03 20:04:00.162   574  1255 W MagnificationConnectionManager: requestConnection duplicated request: connect=false, mConnectionState=DISCONNECTED
07-03 20:04:00.162  1649  1862 I A       : (REDACTED) isTngActive=%s
07-03 20:04:00.163  1565  2119 I AiAiEcho: Settings changed for uri: content://settings/secure/accessibility_enabled
07-03 20:04:00.163   574   574 W IPCThreadState: Sending oneway calls to frozen process.
07-03 20:04:00.163  1565  1740 I AiAiEcho: Predicting[0]:  [CONTEXT sampling_count=5 ]
07-03 20:04:00.163   574   574 W IPCThreadState: Sending oneway calls to frozen process.
07-03 20:04:00.163  1565  1740 I AiAiEcho: EchoTargets: 
07-03 20:04:00.163  1565  1740 I AiAiEcho: Filtered by AiAi flag check: 
07-03 20:04:00.163  1565  1740 I AiAiEcho: [CONTEXT ratelimit_period="10 SECONDS" ]
07-03 20:04:00.163   574   574 W IPCThreadState: Sending oneway calls to frozen process.
07-03 20:04:00.163   574   574 W IPCThreadState: Sending oneway calls to frozen process.
07-03 20:04:00.163  1565  1740 I AiAiEcho: Ranked targets strategy: SORT, count: 0, ranking metadata:  [CONTEXT ratelimit_period="10 SECONDS" ]
07-03 20:04:00.163   574   574 W IPCThreadState: Sending oneway calls to frozen process.
07-03 20:04:00.163  1565  1740 I AiAiEcho: #remoteViewsTwiddler: feature disabled.
07-03 20:04:00.163   574   574 W IPCThreadState: Sending oneway calls to frozen process.
07-03 20:04:00.163   574   574 W IPCThreadState: Sending oneway calls to frozen process.
07-03 20:04:00.163   574   574 W IPCThreadState: Sending oneway calls to frozen process.
07-03 20:04:00.163   574   574 W IPCThreadState: Sending oneway calls to frozen process.
07-03 20:04:00.163  1565  1740 I AiAiEcho: Predicting[0]:  [CONTEXT sampling_count=5 ]
07-03 20:04:00.163  1565  1740 I AiAiEcho: EchoTargets: 
07-03 20:04:00.163  1565  1740 I AiAiEcho: Filtered by AiAi flag check: 
07-03 20:04:00.163  1565  1740 I AiAiEcho: [CONTEXT ratelimit_period="10 SECONDS" ]
07-03 20:04:00.163   574   574 W IPCThreadState: Sending oneway calls to frozen process.
07-03 20:04:00.163  1565  1740 I AiAiEcho: Ranked targets strategy: SORT, count: 0, ranking metadata:  [CONTEXT ratelimit_period="10 SECONDS" ]
07-03 20:04:00.163   574   574 W IPCThreadState: Sending oneway calls to frozen process.
07-03 20:04:00.163   574   574 W IPCThreadState: Sending oneway calls to frozen process.
07-03 20:04:00.163  1565  1740 I AiAiEcho: #remoteViewsTwiddler: feature disabled.
07-03 20:04:00.163   574   574 W IPCThreadState: Sending oneway calls to frozen process.
07-03 20:04:00.163   574   574 W IPCThreadState: Sending oneway calls to frozen process.
07-03 20:04:00.164   574   574 W IPCThreadState: Sending oneway calls to frozen process.
07-03 20:04:00.164   574   574 D BatterySaverPolicy: accessibility changed to true, updating policy.
07-03 20:04:00.164  1565  1740 I AiAiEcho: #postPredictionTargets: Sending updates to UISurface lockscreen with targets# 0 (types=[])
07-03 20:04:00.164  1565  1740 I AiAiEcho: #postPredictionTargets: Sending updates to UISurface home with targets# 0 (types=[])
07-03 20:04:00.165  1587  1924 I A       : (REDACTED) Nga on-device enabled based on TNG:MA active state: %b
07-03 20:04:00.165  1587  1924 I A       : (REDACTED) Nga on-device enabled based on TNG:MA active state: %b
07-03 20:04:00.165  1587  1924 I A       : Unsubscribed to apa or classic variant change.
07-03 20:04:00.166  1256  1256 D SsBaseTemplateCard: No text view can be set up
07-03 20:04:00.166  1256  1256 D SsBaseTemplateCard: Passed-in item info is null
07-03 20:04:00.166  1256  1256 D SsBaseTemplateCard: Passed-in item info is null
07-03 20:04:00.166  1256  1256 D SsBaseTemplateCard: Passed-in item info is null
07-03 20:04:00.166  1256  1256 I SsBaseTemplateCard: Secondary card pane is null
07-03 20:04:00.167   963   963 W PageIndicator: Total number of pages invalid: 0. Assuming 1 page.
07-03 20:04:00.167   963   963 W PageIndicator: Total number of pages invalid: 0. Assuming 1 page.
07-03 20:04:00.184   381   447 I netd    : tetherGetStats() -> {[]} <0.71ms>
07-03 20:04:00.850  3147  3292 E MDD     : DownloadProgressMonitor: Can't find file group for uri: android://com.google.android.apps.messaging/files/datadownload/shared/public/datadownloadfile_1783080163557
07-03 20:04:00.850  3147  3296 D dasx    : Starting download: https://c.tenor.com/Tb3VRYTHdt4AAAAk/tenor.gif
07-03 20:04:00.850  3147  3296 V dasx    : Is http uri, downloading (uri: https://c.tenor.com/Tb3VRYTHdt4AAAAk/tenor.gif)
07-03 20:04:00.852  3147  3268 D dasx    : Starting download: https://c.tenor.com/KwC7gpNPTDUAAAAk/tenor.gif
07-03 20:04:00.852  3147  3268 V dasx    : Is http uri, downloading (uri: https://c.tenor.com/KwC7gpNPTDUAAAAk/tenor.gif)
07-03 20:04:00.961   574   682 D ActivityManager: freezing 1649 com.google.android.googlequicksearchbox:search
07-03 20:04:00.961   574   682 D ActivityManager: freezing 2708 com.google.android.webview:sandboxed_process0:org.chromium.content.app.SandboxedProcessService0:0
07-03 20:04:01.045   574   885 D InetDiagMessage: Destroyed 0 sockets, proto=IPPROTO_TCP, family=AF_INET, states=14
07-03 20:04:01.045   574   885 D InetDiagMessage: Destroyed 0 sockets, proto=IPPROTO_TCP, family=AF_INET6, states=14
07-03 20:04:01.045   574   885 D InetDiagMessage: Destroyed live tcp sockets for uids={99000} in 1ms
07-03 20:04:01.171  4368  4368 W AccessibilityNodeInfoDumper: Fetch time: 4ms
07-03 20:04:01.172   574  1122 W MagnificationConnectionManager: requestConnection duplicated request: connect=false, mConnectionState=DISCONNECTED
07-03 20:04:01.172  1565  2119 I AiAiEcho: Settings changed for uri: content://settings/secure/accessibility_enabled
07-03 20:04:01.172   574  1122 D AccessibilityManagerService: restoreCurrentUserForTestAutomationIfNeededLocked(): ignoring because device doesn't support visible background users
07-03 20:04:01.172   574   574 W IPCThreadState: Sending oneway calls to frozen process.
07-03 20:04:01.172   574   574 W IPCThreadState: Sending oneway calls to frozen process.
07-03 20:04:01.172  1565  1740 I AiAiEcho: Predicting[0]:  [CONTEXT sampling_count=5 ]
07-03 20:04:01.172  1565  1740 I AiAiEcho: EchoTargets: 
07-03 20:04:01.172  1565  1740 I AiAiEcho: Filtered by AiAi flag check: 
07-03 20:04:01.172  1565  1740 I AiAiEcho: [CONTEXT ratelimit_period="10 SECONDS" ]
07-03 20:04:01.172  1565  1740 I AiAiEcho: Ranked targets strategy: SORT, count: 0, ranking metadata:  [CONTEXT ratelimit_period="10 SECONDS" ]
07-03 20:04:01.172  1565  1740 I AiAiEcho: #remoteViewsTwiddler: feature disabled.
07-03 20:04:01.172  1565  1740 I AiAiEcho: Predicting[0]:  [CONTEXT sampling_count=5 ]
07-03 20:04:01.172  1565  1740 I AiAiEcho: EchoTargets: 
07-03 20:04:01.172  1565  1740 I AiAiEcho: Filtered by AiAi flag check: 
07-03 20:04:01.172  1565  1740 I AiAiEcho: [CONTEXT ratelimit_period="10 SECONDS" ]
07-03 20:04:01.172  1565  1740 I AiAiEcho: Ranked targets strategy: SORT, count: 0, ranking metadata:  [CONTEXT ratelimit_period="10 SECONDS" ]
07-03 20:04:01.172  1565  1740 I AiAiEcho: #remoteViewsTwiddler: feature disabled.
07-03 20:04:01.173  1565  1740 I AiAiEcho: #postPredictionTargets: Sending updates to UISurface lockscreen with targets# 0 (types=[])
07-03 20:04:01.173  1565  1740 I AiAiEcho: #postPredictionTargets: Sending updates to UISurface home with targets# 0 (types=[])
07-03 20:04:01.173  4368  4368 D AndroidRuntime: Shutting down VM
07-03 20:04:01.173   574   574 W IPCThreadState: Sending oneway calls to frozen process.
07-03 20:04:01.173   963   963 W PageIndicator: Total number of pages invalid: 0. Assuming 1 page.
07-03 20:04:01.173   574   574 W IPCThreadState: Sending oneway calls to frozen process.
07-03 20:04:01.173   574   574 W IPCThreadState: Sending oneway calls to frozen process.
07-03 20:04:01.173   574   574 W IPCThreadState: Sending oneway calls to frozen process.
07-03 20:04:01.173  1256  1256 D SsBaseTemplateCard: No text view can be set up
07-03 20:04:01.173   574   574 W IPCThreadState: Sending oneway calls to frozen process.
07-03 20:04:01.173   574   574 W IPCThreadState: Sending oneway calls to frozen process.
07-03 20:04:01.173  1256  1256 D SsBaseTemplateCard: Passed-in item info is null
07-03 20:04:01.173  1256  1256 D SsBaseTemplateCard: Passed-in item info is null
07-03 20:04:01.173  1256  1256 D SsBaseTemplateCard: Passed-in item info is null
07-03 20:04:01.173   574   574 W IPCThreadState: Sending oneway calls to frozen process.
07-03 20:04:01.173  1256  1256 I SsBaseTemplateCard: Secondary card pane is null
07-03 20:04:01.173   574   574 W IPCThreadState: Sending oneway calls to frozen process.
07-03 20:04:01.173   574   574 W IPCThreadState: Sending oneway calls to frozen process.
07-03 20:04:01.173   574   574 W IPCThreadState: Sending oneway calls to frozen process.
07-03 20:04:01.174   574   574 W IPCThreadState: Sending oneway calls to frozen process.
07-03 20:04:01.174   574   574 W IPCThreadState: Sending oneway calls to frozen process.
07-03 20:04:01.174   574   574 W IPCThreadState: Sending oneway calls to frozen process.
07-03 20:04:01.174   574   574 W IPCThreadState: Sending oneway calls to frozen process.
07-03 20:04:01.174   574   574 W IPCThreadState: Sending oneway calls to frozen process.
07-03 20:04:01.174   574   574 W IPCThreadState: Sending oneway calls to frozen process.
07-03 20:04:01.174   574   574 D BatterySaverPolicy: accessibility changed to false, updating policy.
07-03 20:04:01.606  3147  3296 E MDD     : DownloadProgressMonitor: Can't find file group for uri: android://com.google.android.apps.messaging/files/datadownload/shared/public/datadownloadfile_1783080163558
07-03 20:04:01.678  3147  3268 E MDD     : DownloadProgressMonitor: Can't find file group for uri: android://com.google.android.apps.messaging/files/datadownload/shared/public/datadownloadfile_1783080163559
07-03 20:04:01.680  3147  3292 D dasx    : Starting download: https://c.tenor.com/9DY4NT9R_YMAAAAk/tenor.gif
07-03 20:04:01.680  3147  3292 V dasx    : Is http uri, downloading (uri: https://c.tenor.com/9DY4NT9R_YMAAAAk/tenor.gif)
07-03 20:04:01.982  3147  3296 D dasx    : Starting download: https://c.tenor.com/-dHADrq1XfMAAAAk/tenor.gif
07-03 20:04:01.982  3147  3296 V dasx    : Is http uri, downloading (uri: https://c.tenor.com/-dHADrq1XfMAAAAk/tenor.gif)
07-03 20:04:02.042  4384  4384 W BpBinder: Linking to death on android.gui.ISurfaceComposer but there are no threads (yet?) listening to incoming transactions. See ProcessState::startThreadPool and ProcessState::setThreadPoolMaxThreadCount. Generally you should setup the binder threadpool before other initialization steps.
07-03 20:04:02.042  4384  4384 W ProcessState: Extra binder thread started, but 0 threads requested. Do not use *startThreadPool when zero threads are requested.
07-03 20:04:02.047   165   165 I hwservicemanager: getTransport: Cannot find entry android.hardware.graphics.mapper@4.0::IMapper/default in either framework or device VINTF manifest.
07-03 20:04:02.047  4384  4385 I Gralloc4: mapper 4.x is not supported
07-03 20:04:02.086     0     0 I servicemanager: Caller(pid=4384,uid=2000,sid=u:r:shell:s0) Could not find android.hardware.graphics.allocator.IAllocator/default in the VINTF manifest. No alternative instances declared in VINTF.
