--------- beginning of main
07-03 20:04:19.764  4173  4173 W WindowOnBackDispatcher: OnBackInvokedCallback is not enabled for the application.
07-03 20:04:19.764  4173  4173 W WindowOnBackDispatcher: Set 'android:enableOnBackInvokedCallback="true"' in the application manifest.
07-03 20:04:19.764   428   663 D audioserver: logFgsApiBegin: FGS Logger Transaction failed, -129
07-03 20:04:19.764   574  1688 W AS.PlaybackActivityMon: No piid assigned for invalid/internal port id 15
07-03 20:04:19.773  4173  4177 W ark006.freezeit: Missing inline cache for void c0.u.u()
07-03 20:04:19.773  4173  4177 W ark006.freezeit: Missing inline cache for void c0.u.u()
07-03 20:04:19.773  4173  4177 W ark006.freezeit: Missing inline cache for void c0.u.u()
07-03 20:04:19.812   428   551 D AudioFlinger: mixer(0x74a871cb58e0) throttle end: throttle time(33)
07-03 20:04:19.830  3147  3268 E MDD     : DownloadProgressMonitor: Can't find file group for uri: android://com.google.android.apps.messaging/files/datadownload/shared/public/datadownloadfile_1783080163614
07-03 20:04:19.831  3147  3292 D dasx    : Starting download: https://c.tenor.com/P6kgHGiskUsAAAAk/tenor.gif
07-03 20:04:19.831  3147  3292 V dasx    : Is http uri, downloading (uri: https://c.tenor.com/P6kgHGiskUsAAAAk/tenor.gif)
07-03 20:04:19.840  4173  4188 D EGL_emulation: app_time_stats: avg=3230.38ms min=9.86ms max=22543.26ms count=7
07-03 20:04:19.854  4173  4173 D AutofillManager: view not autofillable - not passing ime action check
07-03 20:04:19.926   428   551 D audioserver: logFgsApiEnd: FGS Logger Transaction failed, -129
07-03 20:04:19.997  4173  4421 D TrafficStats: tagSocket(106) with statsTag=0xffffffff, statsUid=-1
07-03 20:04:20.013  4173  4173 D AutofillManager: view not autofillable - not passing ime action check
07-03 20:04:20.013  4173  4173 D AutofillManager: view not autofillable - not passing ime action check
07-03 20:04:20.013  4173  4173 D AutofillManager: view not autofillable - not passing ime action check
07-03 20:04:20.304  3147  3296 E MDD     : DownloadProgressMonitor: Can't find file group for uri: android://com.google.android.apps.messaging/files/datadownload/shared/public/datadownloadfile_1783080163615
07-03 20:04:20.307  3147  3268 D dasx    : Starting download: https://c.tenor.com/jiQfWgZB0pcAAAAk/tenor.gif
07-03 20:04:20.307  3147  3268 V dasx    : Is http uri, downloading (uri: https://c.tenor.com/jiQfWgZB0pcAAAAk/tenor.gif)
07-03 20:04:21.508  3147  3292 E MDD     : DownloadProgressMonitor: Can't find file group for uri: android://com.google.android.apps.messaging/files/datadownload/shared/public/datadownloadfile_1783080163616
07-03 20:04:21.777  3147  3296 D dasx    : Starting download: https://c.tenor.com/0Cz0CGB40TkAAAAk/tenor.gif
07-03 20:04:21.777  3147  3296 V dasx    : Is http uri, downloading (uri: https://c.tenor.com/0Cz0CGB40TkAAAAk/tenor.gif)
07-03 20:04:21.791  1801  1801 I wpa_supplicant: wlan0: CTRL-EVENT-BEACON-LOSS 
07-03 20:04:21.822  4424  4424 D AndroidRuntime: >>>>>> START com.android.internal.os.RuntimeInit uid 2000 <<<<<<
07-03 20:04:21.824  4424  4424 I AndroidRuntime: Using default boot image
07-03 20:04:21.824  4424  4424 I AndroidRuntime: Leaving lock profiling enabled
07-03 20:04:21.826  4424  4424 I app_process: Core platform API reporting enabled, enforcing=false
07-03 20:04:21.826  4424  4424 I app_process: Using CollectorTypeCMC GC.
07-03 20:04:21.872  4424  4424 D nativeloader: InitDefaultPublicLibraries for_preload=1: libandroid.so:libaaudio.so:libamidi.so:libbinder_ndk.so:libc.so:libcamera2ndk.so:libdl.so:libEGL.so:libGLESv1_CM.so:libGLESv2.so:libGLESv3.so:libicu.so:libicui18n.so:libicuuc.so:libjnigraphics.so:liblog.so:libmediandk.so:libm.so:libnativehelper.so:libnativewindow.so:libOpenMAXAL.so:libOpenSLES.so:libRS.so:libstdc++.so:libsync.so:libvulkan.so:libwebviewchromium_plat_support.so:libz.so
07-03 20:04:21.878  4424  4424 D nativeloader: Load libicu_jni.so using APEX ns com_android_art for caller /apex/com.android.art/javalib/core-oj.jar: ok
07-03 20:04:21.878  4424  4424 D app_process: u_setTimeZoneFilesDirectory("/apex/com.android.tzdata/etc/tz/versioned/8/icu") succeeded. 
07-03 20:04:21.878  4424  4424 D app_process: I18n APEX ICU file found: /apex/com.android.i18n/etc/icu/icudt75l.dat
07-03 20:04:21.879  4424  4424 D nativeloader: Load libjavacore.so using APEX ns com_android_art for caller /apex/com.android.art/javalib/core-oj.jar: ok
07-03 20:04:21.879  4424  4424 D nativeloader: Load libopenjdk.so using APEX ns com_android_art for caller /apex/com.android.art/javalib/core-oj.jar: ok
07-03 20:04:21.880  4424  4424 W app_process: Unexpected CPU variant for x86: x86_64.
07-03 20:04:21.880  4424  4424 W app_process: Known variants: atom, sandybridge, silvermont, goldmont, goldmont-plus, goldmont-without-sha-xsaves, tremont, kabylake, default
07-03 20:04:21.881  4424  4424 W app_process: ClassLoaderContext shared library size mismatch. Expected=2, found=0 (PCL[]{PCL[/system/framework/android.test.base.jar*724373495]#PCL[/system/framework/android.test.mock.jar*1452759902]} | PCL[])
07-03 20:04:21.881  4424  4424 W app_process: ClassLoaderContext classpath size mismatch. expected=0, found=1 (PCL[]{PCL[/system/framework/android.test.runner.jar*2496447986]#PCL[/system/framework/android.test.base.jar*724373495]} | PCL[/system/framework/android.test.runner.jar*2496447986])
07-03 20:04:21.892  4424  4424 D nativeloader: Load libframework-connectivity-tiramisu-jni.so using APEX ns com_android_tethering for caller /apex/com.android.tethering/javalib/framework-connectivity-t.jar: ok
07-03 20:04:21.892  4424  4424 D AndroidRuntime: Calling main entry com.android.commands.uiautomator.Launcher
07-03 20:04:21.894  4424  4424 D UiAutomationConnection: Created on user UserHandle{0}
07-03 20:04:21.894  4424  4424 I UiAutomation: Initialized for user 0 on display 0
07-03 20:04:21.894  4424  4424 W UiAutomation: Created with deprecatead constructor, assumes DEFAULT_DISPLAY
--------- beginning of system
07-03 20:04:21.894   574  1701 D AccessibilityManagerService: changeCurrentUserForTestAutomationIfNeededLocked(0): ignoring because device doesn't support visible background users
07-03 20:04:21.894   574  1701 I UiAutomationManager: Registering UiTestAutomationService (id=com.android.server.accessibility/UiAutomation, flags=0x0) when called by user 0
07-03 20:04:21.894   574  1701 W MagnificationConnectionManager: requestConnection duplicated request: connect=false, mConnectionState=DISCONNECTED
07-03 20:04:21.895  1565  2119 I AiAiEcho: Settings changed for uri: content://settings/secure/accessibility_enabled
07-03 20:04:21.895   574   574 W IPCThreadState: Sending oneway calls to frozen process.
07-03 20:04:21.895   574   574 W IPCThreadState: Sending oneway calls to frozen process.
07-03 20:04:21.895   574   574 W IPCThreadState: Sending oneway calls to frozen process.
07-03 20:04:21.895   574   574 W IPCThreadState: Sending oneway calls to frozen process.
07-03 20:04:21.895   574   574 W IPCThreadState: Sending oneway calls to frozen process.
07-03 20:04:21.895  1565  1740 I AiAiEcho: Predicting[0]:  [CONTEXT sampling_count=5 ]
07-03 20:04:21.895  4424  4435 V UiAutomation: Init UiAutomation@125705c[id=3, displayId=0, flags=0]
07-03 20:04:21.895   574   574 W IPCThreadState: Sending oneway calls to frozen process.
07-03 20:04:21.895   574   574 W IPCThreadState: Sending oneway calls to frozen process.
07-03 20:04:21.895   574   574 W IPCThreadState: Sending oneway calls to frozen process.
07-03 20:04:21.895  1565  1740 I AiAiEcho: EchoTargets: 
07-03 20:04:21.895  1565  1740 I AiAiEcho: Filtered by AiAi flag check: 
07-03 20:04:21.895  1565  1740 I AiAiEcho: [CONTEXT ratelimit_period="10 SECONDS" ]
07-03 20:04:21.895  1565  1740 I AiAiEcho: Ranked targets strategy: SORT, count: 0, ranking metadata:  [CONTEXT ratelimit_period="10 SECONDS" ]
07-03 20:04:21.895   574   574 W IPCThreadState: Sending oneway calls to frozen process.
07-03 20:04:21.895   574   574 W IPCThreadState: Sending oneway calls to frozen process.
07-03 20:04:21.895   574   599 W MagnificationConnectionManager: requestConnection duplicated request: connect=false, mConnectionState=DISCONNECTED
07-03 20:04:21.895   574   574 W IPCThreadState: Sending oneway calls to frozen process.
07-03 20:04:21.895  1565  1740 I AiAiEcho: #remoteViewsTwiddler: feature disabled.
07-03 20:04:21.895  1565  1740 I AiAiEcho: Predicting[0]:  [CONTEXT sampling_count=5 ]
07-03 20:04:21.895   574   574 W IPCThreadState: Sending oneway calls to frozen process.
07-03 20:04:21.896   574   574 W IPCThreadState: Sending oneway calls to frozen process.
07-03 20:04:21.896   574   574 W IPCThreadState: Sending oneway calls to frozen process.
07-03 20:04:21.896   574   574 W IPCThreadState: Sending oneway calls to frozen process.
07-03 20:04:21.896  1565  1740 I AiAiEcho: EchoTargets: 
07-03 20:04:21.896  1565  1740 I AiAiEcho: Filtered by AiAi flag check: 
07-03 20:04:21.896  1565  1740 I AiAiEcho: [CONTEXT ratelimit_period="10 SECONDS" ]
07-03 20:04:21.896   574   574 W IPCThreadState: Sending oneway calls to frozen process.
07-03 20:04:21.896   574   574 W IPCThreadState: Sending oneway calls to frozen process.
07-03 20:04:21.896   574   574 W IPCThreadState: Sending oneway calls to frozen process.
07-03 20:04:21.896   574   574 W IPCThreadState: Sending oneway calls to frozen process.
07-03 20:04:21.896   574   574 W IPCThreadState: Sending oneway calls to frozen process.
07-03 20:04:21.896   574   574 W IPCThreadState: Sending oneway calls to frozen process.
07-03 20:04:21.896   574   574 W IPCThreadState: Sending oneway calls to frozen process.
07-03 20:04:21.896   574   574 W IPCThreadState: Sending oneway calls to frozen process.
07-03 20:04:21.896   574   574 W IPCThreadState: Sending oneway calls to frozen process.
07-03 20:04:21.896  1565  1740 I AiAiEcho: Ranked targets strategy: SORT, count: 0, ranking metadata:  [CONTEXT ratelimit_period="10 SECONDS" ]
07-03 20:04:21.896   574   574 W IPCThreadState: Sending oneway calls to frozen process.
07-03 20:04:21.896   574   574 W IPCThreadState: Sending oneway calls to frozen process.
07-03 20:04:21.896  1565  1740 I AiAiEcho: #remoteViewsTwiddler: feature disabled.
07-03 20:04:21.896   574   574 W IPCThreadState: Sending oneway calls to frozen process.
07-03 20:04:21.896   574   574 W IPCThreadState: Sending oneway calls to frozen process.
07-03 20:04:21.896   574   574 W IPCThreadState: Sending oneway calls to frozen process.
07-03 20:04:21.896  1565  1740 I AiAiEcho: #postPredictionTargets: Sending updates to UISurface lockscreen with targets# 0 (types=[])
07-03 20:04:21.896   574   574 W IPCThreadState: Sending oneway calls to frozen process.
07-03 20:04:21.896   574   574 D BatterySaverPolicy: accessibility changed to true, updating policy.
07-03 20:04:21.896  1565  1740 I AiAiEcho: #postPredictionTargets: Sending updates to UISurface home with targets# 0 (types=[])
07-03 20:04:21.897  1256  1256 D SsBaseTemplateCard: No text view can be set up
07-03 20:04:21.897  1256  1256 D SsBaseTemplateCard: Passed-in item info is null
07-03 20:04:21.897  1256  1256 D SsBaseTemplateCard: Passed-in item info is null
07-03 20:04:21.897  1256  1256 D SsBaseTemplateCard: Passed-in item info is null
07-03 20:04:21.897  1256  1256 I SsBaseTemplateCard: Secondary card pane is null
07-03 20:04:21.897  1565  2119 I AiAiEcho: Settings changed for uri: content://settings/secure/accessibility_enabled
07-03 20:04:21.897  1565  1740 I AiAiEcho: Predicting[0]:  [CONTEXT sampling_count=5 ]
07-03 20:04:21.897  1565  1740 I AiAiEcho: EchoTargets: 
07-03 20:04:21.897  1565  1740 I AiAiEcho: Filtered by AiAi flag check: 
07-03 20:04:21.897  1565  1740 I AiAiEcho: [CONTEXT ratelimit_period="10 SECONDS" ]
07-03 20:04:21.897  1565  1740 I AiAiEcho: Ranked targets strategy: SORT, count: 0, ranking metadata:  [CONTEXT ratelimit_period="10 SECONDS" ]
07-03 20:04:21.897  1565  1740 I AiAiEcho: #remoteViewsTwiddler: feature disabled.
07-03 20:04:21.897  1565  1740 I AiAiEcho: #postPredictionTargets: Sending updates to UISurface lockscreen with targets# 0 (types=[])
07-03 20:04:21.898  1565  1740 I AiAiEcho: Predicting[0]:  [CONTEXT sampling_count=5 ]
07-03 20:04:21.898  1565  1740 I AiAiEcho: EchoTargets: 
07-03 20:04:21.898  1565  1740 I AiAiEcho: Filtered by AiAi flag check: 
07-03 20:04:21.898  1565  1740 I AiAiEcho: [CONTEXT ratelimit_period="10 SECONDS" ]
07-03 20:04:21.898  1565  1740 I AiAiEcho: Ranked targets strategy: SORT, count: 0, ranking metadata:  [CONTEXT ratelimit_period="10 SECONDS" ]
07-03 20:04:21.898  1565  1740 I AiAiEcho: #remoteViewsTwiddler: feature disabled.
07-03 20:04:21.898  1565  1740 I AiAiEcho: #postPredictionTargets: Sending updates to UISurface home with targets# 0 (types=[])
07-03 20:04:21.898   963   963 W PageIndicator: Total number of pages invalid: 0. Assuming 1 page.
07-03 20:04:21.898   963   963 W PageIndicator: Total number of pages invalid: 0. Assuming 1 page.
07-03 20:04:21.898  1256  1256 D SsBaseTemplateCard: No text view can be set up
07-03 20:04:21.898  1256  1256 D SsBaseTemplateCard: Passed-in item info is null
07-03 20:04:21.898  1256  1256 D SsBaseTemplateCard: Passed-in item info is null
07-03 20:04:21.898  1256  1256 D SsBaseTemplateCard: Passed-in item info is null
07-03 20:04:21.898  1256  1256 I SsBaseTemplateCard: Secondary card pane is null
07-03 20:04:22.316  1587  1853 I BistoHotwordHelper: (REDACTED) getHotwordActive::active query: %s, watch: %s, devices connected: %s
07-03 20:04:22.401  3147  3147 W JobService: onNetworkChanged() not implemented in androidx.work.impl.background.systemjob.SystemJobService. Must override in a subclass.
07-03 20:04:22.401   574   885 W IPCThreadState: Sending oneway calls to frozen process.
07-03 20:04:22.401   574   885 W IPCThreadState: Sending oneway calls to frozen process.
07-03 20:04:22.401   574   885 W IPCThreadState: Sending oneway calls to frozen process.
07-03 20:04:22.401   574   885 W IPCThreadState: Sending oneway calls to frozen process.
07-03 20:04:22.401   574   885 W IPCThreadState: Sending oneway calls to frozen process.
07-03 20:04:22.402   574   885 W IPCThreadState: Sending oneway calls to frozen process.
07-03 20:04:22.402   574   885 W IPCThreadState: Sending oneway calls to frozen process.
07-03 20:04:22.402   574   885 W IPCThreadState: Sending oneway calls to frozen process.
07-03 20:04:22.403  3331  3525 I BugleRcsEngine: handleMessage processing message:[NOTIFY_UPTIME_IGNORE_STATE_CHANGED] with [non-null]:RcsEngineImpl reference [CONTEXT log_prefix="RcsEngineImpl[DUAL_REG]:[222fa7f2-00a8]>Handler" thread_id=66 ]
07-03 20:04:22.404  1145  1167 E PhoneInterfaceManager: getCarrierPrivilegeStatusForUid: Invalid subId
07-03 20:04:22.404  3331  3385 I BugleRcsEngine: Connected state: [1], networkType: [WIFI] [CONTEXT thread_id=60 ]
07-03 20:04:22.404  1268  2234 I ChimeraSrvcProxy: NullBinder for android.net.action.RECOMMEND_NETWORKS triggering remote TransactionTooLargeException due to Service without Chimera impl
07-03 20:04:22.404  1268  2234 W .gms.persistent: Large reply transaction of 1056768 bytes, interface descriptor , code 1
07-03 20:04:22.404  3331  3525 I BugleRcsEngine: RCS Configuration storage in Bugle is disabled by p/h flag, using ProvisioningEngineStateCacheUtil.getProvisioningConfigurationForGivenSimIfExist() [CONTEXT log_prefix="ProvisioningEngineDataRetriever" thread_id=66 ]
07-03 20:04:22.660  3147  3268 E MDD     : DownloadProgressMonitor: Can't find file group for uri: android://com.google.android.apps.messaging/files/datadownload/shared/public/datadownloadfile_1783080163617
07-03 20:04:22.804   385  4363 D android.hardware.audio@7.1-impl.ranchu: threadLoop: entering standby, frames: 298112
07-03 20:04:22.903  4424  4424 W AccessibilityNodeInfoDumper: Fetch time: 3ms
07-03 20:04:22.904   574   599 W MagnificationConnectionManager: requestConnection duplicated request: connect=false, mConnectionState=DISCONNECTED
07-03 20:04:22.904   574   599 D AccessibilityManagerService: restoreCurrentUserForTestAutomationIfNeededLocked(): ignoring because device doesn't support visible background users
07-03 20:04:22.904   574   574 W IPCThreadState: Sending oneway calls to frozen process.
07-03 20:04:22.904   574   574 W IPCThreadState: Sending oneway calls to frozen process.
07-03 20:04:22.904  1565  2119 I AiAiEcho: Settings changed for uri: content://settings/secure/accessibility_enabled
07-03 20:04:22.904   574   574 W IPCThreadState: Sending oneway calls to frozen process.
07-03 20:04:22.905   574   574 W IPCThreadState: Sending oneway calls to frozen process.
07-03 20:04:22.905  1565  1740 I AiAiEcho: Predicting[0]:  [CONTEXT sampling_count=5 ]
07-03 20:04:22.905  1565  1740 I AiAiEcho: EchoTargets: 
07-03 20:04:22.905  1565  1740 I AiAiEcho: Filtered by AiAi flag check: 
07-03 20:04:22.905  1565  1740 I AiAiEcho: [CONTEXT ratelimit_period="10 SECONDS" ]
07-03 20:04:22.905   574   574 W IPCThreadState: Sending oneway calls to frozen process.
07-03 20:04:22.905  1565  1740 I AiAiEcho: Ranked targets strategy: SORT, count: 0, ranking metadata:  [CONTEXT ratelimit_period="10 SECONDS" ]
07-03 20:04:22.905   574   574 W IPCThreadState: Sending oneway calls to frozen process.
07-03 20:04:22.905  1565  1740 I AiAiEcho: #remoteViewsTwiddler: feature disabled.
07-03 20:04:22.905  1565  1740 I AiAiEcho: Predicting[0]:  [CONTEXT sampling_count=5 ]
07-03 20:04:22.905  1565  1740 I AiAiEcho: EchoTargets: 
07-03 20:04:22.905  1565  1740 I AiAiEcho: Filtered by AiAi flag check: 
07-03 20:04:22.905  1565  1740 I AiAiEcho: [CONTEXT ratelimit_period="10 SECONDS" ]
07-03 20:04:22.905   574   574 W IPCThreadState: Sending oneway calls to frozen process.
07-03 20:04:22.905  1565  1740 I AiAiEcho: Ranked targets strategy: SORT, count: 0, ranking metadata:  [CONTEXT ratelimit_period="10 SECONDS" ]
07-03 20:04:22.905   574   574 W IPCThreadState: Sending oneway calls to frozen process.
07-03 20:04:22.905  4424  4424 D AndroidRuntime: Shutting down VM
07-03 20:04:22.905  1565  1740 I AiAiEcho: #remoteViewsTwiddler: feature disabled.
07-03 20:04:22.905   574   574 W IPCThreadState: Sending oneway calls to frozen process.
07-03 20:04:22.905   574   574 W IPCThreadState: Sending oneway calls to frozen process.
07-03 20:04:22.905  1565  1740 I AiAiEcho: #postPredictionTargets: Sending updates to UISurface lockscreen with targets# 0 (types=[])
07-03 20:04:22.905   574   574 W IPCThreadState: Sending oneway calls to frozen process.
07-03 20:04:22.905  1565  1740 I AiAiEcho: #postPredictionTargets: Sending updates to UISurface home with targets# 0 (types=[])
07-03 20:04:22.905   574   574 W IPCThreadState: Sending oneway calls to frozen process.
07-03 20:04:22.906   574   574 W IPCThreadState: Sending oneway calls to frozen process.
07-03 20:04:22.906   574   574 W IPCThreadState: Sending oneway calls to frozen process.
07-03 20:04:22.906   574   574 W IPCThreadState: Sending oneway calls to frozen process.
07-03 20:04:22.906   574   574 W IPCThreadState: Sending oneway calls to frozen process.
07-03 20:04:22.906   574   574 W IPCThreadState: Sending oneway calls to frozen process.
07-03 20:04:22.906  1256  1256 D SsBaseTemplateCard: No text view can be set up
07-03 20:04:22.906  1256  1256 D SsBaseTemplateCard: Passed-in item info is null
07-03 20:04:22.906  1256  1256 D SsBaseTemplateCard: Passed-in item info is null
07-03 20:04:22.906  1256  1256 D SsBaseTemplateCard: Passed-in item info is null
07-03 20:04:22.906  1256  1256 I SsBaseTemplateCard: Secondary card pane is null
07-03 20:04:22.906   574   574 W IPCThreadState: Sending oneway calls to frozen process.
07-03 20:04:22.906   574   574 D BatterySaverPolicy: accessibility changed to false, updating policy.
07-03 20:04:22.907   963   963 W PageIndicator: Total number of pages invalid: 0. Assuming 1 page.
07-03 20:04:23.003   574   599 D OomAdjuster: Not killing cached processes
07-03 20:04:23.028   381   447 I netd    : tetherGetStats() -> {[]} <0.72ms>
07-03 20:04:23.377  3147  3292 D dasx    : Starting download: https://c.tenor.com/MoAa3UtDdLUAAAAk/tenor.gif
07-03 20:04:23.377  3147  3292 V dasx    : Is http uri, downloading (uri: https://c.tenor.com/MoAa3UtDdLUAAAAk/tenor.gif)
07-03 20:04:23.783  4438  4438 W BpBinder: Linking to death on android.gui.ISurfaceComposer but there are no threads (yet?) listening to incoming transactions. See ProcessState::startThreadPool and ProcessState::setThreadPoolMaxThreadCount. Generally you should setup the binder threadpool before other initialization steps.
07-03 20:04:23.783  4438  4438 W ProcessState: Extra binder thread started, but 0 threads requested. Do not use *startThreadPool when zero threads are requested.
07-03 20:04:23.787  3147  3296 E MDD     : DownloadProgressMonitor: Can't find file group for uri: android://com.google.android.apps.messaging/files/datadownload/shared/public/datadownloadfile_1783080163618
07-03 20:04:23.788  3147  3268 D dasx    : Starting download: https://c.tenor.com/o3L7L8w_NXAAAAAk/tenor.gif
07-03 20:04:23.788  3147  3268 V dasx    : Is http uri, downloading (uri: https://c.tenor.com/o3L7L8w_NXAAAAAk/tenor.gif)
07-03 20:04:23.788   165   165 I hwservicemanager: getTransport: Cannot find entry android.hardware.graphics.mapper@4.0::IMapper/default in either framework or device VINTF manifest.
07-03 20:04:23.788  4438  4439 I Gralloc4: mapper 4.x is not supported
--------- beginning of kernel
07-03 20:04:23.827     0     0 I servicemanager: Caller(pid=4438,uid=2000,sid=u:r:shell:s0) Could not find android.hardware.graphics.allocator.IAllocator/default in the VINTF manifest. No alternative instances declared in VINTF.
07-03 20:04:23.807  3147  3292 E MDD     : DownloadProgressMonitor: Can't find file group for uri: android://com.google.android.apps.messaging/files/datadownload/shared/public/datadownloadfile_1783080163619
07-03 20:04:23.808  3147  3296 D dasx    : Starting download: https://c.tenor.com/KZeqHbPPStQAAAAk/tenor.gif
07-03 20:04:23.808  3147  3296 V dasx    : Is http uri, downloading (uri: https://c.tenor.com/KZeqHbPPStQAAAAk/tenor.gif)
07-03 20:04:23.896   428   663 D audioserver: logFgsApiBegin: FGS Logger Transaction failed, -129
07-03 20:04:23.896   574  1255 W AS.PlaybackActivityMon: No piid assigned for invalid/internal port id 15
07-03 20:04:23.901  4173  4188 D EGL_emulation: app_time_stats: avg=96.69ms min=5.08ms max=3247.61ms count=41
07-03 20:04:23.932  4173  4173 D AutofillManager: view not autofillable - not passing ime action check
07-03 20:04:23.933  4173  4173 D AutofillManager: view not autofillable - not passing ime action check
07-03 20:04:23.945   428   551 D AudioFlinger: mixer(0x74a871cb58e0) throttle end: throttle time(33)
07-03 20:04:24.059   428   551 D audioserver: logFgsApiEnd: FGS Logger Transaction failed, -129
07-03 20:04:24.089  4173  4446 D TrafficStats: tagSocket(104) with statsTag=0xffffffff, statsUid=-1
07-03 20:04:24.298  3147  3268 E MDD     : DownloadProgressMonitor: Can't find file group for uri: android://com.google.android.apps.messaging/files/datadownload/shared/public/datadownloadfile_1783080163620
07-03 20:04:24.304  3147  3292 D dasx    : Starting download: https://c.tenor.com/wWtvUtYhKtQAAAAk/tenor.gif
07-03 20:04:24.304  3147  3292 V dasx    : Is http uri, downloading (uri: https://c.tenor.com/wWtvUtYhKtQAAAAk/tenor.gif)
07-03 20:04:24.529  3147  3296 E MDD     : DownloadProgressMonitor: Can't find file group for uri: android://com.google.android.apps.messaging/files/datadownload/shared/public/datadownloadfile_1783080163621
07-03 20:04:24.531  3147  3268 D dasx    : Starting download: https://c.tenor.com/3Ii7ppIZlbcAAAAk/tenor.gif
07-03 20:04:24.531  3147  3268 V dasx    : Is http uri, downloading (uri: https://c.tenor.com/3Ii7ppIZlbcAAAAk/tenor.gif)
07-03 20:04:25.404  3147  3147 W JobService: onNetworkChanged() not implemented in androidx.work.impl.background.systemjob.SystemJobService. Must override in a subclass.
07-03 20:04:25.405   574   885 W IPCThreadState: Sending oneway calls to frozen process.
07-03 20:04:25.405   574   885 W IPCThreadState: Sending oneway calls to frozen process.
07-03 20:04:25.405   574   885 W IPCThreadState: Sending oneway calls to frozen process.
07-03 20:04:25.405   574   885 W IPCThreadState: Sending oneway calls to frozen process.
07-03 20:04:25.405   574   885 W IPCThreadState: Sending oneway calls to frozen process.
07-03 20:04:25.406   574   885 W IPCThreadState: Sending oneway calls to frozen process.
07-03 20:04:25.406   574   885 W IPCThreadState: Sending oneway calls to frozen process.
07-03 20:04:25.406   574   885 W IPCThreadState: Sending oneway calls to frozen process.
07-03 20:04:25.406  1268  2234 I ChimeraSrvcProxy: NullBinder for android.net.action.RECOMMEND_NETWORKS triggering remote TransactionTooLargeException due to Service without Chimera impl
07-03 20:04:25.406  1268  2234 W .gms.persistent: Large reply transaction of 1056768 bytes, interface descriptor , code 1
07-03 20:04:25.406  3331  3385 I BugleRcsEngine: Connected state: [1], networkType: [WIFI] [CONTEXT thread_id=60 ]
07-03 20:04:25.406  3331  3525 I BugleRcsEngine: handleMessage processing message:[NOTIFY_UPTIME_IGNORE_STATE_CHANGED] with [non-null]:RcsEngineImpl reference [CONTEXT log_prefix="RcsEngineImpl[DUAL_REG]:[222fa7f2-00a8]>Handler" thread_id=66 ]
07-03 20:04:25.407  1145  1167 E PhoneInterfaceManager: getCarrierPrivilegeStatusForUid: Invalid subId
07-03 20:04:25.407  3331  3525 I BugleRcsEngine: RCS Configuration storage in Bugle is disabled by p/h flag, using ProvisioningEngineStateCacheUtil.getProvisioningConfigurationForGivenSimIfExist() [CONTEXT log_prefix="ProvisioningEngineDataRetriever" thread_id=66 ]
07-03 20:04:25.526  3147  3292 E MDD     : DownloadProgressMonitor: Can't find file group for uri: android://com.google.android.apps.messaging/files/datadownload/shared/public/datadownloadfile_1783080163622
07-03 20:04:25.526  3147  3268 E MDD     : DownloadProgressMonitor: Can't find file group for uri: android://com.google.android.apps.messaging/files/datadownload/shared/public/datadownloadfile_1783080163623
07-03 20:04:25.526  3147  3296 D dasx    : Starting download: https://c.tenor.com/U1Oz7bKFABAAAAAk/tenor.gif
07-03 20:04:25.526  3147  3296 V dasx    : Is http uri, downloading (uri: https://c.tenor.com/U1Oz7bKFABAAAAAk/tenor.gif)
07-03 20:04:25.527  3147  3292 D dasx    : Starting download: https://c.tenor.com/d-TyoEwlIlsAAAAk/tenor.gif
07-03 20:04:25.527  3147  3292 V dasx    : Is http uri, downloading (uri: https://c.tenor.com/d-TyoEwlIlsAAAAk/tenor.gif)
07-03 20:04:25.530  4173  4188 D EGL_emulation: app_time_stats: avg=28.80ms min=7.26ms max=760.39ms count=51
07-03 20:04:25.954  4449  4449 D AndroidRuntime: >>>>>> START com.android.internal.os.RuntimeInit uid 2000 <<<<<<
07-03 20:04:25.956  4449  4449 I AndroidRuntime: Using default boot image
07-03 20:04:25.956  4449  4449 I AndroidRuntime: Leaving lock profiling enabled
07-03 20:04:25.958  4449  4449 I app_process: Core platform API reporting enabled, enforcing=false
07-03 20:04:25.958  4449  4449 I app_process: Using CollectorTypeCMC GC.
07-03 20:04:26.006  4449  4449 D nativeloader: InitDefaultPublicLibraries for_preload=1: libandroid.so:libaaudio.so:libamidi.so:libbinder_ndk.so:libc.so:libcamera2ndk.so:libdl.so:libEGL.so:libGLESv1_CM.so:libGLESv2.so:libGLESv3.so:libicu.so:libicui18n.so:libicuuc.so:libjnigraphics.so:liblog.so:libmediandk.so:libm.so:libnativehelper.so:libnativewindow.so:libOpenMAXAL.so:libOpenSLES.so:libRS.so:libstdc++.so:libsync.so:libvulkan.so:libwebviewchromium_plat_support.so:libz.so
07-03 20:04:26.014  4449  4449 D nativeloader: Load libicu_jni.so using APEX ns com_android_art for caller /apex/com.android.art/javalib/core-oj.jar: ok
07-03 20:04:26.014  4449  4449 D app_process: u_setTimeZoneFilesDirectory("/apex/com.android.tzdata/etc/tz/versioned/8/icu") succeeded. 
07-03 20:04:26.014  4449  4449 D app_process: I18n APEX ICU file found: /apex/com.android.i18n/etc/icu/icudt75l.dat
07-03 20:04:26.014  4449  4449 D nativeloader: Load libjavacore.so using APEX ns com_android_art for caller /apex/com.android.art/javalib/core-oj.jar: ok
07-03 20:04:26.015  4449  4449 D nativeloader: Load libopenjdk.so using APEX ns com_android_art for caller /apex/com.android.art/javalib/core-oj.jar: ok
07-03 20:04:26.016  4449  4449 W app_process: Unexpected CPU variant for x86: x86_64.
07-03 20:04:26.016  4449  4449 W app_process: Known variants: atom, sandybridge, silvermont, goldmont, goldmont-plus, goldmont-without-sha-xsaves, tremont, kabylake, default
07-03 20:04:26.017  4449  4449 W app_process: ClassLoaderContext shared library size mismatch. Expected=2, found=0 (PCL[]{PCL[/system/framework/android.test.base.jar*724373495]#PCL[/system/framework/android.test.mock.jar*1452759902]} | PCL[])
07-03 20:04:26.017  4449  4449 W app_process: ClassLoaderContext classpath size mismatch. expected=0, found=1 (PCL[]{PCL[/system/framework/android.test.runner.jar*2496447986]#PCL[/system/framework/android.test.base.jar*724373495]} | PCL[/system/framework/android.test.runner.jar*2496447986])
07-03 20:04:26.031  4449  4449 D nativeloader: Load libframework-connectivity-tiramisu-jni.so using APEX ns com_android_tethering for caller /apex/com.android.tethering/javalib/framework-connectivity-t.jar: ok
07-03 20:04:26.031  4449  4449 D AndroidRuntime: Calling main entry com.android.commands.uiautomator.Launcher
07-03 20:04:26.033  4449  4449 D UiAutomationConnection: Created on user UserHandle{0}
07-03 20:04:26.033  4449  4449 I UiAutomation: Initialized for user 0 on display 0
07-03 20:04:26.033  4449  4449 W UiAutomation: Created with deprecatead constructor, assumes DEFAULT_DISPLAY
07-03 20:04:26.033   574  1639 D AccessibilityManagerService: changeCurrentUserForTestAutomationIfNeededLocked(0): ignoring because device doesn't support visible background users
07-03 20:04:26.033   574  1639 I UiAutomationManager: Registering UiTestAutomationService (id=com.android.server.accessibility/UiAutomation, flags=0x0) when called by user 0
07-03 20:04:26.034   574  1639 W MagnificationConnectionManager: requestConnection duplicated request: connect=false, mConnectionState=DISCONNECTED
07-03 20:04:26.034  1565  2119 I AiAiEcho: Settings changed for uri: content://settings/secure/accessibility_enabled
07-03 20:04:26.034   574   574 W IPCThreadState: Sending oneway calls to frozen process.
07-03 20:04:26.034  1565  1740 I AiAiEcho: Predicting[0]:  [CONTEXT sampling_count=5 ]
07-03 20:04:26.034   574   574 W IPCThreadState: Sending oneway calls to frozen process.
07-03 20:04:26.034  1565  1740 I AiAiEcho: EchoTargets: 
07-03 20:04:26.034  1565  1740 I AiAiEcho: Filtered by AiAi flag check: 
07-03 20:04:26.034  1565  1740 I AiAiEcho: [CONTEXT ratelimit_period="10 SECONDS" ]
07-03 20:04:26.034   574   574 W IPCThreadState: Sending oneway calls to frozen process.
07-03 20:04:26.034   574   574 W IPCThreadState: Sending oneway calls to frozen process.
07-03 20:04:26.034  1565  1740 I AiAiEcho: Ranked targets strategy: SORT, count: 0, ranking metadata:  [CONTEXT ratelimit_period="10 SECONDS" ]
07-03 20:04:26.034   574   574 W IPCThreadState: Sending oneway calls to frozen process.
07-03 20:04:26.035  1565  1740 I AiAiEcho: #remoteViewsTwiddler: feature disabled.
07-03 20:04:26.035  4449  4460 V UiAutomation: Init UiAutomation@256cc80[id=4, displayId=0, flags=0]
07-03 20:04:26.035   574   574 W IPCThreadState: Sending oneway calls to frozen process.
07-03 20:04:26.035   574   574 W IPCThreadState: Sending oneway calls to frozen process.
07-03 20:04:26.035   574   574 W IPCThreadState: Sending oneway calls to frozen process.
07-03 20:04:26.035  1565  1740 I AiAiEcho: Predicting[0]:  [CONTEXT sampling_count=5 ]
07-03 20:04:26.035  1565  1740 I AiAiEcho: EchoTargets: 
07-03 20:04:26.035  1565  1740 I AiAiEcho: Filtered by AiAi flag check: 
07-03 20:04:26.035  1565  1740 I AiAiEcho: [CONTEXT ratelimit_period="10 SECONDS" ]
07-03 20:04:26.035   574   574 W IPCThreadState: Sending oneway calls to frozen process.
07-03 20:04:26.035   574   574 W IPCThreadState: Sending oneway calls to frozen process.
07-03 20:04:26.035   574   574 W IPCThreadState: Sending oneway calls to frozen process.
07-03 20:04:26.035  1565  1740 I AiAiEcho: Ranked targets strategy: SORT, count: 0, ranking metadata:  [CONTEXT ratelimit_period="10 SECONDS" ]
07-03 20:04:26.035  1565  1740 I AiAiEcho: #remoteViewsTwiddler: feature disabled.
07-03 20:04:26.035   574   574 W IPCThreadState: Sending oneway calls to frozen process.
07-03 20:04:26.035   574  1255 W MagnificationConnectionManager: requestConnection duplicated request: connect=false, mConnectionState=DISCONNECTED
07-03 20:04:26.035   574   574 W IPCThreadState: Sending oneway calls to frozen process.
07-03 20:04:26.035   574   574 W IPCThreadState: Sending oneway calls to frozen process.
07-03 20:04:26.035  1565  1740 I AiAiEcho: #postPredictionTargets: Sending updates to UISurface lockscreen with targets# 0 (types=[])
07-03 20:04:26.036  1565  1740 I AiAiEcho: #postPredictionTargets: Sending updates to UISurface home with targets# 0 (types=[])
07-03 20:04:26.036   574   574 W IPCThreadState: Sending oneway calls to frozen process.
07-03 20:04:26.036   963   963 W PageIndicator: Total number of pages invalid: 0. Assuming 1 page.
07-03 20:04:26.037  1565  2119 I AiAiEcho: Settings changed for uri: content://settings/secure/accessibility_enabled
07-03 20:04:26.037   574   574 W IPCThreadState: Sending oneway calls to frozen process.
07-03 20:04:26.037   574   574 W IPCThreadState: Sending oneway calls to frozen process.
07-03 20:04:26.037   574   574 W IPCThreadState: Sending oneway calls to frozen process.
07-03 20:04:26.037   574   574 W IPCThreadState: Sending oneway calls to frozen process.
07-03 20:04:26.037   574   574 W IPCThreadState: Sending oneway calls to frozen process.
07-03 20:04:26.037   574   574 W IPCThreadState: Sending oneway calls to frozen process.
07-03 20:04:26.037   574   574 W IPCThreadState: Sending oneway calls to frozen process.
07-03 20:04:26.037   574   574 W IPCThreadState: Sending oneway calls to frozen process.
07-03 20:04:26.037   574   574 W IPCThreadState: Sending oneway calls to frozen process.
07-03 20:04:26.037   574   574 W IPCThreadState: Sending oneway calls to frozen process.
07-03 20:04:26.037   574   574 W IPCThreadState: Sending oneway calls to frozen process.
07-03 20:04:26.037   574   574 W IPCThreadState: Sending oneway calls to frozen process.
07-03 20:04:26.037   574   574 W IPCThreadState: Sending oneway calls to frozen process.
07-03 20:04:26.037   574   574 W IPCThreadState: Sending oneway calls to frozen process.
07-03 20:04:26.037   574   574 W IPCThreadState: Sending oneway calls to frozen process.
07-03 20:04:26.037   574   574 D BatterySaverPolicy: accessibility changed to true, updating policy.
07-03 20:04:26.037  1565  1740 I AiAiEcho: Predicting[0]:  [CONTEXT sampling_count=5 ]
07-03 20:04:26.037  1565  1740 I AiAiEcho: EchoTargets: 
07-03 20:04:26.037  1565  1740 I AiAiEcho: Filtered by AiAi flag check: 
07-03 20:04:26.037  1565  1740 I AiAiEcho: [CONTEXT ratelimit_period="10 SECONDS" ]
07-03 20:04:26.038  1565  1740 I AiAiEcho: Ranked targets strategy: SORT, count: 0, ranking metadata:  [CONTEXT ratelimit_period="10 SECONDS" ]
07-03 20:04:26.038  1565  1740 I AiAiEcho: #remoteViewsTwiddler: feature disabled.
07-03 20:04:26.038  1565  1740 I AiAiEcho: Predicting[0]:  [CONTEXT sampling_count=5 ]
07-03 20:04:26.038  1565  1740 I AiAiEcho: EchoTargets: 
07-03 20:04:26.038  1565  1740 I AiAiEcho: Filtered by AiAi flag check: 
07-03 20:04:26.038  1565  1740 I AiAiEcho: [CONTEXT ratelimit_period="10 SECONDS" ]
07-03 20:04:26.038  1565  1740 I AiAiEcho: Ranked targets strategy: SORT, count: 0, ranking metadata:  [CONTEXT ratelimit_period="10 SECONDS" ]
07-03 20:04:26.038  1565  1740 I AiAiEcho: #remoteViewsTwiddler: feature disabled.
07-03 20:04:26.038  1256  1256 D SsBaseTemplateCard: No text view can be set up
07-03 20:04:26.038  1565  1740 I AiAiEcho: #postPredictionTargets: Sending updates to UISurface lockscreen with targets# 0 (types=[])
07-03 20:04:26.038   963   963 W PageIndicator: Total number of pages invalid: 0. Assuming 1 page.
07-03 20:04:26.038  1565  1740 I AiAiEcho: #postPredictionTargets: Sending updates to UISurface home with targets# 0 (types=[])
07-03 20:04:26.038  1256  1256 D SsBaseTemplateCard: Passed-in item info is null
07-03 20:04:26.038  1256  1256 D SsBaseTemplateCard: Passed-in item info is null
07-03 20:04:26.038  1256  1256 D SsBaseTemplateCard: Passed-in item info is null
07-03 20:04:26.038  1256  1256 I SsBaseTemplateCard: Secondary card pane is null
07-03 20:04:26.038  1256  1256 D SsBaseTemplateCard: No text view can be set up
07-03 20:04:26.038  1256  1256 D SsBaseTemplateCard: Passed-in item info is null
07-03 20:04:26.038  1256  1256 D SsBaseTemplateCard: Passed-in item info is null
07-03 20:04:26.038  1256  1256 D SsBaseTemplateCard: Passed-in item info is null
07-03 20:04:26.038  1256  1256 I SsBaseTemplateCard: Secondary card pane is null
07-03 20:04:26.243  3147  3296 E MDD     : DownloadProgressMonitor: Can't find file group for uri: android://com.google.android.apps.messaging/files/datadownload/shared/public/datadownloadfile_1783080163624
07-03 20:04:26.244  3147  3268 D dasx    : Starting download: https://c.tenor.com/zc-otLzgOrwAAAAk/tenor.gif
07-03 20:04:26.244  3147  3268 V dasx    : Is http uri, downloading (uri: https://c.tenor.com/zc-otLzgOrwAAAAk/tenor.gif)
07-03 20:04:26.335  3147  3292 E MDD     : DownloadProgressMonitor: Can't find file group for uri: android://com.google.android.apps.messaging/files/datadownload/shared/public/datadownloadfile_1783080163625
07-03 20:04:26.938   385  4363 D android.hardware.audio@7.1-impl.ranchu: threadLoop: entering standby, frames: 447168
07-03 20:04:26.960  3147  3296 D dasx    : Starting download: https://c.tenor.com/eN9rJki5nkgAAAAk/tenor.gif
07-03 20:04:26.960  3147  3296 V dasx    : Is http uri, downloading (uri: https://c.tenor.com/eN9rJki5nkgAAAAk/tenor.gif)
07-03 20:04:27.006  3147  3268 E MDD     : DownloadProgressMonitor: Can't find file group for uri: android://com.google.android.apps.messaging/files/datadownload/shared/public/datadownloadfile_1783080163626
07-03 20:04:27.042  4449  4449 W AccessibilityNodeInfoDumper: Fetch time: 3ms
07-03 20:04:27.042   574   599 W MagnificationConnectionManager: requestConnection duplicated request: connect=false, mConnectionState=DISCONNECTED
07-03 20:04:27.042   574   599 D AccessibilityManagerService: restoreCurrentUserForTestAutomationIfNeededLocked(): ignoring because device doesn't support visible background users
07-03 20:04:27.043  1565  2119 I AiAiEcho: Settings changed for uri: content://settings/secure/accessibility_enabled
07-03 20:04:27.043   574   574 W IPCThreadState: Sending oneway calls to frozen process.
07-03 20:04:27.043   574   574 W IPCThreadState: Sending oneway calls to frozen process.
07-03 20:04:27.043  4449  4449 D AndroidRuntime: Shutting down VM
07-03 20:04:27.043   574   574 W IPCThreadState: Sending oneway calls to frozen process.
07-03 20:04:27.043  1565  1740 I AiAiEcho: Predicting[0]:  [CONTEXT sampling_count=5 ]
07-03 20:04:27.043   574   574 W IPCThreadState: Sending oneway calls to frozen process.
07-03 20:04:27.043   574   574 W IPCThreadState: Sending oneway calls to frozen process.
07-03 20:04:27.043  1565  1740 I AiAiEcho: EchoTargets: 
07-03 20:04:27.043  1565  1740 I AiAiEcho: Filtered by AiAi flag check: 
07-03 20:04:27.043  1565  1740 I AiAiEcho: [CONTEXT ratelimit_period="10 SECONDS" ]
07-03 20:04:27.043  1565  1740 I AiAiEcho: Ranked targets strategy: SORT, count: 0, ranking metadata:  [CONTEXT ratelimit_period="10 SECONDS" ]
07-03 20:04:27.043   574   574 W IPCThreadState: Sending oneway calls to frozen process.
07-03 20:04:27.043   574   574 W IPCThreadState: Sending oneway calls to frozen process.
07-03 20:04:27.043  1565  1740 I AiAiEcho: #remoteViewsTwiddler: feature disabled.
07-03 20:04:27.043   574   574 W IPCThreadState: Sending oneway calls to frozen process.
07-03 20:04:27.043   574   574 W IPCThreadState: Sending oneway calls to frozen process.
07-03 20:04:27.043   574   574 W IPCThreadState: Sending oneway calls to frozen process.
07-03 20:04:27.043  1565  1740 I AiAiEcho: Predicting[0]:  [CONTEXT sampling_count=5 ]
07-03 20:04:27.043   574   574 W IPCThreadState: Sending oneway calls to frozen process.
07-03 20:04:27.043  1565  1740 I AiAiEcho: EchoTargets: 
07-03 20:04:27.043  1565  1740 I AiAiEcho: Filtered by AiAi flag check: 
07-03 20:04:27.043  1565  1740 I AiAiEcho: [CONTEXT ratelimit_period="10 SECONDS" ]
07-03 20:04:27.043  1565  1740 I AiAiEcho: Ranked targets strategy: SORT, count: 0, ranking metadata:  [CONTEXT ratelimit_period="10 SECONDS" ]
07-03 20:04:27.043   574   574 W IPCThreadState: Sending oneway calls to frozen process.
07-03 20:04:27.043  1565  1740 I AiAiEcho: #remoteViewsTwiddler: feature disabled.
07-03 20:04:27.044   574   574 W IPCThreadState: Sending oneway calls to frozen process.
07-03 20:04:27.044   574   574 W IPCThreadState: Sending oneway calls to frozen process.
07-03 20:04:27.044   574   574 W IPCThreadState: Sending oneway calls to frozen process.
07-03 20:04:27.044   574   574 W IPCThreadState: Sending oneway calls to frozen process.
07-03 20:04:27.044   574   574 W IPCThreadState: Sending oneway calls to frozen process.
07-03 20:04:27.044  1565  1740 I AiAiEcho: #postPredictionTargets: Sending updates to UISurface lockscreen with targets# 0 (types=[])
07-03 20:04:27.044   574   574 W IPCThreadState: Sending oneway calls to frozen process.
07-03 20:04:27.044   574   574 D BatterySaverPolicy: accessibility changed to false, updating policy.
07-03 20:04:27.045  1565  1740 I AiAiEcho: #postPredictionTargets: Sending updates to UISurface home with targets# 0 (types=[])
07-03 20:04:27.045  1256  1256 D SsBaseTemplateCard: No text view can be set up
07-03 20:04:27.045  1256  1256 D SsBaseTemplateCard: Passed-in item info is null
07-03 20:04:27.045   963   963 W PageIndicator: Total number of pages invalid: 0. Assuming 1 page.
07-03 20:04:27.045  1256  1256 D SsBaseTemplateCard: Passed-in item info is null
07-03 20:04:27.045  1256  1256 D SsBaseTemplateCard: Passed-in item info is null
07-03 20:04:27.045  1256  1256 I SsBaseTemplateCard: Secondary card pane is null
07-03 20:04:27.101  3147  3292 D dasx    : Starting download: https://c.tenor.com/nwKEYMyzCj0AAAAk/tenor.gif
07-03 20:04:27.101  3147  3292 V dasx    : Is http uri, downloading (uri: https://c.tenor.com/nwKEYMyzCj0AAAAk/tenor.gif)
07-03 20:04:27.370  3147  3296 E MDD     : DownloadProgressMonitor: Can't find file group for uri: android://com.google.android.apps.messaging/files/datadownload/shared/public/datadownloadfile_1783080163627
07-03 20:04:27.371  3147  3268 D dasx    : Starting download: https://c.tenor.com/yIGMxqme4k4AAAAk/tenor.gif
07-03 20:04:27.371  3147  3268 V dasx    : Is http uri, downloading (uri: https://c.tenor.com/yIGMxqme4k4AAAAk/tenor.gif)
07-03 20:04:27.705  3147  3292 E MDD     : DownloadProgressMonitor: Can't find file group for uri: android://com.google.android.apps.messaging/files/datadownload/shared/public/datadownloadfile_1783080163628
07-03 20:04:27.918  4463  4463 W BpBinder: Linking to death on android.gui.ISurfaceComposer but there are no threads (yet?) listening to incoming transactions. See ProcessState::startThreadPool and ProcessState::setThreadPoolMaxThreadCount. Generally you should setup the binder threadpool before other initialization steps.
07-03 20:04:27.918  4463  4463 W ProcessState: Extra binder thread started, but 0 threads requested. Do not use *startThreadPool when zero threads are requested.
07-03 20:04:27.923   165   165 I hwservicemanager: getTransport: Cannot find entry android.hardware.graphics.mapper@4.0::IMapper/default in either framework or device VINTF manifest.
07-03 20:04:27.923  4463  4464 I Gralloc4: mapper 4.x is not supported
07-03 20:04:27.961     0     0 I servicemanager: Caller(pid=4463,uid=2000,sid=u:r:shell:s0) Could not find android.hardware.graphics.allocator.IAllocator/default in the VINTF manifest. No alternative instances declared in VINTF.
