--------- beginning of main
07-03 20:03:39.456  3147  3292 E MDD     : DownloadProgressMonitor: Can't find file group for uri: android://com.google.android.apps.messaging/files/datadownload/shared/public/datadownloadfile_1783080163503
07-03 20:03:39.457  3147  3265 D dasx    : Starting download: https://c.tenor.com/GEfom6TUKQIAAAAk/tenor.gif
07-03 20:03:39.457  3147  3265 V dasx    : Is http uri, downloading (uri: https://c.tenor.com/GEfom6TUKQIAAAAk/tenor.gif)
--------- beginning of system
07-03 20:03:39.466   574   682 D ActivityManager: freezing 966 com.google.android.permissioncontroller
07-03 20:03:39.467   574   885 D InetDiagMessage: Destroyed 0 sockets, proto=IPPROTO_TCP, family=AF_INET, states=14
07-03 20:03:39.468   574   885 D InetDiagMessage: Destroyed 0 sockets, proto=IPPROTO_TCP, family=AF_INET6, states=14
07-03 20:03:39.468   574   885 D InetDiagMessage: Destroyed live tcp sockets for uids={10187} in 1ms
07-03 20:03:39.725   189  4269 I keystore2: system/security/keystore2/watchdog/src/lib.rs:319 - Watchdog thread idle -> terminating. Have a great day.
07-03 20:03:39.871  3147  3296 E MDD     : DownloadProgressMonitor: Can't find file group for uri: android://com.google.android.apps.messaging/files/datadownload/shared/public/datadownloadfile_1783080163504
07-03 20:03:39.873  3147  3292 D dasx    : Starting download: https://c.tenor.com/jPgPgvg4CjoAAAAk/tenor.gif
07-03 20:03:39.873  3147  3292 V dasx    : Is http uri, downloading (uri: https://c.tenor.com/jPgPgvg4CjoAAAAk/tenor.gif)
07-03 20:03:39.910  1649  2612 I A       : (REDACTED) Writing metadata key: %s, corpus: %s
07-03 20:03:39.911  1649  2612 I A       : (REDACTED) Writing metadata key: %s, corpus: %s
07-03 20:03:39.928  3147  3265 E MDD     : DownloadProgressMonitor: Can't find file group for uri: android://com.google.android.apps.messaging/files/datadownload/shared/public/datadownloadfile_1783080163505
07-03 20:03:39.933  3147  3296 D dasx    : Starting download: https://c.tenor.com/CSkw57W8v1wAAAAk/tenor.gif
07-03 20:03:39.933  3147  3296 V dasx    : Is http uri, downloading (uri: https://c.tenor.com/CSkw57W8v1wAAAAk/tenor.gif)
07-03 20:03:39.941  1268  1274 W .gms.persistent: ApkAssets: Deleting an ApkAssets object '<empty> and /product/priv-app/Velvet/Velvet.apk' with 1 weak references
07-03 20:03:40.135  1649  2511 I A       : (REDACTED) Writing metadata key: %s, corpus: %s
07-03 20:03:40.135  1649  2511 I A       : (REDACTED) Writing metadata key: %s, corpus: %s
07-03 20:03:40.152  1649  2618 I A       : (REDACTED) Writing metadata key: %s, corpus: %s
07-03 20:03:40.152  1649  2618 I A       : (REDACTED) Writing metadata key: %s, corpus: %s
07-03 20:03:40.156  1649  1865 W MDD     : No download stage experiment ids found even though experiment info is set.
07-03 20:03:40.156  1649  1865 W MDD     : No download stage experiment ids found even though experiment info is set.
07-03 20:03:40.157  1649  1865 I A       : (REDACTED) Writing metadata key: %s, corpus: %s
07-03 20:03:40.157  1649  1865 I A       : (REDACTED) Writing metadata key: %s, corpus: %s
07-03 20:03:40.330  3147  3292 E MDD     : DownloadProgressMonitor: Can't find file group for uri: android://com.google.android.apps.messaging/files/datadownload/shared/public/datadownloadfile_1783080163506
07-03 20:03:40.332  3147  3265 D dasx    : Starting download: https://c.tenor.com/gOG397-puAsAAAAk/tenor.gif
07-03 20:03:40.332  3147  3265 V dasx    : Is http uri, downloading (uri: https://c.tenor.com/gOG397-puAsAAAAk/tenor.gif)
07-03 20:03:40.355  1649  2612 D t       : Starting download: https://dl.google.com/mdi-serving/agsa-apa-bisto-hotword-models/18257/fee3dfa32c28cf1560d4b3d5339e09d63ad0fbad
07-03 20:03:40.355  1649  2612 V t       : Is http uri, downloading (uri: https://dl.google.com/mdi-serving/agsa-apa-bisto-hotword-models/18257/fee3dfa32c28cf1560d4b3d5339e09d63ad0fbad)
07-03 20:03:40.710  4307  4307 D AndroidRuntime: >>>>>> START com.android.internal.os.RuntimeInit uid 2000 <<<<<<
07-03 20:03:40.710  4311  4311 W BpBinder: Linking to death on android.gui.ISurfaceComposer but there are no threads (yet?) listening to incoming transactions. See ProcessState::startThreadPool and ProcessState::setThreadPoolMaxThreadCount. Generally you should setup the binder threadpool before other initialization steps.
07-03 20:03:40.711  4311  4311 W ProcessState: Extra binder thread started, but 0 threads requested. Do not use *startThreadPool when zero threads are requested.
07-03 20:03:40.717  4307  4307 I AndroidRuntime: Using default boot image
07-03 20:03:40.717  4307  4307 I AndroidRuntime: Leaving lock profiling enabled
07-03 20:03:40.722   165   165 I hwservicemanager: getTransport: Cannot find entry android.hardware.graphics.mapper@4.0::IMapper/default in either framework or device VINTF manifest.
07-03 20:03:40.722  4307  4307 I app_process: Core platform API reporting enabled, enforcing=false
07-03 20:03:40.722  4311  4312 I Gralloc4: mapper 4.x is not supported
--------- beginning of kernel
07-03 20:03:40.759     0     0 I servicemanager: Caller(pid=4311,uid=2000,sid=u:r:shell:s0) Could not find android.hardware.graphics.allocator.IAllocator/default in the VINTF manifest. No alternative instances declared in VINTF.
07-03 20:03:40.723  4307  4307 I app_process: Using CollectorTypeCMC GC.
07-03 20:03:40.781  1649  2616 D t       : Starting download: https://dl.google.com/mdi-serving/agsa-apa-bisto-hotword-models/18257/4b27947fbabf9ae976b682889ecb1434118ab82c
07-03 20:03:40.781  1649  2616 V t       : Is http uri, downloading (uri: https://dl.google.com/mdi-serving/agsa-apa-bisto-hotword-models/18257/4b27947fbabf9ae976b682889ecb1434118ab82c)
07-03 20:03:40.781  3147  3296 E MDD     : DownloadProgressMonitor: Can't find file group for uri: android://com.google.android.apps.messaging/files/datadownload/shared/public/datadownloadfile_1783080163507
07-03 20:03:40.782  1649  2612 E MDD     : DownloadProgressMonitor: Can't find file group for uri: android://com.google.android.googlequicksearchbox/files/datadownload/shared/public/datadownloadfile_1783080154928
07-03 20:03:40.783  3147  3292 D dasx    : Starting download: https://c.tenor.com/fynlBjSoN7kAAAAk/tenor.gif
07-03 20:03:40.783  3147  3292 V dasx    : Is http uri, downloading (uri: https://c.tenor.com/fynlBjSoN7kAAAAk/tenor.gif)
07-03 20:03:40.784  1649  1865 D t       : Starting download: https://www.gstatic.com/federated_assistant/poliy_config_smart_dictation-v598965937.binarypb
07-03 20:03:40.784  1649  1865 V t       : Is http uri, downloading (uri: https://www.gstatic.com/federated_assistant/poliy_config_smart_dictation-v598965937.binarypb)
07-03 20:03:40.814  4307  4307 D nativeloader: InitDefaultPublicLibraries for_preload=1: libandroid.so:libaaudio.so:libamidi.so:libbinder_ndk.so:libc.so:libcamera2ndk.so:libdl.so:libEGL.so:libGLESv1_CM.so:libGLESv2.so:libGLESv3.so:libicu.so:libicui18n.so:libicuuc.so:libjnigraphics.so:liblog.so:libmediandk.so:libm.so:libnativehelper.so:libnativewindow.so:libOpenMAXAL.so:libOpenSLES.so:libRS.so:libstdc++.so:libsync.so:libvulkan.so:libwebviewchromium_plat_support.so:libz.so
07-03 20:03:40.850  3147  3265 E MDD     : DownloadProgressMonitor: Can't find file group for uri: android://com.google.android.apps.messaging/files/datadownload/shared/public/datadownloadfile_1783080163508
07-03 20:03:40.851  4307  4307 D nativeloader: Load libicu_jni.so using APEX ns com_android_art for caller /apex/com.android.art/javalib/core-oj.jar: ok
07-03 20:03:40.851  4307  4307 D app_process: u_setTimeZoneFilesDirectory("/apex/com.android.tzdata/etc/tz/versioned/8/icu") succeeded. 
07-03 20:03:40.851  4307  4307 D app_process: I18n APEX ICU file found: /apex/com.android.i18n/etc/icu/icudt75l.dat
07-03 20:03:40.851  3147  3296 D dasx    : Starting download: https://c.tenor.com/wCB5JtcL9k4AAAAk/tenor.gif
07-03 20:03:40.851  3147  3296 V dasx    : Is http uri, downloading (uri: https://c.tenor.com/wCB5JtcL9k4AAAAk/tenor.gif)
07-03 20:03:40.854  4307  4307 D nativeloader: Load libjavacore.so using APEX ns com_android_art for caller /apex/com.android.art/javalib/core-oj.jar: ok
07-03 20:03:40.856  4307  4307 D nativeloader: Load libopenjdk.so using APEX ns com_android_art for caller /apex/com.android.art/javalib/core-oj.jar: ok
07-03 20:03:40.857  4307  4307 W app_process: Unexpected CPU variant for x86: x86_64.
07-03 20:03:40.857  4307  4307 W app_process: Known variants: atom, sandybridge, silvermont, goldmont, goldmont-plus, goldmont-without-sha-xsaves, tremont, kabylake, default
07-03 20:03:40.862  4307  4307 W app_process: ClassLoaderContext shared library size mismatch. Expected=2, found=0 (PCL[]{PCL[/system/framework/android.test.base.jar*724373495]#PCL[/system/framework/android.test.mock.jar*1452759902]} | PCL[])
07-03 20:03:40.865  4307  4307 W app_process: ClassLoaderContext classpath size mismatch. expected=0, found=1 (PCL[]{PCL[/system/framework/android.test.runner.jar*2496447986]#PCL[/system/framework/android.test.base.jar*724373495]} | PCL[/system/framework/android.test.runner.jar*2496447986])
07-03 20:03:40.887  4307  4307 D nativeloader: Load libframework-connectivity-tiramisu-jni.so using APEX ns com_android_tethering for caller /apex/com.android.tethering/javalib/framework-connectivity-t.jar: ok
07-03 20:03:40.888  4307  4307 D AndroidRuntime: Calling main entry com.android.commands.uiautomator.Launcher
07-03 20:03:40.889  4307  4307 D UiAutomationConnection: Created on user UserHandle{0}
07-03 20:03:40.889  4307  4307 I UiAutomation: Initialized for user 0 on display 0
07-03 20:03:40.889  4307  4307 W UiAutomation: Created with deprecatead constructor, assumes DEFAULT_DISPLAY
07-03 20:03:40.890   574  1721 D AccessibilityManagerService: changeCurrentUserForTestAutomationIfNeededLocked(0): ignoring because device doesn't support visible background users
07-03 20:03:40.890   574  1721 I UiAutomationManager: Registering UiTestAutomationService (id=com.android.server.accessibility/UiAutomation, flags=0x0) when called by user 0
07-03 20:03:40.894   574  1721 W MagnificationConnectionManager: requestConnection duplicated request: connect=false, mConnectionState=DISCONNECTED
07-03 20:03:40.894  1565  2805 I AiAiEcho: Settings changed for uri: content://settings/secure/accessibility_enabled
07-03 20:03:40.894   574   574 W IPCThreadState: Sending oneway calls to frozen process.
07-03 20:03:40.894  1565  1740 I AiAiEcho: Predicting[0]:  [CONTEXT sampling_count=5 ]
07-03 20:03:40.894  1565  1740 I AiAiEcho: EchoTargets: 
07-03 20:03:40.894  1565  1740 I AiAiEcho: Filtered by AiAi flag check: 
07-03 20:03:40.894  1565  1740 I AiAiEcho: [CONTEXT ratelimit_period="10 SECONDS" ]
07-03 20:03:40.894  1565  1740 I AiAiEcho: Ranked targets strategy: SORT, count: 0, ranking metadata:  [CONTEXT ratelimit_period="10 SECONDS" ]
07-03 20:03:40.894  1565  1740 I AiAiEcho: #remoteViewsTwiddler: feature disabled.
07-03 20:03:40.894   574   574 W IPCThreadState: Sending oneway calls to frozen process.
07-03 20:03:40.894  1565  1740 I AiAiEcho: Predicting[0]:  [CONTEXT sampling_count=5 ]
07-03 20:03:40.894  1565  1740 I AiAiEcho: EchoTargets: 
07-03 20:03:40.894  1565  1740 I AiAiEcho: Filtered by AiAi flag check: 
07-03 20:03:40.894  1565  1740 I AiAiEcho: [CONTEXT ratelimit_period="10 SECONDS" ]
07-03 20:03:40.894  1565  1740 I AiAiEcho: Ranked targets strategy: SORT, count: 0, ranking metadata:  [CONTEXT ratelimit_period="10 SECONDS" ]
07-03 20:03:40.894  1565  1740 I AiAiEcho: #remoteViewsTwiddler: feature disabled.
07-03 20:03:40.895  4307  4323 V UiAutomation: Init UiAutomation@eb7feb[id=1, displayId=0, flags=0]
07-03 20:03:40.895  1565  1740 I AiAiEcho: #postPredictionTargets: Sending updates to UISurface lockscreen with targets# 0 (types=[])
07-03 20:03:40.895   574   574 W IPCThreadState: Sending oneway calls to frozen process.
07-03 20:03:40.895   574   574 W IPCThreadState: Sending oneway calls to frozen process.
07-03 20:03:40.895  1565  1740 I AiAiEcho: #postPredictionTargets: Sending updates to UISurface home with targets# 0 (types=[])
07-03 20:03:40.895   574   574 W IPCThreadState: Sending oneway calls to frozen process.
07-03 20:03:40.895   963   963 W PageIndicator: Total number of pages invalid: 0. Assuming 1 page.
07-03 20:03:40.895   574   574 W IPCThreadState: Sending oneway calls to frozen process.
07-03 20:03:40.896   574  1721 W MagnificationConnectionManager: requestConnection duplicated request: connect=false, mConnectionState=DISCONNECTED
07-03 20:03:40.896  1565  2805 I AiAiEcho: Settings changed for uri: content://settings/secure/accessibility_enabled
07-03 20:03:40.896   574   574 W IPCThreadState: Sending oneway calls to frozen process.
07-03 20:03:40.896   574   574 W IPCThreadState: Sending oneway calls to frozen process.
07-03 20:03:40.896  1565  1740 I AiAiEcho: Predicting[0]:  [CONTEXT sampling_count=5 ]
07-03 20:03:40.896  1565  1740 I AiAiEcho: EchoTargets: 
07-03 20:03:40.896  1565  1740 I AiAiEcho: Filtered by AiAi flag check: 
07-03 20:03:40.896  1565  1740 I AiAiEcho: [CONTEXT ratelimit_period="10 SECONDS" ]
07-03 20:03:40.896  1565  1740 I AiAiEcho: Ranked targets strategy: SORT, count: 0, ranking metadata:  [CONTEXT ratelimit_period="10 SECONDS" ]
07-03 20:03:40.896   574   574 W IPCThreadState: Sending oneway calls to frozen process.
07-03 20:03:40.896  1565  1740 I AiAiEcho: #remoteViewsTwiddler: feature disabled.
07-03 20:03:40.896  1565  1740 I AiAiEcho: Predicting[0]:  [CONTEXT sampling_count=5 ]
07-03 20:03:40.896  1565  1740 I AiAiEcho: EchoTargets: 
07-03 20:03:40.896  1565  1740 I AiAiEcho: Filtered by AiAi flag check: 
07-03 20:03:40.896  1565  1740 I AiAiEcho: [CONTEXT ratelimit_period="10 SECONDS" ]
07-03 20:03:40.896  1565  1740 I AiAiEcho: Ranked targets strategy: SORT, count: 0, ranking metadata:  [CONTEXT ratelimit_period="10 SECONDS" ]
07-03 20:03:40.896  1565  1740 I AiAiEcho: #remoteViewsTwiddler: feature disabled.
07-03 20:03:40.897  1565  1740 I AiAiEcho: #postPredictionTargets: Sending updates to UISurface lockscreen with targets# 0 (types=[])
07-03 20:03:40.897   574   574 W IPCThreadState: Sending oneway calls to frozen process.
07-03 20:03:40.897  1565  1740 I AiAiEcho: #postPredictionTargets: Sending updates to UISurface home with targets# 0 (types=[])
07-03 20:03:40.897  1649  1862 I A       : NGA disabled since it's running Panthera and at least one a11y feature is on.
07-03 20:03:40.897   574   574 W IPCThreadState: Sending oneway calls to frozen process.
07-03 20:03:40.897  1649  1862 I A       : (REDACTED) Nga state changed to %s
07-03 20:03:40.897  1649  1862 I A       : (REDACTED) isTngActive=%s
07-03 20:03:40.897   574   574 W IPCThreadState: Sending oneway calls to frozen process.
07-03 20:03:40.897   574   574 W IPCThreadState: Sending oneway calls to frozen process.
07-03 20:03:40.897   574   574 W IPCThreadState: Sending oneway calls to frozen process.
07-03 20:03:40.898   574   574 W IPCThreadState: Sending oneway calls to frozen process.
07-03 20:03:40.898  1587  1923 I A       : (REDACTED) Nga on-device enabled based on TNG:MA active state: %b
07-03 20:03:40.898  1256  1256 D SsBaseTemplateCard: No text view can be set up
07-03 20:03:40.898  1587  1923 I A       : (REDACTED) Nga on-device enabled based on TNG:MA active state: %b
07-03 20:03:40.898  1256  1256 D SsBaseTemplateCard: Passed-in item info is null
07-03 20:03:40.898  1256  1256 D SsBaseTemplateCard: Passed-in item info is null
07-03 20:03:40.898  1256  1256 D SsBaseTemplateCard: Passed-in item info is null
07-03 20:03:40.898  1256  1256 I SsBaseTemplateCard: Secondary card pane is null
07-03 20:03:40.898  1256  1256 D SsBaseTemplateCard: No text view can be set up
07-03 20:03:40.898  1256  1256 D SsBaseTemplateCard: Passed-in item info is null
07-03 20:03:40.898  1256  1256 D SsBaseTemplateCard: Passed-in item info is null
07-03 20:03:40.898  1256  1256 D SsBaseTemplateCard: Passed-in item info is null
07-03 20:03:40.898  1256  1256 I SsBaseTemplateCard: Secondary card pane is null
07-03 20:03:40.899  1587  1923 I A       : Unsubscribed to apa or classic variant change.
07-03 20:03:40.899   574   574 D BatterySaverPolicy: accessibility changed to true, updating policy.
07-03 20:03:40.899   963   963 W PageIndicator: Total number of pages invalid: 0. Assuming 1 page.
07-03 20:03:40.976     0     0 I logd    : logdr: UID=2000 GID=2000 PID=4324 n tail=800 logMask=99 pid=0 start=0ns deadline=0ns
07-03 20:03:41.060   574   612 D OomAdjuster: Not killing cached processes
07-03 20:03:41.189  1649  1865 E MDD     : DownloadProgressMonitor: Can't find file group for uri: android://com.google.android.googlequicksearchbox/files/datadownload/shared/public/datadownloadfile_1783080154920
07-03 20:03:41.192  1649  2612 D t       : Starting download: https://www.gstatic.com/mdi-serving/299/7e594def911311b4a1008abe8453a00c296dab16
07-03 20:03:41.192  1649  2612 V t       : Is http uri, downloading (uri: https://www.gstatic.com/mdi-serving/299/7e594def911311b4a1008abe8453a00c296dab16)
07-03 20:03:41.210  3147  3292 E MDD     : DownloadProgressMonitor: Can't find file group for uri: android://com.google.android.apps.messaging/files/datadownload/shared/public/datadownloadfile_1783080163509
07-03 20:03:41.211  3147  3265 D dasx    : Starting download: https://c.tenor.com/1NpGDEgyc98AAAAk/tenor.gif
07-03 20:03:41.211  3147  3265 V dasx    : Is http uri, downloading (uri: https://c.tenor.com/1NpGDEgyc98AAAAk/tenor.gif)
07-03 20:03:41.216  1649  2616 E MDD     : DownloadProgressMonitor: Can't find file group for uri: android://com.google.android.googlequicksearchbox/files/datadownload/shared/public/datadownloadfile_1783080154929
07-03 20:03:41.218  1649  1865 D t       : Starting download: https://dl.google.com/mdi-serving/agsa-apa-head-suggest/13542/c1492740079d006799e03343170c34d56df4bdca
07-03 20:03:41.218  1649  1865 V t       : Is http uri, downloading (uri: https://dl.google.com/mdi-serving/agsa-apa-head-suggest/13542/c1492740079d006799e03343170c34d56df4bdca)
07-03 20:03:41.599  1649  2612 E MDD     : DownloadProgressMonitor: Can't find file group for uri: android://com.google.android.googlequicksearchbox/files/datadownload/shared/public/datadownloadfile_1783080154930
07-03 20:03:41.603  1649  2616 D t       : Starting download: https://www.gstatic.com/android-search/hotword/x_google/2dffe6834b5f79de5f001f1cc71b08ea/hotword.data
07-03 20:03:41.603  1649  2616 V t       : Is http uri, downloading (uri: https://www.gstatic.com/android-search/hotword/x_google/2dffe6834b5f79de5f001f1cc71b08ea/hotword.data)
07-03 20:03:41.610  1649  2511 W MDD     : No download stage experiment ids found even though experiment info is set.
07-03 20:03:41.614  1649  2511 W MDD     : No download stage experiment ids found even though experiment info is set.
07-03 20:03:41.688  1649  1865 E MDD     : DownloadProgressMonitor: Can't find file group for uri: android://com.google.android.googlequicksearchbox/files/datadownload/shared/public/datadownloadfile_1783080154926
07-03 20:03:41.734  3147  3296 E MDD     : DownloadProgressMonitor: Can't find file group for uri: android://com.google.android.apps.messaging/files/datadownload/shared/public/datadownloadfile_1783080163510
07-03 20:03:41.744  3147  3265 E MDD     : DownloadProgressMonitor: Can't find file group for uri: android://com.google.android.apps.messaging/files/datadownload/shared/public/datadownloadfile_1783080163511
07-03 20:03:41.745  3147  3292 D dasx    : Starting download: https://c.tenor.com/Aq48a65922EAAAAk/tenor.gif
07-03 20:03:41.745  3147  3292 V dasx    : Is http uri, downloading (uri: https://c.tenor.com/Aq48a65922EAAAAk/tenor.gif)
07-03 20:03:41.831   574  1639 D WifiNl80211Manager: Scan result ready event
07-03 20:03:41.832   574  1639 D WifiNative: Scan result ready event
07-03 20:03:41.836   574   878 I HalDevMgr: bestIfaceCreationProposal is null, requestIface=STA, existingIface=[name=wlan0 type=STA]
07-03 20:03:41.860  3147  3296 D dasx    : Starting download: https://c.tenor.com/ef41wTywedgAAAAk/tenor.gif
07-03 20:03:41.860  3147  3296 V dasx    : Is http uri, downloading (uri: https://c.tenor.com/ef41wTywedgAAAAk/tenor.gif)
07-03 20:03:41.860   574   885 D InetDiagMessage: Destroyed 0 sockets, proto=IPPROTO_TCP, family=AF_INET, states=14
07-03 20:03:41.865   574   885 D InetDiagMessage: Destroyed 0 sockets, proto=IPPROTO_TCP, family=AF_INET6, states=14
07-03 20:03:41.865   574   885 D InetDiagMessage: Destroyed live tcp sockets for uids={10176} in 5ms
07-03 20:03:41.866   574   885 D InetDiagMessage: Destroyed 0 sockets, proto=IPPROTO_TCP, family=AF_INET, states=14
07-03 20:03:41.866   574   885 D InetDiagMessage: Destroyed 0 sockets, proto=IPPROTO_TCP, family=AF_INET6, states=14
07-03 20:03:41.866   574   885 D InetDiagMessage: Destroyed live tcp sockets for uids={20176} in 1ms
07-03 20:03:41.902   574   885 D InetDiagMessage: Destroyed 0 sockets, proto=IPPROTO_TCP, family=AF_INET, states=14
07-03 20:03:41.903   574   885 D InetDiagMessage: Destroyed 0 sockets, proto=IPPROTO_TCP, family=AF_INET6, states=14
07-03 20:03:41.903   574   885 D InetDiagMessage: Destroyed live tcp sockets for uids={10140} in 0ms
07-03 20:03:41.903   574   885 D InetDiagMessage: Destroyed 0 sockets, proto=IPPROTO_TCP, family=AF_INET, states=14
07-03 20:03:41.903   574   885 D InetDiagMessage: Destroyed 0 sockets, proto=IPPROTO_TCP, family=AF_INET6, states=14
07-03 20:03:41.903   574   885 D InetDiagMessage: Destroyed live tcp sockets for uids={20140} in 1ms
07-03 20:03:41.906  4307  4307 W AccessibilityNodeInfoDumper: Fetch time: 0ms
07-03 20:03:41.908   574  1639 W MagnificationConnectionManager: requestConnection duplicated request: connect=false, mConnectionState=DISCONNECTED
07-03 20:03:41.909   574  1639 D AccessibilityManagerService: restoreCurrentUserForTestAutomationIfNeededLocked(): ignoring because device doesn't support visible background users
07-03 20:03:41.909   574   574 W IPCThreadState: Sending oneway calls to frozen process.
07-03 20:03:41.909  1565  2805 I AiAiEcho: Settings changed for uri: content://settings/secure/accessibility_enabled
07-03 20:03:41.909   574   574 W IPCThreadState: Sending oneway calls to frozen process.
07-03 20:03:41.909  1565  1740 I AiAiEcho: Predicting[0]:  [CONTEXT sampling_count=5 ]
07-03 20:03:41.909  1565  1740 I AiAiEcho: EchoTargets: 
07-03 20:03:41.909  1565  1740 I AiAiEcho: Filtered by AiAi flag check: 
07-03 20:03:41.909  1565  1740 I AiAiEcho: [CONTEXT ratelimit_period="10 SECONDS" ]
07-03 20:03:41.909  1565  1740 I AiAiEcho: Ranked targets strategy: SORT, count: 0, ranking metadata:  [CONTEXT ratelimit_period="10 SECONDS" ]
07-03 20:03:41.909  1565  1740 I AiAiEcho: #remoteViewsTwiddler: feature disabled.
07-03 20:03:41.909  1565  1740 I AiAiEcho: Predicting[0]:  [CONTEXT sampling_count=5 ]
07-03 20:03:41.909  1565  1740 I AiAiEcho: EchoTargets: 
07-03 20:03:41.909  1565  1740 I AiAiEcho: Filtered by AiAi flag check: 
07-03 20:03:41.909  1565  1740 I AiAiEcho: [CONTEXT ratelimit_period="10 SECONDS" ]
07-03 20:03:41.909  1565  1740 I AiAiEcho: Ranked targets strategy: SORT, count: 0, ranking metadata:  [CONTEXT ratelimit_period="10 SECONDS" ]
07-03 20:03:41.910  1565  1740 I AiAiEcho: #remoteViewsTwiddler: feature disabled.
07-03 20:03:41.910   574   574 W IPCThreadState: Sending oneway calls to frozen process.
07-03 20:03:41.910  1565  1740 I AiAiEcho: #postPredictionTargets: Sending updates to UISurface lockscreen with targets# 0 (types=[])
07-03 20:03:41.910   574   574 W IPCThreadState: Sending oneway calls to frozen process.
07-03 20:03:41.910  1565  1740 I AiAiEcho: #postPredictionTargets: Sending updates to UISurface home with targets# 0 (types=[])
07-03 20:03:41.910   963   963 W PageIndicator: Total number of pages invalid: 0. Assuming 1 page.
07-03 20:03:41.910   574   574 W IPCThreadState: Sending oneway calls to frozen process.
07-03 20:03:41.910  1256  1256 D SsBaseTemplateCard: No text view can be set up
07-03 20:03:41.910  1256  1256 D SsBaseTemplateCard: Passed-in item info is null
07-03 20:03:41.910  1256  1256 D SsBaseTemplateCard: Passed-in item info is null
07-03 20:03:41.910  1256  1256 D SsBaseTemplateCard: Passed-in item info is null
07-03 20:03:41.910  1256  1256 I SsBaseTemplateCard: Secondary card pane is null
07-03 20:03:41.910   574   574 W IPCThreadState: Sending oneway calls to frozen process.
07-03 20:03:41.912  4307  4307 D AndroidRuntime: Shutting down VM
07-03 20:03:41.912   574   574 W IPCThreadState: Sending oneway calls to frozen process.
07-03 20:03:41.912   574   574 W IPCThreadState: Sending oneway calls to frozen process.
07-03 20:03:41.912   574   574 W IPCThreadState: Sending oneway calls to frozen process.
07-03 20:03:41.912   574   574 D BatterySaverPolicy: accessibility changed to false, updating policy.
07-03 20:03:41.914  1649  1882 I A       : NGA enabled in interactor.
07-03 20:03:41.914  1649  1882 I A       : (REDACTED) Nga state changed to %s
07-03 20:03:41.914  1649  1882 I A       : (REDACTED) isTngActive=%s
07-03 20:03:41.915  1587  3723 I A       : Initializing all components
07-03 20:03:41.916  1587  1924 I A       : (REDACTED) onIsEnabledChanged, isEnabled: %s
07-03 20:03:41.916  1587  1924 W A       : Disposing empty manager. Did you forgot to subscribe observables?
07-03 20:03:41.916  1587  1924 W A       : Disposing empty manager. Did you forgot to subscribe observables?
07-03 20:03:41.916  1587  1924 W A       : Disposing empty manager. Did you forgot to subscribe observables?
07-03 20:03:41.916  1587  1924 W A       : Disposing empty manager. Did you forgot to subscribe observables?
07-03 20:03:41.916  1587  1924 W A       : Disposing empty manager. Did you forgot to subscribe observables?
07-03 20:03:41.916  1587  1924 W A       : Disposing empty manager. Did you forgot to subscribe observables?
07-03 20:03:41.916  1587  1924 W A       : Disposing empty manager. Did you forgot to subscribe observables?
07-03 20:03:41.916  1587  1924 W A       : Disposing empty manager. Did you forgot to subscribe observables?
07-03 20:03:41.916  1587  1923 I A       : (REDACTED) Nga on-device enabled based on TNG:MA active state: %b
07-03 20:03:41.916  1587  1924 W A       : Disposing empty manager. Did you forgot to subscribe observables?
07-03 20:03:41.916  1587  1924 W A       : Disposing empty manager. Did you forgot to subscribe observables?
07-03 20:03:41.917  1587  1924 W A       : Disposing empty manager. Did you forgot to subscribe observables?
07-03 20:03:41.917  1587  1924 I A       : (REDACTED) Setting session to type: %s
07-03 20:03:41.917  1587  1924 W A       : Disposing empty manager. Did you forgot to subscribe observables?
07-03 20:03:41.917  1587  1924 W A       : Disposing empty manager. Did you forgot to subscribe observables?
07-03 20:03:41.917  1587  1924 W A       : Disposing empty manager. Did you forgot to subscribe observables?
07-03 20:03:41.917  1587  1924 W A       : Disposing empty manager. Did you forgot to subscribe observables?
07-03 20:03:41.917  1587  1924 W A       : Disposing empty manager. Did you forgot to subscribe observables?
07-03 20:03:41.917  1587  1924 W A       : Disposing empty manager. Did you forgot to subscribe observables?
07-03 20:03:41.917  1587  1924 I A       : (REDACTED) setNavBarVisible: %s
07-03 20:03:41.917  1587  1924 W A       : Disposing empty manager. Did you forgot to subscribe observables?
07-03 20:03:41.917  1587  1924 W A       : Disposing empty manager. Did you forgot to subscribe observables?
07-03 20:03:41.917  1587  1924 W A       : Disposing empty manager. Did you forgot to subscribe observables?
07-03 20:03:41.917  1587  1924 W A       : Disposing empty manager. Did you forgot to subscribe observables?
07-03 20:03:41.917  1587  1924 W A       : Disposing empty manager. Did you forgot to subscribe observables?
07-03 20:03:41.917  1587  1924 W A       : Disposing empty manager. Did you forgot to subscribe observables?
07-03 20:03:41.917  1587  1924 I A       : (REDACTED) Nga on-device enabled based on TNG:MA active state: %b
07-03 20:03:41.918  1587  1924 I A       : Initialize
07-03 20:03:41.918  1587  1924 I A       : (REDACTED) on opa visibility changed %s
07-03 20:03:41.919  1587  1924 I A       : (REDACTED) on opa visibility changed %s
07-03 20:03:41.919  1587  1924 I A       : (REDACTED) stopListening(%s, %s)
07-03 20:03:41.919  1587  1924 I NgaEntryPointEventSendr: setupConnection
07-03 20:03:41.920  1587  1923 I ALT.ARCProvider: (REDACTED) #audio# activating audio request client(%s)
07-03 20:03:41.920  1587  1923 I ALT.ClientsRegy: (REDACTED) #audio# activating audio client(token(%d), %s)
07-03 20:03:41.921  1587  1924 I NgaEntryPointEventSendr: (REDACTED) State changed: %s => %s
07-03 20:03:41.921  1587  1923 I ALT.ClientsRegy: (REDACTED) #audio# enforcing concurrency state on a new client(%s, token(%d))
07-03 20:03:41.921   574   594 I BpBinder: onLastStrongRef automatically unlinking death recipients: 
07-03 20:03:41.922  1587  1924 I NgaEntryPointEventSendr: onServiceConnected
07-03 20:03:41.922  1587  1923 I ALT.AudioRoutesRegy: (REDACTED) #audio# initializing the default route(%d) for %s
07-03 20:03:41.922   574   594 I BpBinder: onLastStrongRef automatically unlinking death recipients: 
07-03 20:03:41.922  1649  1672 I A       : Calling beginBinderSession().
07-03 20:03:41.922   574   594 I BpBinder: onLastStrongRef automatically unlinking death recipients: 
07-03 20:03:41.922  1587  1923 I ALT.ARClient: (REDACTED) #audio# routing audio request client(token(%d)) to(%s)
07-03 20:03:41.923  1587  1923 I ALT.HotwordRoutesRegy: (REDACTED) #audio# initializing the default route(%s) for hotword
07-03 20:03:41.923  1649  1672 I A       : beginBinderSession(): calling binder
07-03 20:03:41.923  1587  1923 I ALT.AudioRoutesRegy: (REDACTED) #audio# updating to audio route(token(%d), %s) for %s
07-03 20:03:41.923  1587  1924 I NgaEntryPointEventSendr: (REDACTED) State changed: %s => %s
07-03 20:03:41.924   574   595 W system_server: ApkAssets: Deleting an ApkAssets object '<empty> and /product/app/LatinIMEGooglePrebuilt/LatinIMEGooglePrebuilt.apk' with 1 weak references
07-03 20:03:41.924  1587  1923 I ALT.AudioRoutesRegy: (REDACTED) #audio# audio route(token(%d), %s) OK to update
07-03 20:03:41.924  1587  1923 I ALT.AudioRoutesRegy: (REDACTED) #audio# enforcing concurrency state on a new audio route of %s
07-03 20:03:41.924   574   595 W system_server: ApkAssets: Deleting an ApkAssets object '<empty> and /product/app/GoogleTTS/GoogleTTS.apk' with 1 weak references
07-03 20:03:41.924  1587  1923 I ALT.AudioRoutesRegy: (REDACTED) #audio# disconnecting(%s) audio %s for %s
07-03 20:03:41.924   574   595 W system_server: ApkAssets: Deleting an ApkAssets object '<empty> and /product/priv-app/PrebuiltGmsCore/PrebuiltGmsCore.apk' with 1 weak references
07-03 20:03:41.924   574   595 W system_server: ApkAssets: Deleting an ApkAssets object '<empty> and /system/priv-app/InputDevices/InputDevices.apk' with 1 weak references
07-03 20:03:41.924   574   595 W system_server: ApkAssets: Deleting an ApkAssets object '<empty> and /system_ext/app/AccessibilityMenu/AccessibilityMenu.apk' with 1 weak references
07-03 20:03:41.924   574   595 W system_server: ApkAssets: Deleting an ApkAssets object '/product/overlay/AccessibilityMenu__sdk_gphone64_x86_64__auto_generated_rro_product.apk' with 1 weak references
07-03 20:03:41.924   574   595 W system_server: ApkAssets: Deleting an ApkAssets object '<empty> and /product/app/talkback/talkback.apk' with 1 weak references
07-03 20:03:41.924  1587  1924 I A       : (REDACTED) Nga on-device enabled based on TNG:MA active state: %b
07-03 20:03:41.924  1587  1923 I ALT.AudioRoutesRegy: (REDACTED) #audio# starting connection to audio route(token(%d), %s) for %s
07-03 20:03:41.924   574   595 W system_server: ApkAssets: Deleting an ApkAssets object '/vendor/overlay/EmulatorTalkBackOverlay/EmulatorTalkBackOverlay.apk' with 1 weak references
07-03 20:03:41.924   574   595 W system_server: ApkAssets: Deleting an ApkAssets object '<empty> and /product/app/PrebuiltGmail/PrebuiltGmail.apk' with 1 weak references
07-03 20:03:41.925  1587  1923 I A       : (REDACTED) State changed: %s => %s by %s and %s with %s
07-03 20:03:41.925   574   595 W system_server: ApkAssets: Deleting an ApkAssets object '<empty> and /product/app/Drive/Drive.apk' with 1 weak references
07-03 20:03:41.925  1587  1923 I A       : (REDACTED) Recognizer choice: (recognizer_type: %s, recognizer_mode: %s, choice_reason: %s)
07-03 20:03:41.925   574   595 W system_server: ApkAssets: Deleting an ApkAssets object '<empty> and /product/app/CalendarGooglePrebuilt/CalendarGooglePrebuilt.apk' with 1 weak references
07-03 20:03:41.925   574   595 W system_server: ApkAssets: Deleting an ApkAssets object '<empty> and /product/priv-app/Velvet/Velvet.apk' with 1 weak references
07-03 20:03:41.925  1587  1924 I INV.SystemUI: showGestureNav
07-03 20:03:41.925  1587  1924 I INV.SystemUI: (REDACTED) setUiHints(hints = %s)
07-03 20:03:41.925  1587  1924 I ALT.RefManager: (REDACTED) #audio# referencing(%s) to(%s), (%s)
07-03 20:03:41.926  1587  1923 I A       : (REDACTED) onActiveStateChangeEvent: %s => %s
07-03 20:03:41.927   574   604 I DropBoxManagerService: add tag=system_server_strictmode isTagEnabled=true flags=0x2
07-03 20:03:41.928  1587  1924 I A       : (REDACTED) #audio# audio routing(%s) took %d(ms)
07-03 20:03:41.928  1587  1924 I ALT.AudioEventsHolder: (REDACTED) #audio# route(%s) for audio request client(token(%d)) updated with status(%s)
07-03 20:03:41.928  1587  1923 W A       : (REDACTED) Missing generator mapping for generator %s
07-03 20:03:41.928  1587  1923 W A       : (REDACTED) Missing generator mapping for generator %s
07-03 20:03:41.928  1587  1924 I A       : Successfully initialized all components
07-03 20:03:41.929  1587  1923 W A       : (REDACTED) Missing generator mapping for generator %s
07-03 20:03:41.929   574   599 W ActivityManager: Unable to start service Intent { cmp=com.google.android.apps.tachyon/.clientapi.ClientApiService } U=0: not found
07-03 20:03:41.931  1587  1923 I A       : (REDACTED) #onActiveStateChangeEvent, newState: %s, previousState: %s.
07-03 20:03:41.932  1587  1924 I INV.SystemUI: setUiHints: finished successfully
07-03 20:03:41.934  1649  2267 W A       : (REDACTED) %s task was not run. Callback from Service received after client was disposed.
07-03 20:03:41.934   963   968 W ndroid.systemui: Missing inline cache for void com.google.android.systemui.assist.uihints.NgaMessageHandler.processBundle(android.os.Bundle, java.lang.Runnable)
07-03 20:03:41.934   963   968 W ndroid.systemui: Missing inline cache for void com.google.android.systemui.assist.uihints.NgaMessageHandler.processBundle(android.os.Bundle, java.lang.Runnable)
07-03 20:03:41.935  1587  1923 I NgaEntryPointEventSendr: (REDACTED) State changed: %s => %s (%s)
07-03 20:03:41.935  1649  2331 I PBSessionCacheImpl: (REDACTED) Deleted sessionId[%d] from persistence.
07-03 20:03:41.935  1649  2267 W SearchServiceCore: Abort, client detached.
07-03 20:03:41.935  1649  2267 W SearchServiceCore: Abort, client detached.
07-03 20:03:41.935  1649  2267 W SearchServiceCore: Abort, client detached.
07-03 20:03:41.935  1649  2267 W SearchServiceCore: Abort, client detached.
07-03 20:03:41.936  1649  2267 W SearchServiceCore: Abort, client detached.
07-03 20:03:41.936  1649  2267 W SearchServiceCore: Abort, client detached.
07-03 20:03:41.936  1649  2267 W SearchServiceCore: Abort, client detached.
07-03 20:03:41.939   381   447 I netd    : tetherGetStats() -> {[]} <0.20ms>
07-03 20:03:42.317  1649  2616 E MDD     : DownloadProgressMonitor: Can't find file group for uri: android://com.google.android.googlequicksearchbox/files/datadownload/shared/public/datadownloadfile_1783080154925
07-03 20:03:42.564  1649  2349 D t       : Starting download: https://dl.google.com/mdi-serving/agsa-apa-hotword-model/3199/ffb81d3fa060005d3ffe33e46a81b491a7c24f1e
07-03 20:03:42.564  1649  2349 V t       : Is http uri, downloading (uri: https://dl.google.com/mdi-serving/agsa-apa-hotword-model/3199/ffb81d3fa060005d3ffe33e46a81b491a7c24f1e)
07-03 20:03:42.564  3147  3292 E MDD     : DownloadProgressMonitor: Can't find file group for uri: android://com.google.android.apps.messaging/files/datadownload/shared/public/datadownloadfile_1783080163512
07-03 20:03:42.565  3147  3296 E MDD     : DownloadProgressMonitor: Can't find file group for uri: android://com.google.android.apps.messaging/files/datadownload/shared/public/datadownloadfile_1783080163513
07-03 20:03:42.567  3147  3265 D dasx    : Starting download: https://c.tenor.com/Q-QaNnhrdpMAAAAk/tenor.gif
07-03 20:03:42.567  3147  3265 V dasx    : Is http uri, downloading (uri: https://c.tenor.com/Q-QaNnhrdpMAAAAk/tenor.gif)
07-03 20:03:42.683  3147  3292 D dasx    : Starting download: https://c.tenor.com/XL-Oqt3d6NcAAAAk/tenor.gif
07-03 20:03:42.683  3147  3292 V dasx    : Is http uri, downloading (uri: https://c.tenor.com/XL-Oqt3d6NcAAAAk/tenor.gif)
07-03 20:03:43.333  1649  2349 E MDD     : DownloadProgressMonitor: Can't find file group for uri: android://com.google.android.googlequicksearchbox/files/datadownload/shared/public/datadownloadfile_1783080154927
07-03 20:03:43.335  1649  2616 D t       : Starting download: https://www.gstatic.com/federated_assistant/policy_config_federated_hotword-v610555528.binarypb
07-03 20:03:43.335  1649  2616 V t       : Is http uri, downloading (uri: https://www.gstatic.com/federated_assistant/policy_config_federated_hotword-v610555528.binarypb)
07-03 20:03:43.361  3147  3265 E MDD     : DownloadProgressMonitor: Can't find file group for uri: android://com.google.android.apps.messaging/files/datadownload/shared/public/datadownloadfile_1783080163514
07-03 20:03:43.366  1268  4284 W CCTFlatFileLogStore: Excessive logging: 64 events, 117727 bytes from log source PHENOTYPE last 6s
07-03 20:03:43.546  3147  3292 E MDD     : DownloadProgressMonitor: Can't find file group for uri: android://com.google.android.apps.messaging/files/datadownload/shared/public/datadownloadfile_1783080163515
07-03 20:03:43.547  3147  3296 D dasx    : Starting download: https://c.tenor.com/IjU5mwLSBB8AAAAk/tenor.gif
07-03 20:03:43.547  3147  3296 V dasx    : Is http uri, downloading (uri: https://c.tenor.com/IjU5mwLSBB8AAAAk/tenor.gif)
07-03 20:03:43.549  3147  3265 D dasx    : Starting download: https://c.tenor.com/z-FczidyrWEAAAAk/tenor.gif
07-03 20:03:43.549  3147  3265 V dasx    : Is http uri, downloading (uri: https://c.tenor.com/z-FczidyrWEAAAAk/tenor.gif)
07-03 20:03:43.751  1649  2616 E MDD     : DownloadProgressMonitor: Can't find file group for uri: android://com.google.android.googlequicksearchbox/files/datadownload/shared/public/datadownloadfile_1783080154919
07-03 20:03:43.760  1649  2511 E SingleDataFileGroupPop: Failed to add file group 
07-03 20:03:43.761  1649  2511 E PhFileGroupPop: Failed to add file group 
07-03 20:03:43.761  1649  2511 E PhFileGroupPop: Failed to add file group 
07-03 20:03:43.761  1649  2511 E PhFileGroupPop: Failed to add file group 
07-03 20:03:43.761  1649  2511 E PhFileGroupPop: Failed to add file group 
07-03 20:03:43.761  1649  2511 E PhFileGroupPop: Failed to add file group 
07-03 20:03:43.761  1649  2511 E PhFileGroupPop: Failed to add file group 
07-03 20:03:43.761  1649  2511 E PhFileGroupPop: Failed to add file group 
07-03 20:03:43.761  1649  2511 E PhFileGroupPop: Failed to add file group 
07-03 20:03:43.761  1649  2511 I A       : Scheduling next refresh
07-03 20:03:43.761  1649  2511 I A       : Scheduling next refresh
07-03 20:03:43.761  1649  2511 I A       : Scheduling next refresh
07-03 20:03:43.761  1649  2511 I A       : Scheduling next refresh
07-03 20:03:43.761  1649  2511 I A       : Scheduling next refresh
07-03 20:03:43.761  1649  2511 E SingleDataFileGroupPop: Failed to add file group 
07-03 20:03:43.762  1649  2511 I ZipLPPopulator: #scheduleLanguagePackDeletion
07-03 20:03:43.762  1649  2511 I ZipLPPopulator: com.google.common.f.w: MEDIUM
07-03 20:03:43.762  1649  2511 I ZipLPPopulator: 	at com.google.android.libraries.speech.b.b.k.aj.b(PG:22)
07-03 20:03:43.762  1649  2511 I ZipLPPopulator: 	at com.google.android.libraries.mdi.download.gg.y(PG:24)
07-03 20:03:43.762  1649  2511 I ZipLPPopulator: 	at com.google.android.libraries.mdi.download.dp.apply(PG:5)
07-03 20:03:43.762  1649  2511 I ZipLPPopulator: 	at com.google.apps.tiktok.tracing.ff.apply(PG:13)
07-03 20:03:43.762  1649  2511 I ZipLPPopulator: 	at com.google.common.util.concurrent.h.e(PG:3)
07-03 20:03:43.762  1649  2511 I ZipLPPopulator: 	at com.google.common.util.concurrent.j.run(PG:42)
07-03 20:03:43.762  1649  2511 I ZipLPPopulator: 	at com.google.common.util.concurrent.dl.run(PG:76)
07-03 20:03:43.762  1649  2511 I ZipLPPopulator: 	at com.google.android.libraries.k.x.run(PG:3)
07-03 20:03:43.762  1649  2511 I ZipLPPopulator: 	at java.util.concurrent.ThreadPoolExecutor.runWorker(ThreadPoolExecutor.java:1145)
07-03 20:03:43.762  1649  2511 I ZipLPPopulator: 	at java.util.concurrent.ThreadPoolExecutor$Worker.run(ThreadPoolExecutor.java:644)
07-03 20:03:43.762  1649  2511 I ZipLPPopulator: 	at com.google.android.libraries.k.b.run(PG:6)
07-03 20:03:43.762  1649  2511 I ZipLPPopulator: 	at java.lang.Thread.run(Thread.java:1012)
07-03 20:03:43.762  1649  2511 I ZipLPPopulator: 	at com.google.android.libraries.k.d.b.run(PG:74)
07-03 20:03:43.762  1649  2511 I ZipLPPopulator: #addNewFileGroups
07-03 20:03:43.762  1649  2511 I A       : #getDownloadableLanguagePacks
07-03 20:03:43.762  1649  2511 I A       : (REDACTED) Loaded languagepack (LP) flag value from latest config %s: %s
07-03 20:03:43.762  1649  2511 I A       : (REDACTED) Download file group for language pack: %s
07-03 20:03:43.762  1649  2511 W A       : (REDACTED) Locale %s is not compatible, please check manifest exists
07-03 20:03:43.763  1649  2511 I A       : getLocaleToModelSpecsMap
07-03 20:03:43.763  1649  2511 I A       : Fetching latest config from MDD...
07-03 20:03:43.763  1649  2511 I A       : (REDACTED) Found map of size: %d
07-03 20:03:43.763  1649  2027 I LPRequestState: (REDACTED) [%s] #resolveDesiredLanguagePacks
07-03 20:03:43.763  1649  2027 I A       : #getInstalledPackages
07-03 20:03:43.763  1649  2511 I HotwordModelPopulator: (REDACTED) #updateHotwordFileGroup group name: %s, raw locale: %s, locale: %s
07-03 20:03:43.764  1649  2511 I A       : getLocaleToModelSpecsMap
07-03 20:03:43.764  1649  2511 I A       : Fetching latest config from MDD...
07-03 20:03:43.764  1649  2511 I A       : (REDACTED) Found map of size: %d
07-03 20:03:43.764  1649  2511 I HotwordModelPopulator: (REDACTED) #updateHotwordFileGroup group name: %s, raw locale: %s, locale: %s
07-03 20:03:43.764  1649  2511 D PhFileGroupPop: Added file groups assistant_appintegration_appactions_config
07-03 20:03:43.767  1649  2511 D PhFileGroupPop: Added file groups fedass_policy_config_group
07-03 20:03:43.768  1649  2511 D PhFileGroupPop: Added file groups smart_dictation_policy_config_group
07-03 20:03:43.769  1649  2511 D PhFileGroupPop: Added file groups tapas_cortex
07-03 20:03:43.771  1649  1881 I LPRequestState: (REDACTED) [%s] #resolveUnusedLanguagePacks
07-03 20:03:43.771  1649  1881 I LPRequestState: (REDACTED) [%s] #resolveDesiredLanguagePacks
07-03 20:03:43.772  1649  1862 I MicroModelsUtil: (REDACTED) #getHotwordModelFromMobstore [mobstoreUri: %s]
07-03 20:03:43.772  1649  1882 I MicroModelsUtil: (REDACTED) #getHotwordModelFromMobstore [mobstoreUri: %s]
07-03 20:03:43.773  1649  1862 I HotwordModelPopulator: (REDACTED) Updated file group for locale '%s' from location: %s. Download already finished. Version: %d
07-03 20:03:43.773  1649  1862 I HotwordModelPopulator: (REDACTED) Updated file group for locale '%s' from location: %s. Download in progress, but older model found. Expected version: %d. Found version: %d
07-03 20:03:43.773  1649  1882 I HotwordModelPopulator: (REDACTED) Updated file group for locale '%s' from location: %s. Download already finished. Version: %d
07-03 20:03:43.773  1649  1882 I HotwordModelPopulator: (REDACTED) Updated file group for locale '%s' from location: %s. Download in progress, but older model found. Expected version: %d. Found version: %d
07-03 20:03:43.795  1649  2511 D t       : Starting download: https://www.gstatic.com/assistant/appintegration/models/1/662c5aa4617258c027708e2bb9323ead.binarypb
07-03 20:03:43.795  1649  2511 V t       : Is http uri, downloading (uri: https://www.gstatic.com/assistant/appintegration/models/1/662c5aa4617258c027708e2bb9323ead.binarypb)
07-03 20:03:44.017  3147  3296 E MDD     : DownloadProgressMonitor: Can't find file group for uri: android://com.google.android.apps.messaging/files/datadownload/shared/public/datadownloadfile_1783080163516
07-03 20:03:44.145  1649  1865 D t       : Starting download: https://www.gstatic.com/assistant/appintegration/models/1/05a8f7c516a3ad6c26cc4161a3dd6ac6.binarypb
07-03 20:03:44.145  1649  1865 V t       : Is http uri, downloading (uri: https://www.gstatic.com/assistant/appintegration/models/1/05a8f7c516a3ad6c26cc4161a3dd6ac6.binarypb)
07-03 20:03:44.149  1649  2027 I A       : (REDACTED) NGA Sync: MDD Task: %s done.
07-03 20:03:44.151  1649  2027 I A       : (REDACTED) NGA Sync: isNgaSyncEnabled: %s; enableFileGroupPopulator: %s; requiresMddAssets: %s
07-03 20:03:44.152  1649  2267 W SearchServiceCore: Abort, client detached.
07-03 20:03:44.152  1649  2267 W SearchServiceCore: Abort, client detached.
07-03 20:03:44.156   381   447 I netd    : tetherGetStats() -> {[]} <0.52ms>
07-03 20:03:44.160   381   447 I netd    : bandwidthSetGlobalAlert(2097152) <0.11ms>
07-03 20:03:44.161  1649  2511 E MDD     : DownloadProgressMonitor: Can't find file group for uri: android://com.google.android.googlequicksearchbox/files/datadownload/shared/public/datadownloadfile_1783080154917
07-03 20:03:44.164  1649  2616 D t       : Starting download: https://dl.google.com/assistant/nga/1/4bce3720332aff95260f75ee29bbe97bd379e868.mddz
07-03 20:03:44.164  1649  2616 V t       : Is http uri, downloading (uri: https://dl.google.com/assistant/nga/1/4bce3720332aff95260f75ee29bbe97bd379e868.mddz)
07-03 20:03:44.247  3147  3292 D dasx    : Starting download: https://c.tenor.com/sRGmaFiObpEAAAAk/tenor.gif
07-03 20:03:44.247  3147  3292 V dasx    : Is http uri, downloading (uri: https://c.tenor.com/sRGmaFiObpEAAAAk/tenor.gif)
07-03 20:03:44.339  3147  3265 E MDD     : DownloadProgressMonitor: Can't find file group for uri: android://com.google.android.apps.messaging/files/datadownload/shared/public/datadownloadfile_1783080163517
07-03 20:03:44.511  1649  1865 E MDD     : DownloadProgressMonitor: Can't find file group for uri: android://com.google.android.googlequicksearchbox/files/datadownload/shared/public/datadownloadfile_1783080154918
07-03 20:03:44.513  1649  2511 D t       : Starting download: https://dl.google.com/assistant/nga/1/17d453d07f334b7d810f8e6e05dbd6001dc45eea.mddz
07-03 20:03:44.513  1649  2511 V t       : Is http uri, downloading (uri: https://dl.google.com/assistant/nga/1/17d453d07f334b7d810f8e6e05dbd6001dc45eea.mddz)
07-03 20:03:44.525  3147  3296 D dasx    : Starting download: https://c.tenor.com/99ocPzxp960AAAAk/tenor.gif
07-03 20:03:44.525  3147  3296 V dasx    : Is http uri, downloading (uri: https://c.tenor.com/99ocPzxp960AAAAk/tenor.gif)
07-03 20:03:44.576  1649  2616 E MDD     : DownloadProgressMonitor: Can't find file group for uri: android://com.google.android.googlequicksearchbox/files/datadownload/shared/public/datadownloadfile_1783080154921_1d48ae4b292cd15bc945ae5ddedb9565d268f7e2
07-03 20:03:44.762  1649  2027 I A       : Running throttled refresh
07-03 20:03:44.762  1649  1881 I A       : Running throttled refresh
07-03 20:03:44.762  1649  2027 I A       : Running throttled refresh
07-03 20:03:44.762  1649  1881 I A       : Running throttled refresh
07-03 20:03:44.762  1649  2027 I A       : Running throttled refresh
07-03 20:03:44.764  1649  1866 W MDD     : GddFileGroupPopulator: Account was not provided, skipping private sync for corpus: GDD_AIP_TOAST_QUALITY, configuration: GddAipToastQuality
07-03 20:03:44.764  1649  1882 W MDD     : GddFileGroupPopulator: Account was not provided, skipping private sync for corpus: GDD_APA_HEAD_SUGGEST, configuration: GddAgsaApaHeadSuggest
07-03 20:03:44.765  1649  1882 W A       : (REDACTED) Corpus: %s is disabled
07-03 20:03:44.765  1649  1866 W MDD     : GddFileGroupPopulator: Account was not provided, skipping private sync for corpus: GDD_APA_HOTWORD_MODEL, configuration: GddAgsaApaHotword
07-03 20:03:44.765  1649  1881 I A       : (REDACTED) Starting batch sync for corpora: %s
07-03 20:03:44.765  1649  1882 W MDD     : GddFileGroupPopulator: Account was not provided, skipping private sync for corpus: GDD_APA_LIGHTWEIGHT_TOKENS, configuration: GddAgsaApaLightweightTokens
07-03 20:03:44.765  1649  2027 I A       : (REDACTED) Starting batch sync for corpora: %s
07-03 20:03:44.766  1649  1862 W MDD     : GddFileGroupPopulator: Account was not provided, skipping private sync for corpus: GDD_APA_BISTO, configuration: GddAgsaApaBisto
07-03 20:03:44.766  1649  2027 I A       : (REDACTED) Starting batch sync for corpora: %s
07-03 20:03:44.767  1649  1881 I A       : (REDACTED) Starting batch sync for corpora: %s
07-03 20:03:44.767  1649  1866 I DPContextParams: Building Device Properties.
07-03 20:03:44.767  1649  1882 I AppStateUtil: (REDACTED) getting App Capabilities %s
07-03 20:03:44.767  1649  1866 I DPContextParams: Building Device Properties.
07-03 20:03:44.767  1649  1862 I AppStateUtil: (REDACTED) getting App Capabilities %s
07-03 20:03:44.768  1649  2618 I A       : The GellerConfig is not present, returning null.
07-03 20:03:44.769  1649  2618 I A       : (REDACTED) The GellerConfig is not present, defaulting isUploadEnabled for corpus %s to true.
