07-03 20:03:44.769   428   663 W APM::HwModule: getDeviceDescriptor: could not find HW module for device  (AUDIO_DEVICE_OUT_WIRED_HEADSET, 00000004) address 
07-03 20:03:44.769   428   510 W APM::HwModule: getDeviceDescriptor: could not find HW module for device  (AUDIO_DEVICE_OUT_WIRED_HEADPHONE, 00000008) address 
07-03 20:03:44.769   428  3317 W APM::HwModule: getDeviceDescriptor: could not find HW module for device  (AUDIO_DEVICE_OUT_USB_HEADSET, 04000000) address 
07-03 20:03:44.769  1649  1865 I A       : (REDACTED) The syncToken for corpus %s is %s.
07-03 20:03:44.770   428  3317 W APM::HwModule: getDeviceDescriptor: could not find HW module for device  (AUDIO_DEVICE_OUT_WIRED_HEADSET, 00000004) address 
07-03 20:03:44.770   428  3317 W APM::HwModule: getDeviceDescriptor: could not find HW module for device  (AUDIO_DEVICE_OUT_WIRED_HEADPHONE, 00000008) address 
07-03 20:03:44.770   428  3317 W APM::HwModule: getDeviceDescriptor: could not find HW module for device  (AUDIO_DEVICE_OUT_USB_HEADSET, 04000000) address 
07-03 20:03:44.770  1649  1882 I DPContextParams: Building Device Properties.
07-03 20:03:44.770  1649  1862 I AppStateUtil: (REDACTED) getting App Capabilities %s
07-03 20:03:44.771   381  4330 I resolv  : GetAddrInfoHandler::run: {100 262244 100 983140 10144 0}
07-03 20:03:44.771   381  4331 I resolv  : res_nmkquery: (QUERY, IN, AAAA)
07-03 20:03:44.771   381  4332 I resolv  : res_nmkquery: (QUERY, IN, A)
07-03 20:03:44.772  1649  2618 I A       : The GellerConfig is not present, returning null.
07-03 20:03:44.772  1649  2618 I A       : (REDACTED) The GellerConfig is not present, defaulting isUploadEnabled for corpus %s to true.
07-03 20:03:44.772   428   510 W APM::HwModule: getDeviceDescriptor: could not find HW module for device  (AUDIO_DEVICE_OUT_WIRED_HEADSET, 00000004) address 
07-03 20:03:44.772   428   510 W APM::HwModule: getDeviceDescriptor: could not find HW module for device  (AUDIO_DEVICE_OUT_WIRED_HEADPHONE, 00000008) address 
07-03 20:03:44.772  1649  2618 I A       : The GellerConfig is not present, returning null.
07-03 20:03:44.772  1649  2618 I A       : (REDACTED) The GellerConfig is not present, defaulting isUploadEnabled for corpus %s to true.
07-03 20:03:44.772   428  3317 W APM::HwModule: getDeviceDescriptor: could not find HW module for device  (AUDIO_DEVICE_OUT_USB_HEADSET, 04000000) address 
07-03 20:03:44.772  1649  1865 I A       : (REDACTED) The syncToken for corpus %s is %s.
07-03 20:03:44.772  1649  2618 I A       : (REDACTED) The syncToken for corpus %s is %s.
07-03 20:03:44.772   381  4335 I resolv  : GetAddrInfoHandler::run: {100 262244 100 983140 10144 0}
07-03 20:03:44.772   381  4336 I resolv  : GetAddrInfoHandler::run: {100 262244 100 983140 10144 0}
07-03 20:03:44.772   381  4337 I resolv  : res_nmkquery: (QUERY, IN, AAAA)
07-03 20:03:44.772   381  4337 I resolv  : resolv_cache_lookup: Waiting for previous request
07-03 20:03:44.772   381  4340 I resolv  : res_nmkquery: (QUERY, IN, A)
07-03 20:03:44.772   381  4338 I resolv  : res_nmkquery: (QUERY, IN, A)
07-03 20:03:44.772   381  4339 I resolv  : res_nmkquery: (QUERY, IN, AAAA)
07-03 20:03:44.772   381  4340 I resolv  : resolv_cache_lookup: Waiting for previous request
07-03 20:03:44.772   381  4339 I resolv  : resolv_cache_lookup: Waiting for previous request
07-03 20:03:44.773  1649  2618 I A       : The GellerConfig is not present, returning null.
07-03 20:03:44.773  1649  2618 I A       : (REDACTED) The GellerConfig is not present, defaulting isUploadEnabled for corpus %s to true.
07-03 20:03:44.773  1649  2618 I A       : (REDACTED) The syncToken for corpus %s is %s.
07-03 20:03:44.773   381  4342 I resolv  : GetAddrInfoHandler::run: {100 262244 100 983140 10144 0}
07-03 20:03:44.774   381  4343 I resolv  : res_nmkquery: (QUERY, IN, AAAA)
07-03 20:03:44.774   381  4344 I resolv  : res_nmkquery: (QUERY, IN, A)
07-03 20:03:44.774   381  4343 I resolv  : resolv_cache_lookup: Waiting for previous request
07-03 20:03:44.774   381  4344 I resolv  : resolv_cache_lookup: Waiting for previous request
07-03 20:03:44.854   381  4338 I resolv  : res_nsend: used send_dg 58 terrno: 0
07-03 20:03:44.854   381  4340 I resolv  : resolv_cache_lookup: FOUND IN CACHE entry=0x7315fe2b30b0
07-03 20:03:44.854   381  4340 I resolv  : doQuery: rcode=0, ancount=1, return value=58
07-03 20:03:44.854   381  4344 I resolv  : resolv_cache_lookup: FOUND IN CACHE entry=0x7315fe2b30b0
07-03 20:03:44.854   381  4344 I resolv  : doQuery: rcode=0, ancount=1, return value=58
07-03 20:03:44.854   381  4338 I resolv  : doQuery: rcode=0, ancount=1, return value=58
07-03 20:03:44.854   381  4332 I resolv  : res_nsend: used send_dg 58 terrno: 0
07-03 20:03:44.854   381  4332 I resolv  : resolv_cache_add: ALREADY IN CACHE (0x7315fe2b30b0) ? IGNORING ADD
07-03 20:03:44.854   381  4332 I resolv  : doQuery: rcode=0, ancount=1, return value=58
07-03 20:03:44.854   381  4331 I resolv  : res_nsend: used send_dg 42 terrno: 0
07-03 20:03:44.855   381  4331 I resolv  : doQuery: rcode=0, ancount=0, return value=42
07-03 20:03:44.856  1649  2618 D TrafficStats: tagSocket(135) with statsTag=0x0, statsUid=-1
07-03 20:03:44.863   381  4337 I resolv  : res_nsend: used send_dg 42 terrno: 0
07-03 20:03:44.863   381  4343 I resolv  : res_nsend: used send_dg 42 terrno: 0
07-03 20:03:44.863   381  4339 I resolv  : res_nsend: used send_dg 42 terrno: 0
07-03 20:03:44.863   381  4343 I resolv  : doQuery: rcode=0, ancount=0, return value=42
07-03 20:03:44.863   381  4337 I resolv  : doQuery: rcode=0, ancount=0, return value=42
07-03 20:03:44.863   381  4339 I resolv  : doQuery: rcode=0, ancount=0, return value=42
07-03 20:03:44.865  1649  2349 D TrafficStats: tagSocket(136) with statsTag=0x0, statsUid=-1
07-03 20:03:44.865  1649  1865 D TrafficStats: tagSocket(138) with statsTag=0x0, statsUid=-1
07-03 20:03:44.865  1649  2612 D TrafficStats: tagSocket(137) with statsTag=0x0, statsUid=-1
07-03 20:03:44.982  3147  3292 E MDD     : DownloadProgressMonitor: Can't find file group for uri: android://com.google.android.apps.messaging/files/datadownload/shared/public/datadownloadfile_1783080163518
07-03 20:03:44.982  3147  3296 E MDD     : DownloadProgressMonitor: Can't find file group for uri: android://com.google.android.apps.messaging/files/datadownload/shared/public/datadownloadfile_1783080163519
07-03 20:03:44.983  1649  2511 E MDD     : DownloadProgressMonitor: Can't find file group for uri: android://com.google.android.googlequicksearchbox/files/datadownload/shared/public/datadownloadfile_1783080154922_a64a3f98d26fa7e7180cd6d29bf44fced216fc32
07-03 20:03:44.984  1649  2588 D t       : Starting download: https://dl.google.com/assistant/nga/1/c11ffd9ddd4f0c6433a5cb07a437812b735fa547.mddz
07-03 20:03:44.984  1649  2588 V t       : Is http uri, downloading (uri: https://dl.google.com/assistant/nga/1/c11ffd9ddd4f0c6433a5cb07a437812b735fa547.mddz)
07-03 20:03:44.985  1649  2616 D t       : Starting download: https://dl.google.com/assistant/nga/1/1658155c551c182a9c9cbdff0bc6cd4293920bc3.mddz
07-03 20:03:44.985  1649  2616 V t       : Is http uri, downloading (uri: https://dl.google.com/assistant/nga/1/1658155c551c182a9c9cbdff0bc6cd4293920bc3.mddz)
07-03 20:03:44.986  3147  3265 D dasx    : Starting download: https://c.tenor.com/CqsQZ7nURzQAAAAk/tenor.gif
07-03 20:03:44.986  3147  3265 V dasx    : Is http uri, downloading (uri: https://c.tenor.com/CqsQZ7nURzQAAAAk/tenor.gif)
07-03 20:03:45.002  3147  3292 D dasx    : Starting download: https://c.tenor.com/vTq_MrD5b1kAAAAk/tenor.gif
07-03 20:03:45.003  3147  3292 V dasx    : Is http uri, downloading (uri: https://c.tenor.com/vTq_MrD5b1kAAAAk/tenor.gif)
07-03 20:03:45.492  1649  2588 E MDD     : DownloadProgressMonitor: Can't find file group for uri: android://com.google.android.googlequicksearchbox/files/datadownload/shared/public/datadownloadfile_1783080154923_5e9da2701f510020f2592c1e5b468922569445d7
07-03 20:03:45.748  1649  2616 E MDD     : DownloadProgressMonitor: Can't find file group for uri: android://com.google.android.googlequicksearchbox/files/datadownload/shared/public/datadownloadfile_1783080154924_b56351a773b9354cf1ebcacf86f309b6489173ac
07-03 20:03:45.752  3147  3265 E MDD     : DownloadProgressMonitor: Can't find file group for uri: android://com.google.android.apps.messaging/files/datadownload/shared/public/datadownloadfile_1783080163520
07-03 20:03:45.752  3147  3292 E MDD     : DownloadProgressMonitor: Can't find file group for uri: android://com.google.android.apps.messaging/files/datadownload/shared/public/datadownloadfile_1783080163521
07-03 20:03:45.753  3147  3296 D dasx    : Starting download: https://c.tenor.com/agHN4oO4YH8AAAAk/tenor.gif
07-03 20:03:45.753  3147  3296 V dasx    : Is http uri, downloading (uri: https://c.tenor.com/agHN4oO4YH8AAAAk/tenor.gif)
07-03 20:03:45.783  1649  2618 E SingleDataFileGroupPop: Failed to add file group 
07-03 20:03:45.783  1649  2618 E PhFileGroupPop: Failed to add file group 
07-03 20:03:45.783  1649  2618 E PhFileGroupPop: Failed to add file group 
07-03 20:03:45.783  1649  2618 E PhFileGroupPop: Failed to add file group 
07-03 20:03:45.783  1649  2618 E PhFileGroupPop: Failed to add file group 
07-03 20:03:45.783  1649  2618 E PhFileGroupPop: Failed to add file group 
07-03 20:03:45.783  1649  2618 E PhFileGroupPop: Failed to add file group 
07-03 20:03:45.783  1649  2618 E PhFileGroupPop: Failed to add file group 
07-03 20:03:45.783  1649  2618 E PhFileGroupPop: Failed to add file group 
07-03 20:03:45.783  1649  2618 I A       : Scheduling next refresh
07-03 20:03:45.783  1649  2618 I A       : Scheduling next refresh
07-03 20:03:45.783  1649  2618 I A       : Scheduling next refresh
07-03 20:03:45.783  1649  2618 I A       : Scheduling next refresh
07-03 20:03:45.783  1649  2618 I A       : Scheduling next refresh
07-03 20:03:45.784  1649  2618 E SingleDataFileGroupPop: Failed to add file group 
07-03 20:03:45.784  1649  2618 I ZipLPPopulator: #scheduleLanguagePackDeletion
07-03 20:03:45.784  1649  2618 I ZipLPPopulator: com.google.common.f.w: MEDIUM
07-03 20:03:45.784  1649  2618 I ZipLPPopulator: 	at com.google.android.libraries.speech.b.b.k.aj.b(PG:22)
07-03 20:03:45.784  1649  2618 I ZipLPPopulator: 	at com.google.android.libraries.mdi.download.gg.y(PG:24)
07-03 20:03:45.784  1649  2618 I ZipLPPopulator: 	at com.google.android.libraries.mdi.download.dp.apply(PG:5)
07-03 20:03:45.784  1649  2618 I ZipLPPopulator: 	at com.google.apps.tiktok.tracing.ff.apply(PG:13)
07-03 20:03:45.784  1649  2618 I ZipLPPopulator: 	at com.google.common.util.concurrent.h.e(PG:3)
07-03 20:03:45.784  1649  2618 I ZipLPPopulator: 	at com.google.common.util.concurrent.j.run(PG:42)
07-03 20:03:45.784  1649  2618 I ZipLPPopulator: 	at com.google.common.util.concurrent.dl.run(PG:76)
07-03 20:03:45.784  1649  2618 I ZipLPPopulator: 	at com.google.android.libraries.k.x.run(PG:3)
07-03 20:03:45.784  1649  2618 I ZipLPPopulator: 	at java.util.concurrent.ThreadPoolExecutor.runWorker(ThreadPoolExecutor.java:1145)
07-03 20:03:45.784  1649  2618 I ZipLPPopulator: 	at java.util.concurrent.ThreadPoolExecutor$Worker.run(ThreadPoolExecutor.java:644)
07-03 20:03:45.784  1649  2618 I ZipLPPopulator: 	at com.google.android.libraries.k.b.run(PG:6)
07-03 20:03:45.784  1649  2618 I ZipLPPopulator: 	at java.lang.Thread.run(Thread.java:1012)
07-03 20:03:45.784  1649  2618 I ZipLPPopulator: 	at com.google.android.libraries.k.d.b.run(PG:74)
07-03 20:03:45.784  1649  2618 I ZipLPPopulator: #addNewFileGroups
07-03 20:03:45.784  1649  2618 I A       : #getDownloadableLanguagePacks
07-03 20:03:45.784  1649  2618 I A       : (REDACTED) Loaded languagepack (LP) flag value from latest config %s: %s
07-03 20:03:45.784  1649  2618 I A       : (REDACTED) Download file group for language pack: %s
07-03 20:03:45.784  1649  2618 W A       : (REDACTED) Locale %s is not compatible, please check manifest exists
07-03 20:03:45.784  1649  2618 I A       : getLocaleToModelSpecsMap
07-03 20:03:45.784  1649  2618 I A       : Fetching latest config from MDD...
07-03 20:03:45.784  1649  2618 I A       : (REDACTED) Found map of size: %d
07-03 20:03:45.784  1649  2027 I LPRequestState: (REDACTED) [%s] #resolveDesiredLanguagePacks
07-03 20:03:45.784  1649  2618 I HotwordModelPopulator: (REDACTED) #updateHotwordFileGroup group name: %s, raw locale: %s, locale: %s
07-03 20:03:45.784  1649  2027 I A       : #getInstalledPackages
07-03 20:03:45.785  1649  2618 I A       : getLocaleToModelSpecsMap
07-03 20:03:45.785  1649  2618 I A       : Fetching latest config from MDD...
07-03 20:03:45.785  1649  2618 I A       : (REDACTED) Found map of size: %d
07-03 20:03:45.785  1649  2618 I HotwordModelPopulator: (REDACTED) #updateHotwordFileGroup group name: %s, raw locale: %s, locale: %s
07-03 20:03:45.785  1649  2618 D PhFileGroupPop: Added file groups assistant_appintegration_appactions_config
07-03 20:03:45.785  1649  2618 D PhFileGroupPop: Added file groups fedass_policy_config_group
07-03 20:03:45.785  1649  2618 D PhFileGroupPop: Added file groups smart_dictation_policy_config_group
07-03 20:03:45.785  1649  2618 D PhFileGroupPop: Added file groups tapas_cortex
07-03 20:03:45.786  1649  1881 I LPRequestState: (REDACTED) [%s] #resolveUnusedLanguagePacks
07-03 20:03:45.786  1649  1881 I LPRequestState: (REDACTED) [%s] #resolveDesiredLanguagePacks
07-03 20:03:45.787  1649  1882 I MicroModelsUtil: (REDACTED) #getHotwordModelFromMobstore [mobstoreUri: %s]
07-03 20:03:45.787  1649  1883 I MicroModelsUtil: (REDACTED) #getHotwordModelFromMobstore [mobstoreUri: %s]
07-03 20:03:45.787  1649  1883 I HotwordModelPopulator: (REDACTED) Updated file group for locale '%s' from location: %s. Download already finished. Version: %d
07-03 20:03:45.787  1649  1883 I HotwordModelPopulator: (REDACTED) Updated file group for locale '%s' from location: %s. Download in progress, but older model found. Expected version: %d. Found version: %d
07-03 20:03:45.788  1649  1882 I HotwordModelPopulator: (REDACTED) Updated file group for locale '%s' from location: %s. Download already finished. Version: %d
07-03 20:03:45.788  1649  1882 I HotwordModelPopulator: (REDACTED) Updated file group for locale '%s' from location: %s. Download in progress, but older model found. Expected version: %d. Found version: %d
07-03 20:03:45.903  3147  3265 D dasx    : Starting download: https://c.tenor.com/RZuBKuhsZ38AAAAk/tenor.gif
07-03 20:03:45.903  3147  3265 V dasx    : Is http uri, downloading (uri: https://c.tenor.com/RZuBKuhsZ38AAAAk/tenor.gif)
07-03 20:03:46.207  3147  3296 E MDD     : DownloadProgressMonitor: Can't find file group for uri: android://com.google.android.apps.messaging/files/datadownload/shared/public/datadownloadfile_1783080163522
07-03 20:03:46.209  3147  3292 D dasx    : Starting download: https://c.tenor.com/luqCk8KoEe0AAAAk/tenor.gif
07-03 20:03:46.209  3147  3292 V dasx    : Is http uri, downloading (uri: https://c.tenor.com/luqCk8KoEe0AAAAk/tenor.gif)
07-03 20:03:46.248  1649  2588 I A       : (REDACTED) Writing metadata key: %s, corpus: %s
07-03 20:03:46.248  1649  2588 I A       : (REDACTED) Writing metadata key: %s, corpus: %s
07-03 20:03:46.267  1649  2349 I A       : (REDACTED) Writing metadata key: %s, corpus: %s
07-03 20:03:46.268  1649  2349 I A       : (REDACTED) Writing metadata key: %s, corpus: %s
07-03 20:03:46.276  3741  3744 I AidlLazyServiceRegistrar: Process has 0 (of 1 available) client(s) in use after notification artd has clients: 0
07-03 20:03:46.276  3741  3744 I AidlLazyServiceRegistrar: Trying to shut down the service. No clients in use for any service in process.
07-03 20:03:46.278  3741  3744 I AidlLazyServiceRegistrar: Unregistered all clients and exiting
07-03 20:03:46.315     0     0 I servicemanager: Notifying artd they don't (previously: do) have clients when we now have no record of a client
07-03 20:03:46.317     0     0 I servicemanager: Caller(pid=3741,uid=1082,sid=u:r:artd:s0) Unregistering artd
07-03 20:03:46.318     0     0 I BpBinder: onLastStrongRef automatically unlinking death recipients:
07-03 20:03:46.322     0     0 I init    : Service 'artd' (pid 3741) exited with status 0 oneshot service took 66.016998 seconds in background
07-03 20:03:46.323     0     0 I init    : Sending signal 9 to service 'artd' (pid 3741) process group...
07-03 20:03:46.324     0     0 I libprocessgroup: Removed cgroup /sys/fs/cgroup/uid_1082/pid_3741
07-03 20:03:46.623  3147  3265 E MDD     : DownloadProgressMonitor: Can't find file group for uri: android://com.google.android.apps.messaging/files/datadownload/shared/public/datadownloadfile_1783080163523
07-03 20:03:46.625  3147  3296 D dasx    : Starting download: https://c.tenor.com/3Tn6HUzAc4YAAAAk/tenor.gif
07-03 20:03:46.625  3147  3296 V dasx    : Is http uri, downloading (uri: https://c.tenor.com/3Tn6HUzAc4YAAAAk/tenor.gif)
07-03 20:03:46.651  3147  3292 E MDD     : DownloadProgressMonitor: Can't find file group for uri: android://com.google.android.apps.messaging/files/datadownload/shared/public/datadownloadfile_1783080163524
07-03 20:03:46.697  3147  3265 D dasx    : Starting download: https://c.tenor.com/l1-dLn8nwooAAAAk/tenor.gif
07-03 20:03:46.697  3147  3265 V dasx    : Is http uri, downloading (uri: https://c.tenor.com/l1-dLn8nwooAAAAk/tenor.gif)
07-03 20:03:46.784  1649  1881 I A       : Running throttled refresh
07-03 20:03:46.784  1649  1881 I A       : Running throttled refresh
07-03 20:03:46.784  1649  2027 I A       : Running throttled refresh
07-03 20:03:46.784  1649  1881 I A       : Running throttled refresh
07-03 20:03:46.784  1649  2027 I A       : Running throttled refresh
07-03 20:03:46.785  1649  1882 W MDD     : GddFileGroupPopulator: Account was not provided, skipping private sync for corpus: GDD_AIP_TOAST_QUALITY, configuration: GddAipToastQuality
07-03 20:03:46.786  1649  1866 W MDD     : GddFileGroupPopulator: Account was not provided, skipping private sync for corpus: GDD_APA_BISTO, configuration: GddAgsaApaBisto
07-03 20:03:46.786  1649  1866 W A       : (REDACTED) Corpus: %s is disabled
07-03 20:03:46.786  1649  2027 I A       : (REDACTED) Starting batch sync for corpora: %s
07-03 20:03:46.786  1649  1882 W MDD     : GddFileGroupPopulator: Account was not provided, skipping private sync for corpus: GDD_APA_HOTWORD_MODEL, configuration: GddAgsaApaHotword
07-03 20:03:46.787  1649  1866 I AppStateUtil: (REDACTED) getting App Capabilities %s
07-03 20:03:46.787  1649  1881 I A       : (REDACTED) Starting batch sync for corpora: %s
07-03 20:03:46.788  1649  1862 I DPContextParams: Building Device Properties.
07-03 20:03:46.789  1649  1883 I DPContextParams: Building Device Properties.
07-03 20:03:46.789   428   510 W APM::HwModule: getDeviceDescriptor: could not find HW module for device  (AUDIO_DEVICE_OUT_WIRED_HEADSET, 00000004) address 
07-03 20:03:46.789  1649  1882 I AppStateUtil: (REDACTED) getting App Capabilities %s
07-03 20:03:46.789   428   510 W APM::HwModule: getDeviceDescriptor: could not find HW module for device  (AUDIO_DEVICE_OUT_WIRED_HEADPHONE, 00000008) address 
07-03 20:03:46.789   428   510 W APM::HwModule: getDeviceDescriptor: could not find HW module for device  (AUDIO_DEVICE_OUT_USB_HEADSET, 04000000) address 
07-03 20:03:46.790   428   659 W APM::HwModule: getDeviceDescriptor: could not find HW module for device  (AUDIO_DEVICE_OUT_WIRED_HEADSET, 00000004) address 
07-03 20:03:46.790   428   659 W APM::HwModule: getDeviceDescriptor: could not find HW module for device  (AUDIO_DEVICE_OUT_WIRED_HEADPHONE, 00000008) address 
07-03 20:03:46.790   428   659 W APM::HwModule: getDeviceDescriptor: could not find HW module for device  (AUDIO_DEVICE_OUT_USB_HEADSET, 04000000) address 
07-03 20:03:46.792  1649  2588 I A       : The GellerConfig is not present, returning null.
07-03 20:03:46.792  1649  2588 I A       : (REDACTED) The GellerConfig is not present, defaulting isUploadEnabled for corpus %s to true.
07-03 20:03:46.792  1649  2588 I A       : The GellerConfig is not present, returning null.
07-03 20:03:46.792  1649  2588 I A       : (REDACTED) The GellerConfig is not present, defaulting isUploadEnabled for corpus %s to true.
07-03 20:03:46.792  1649  2349 I A       : (REDACTED) The syncToken for corpus %s is %s.
07-03 20:03:46.792  1649  2349 I A       : (REDACTED) The syncToken for corpus %s is %s.
07-03 20:03:46.793  1649  2349 D TrafficStats: tagSocket(131) with statsTag=0x0, statsUid=-1
07-03 20:03:46.793  1649  2588 D TrafficStats: tagSocket(137) with statsTag=0x0, statsUid=-1
07-03 20:03:46.883   574   682 D ActivityManager: freezing 2394 com.google.android.apps.wallpaper
07-03 20:03:46.885   574   885 D InetDiagMessage: Destroyed 0 sockets, proto=IPPROTO_TCP, family=AF_INET, states=14
07-03 20:03:46.885   574   885 D InetDiagMessage: Destroyed 0 sockets, proto=IPPROTO_TCP, family=AF_INET6, states=14
07-03 20:03:46.885   574   885 D InetDiagMessage: Destroyed live tcp sockets for uids={10176} in 1ms
07-03 20:03:46.896  1147  3845 D SliceBuilder: Creating slice for: com.android.settings.deviceinfo.firmwareversion.FirmwareVersionDetailPreferenceController
07-03 20:03:46.898   574   934 D OomAdjuster: Not killing cached processes
07-03 20:03:46.898  1147  3845 D SliceBuilder: Creating slice for: com.android.settings.deviceinfo.hardwareinfo.DeviceModelPreferenceController
07-03 20:03:46.899  1147  3845 D SliceBuilder: Creating slice for: com.android.settings.notification.MediaVolumePreferenceController
07-03 20:03:46.900  1147  3845 D MediaVolumePreCtrl: The slice doesn't support end item
07-03 20:03:46.901  1147  3100 D VolumeSliceHelper: Unregistering uri broadcast relay: content://com.android.settings.slices/action/media_volume
07-03 20:03:46.901  1147  3100 D SliceBroadcastRelay: Unregistering uri broadcast relay: content://com.android.settings.slices/action/volume_slices
07-03 20:03:46.901  1147  1147 D SettingsSliceProvider: Stopping background worker for: content://com.android.settings.slices/action/media_volume
07-03 20:03:46.901  1147  3448 D SlicesIndexer: Slices already indexed - returning.
07-03 20:03:46.901   574   682 D ActivityManager: freezing 3690 com.google.android.settings.intelligence
07-03 20:03:46.902  1147  3448 D VolumeSliceHelper: Registering uri for broadcast relay: content://com.android.settings.slices/action/media_volume
07-03 20:03:46.902  1147  3448 D SliceBroadcastRelay: Registering Uri for broadcast relay: content://com.android.settings.slices/action/volume_slices
07-03 20:03:46.902   574   682 D ActivityManager: Reschedule freeze for process 3690 com.google.android.settings.intelligence (outstanding txns), timeout=2691
07-03 20:03:46.902  1147  1147 D SettingsSliceProvider: Starting background worker for: content://com.android.settings.slices/action/media_volume
07-03 20:03:46.902  1147  3448 D SettingsSliceProvider: Built slice (content://com.android.settings.slices/action/media_volume) in: 1
07-03 20:03:46.942     0     0 I binder  : 574:682 ioctl 400c620e 745ece367274 returned -11
07-03 20:03:47.126   574   682 D ActivityManager: freezing 2071 com.google.android.gms.unstable
07-03 20:03:47.127   574   682 D ActivityManager: freezing 3152 com.google.android.gms.ui
07-03 20:03:47.436  3147  3296 E MDD     : DownloadProgressMonitor: Can't find file group for uri: android://com.google.android.apps.messaging/files/datadownload/shared/public/datadownloadfile_1783080163525
07-03 20:03:47.439  3147  3265 E MDD     : DownloadProgressMonitor: Can't find file group for uri: android://com.google.android.apps.messaging/files/datadownload/shared/public/datadownloadfile_1783080163526
07-03 20:03:47.440  3147  3292 D dasx    : Starting download: https://c.tenor.com/STreKj-4BGcAAAAk/tenor.gif
07-03 20:03:47.440  3147  3292 V dasx    : Is http uri, downloading (uri: https://c.tenor.com/STreKj-4BGcAAAAk/tenor.gif)
07-03 20:03:47.441  3147  3296 D dasx    : Starting download: https://c.tenor.com/_Maixn5KBNwAAAAk/tenor.gif
07-03 20:03:47.441  3147  3296 V dasx    : Is http uri, downloading (uri: https://c.tenor.com/_Maixn5KBNwAAAAk/tenor.gif)
07-03 20:03:47.491  1649  2588 I A       : (REDACTED) Writing metadata key: %s, corpus: %s
07-03 20:03:47.491  1649  2588 I A       : (REDACTED) Writing metadata key: %s, corpus: %s
07-03 20:03:47.493  1649  1883 W MDD     : GddFileGroupPopulator: Account was not provided, skipping private sync for corpus: GDD_APA_HEAD_SUGGEST, configuration: GddAgsaApaHeadSuggest
07-03 20:03:47.494  1649  1881 I A       : (REDACTED) Starting batch sync for corpora: %s
07-03 20:03:47.495  1649  2588 I A       : The GellerConfig is not present, returning null.
07-03 20:03:47.495  1649  2588 I A       : (REDACTED) The GellerConfig is not present, defaulting isUploadEnabled for corpus %s to true.
07-03 20:03:47.496  1649  2588 I A       : (REDACTED) The syncToken for corpus %s is %s.
07-03 20:03:47.496   381  4349 I resolv  : GetAddrInfoHandler::run: {100 262244 100 983140 10144 0}
07-03 20:03:47.497   381  4351 I resolv  : res_nmkquery: (QUERY, IN, A)
07-03 20:03:47.497   381  4350 I resolv  : res_nmkquery: (QUERY, IN, AAAA)
07-03 20:03:47.545   381  4351 I resolv  : res_nsend: used send_dg 58 terrno: 0
07-03 20:03:47.545   381  4351 I resolv  : doQuery: rcode=0, ancount=1, return value=58
07-03 20:03:47.545   381  4350 I resolv  : res_nsend: used send_dg 42 terrno: 0
07-03 20:03:47.545   381  4350 I resolv  : doQuery: rcode=0, ancount=0, return value=42
07-03 20:03:47.546  1649  2588 D TrafficStats: tagSocket(135) with statsTag=0x0, statsUid=-1
07-03 20:03:47.552  1649  2612 I A       : (REDACTED) Writing metadata key: %s, corpus: %s
07-03 20:03:47.552  1649  2612 I A       : (REDACTED) Writing metadata key: %s, corpus: %s
07-03 20:03:47.553  1649  1881 I A       : (REDACTED) NGA Sync: MDD Task: %s done.
07-03 20:03:47.554  1649  1862 W MDD     : GddFileGroupPopulator: Account was not provided, skipping private sync for corpus: GDD_APA_LIGHTWEIGHT_TOKENS, configuration: GddAgsaApaLightweightTokens
07-03 20:03:47.555  1649  2027 I A       : (REDACTED) Starting batch sync for corpora: %s
07-03 20:03:47.555  1649  1862 I DPContextParams: Building Device Properties.
07-03 20:03:47.556  1649  1883 I AppStateUtil: (REDACTED) getting App Capabilities %s
07-03 20:03:47.557  1649  1881 I A       : (REDACTED) NGA Sync: isNgaSyncEnabled: %s; enableFileGroupPopulator: %s; requiresMddAssets: %s
07-03 20:03:47.557   428   510 W APM::HwModule: getDeviceDescriptor: could not find HW module for device  (AUDIO_DEVICE_OUT_WIRED_HEADSET, 00000004) address 
07-03 20:03:47.557   428   659 W APM::HwModule: getDeviceDescriptor: could not find HW module for device  (AUDIO_DEVICE_OUT_WIRED_HEADPHONE, 00000008) address 
07-03 20:03:47.557   428   510 W APM::HwModule: getDeviceDescriptor: could not find HW module for device  (AUDIO_DEVICE_OUT_USB_HEADSET, 04000000) address 
07-03 20:03:47.557  1649  2267 W SearchServiceCore: Abort, client detached.
07-03 20:03:47.561  1649  2612 I A       : The GellerConfig is not present, returning null.
07-03 20:03:47.561  1649  2612 I A       : (REDACTED) The GellerConfig is not present, defaulting isUploadEnabled for corpus %s to true.
07-03 20:03:47.561  1649  2612 I A       : (REDACTED) The syncToken for corpus %s is %s.
07-03 20:03:47.562  1649  2612 D TrafficStats: tagSocket(239) with statsTag=0x0, statsUid=-1
07-03 20:03:48.153  3147  3292 E MDD     : DownloadProgressMonitor: Can't find file group for uri: android://com.google.android.apps.messaging/files/datadownload/shared/public/datadownloadfile_1783080163527
07-03 20:03:48.154  3147  3296 E MDD     : DownloadProgressMonitor: Can't find file group for uri: android://com.google.android.apps.messaging/files/datadownload/shared/public/datadownloadfile_1783080163528
07-03 20:03:48.155  3147  3265 D dasx    : Starting download: https://c.tenor.com/hzhDGN_TxvsAAAAk/tenor.gif
07-03 20:03:48.155  3147  3265 V dasx    : Is http uri, downloading (uri: https://c.tenor.com/hzhDGN_TxvsAAAAk/tenor.gif)
07-03 20:03:48.155  3147  3292 D dasx    : Starting download: https://c.tenor.com/VD1rHu4QFj8AAAAk/tenor.gif
07-03 20:03:48.155  3147  3292 V dasx    : Is http uri, downloading (uri: https://c.tenor.com/VD1rHu4QFj8AAAAk/tenor.gif)
07-03 20:03:48.358  1649  2607 I A       : (REDACTED) Writing metadata key: %s, corpus: %s
07-03 20:03:48.359  1649  2607 I A       : (REDACTED) Writing metadata key: %s, corpus: %s
07-03 20:03:48.360  1649  2616 I A       : (REDACTED) Writing metadata key: %s, corpus: %s
07-03 20:03:48.360  1649  2616 I A       : (REDACTED) Writing metadata key: %s, corpus: %s
07-03 20:03:48.766  3147  3265 E MDD     : DownloadProgressMonitor: Can't find file group for uri: android://com.google.android.apps.messaging/files/datadownload/shared/public/datadownloadfile_1783080163529
07-03 20:03:48.766  3147  3292 E MDD     : DownloadProgressMonitor: Can't find file group for uri: android://com.google.android.apps.messaging/files/datadownload/shared/public/datadownloadfile_1783080163530
07-03 20:03:48.767  3147  3296 D dasx    : Starting download: https://c.tenor.com/EcqqMuywqtYAAAAk/tenor.gif
07-03 20:03:48.767  3147  3296 V dasx    : Is http uri, downloading (uri: https://c.tenor.com/EcqqMuywqtYAAAAk/tenor.gif)
07-03 20:03:48.767  3147  3268 D dasx    : Starting download: https://c.tenor.com/W-Iql1HiBmMAAAAk/tenor.gif
07-03 20:03:48.767  3147  3268 V dasx    : Is http uri, downloading (uri: https://c.tenor.com/W-Iql1HiBmMAAAAk/tenor.gif)
07-03 20:03:49.485  1649  2349 I A       : (REDACTED) Writing metadata key: %s, corpus: %s
07-03 20:03:49.485  1649  2349 I A       : (REDACTED) Writing metadata key: %s, corpus: %s
07-03 20:03:49.600   574   682 D ActivityManager: freezing 3690 com.google.android.settings.intelligence
07-03 20:03:49.601   574   885 D InetDiagMessage: Destroyed 0 sockets, proto=IPPROTO_TCP, family=AF_INET, states=14
07-03 20:03:49.601   574   885 D InetDiagMessage: Destroyed 0 sockets, proto=IPPROTO_TCP, family=AF_INET6, states=14
07-03 20:03:49.601   574   885 D InetDiagMessage: Destroyed live tcp sockets for uids={10140} in 1ms
07-03 20:03:49.790  3147  3296 E MDD     : DownloadProgressMonitor: Can't find file group for uri: android://com.google.android.apps.messaging/files/datadownload/shared/public/datadownloadfile_1783080163531
07-03 20:03:49.790  3147  3268 E MDD     : DownloadProgressMonitor: Can't find file group for uri: android://com.google.android.apps.messaging/files/datadownload/shared/public/datadownloadfile_1783080163532
07-03 20:03:49.791  1801  1801 I wpa_supplicant: wlan0: CTRL-EVENT-BEACON-LOSS 
07-03 20:03:49.791  3147  3296 D dasx    : Starting download: https://c.tenor.com/ail0OXAQNjIAAAAk/tenor.gif
07-03 20:03:49.791  3147  3296 V dasx    : Is http uri, downloading (uri: https://c.tenor.com/ail0OXAQNjIAAAAk/tenor.gif)
07-03 20:03:49.791  3147  3292 D dasx    : Starting download: https://c.tenor.com/MHwuNDTmeV8AAAAk/tenor.gif
07-03 20:03:49.791  3147  3292 V dasx    : Is http uri, downloading (uri: https://c.tenor.com/MHwuNDTmeV8AAAAk/tenor.gif)
07-03 20:03:50.464  3147  3292 E MDD     : DownloadProgressMonitor: Can't find file group for uri: android://com.google.android.apps.messaging/files/datadownload/shared/public/datadownloadfile_1783080163533
07-03 20:03:50.465  3147  3268 D dasx    : Starting download: https://c.tenor.com/zgUM2urQsFwAAAAk/tenor.gif
07-03 20:03:50.465  3147  3268 V dasx    : Is http uri, downloading (uri: https://c.tenor.com/zgUM2urQsFwAAAAk/tenor.gif)
07-03 20:03:50.679  3147  3296 E MDD     : DownloadProgressMonitor: Can't find file group for uri: android://com.google.android.apps.messaging/files/datadownload/shared/public/datadownloadfile_1783080163534
07-03 20:03:50.679  3147  3292 D dasx    : Starting download: https://c.tenor.com/KWSi_2egDKAAAAAk/tenor.gif
07-03 20:03:50.679  3147  3292 V dasx    : Is http uri, downloading (uri: https://c.tenor.com/KWSi_2egDKAAAAAk/tenor.gif)
07-03 20:03:50.910   574   612 W IPCThreadState: Sending oneway calls to frozen process.
07-03 20:03:50.910   574   612 W IPCThreadState: Sending oneway calls to frozen process.
07-03 20:03:50.917  3147  3268 E MDD     : DownloadProgressMonitor: Can't find file group for uri: android://com.google.android.apps.messaging/files/datadownload/shared/public/datadownloadfile_1783080163535
07-03 20:03:50.919  3147  3296 D dasx    : Starting download: https://c.tenor.com/XbcbbNJsF_4AAAAk/tenor.gif
07-03 20:03:50.919  3147  3296 V dasx    : Is http uri, downloading (uri: https://c.tenor.com/XbcbbNJsF_4AAAAk/tenor.gif)
07-03 20:03:50.920  1649  2612 I A       : (REDACTED) Writing metadata key: %s, corpus: %s
07-03 20:03:50.920  1649  2612 I A       : (REDACTED) Writing metadata key: %s, corpus: %s
07-03 20:03:50.921  1649  1881 I A       : (REDACTED) NGA Sync: MDD Task: %s done.
07-03 20:03:50.923  1649  1881 I A       : (REDACTED) NGA Sync: isNgaSyncEnabled: %s; enableFileGroupPopulator: %s; requiresMddAssets: %s
07-03 20:03:50.940   381   447 I netd    : tetherGetStats() -> {[]} <0.73ms>
07-03 20:03:51.122  3147  3292 E MDD     : DownloadProgressMonitor: Can't find file group for uri: android://com.google.android.apps.messaging/files/datadownload/shared/public/datadownloadfile_1783080163536
07-03 20:03:51.124  3147  3268 D dasx    : Starting download: https://c.tenor.com/1HV4B3GCV6UAAAAk/tenor.gif
07-03 20:03:51.124  3147  3268 V dasx    : Is http uri, downloading (uri: https://c.tenor.com/1HV4B3GCV6UAAAAk/tenor.gif)
07-03 20:03:51.345  3147  3296 E MDD     : DownloadProgressMonitor: Can't find file group for uri: android://com.google.android.apps.messaging/files/datadownload/shared/public/datadownloadfile_1783080163537
07-03 20:03:51.347  3147  3292 D dasx    : Starting download: https://c.tenor.com/lngU4P3JhMMAAAAk/tenor.gif
07-03 20:03:51.347  3147  3292 V dasx    : Is http uri, downloading (uri: https://c.tenor.com/lngU4P3JhMMAAAAk/tenor.gif)
07-03 20:03:51.542  3147  3268 E MDD     : DownloadProgressMonitor: Can't find file group for uri: android://com.google.android.apps.messaging/files/datadownload/shared/public/datadownloadfile_1783080163538
07-03 20:03:51.544  3147  3296 D dasx    : Starting download: https://c.tenor.com/Gm7MRQex2zYAAAAk/tenor.gif
07-03 20:03:51.544  3147  3296 V dasx    : Is http uri, downloading (uri: https://c.tenor.com/Gm7MRQex2zYAAAAk/tenor.gif)
07-03 20:03:51.773  3147  3292 E MDD     : DownloadProgressMonitor: Can't find file group for uri: android://com.google.android.apps.messaging/files/datadownload/shared/public/datadownloadfile_1783080163539
07-03 20:03:51.775  3147  3268 D dasx    : Starting download: https://c.tenor.com/Jg2C1zZb53EAAAAk/tenor.gif
07-03 20:03:51.775  3147  3268 V dasx    : Is http uri, downloading (uri: https://c.tenor.com/Jg2C1zZb53EAAAAk/tenor.gif)
07-03 20:03:51.900   574  1122 D OomAdjuster: Not killing cached processes
07-03 20:03:51.902  1437  1437 D BoundBrokerSvc: onUnbind: Intent { act=com.google.android.gms.auth.service.START pkg=com.google.android.gms }
07-03 20:03:51.902  1437  1437 D BoundBrokerSvc: onUnbind: Intent { act=com.google.android.gms.feedback.internal.IFeedbackService dat=chimera-action:/... cmp=com.google.android.gms/.chimera.GmsBoundBrokerService }
07-03 20:03:51.914   574   612 W IPCThreadState: Sending oneway calls to frozen process.
07-03 20:03:51.932  3147  3296 E MDD     : DownloadProgressMonitor: Can't find file group for uri: android://com.google.android.apps.messaging/files/datadownload/shared/public/datadownloadfile_1783080163540
07-03 20:03:51.934  3147  3292 D dasx    : Starting download: https://c.tenor.com/SRM0gCmGM7IAAAAk/tenor.gif
07-03 20:03:51.934  3147  3292 V dasx    : Is http uri, downloading (uri: https://c.tenor.com/SRM0gCmGM7IAAAAk/tenor.gif)
07-03 20:03:52.198  3147  3268 E MDD     : DownloadProgressMonitor: Can't find file group for uri: android://com.google.android.apps.messaging/files/datadownload/shared/public/datadownloadfile_1783080163541
07-03 20:03:52.200  3147  3296 D dasx    : Starting download: https://c.tenor.com/sdy4GldL-VAAAAAk/tenor.gif
07-03 20:03:52.200  3147  3296 V dasx    : Is http uri, downloading (uri: https://c.tenor.com/sdy4GldL-VAAAAAk/tenor.gif)
07-03 20:03:52.350  3147  3292 E MDD     : DownloadProgressMonitor: Can't find file group for uri: android://com.google.android.apps.messaging/files/datadownload/shared/public/datadownloadfile_1783080163542
07-03 20:03:52.353  3147  3147 W JobService: onNetworkChanged() not implemented in androidx.work.impl.background.systemjob.SystemJobService. Must override in a subclass.
07-03 20:03:52.353  3147  3147 W JobService: onNetworkChanged() not implemented in androidx.work.impl.background.systemjob.SystemJobService. Must override in a subclass.
07-03 20:03:52.354   574   885 W IPCThreadState: Sending oneway calls to frozen process.
07-03 20:03:52.354   574   885 W IPCThreadState: Sending oneway calls to frozen process.
07-03 20:03:52.354  3147  3268 D dasx    : Starting download: https://c.tenor.com/uwVXJKa4zPAAAAAk/tenor.gif
07-03 20:03:52.354  3147  3268 V dasx    : Is http uri, downloading (uri: https://c.tenor.com/uwVXJKa4zPAAAAAk/tenor.gif)
07-03 20:03:52.356  3331  3385 I BugleRcsEngine: Connected state: [1], networkType: [WIFI] [CONTEXT thread_id=60 ]
07-03 20:03:52.356  3331  3525 I BugleRcsEngine: handleMessage processing message:[NOTIFY_UPTIME_IGNORE_STATE_CHANGED] with [non-null]:RcsEngineImpl reference [CONTEXT log_prefix="RcsEngineImpl[DUAL_REG]:[222fa7f2-00a8]>Handler" thread_id=66 ]
07-03 20:03:52.357  1145  1167 E PhoneInterfaceManager: getCarrierPrivilegeStatusForUid: Invalid subId
07-03 20:03:52.357  3331  3525 I BugleRcsEngine: RCS Configuration storage in Bugle is disabled by p/h flag, using ProvisioningEngineStateCacheUtil.getProvisioningConfigurationForGivenSimIfExist() [CONTEXT log_prefix="ProvisioningEngineDataRetriever" thread_id=66 ]
07-03 20:03:52.359  1268  1936 I ChimeraSrvcProxy: NullBinder for android.net.action.RECOMMEND_NETWORKS triggering remote TransactionTooLargeException due to Service without Chimera impl
07-03 20:03:52.359  1268  1936 W .gms.persistent: Large reply transaction of 1056768 bytes, interface descriptor , code 1
07-03 20:03:52.427  1268  1268 D BoundBrokerSvc: onUnbind: Intent { act=com.google.android.gms.scheduler.ACTION_PROXY_SCHEDULE dat=chimera-action:/... cmp=com.google.android.gms/.chimera.PersistentDirectBootAwareApiService }
07-03 20:03:52.868  3147  3296 E MDD     : DownloadProgressMonitor: Can't find file group for uri: android://com.google.android.apps.messaging/files/datadownload/shared/public/datadownloadfile_1783080163543
07-03 20:03:52.870  3147  3292 D dasx    : Starting download: https://c.tenor.com/yo4EXUSX8TkAAAAk/tenor.gif
07-03 20:03:52.870  3147  3292 V dasx    : Is http uri, downloading (uri: https://c.tenor.com/yo4EXUSX8TkAAAAk/tenor.gif)
07-03 20:03:52.959  3147  3268 E MDD     : DownloadProgressMonitor: Can't find file group for uri: android://com.google.android.apps.messaging/files/datadownload/shared/public/datadownloadfile_1783080163544
07-03 20:03:52.961  3147  3296 D dasx    : Starting download: https://c.tenor.com/1Uxfz02VWCAAAAAk/tenor.gif
07-03 20:03:52.961  3147  3296 V dasx    : Is http uri, downloading (uri: https://c.tenor.com/1Uxfz02VWCAAAAAk/tenor.gif)
07-03 20:03:53.583  3147  3292 E MDD     : DownloadProgressMonitor: Can't find file group for uri: android://com.google.android.apps.messaging/files/datadownload/shared/public/datadownloadfile_1783080163545
07-03 20:03:53.583  3147  3296 E MDD     : DownloadProgressMonitor: Can't find file group for uri: android://com.google.android.apps.messaging/files/datadownload/shared/public/datadownloadfile_1783080163546
07-03 20:03:53.585  3147  3268 D dasx    : Starting download: https://c.tenor.com/97HoAIHO_TMAAAAk/tenor.gif
07-03 20:03:53.585  3147  3268 V dasx    : Is http uri, downloading (uri: https://c.tenor.com/97HoAIHO_TMAAAAk/tenor.gif)
07-03 20:03:53.586  3147  3292 D dasx    : Starting download: https://c.tenor.com/P64ts_1-2CIAAAAk/tenor.gif
07-03 20:03:53.586  3147  3292 V dasx    : Is http uri, downloading (uri: https://c.tenor.com/P64ts_1-2CIAAAAk/tenor.gif)
07-03 20:03:53.862   574  1701 W BatteryExternalStatsWorker: error reading Bluetooth stats: 11
07-03 20:03:53.956  1649  2580 I IPCThreadState: oneway function results for code 2 on binder at 0x7460ff505710 will be dropped but finished with status UNKNOWN_TRANSACTION
07-03 20:03:54.107   381  1999 I resolv  :  SSL_connect returned -1 with mark 0xf0064
07-03 20:03:54.107   381  1999 W resolv  : SSL_connect ssl error =5, mark 0xf0064: Connection refused
07-03 20:03:54.111   381  1999 W resolv  : TLS Handshake failed
07-03 20:03:54.113   381  1999 W resolv  : query failed
07-03 20:03:54.113   381  1999 W resolv  : validateDnsTlsServer returned 0 for {10.0.2.3/}
07-03 20:03:54.116   381  1999 W resolv  : Validation failed
07-03 20:03:54.538  3147  3268 E MDD     : DownloadProgressMonitor: Can't find file group for uri: android://com.google.android.apps.messaging/files/datadownload/shared/public/datadownloadfile_1783080163547
07-03 20:03:54.540  3147  3296 D dasx    : Starting download: https://c.tenor.com/qK25DszMmeMAAAAk/tenor.gif
07-03 20:03:54.540  3147  3296 V dasx    : Is http uri, downloading (uri: https://c.tenor.com/qK25DszMmeMAAAAk/tenor.gif)
07-03 20:03:54.652  3147  3292 E MDD     : DownloadProgressMonitor: Can't find file group for uri: android://com.google.android.apps.messaging/files/datadownload/shared/public/datadownloadfile_1783080163548
07-03 20:03:54.654  3147  3268 D dasx    : Starting download: https://c.tenor.com/PBQeETKZ-wsAAAAk/tenor.gif
07-03 20:03:54.654  3147  3268 V dasx    : Is http uri, downloading (uri: https://c.tenor.com/PBQeETKZ-wsAAAAk/tenor.gif)
07-03 20:03:54.751   574   885 D ConnectivityService: releasing NetworkRequest [ REQUEST id=128, [ Transports: CELLULAR Capabilities: INTERNET&NOT_RESTRICTED&TRUSTED&NOT_VPN&NOT_VCN_MANAGED&NOT_BANDWIDTH_CONSTRAINED Forbidden: LOCAL_NETWORK Uid: 10144 RequestorUid: 10144 RequestorPkg: com.google.android.googlequicksearchbox UnderlyingNetworks: Null] ] (release request)
07-03 20:03:54.956  3147  3296 E MDD     : DownloadProgressMonitor: Can't find file group for uri: android://com.google.android.apps.messaging/files/datadownload/shared/public/datadownloadfile_1783080163549
07-03 20:03:54.958  3147  3292 D dasx    : Starting download: https://c.tenor.com/C6qHm6990aoAAAAk/tenor.gif
07-03 20:03:54.958  3147  3292 V dasx    : Is http uri, downloading (uri: https://c.tenor.com/C6qHm6990aoAAAAk/tenor.gif)
07-03 20:03:55.357  3147  3147 W JobService: onNetworkChanged() not implemented in androidx.work.impl.background.systemjob.SystemJobService. Must override in a subclass.
07-03 20:03:55.357   574   885 W IPCThreadState: Sending oneway calls to frozen process.
07-03 20:03:55.357   574   885 W IPCThreadState: Sending oneway calls to frozen process.
07-03 20:03:55.359  3331  3525 I BugleRcsEngine: handleMessage processing message:[NOTIFY_UPTIME_IGNORE_STATE_CHANGED] with [non-null]:RcsEngineImpl reference [CONTEXT log_prefix="RcsEngineImpl[DUAL_REG]:[222fa7f2-00a8]>Handler" thread_id=66 ]
07-03 20:03:55.360  3331  3385 I BugleRcsEngine: Connected state: [1], networkType: [WIFI] [CONTEXT thread_id=60 ]
07-03 20:03:55.360  1145  1167 E PhoneInterfaceManager: getCarrierPrivilegeStatusForUid: Invalid subId
07-03 20:03:55.360  3331  3525 I BugleRcsEngine: RCS Configuration storage in Bugle is disabled by p/h flag, using ProvisioningEngineStateCacheUtil.getProvisioningConfigurationForGivenSimIfExist() [CONTEXT log_prefix="ProvisioningEngineDataRetriever" thread_id=66 ]
07-03 20:03:55.361  1268  1283 I ChimeraSrvcProxy: NullBinder for android.net.action.RECOMMEND_NETWORKS triggering remote TransactionTooLargeException due to Service without Chimera impl
07-03 20:03:55.361  1268  1283 W .gms.persistent: Large reply transaction of 1056768 bytes, interface descriptor , code 1
07-03 20:03:55.542  3147  3268 E MDD     : DownloadProgressMonitor: Can't find file group for uri: android://com.google.android.apps.messaging/files/datadownload/shared/public/datadownloadfile_1783080163550
07-03 20:03:56.827  1437  1437 D BoundBrokerSvc: onUnbind: Intent { act=com.google.android.gms.common.BIND_SHARED_PREFS pkg=com.google.android.gms }
07-03 20:03:56.980   574  1255 D OomAdjuster: Not killing cached processes
07-03 20:03:56.996   381   447 I netd    : tetherGetStats() -> {[]} <0.44ms>
07-03 20:03:57.045   428  3317 W AudioFlinger: createTrack_l(): mismatch between requested flags (00000004) and output flags (00000002)
07-03 20:03:57.064   428  3317 D audioserver: logFgsApiBegin: FGS Logger Transaction failed, -129
07-03 20:03:57.064   574  1701 W AS.PlaybackActivityMon: No piid assigned for invalid/internal port id 15
07-03 20:03:57.117  4173  4188 D EGL_emulation: app_time_stats: avg=9692.54ms min=14.90ms max=48398.56ms count=5
07-03 20:03:57.117  4173  4173 W WindowOnBackDispatcher: sendCancelIfRunning: isInProgress=false callback=android.view.ViewRootImpl$$ExternalSyntheticLambda11@b871a44
07-03 20:03:57.118   574  1122 D CoreBackPreview: Window{cb056f5 u0 io.github.jark006.freezeit/io.github.jark006.freezeit.activity.Main}: Setting back callback null
07-03 20:03:57.134  4173  4188 D HWUI    : endAllActiveAnimators on 0x7460df526270 (RippleDrawable) with handle 0x7460ff54ec70
07-03 20:03:57.134   574  1122 W InputManager-JNI: Input channel object 'cb056f5 io.github.jark006.freezeit/io.github.jark006.freezeit.activity.Main (client)' was disposed without first being removed with the input manager!
07-03 20:03:57.136   428   551 D AudioFlinger: mixer(0x74a871cb58e0) throttle end: throttle time(33)
07-03 20:03:57.146   574   605 V WindowManager: Unknown focus tokens, dropping reportFocusChanged
07-03 20:03:57.165   574   702 I ImeTracker: io.github.jark006.freezeit:8103bf84: onRequestHide at ORIGIN_SERVER reason HIDE_UNSPECIFIED_WINDOW fromUser false
07-03 20:03:57.165   574   702 I ImeTracker: io.github.jark006.freezeit:8103bf84: onCancelled at PHASE_SERVER_SHOULD_HIDE
07-03 20:03:57.169  1450  1450 I GoogleInputMethodService: GoogleInputMethodService.onFinishInput():3157 
07-03 20:03:57.171  1450  1450 I GoogleInputMethodService: GoogleInputMethodService.updateDeviceLockedStatus():2248 repeatCheckTimes = 0, locked = false
07-03 20:03:57.171  1450  1450 I GoogleInputMethodService: GoogleInputMethodService.onStartInput():1986 onStartInput(EditorInfo{EditorInfo{packageName=io.github.jark006.freezeit, inputType=0, inputTypeString=NULL, enableLearning=false, autoCorrection=false, autoComplete=false, imeOptions=0, privateImeOptions=null, actionName=UNSPECIFIED, actionLabel=null, initialSelStart=-1, initialSelEnd=-1, initialCapsMode=0, label=null, fieldId=0, fieldName=null, extras=null, hintText=null, hintLocales=[]}}, false)
07-03 20:03:57.172  1450  1450 I GoogleInputMethodService: GoogleInputMethodService.updateDeviceLockedStatus():2248 repeatCheckTimes = 1, locked = false
07-03 20:03:57.172  1450  1450 I GoogleInputMethodService: GoogleInputMethodService.onStartInputInternal():2077 Reset input view per cached request.
07-03 20:03:57.172  1450  1450 I GoogleInputMethodService: GoogleInputMethodService.clearInputMethodServiceData():1613 clearInputMethodServiceData for resetInputView
07-03 20:03:57.173  1450  1450 I GoogleInputMethodService: GoogleInputMethodService.discardAllKeyboardViewAndInputView():1818 discardAllKeyboardViewAndInputView()
07-03 20:03:57.175  1450  1450 I KeyboardModeManager: KeyboardModeManager.setInputViewKeyboardViewHolderProvider():625 setInputView() : supportsOneHandedMode=false supportsSplitMode=true
07-03 20:03:57.176  1450  1450 I NormalModeController: NormalModeController.getKeyboardBodyViewHolderPaddingBottom():104 currentPrimeKeyboardType:HARD_QWERTY systemPaddingBottom:-1
07-03 20:03:57.176  1450  1450 I KeyboardModeManager: KeyboardModeManager.setInputViewKeyboardViewHolderProvider():613 setInputView() : supportsOneHandedMode=false, supportSplitMode=true
07-03 20:03:57.176  1450  1450 I GoogleInputMethodService: GoogleInputMethodService.initializeInputMethodServiceData():1382 initializeInputMethodServiceData for kct{languageTag=en-US, variant=qwerty, hasLocalizedResources=true, conditionCacheKey=_cache_additional_ime_defs_for_condition_change=false_cache_ime_defs_for_condition_change=false_device=phone_device_size=default_enable_flick_symbols=false_enable_more_candidates_view_for_multilingual=false_enable_number_row=false_enable_preemptive_decode=true_enable_secondary_digits=true_enable_secondary_symbols=false_enable_show_foldable_layout_on_small_tablet=true_expressions=normal_four_or_more_letter_rows=false_keyboard_mode=normal_language=en-US_orientation=portrait_physical_keyboard=qwerty_rtl_layout=false_show_secondary_digits=true_show_suggestions=true_split_with_duplicate_keys=true_variant=qwerty, imeDef.stringId=ime_english_united_states, imeDef.className=com.google.android.apps.inputmethod.libs.latin5.LatinIme, imeDef.languageTag=en-US}
07-03 20:03:57.184  1450  1450 I StyledKeyboardThemeBuilder: StyledKeyboardThemeBuilder.build():132 Pref: [], themeName: [silk:], darkMode: [false], cacheKey: [overlay_builtin_dynamic_color_light_base.binarypb:dynamic-gm3-light-fffefbff-ff495d92-8adeb286894d7d4cce285b6f16b95faf]
07-03 20:03:57.188  1450  1450 I KeyboardThemeProvider: KeyboardThemeProvider.applyKeyboardTheme():27 Apply keyboard theme: theme_border_stylesheet_noshadow_gsans_pillkey_silkpopup_hover_light_phone_navredesign_400_overlay_builtin_dynamic_color_light_base.binarypb:dynamic-gm3-light-fffefbff-ff495d92-8adeb286894d7d4cce285b6f16b95faf_port
07-03 20:03:57.190  1450  1450 I AndroidIME: InputBundleManager.loadActiveInputBundleId():450 loadActiveInputBundleId: und-Latn-x-password, password
07-03 20:03:57.190  1450  1450 I GoogleInputMethodService: GoogleInputMethodService.onCreateInputView():1884 onCreateInputView()
