07-03 20:03:40.851  4307  4307 D app_process: u_setTimeZoneFilesDirectory("/apex/com.android.tzdata/etc/tz/versioned/8/icu") succeeded. 
07-03 20:03:40.851  4307  4307 D app_process: I18n APEX ICU file found: /apex/com.android.i18n/etc/icu/icudt75l.dat
07-03 20:03:40.851  3147  3296 D dasx    : Starting download: https://c.tenor.com/wCB5JtcL9k4AAAAk/tenor.gif
07-03 20:03:40.851  3147  3296 V dasx    : Is http uri, downloading (uri: https://c.tenor.com/wCB5JtcL9k4AAAAk/tenor.gif)
07-03 20:03:40.854  4307  4307 D nativeloader: Load libjavacore.so using APEX ns com_android_art for caller /apex/com.android.art/javalib/core-oj.jar: ok
07-03 20:03:40.856  4307  4307 D nativeloader: Load libopenjdk.so using APEX ns com_android_art for caller /apex/com.android.art/javalib/core-oj.jar: ok
07-03 20:03:40.857  4307  4307 W app_process: Unexpected CPU variant for x86: x86_64.
07-03 20:03:40.857  4307  4307 W app_process: Known variants: atom, sandybridge, silvermont, goldmont, goldmont-plus, goldmont-without-sha-xsaves, tremont, kabylake, default
07-03 20:03:40.862  4307  4307 W app_process: ClassLoaderContext shared library size mismatch. Expected=2, found=0 (PCL[]{PCL[/system/framework/android.test.base.jar*724373495]#PCL[/system/framework/android.test.mock.jar*1452759902]} | PCL[])
07-03 20:03:40.865  4307  4307 W app_process: ClassLoaderContext classpath size mismatch. expected=0, found=1 (PCL[]{PCL[/system/framework/android.test.runner.jar*2496447986]#PCL[/system/framework/android.test.base.jar*724373495]} | PCL[/system/framework/android.test.runner.jar*2496447986])
07-03 20:03:40.887  4307  4307 D nativeloader: Load libframework-connectivity-tiramisu-jni.so using APEX ns com_android_tethering for caller /apex/com.android.tethering/javalib/framework-connectivity-t.jar: ok
07-03 20:03:40.888  4307  4307 D AndroidRuntime: Calling main entry com.android.commands.uiautomator.Launcher
07-03 20:03:40.889  4307  4307 D UiAutomationConnection: Created on user UserHandle{0}
07-03 20:03:40.889  4307  4307 I UiAutomation: Initialized for user 0 on display 0
07-03 20:03:40.889  4307  4307 W UiAutomation: Created with deprecatead constructor, assumes DEFAULT_DISPLAY
07-03 20:03:40.890   574  1721 D AccessibilityManagerService: changeCurrentUserForTestAutomationIfNeededLocked(0): ignoring because device doesn't support visible background users
07-03 20:03:40.890   574  1721 I UiAutomationManager: Registering UiTestAutomationService (id=com.android.server.accessibility/UiAutomation, flags=0x0) when called by user 0
07-03 20:03:40.894   574  1721 W MagnificationConnectionManager: requestConnection duplicated request: connect=false, mConnectionState=DISCONNECTED
07-03 20:03:40.894  1565  2805 I AiAiEcho: Settings changed for uri: content://settings/secure/accessibility_enabled
07-03 20:03:40.894   574   574 W IPCThreadState: Sending oneway calls to frozen process.
07-03 20:03:40.894  1565  1740 I AiAiEcho: Predicting[0]:  [CONTEXT sampling_count=5 ]
07-03 20:03:40.894  1565  1740 I AiAiEcho: EchoTargets: 
07-03 20:03:40.894  1565  1740 I AiAiEcho: Filtered by AiAi flag check: 
07-03 20:03:40.894  1565  1740 I AiAiEcho: [CONTEXT ratelimit_period="10 SECONDS" ]
07-03 20:03:40.894  1565  1740 I AiAiEcho: Ranked targets strategy: SORT, count: 0, ranking metadata:  [CONTEXT ratelimit_period="10 SECONDS" ]
07-03 20:03:40.894  1565  1740 I AiAiEcho: #remoteViewsTwiddler: feature disabled.
07-03 20:03:40.894   574   574 W IPCThreadState: Sending oneway calls to frozen process.
07-03 20:03:40.894  1565  1740 I AiAiEcho: Predicting[0]:  [CONTEXT sampling_count=5 ]
07-03 20:03:40.894  1565  1740 I AiAiEcho: EchoTargets: 
07-03 20:03:40.894  1565  1740 I AiAiEcho: Filtered by AiAi flag check: 
07-03 20:03:40.894  1565  1740 I AiAiEcho: [CONTEXT ratelimit_period="10 SECONDS" ]
07-03 20:03:40.894  1565  1740 I AiAiEcho: Ranked targets strategy: SORT, count: 0, ranking metadata:  [CONTEXT ratelimit_period="10 SECONDS" ]
07-03 20:03:40.894  1565  1740 I AiAiEcho: #remoteViewsTwiddler: feature disabled.
07-03 20:03:40.895  4307  4323 V UiAutomation: Init UiAutomation@eb7feb[id=1, displayId=0, flags=0]
07-03 20:03:40.895  1565  1740 I AiAiEcho: #postPredictionTargets: Sending updates to UISurface lockscreen with targets# 0 (types=[])
07-03 20:03:40.895   574   574 W IPCThreadState: Sending oneway calls to frozen process.
07-03 20:03:40.895   574   574 W IPCThreadState: Sending oneway calls to frozen process.
07-03 20:03:40.895  1565  1740 I AiAiEcho: #postPredictionTargets: Sending updates to UISurface home with targets# 0 (types=[])
07-03 20:03:40.895   574   574 W IPCThreadState: Sending oneway calls to frozen process.
07-03 20:03:40.895   963   963 W PageIndicator: Total number of pages invalid: 0. Assuming 1 page.
07-03 20:03:40.895   574   574 W IPCThreadState: Sending oneway calls to frozen process.
07-03 20:03:40.896   574  1721 W MagnificationConnectionManager: requestConnection duplicated request: connect=false, mConnectionState=DISCONNECTED
07-03 20:03:40.896  1565  2805 I AiAiEcho: Settings changed for uri: content://settings/secure/accessibility_enabled
07-03 20:03:40.896   574   574 W IPCThreadState: Sending oneway calls to frozen process.
07-03 20:03:40.896   574   574 W IPCThreadState: Sending oneway calls to frozen process.
07-03 20:03:40.896  1565  1740 I AiAiEcho: Predicting[0]:  [CONTEXT sampling_count=5 ]
07-03 20:03:40.896  1565  1740 I AiAiEcho: EchoTargets: 
07-03 20:03:40.896  1565  1740 I AiAiEcho: Filtered by AiAi flag check: 
07-03 20:03:40.896  1565  1740 I AiAiEcho: [CONTEXT ratelimit_period="10 SECONDS" ]
07-03 20:03:40.896  1565  1740 I AiAiEcho: Ranked targets strategy: SORT, count: 0, ranking metadata:  [CONTEXT ratelimit_period="10 SECONDS" ]
07-03 20:03:40.896   574   574 W IPCThreadState: Sending oneway calls to frozen process.
07-03 20:03:40.896  1565  1740 I AiAiEcho: #remoteViewsTwiddler: feature disabled.
07-03 20:03:40.896  1565  1740 I AiAiEcho: Predicting[0]:  [CONTEXT sampling_count=5 ]
07-03 20:03:40.896  1565  1740 I AiAiEcho: EchoTargets: 
07-03 20:03:40.896  1565  1740 I AiAiEcho: Filtered by AiAi flag check: 
07-03 20:03:40.896  1565  1740 I AiAiEcho: [CONTEXT ratelimit_period="10 SECONDS" ]
07-03 20:03:40.896  1565  1740 I AiAiEcho: Ranked targets strategy: SORT, count: 0, ranking metadata:  [CONTEXT ratelimit_period="10 SECONDS" ]
07-03 20:03:40.896  1565  1740 I AiAiEcho: #remoteViewsTwiddler: feature disabled.
07-03 20:03:40.897  1565  1740 I AiAiEcho: #postPredictionTargets: Sending updates to UISurface lockscreen with targets# 0 (types=[])
07-03 20:03:40.897   574   574 W IPCThreadState: Sending oneway calls to frozen process.
07-03 20:03:40.897  1565  1740 I AiAiEcho: #postPredictionTargets: Sending updates to UISurface home with targets# 0 (types=[])
07-03 20:03:40.897  1649  1862 I A       : NGA disabled since it's running Panthera and at least one a11y feature is on.
07-03 20:03:40.897   574   574 W IPCThreadState: Sending oneway calls to frozen process.
07-03 20:03:40.897  1649  1862 I A       : (REDACTED) Nga state changed to %s
07-03 20:03:40.897  1649  1862 I A       : (REDACTED) isTngActive=%s
07-03 20:03:40.897   574   574 W IPCThreadState: Sending oneway calls to frozen process.
07-03 20:03:40.897   574   574 W IPCThreadState: Sending oneway calls to frozen process.
07-03 20:03:40.897   574   574 W IPCThreadState: Sending oneway calls to frozen process.
07-03 20:03:40.898   574   574 W IPCThreadState: Sending oneway calls to frozen process.
07-03 20:03:40.898  1587  1923 I A       : (REDACTED) Nga on-device enabled based on TNG:MA active state: %b
07-03 20:03:40.898  1256  1256 D SsBaseTemplateCard: No text view can be set up
07-03 20:03:40.898  1587  1923 I A       : (REDACTED) Nga on-device enabled based on TNG:MA active state: %b
07-03 20:03:40.898  1256  1256 D SsBaseTemplateCard: Passed-in item info is null
07-03 20:03:40.898  1256  1256 D SsBaseTemplateCard: Passed-in item info is null
07-03 20:03:40.898  1256  1256 D SsBaseTemplateCard: Passed-in item info is null
07-03 20:03:40.898  1256  1256 I SsBaseTemplateCard: Secondary card pane is null
07-03 20:03:40.898  1256  1256 D SsBaseTemplateCard: No text view can be set up
07-03 20:03:40.898  1256  1256 D SsBaseTemplateCard: Passed-in item info is null
07-03 20:03:40.898  1256  1256 D SsBaseTemplateCard: Passed-in item info is null
07-03 20:03:40.898  1256  1256 D SsBaseTemplateCard: Passed-in item info is null
07-03 20:03:40.898  1256  1256 I SsBaseTemplateCard: Secondary card pane is null
07-03 20:03:40.899  1587  1923 I A       : Unsubscribed to apa or classic variant change.
07-03 20:03:40.899   574   574 D BatterySaverPolicy: accessibility changed to true, updating policy.
07-03 20:03:40.899   963   963 W PageIndicator: Total number of pages invalid: 0. Assuming 1 page.
