07-03 20:03:36.889  1649  2612 E PhFileGroupPop: Failed to add file group 
07-03 20:03:36.889  1649  2612 E PhFileGroupPop: Failed to add file group 
07-03 20:03:36.889  1649  2349 E PhFileGroupPop: Failed to add file group 
07-03 20:03:36.889  1649  2349 E PhFileGroupPop: Failed to add file group 
07-03 20:03:36.889  1649  2349 E PhFileGroupPop: Failed to add file group 
07-03 20:03:36.889  1649  2349 E PhFileGroupPop: Failed to add file group 
07-03 20:03:36.889  1649  2349 E PhFileGroupPop: Failed to add file group 
07-03 20:03:36.889   574  1701 W ScanResultUtil: Empty or null ScanResult list
07-03 20:03:36.889   574  1701 W WifiService: Attempt to retrieve WifiConfiguration with invalid scanResult List
07-03 20:03:36.890   574  1255 W ScanResultUtil: Empty or null ScanResult list
07-03 20:03:36.890   574  1255 E WifiService: Attempt to retrieve passpoint with invalid scanResult List
07-03 20:03:36.890   574  1255 W ScanResultUtil: Empty or null ScanResult list
07-03 20:03:36.890   574  1255 W WifiService: Attempt to retrieve OsuProviders with invalid scanResult List
07-03 20:03:36.890  1147  3100 D SliceBuilder: Creating slice for: com.android.settings.notification.AlarmVolumePreferenceController
07-03 20:03:36.891  1147  3764 V WifiPickerTracker: onWifiEntriesChanged: reason=0
07-03 20:03:36.891  1147  3764 V WifiPickerTracker: Entry 1/1: [StandardWifiEntry][AndroidWifi][][Level:4][Connected][Internet][Primary][Saved]
07-03 20:03:36.891  1147  3764 V WifiPickerTracker: MergedCarrierEntry: null
07-03 20:03:36.891  1147  3100 D SliceBuilder: Creating slice for: com.android.settings.gestures.DoubleTapPowerPreferenceController
07-03 20:03:36.891  1147  3764 V WifiPickerTracker: onWifiEntriesChanged: reason=0
07-03 20:03:36.892  1147  3764 V WifiPickerTracker: Entry 1/1: [StandardWifiEntry][AndroidWifi][][Level:4][Connected][Internet][Primary][Saved]
07-03 20:03:36.892  1147  3764 V WifiPickerTracker: MergedCarrierEntry: null
07-03 20:03:36.892  1147  3764 V WifiPickerTracker: Received broadcast: android.net.wifi.WIFI_STATE_CHANGED
07-03 20:03:36.892  1147  3764 V WifiPickerTracker: onWifiEntriesChanged: reason=0
07-03 20:03:36.892  1147  3764 V WifiPickerTracker: Entry 1/1: [StandardWifiEntry][AndroidWifi][][Level:4][Connected][Internet][Primary][Saved]
07-03 20:03:36.892  1147  3764 V WifiPickerTracker: MergedCarrierEntry: null
07-03 20:03:36.892  1147  3764 V WifiPickerTracker: Received broadcast: android.net.wifi.STATE_CHANGE
07-03 20:03:36.892  1147  3100 D SubscriptionRepository: getSelectableSubscriptionInfoList: []
07-03 20:03:36.893  1147  3764 V WifiPickerTracker: onWifiEntriesChanged: reason=0
07-03 20:03:36.893  1147  3764 V WifiPickerTracker: Entry 1/1: [StandardWifiEntry][AndroidWifi][][Level:4][Connected][Internet][Primary][Saved]
07-03 20:03:36.893  1147  3764 V WifiPickerTracker: MergedCarrierEntry: null
07-03 20:03:36.893  1147  3100 D WifiCallingSliceHelper: Wifi calling is either not provisioned or not enabled by Platform
07-03 20:03:36.894  1147  3764 V WifiPickerTracker: onWifiEntriesChanged: reason=0
07-03 20:03:36.894  1147  3764 V WifiPickerTracker: Entry 1/1: [StandardWifiEntry][AndroidWifi][][Level:4][Connected][Internet][Primary][Saved]
07-03 20:03:36.894  1147  3764 V WifiPickerTracker: MergedCarrierEntry: null
07-03 20:03:36.894  1147  3100 D SliceBuilder: Creating slice for: com.android.settings.fuelgauge.batterysaver.BatterySaverButtonPreferenceController
07-03 20:03:36.895  1649  2349 E PhFileGroupPop: Failed to add file group 
07-03 20:03:36.895  1649  2349 E PhFileGroupPop: Failed to add file group 
07-03 20:03:36.895  1649  2349 E PhFileGroupPop: Failed to add file group 
07-03 20:03:36.895  1649  2612 E PhFileGroupPop: Failed to add file group 
07-03 20:03:36.895  1649  2612 E PhFileGroupPop: Failed to add file group 
07-03 20:03:36.895  1649  2612 E PhFileGroupPop: Failed to add file group 
07-03 20:03:36.895  1649  2511 E PhFileGroupPop: Failed to add file group 
07-03 20:03:36.895  1649  2511 E PhFileGroupPop: Failed to add file group 
07-03 20:03:36.895  1649  2511 E PhFileGroupPop: Failed to add file group 
07-03 20:03:36.896  1147  3100 D SliceBuilder: Creating slice for: com.android.settings.network.AirplaneModePreferenceController
07-03 20:03:36.897  1437  1437 D BoundBrokerSvc: onBind: Intent { act=com.google.android.gms.feedback.internal.IFeedbackService dat=chimera-action:/... cmp=com.google.android.gms/.chimera.GmsBoundBrokerService }
07-03 20:03:36.897  1437  1437 D BoundBrokerSvc: Loading bound service for intent: Intent { act=com.google.android.gms.feedback.internal.IFeedbackService dat=chimera-action:/... cmp=com.google.android.gms/.chimera.GmsBoundBrokerService }
07-03 20:03:36.899  1147  3100 D WifiSlice: calling uid name : com.google.android.settings.intelligence
07-03 20:03:36.899  1649  1649 I BgTaskExecutorImpl: (REDACTED) Starting %s background task %s.
07-03 20:03:36.899  1147  3100 W SatelliteRepository: SatelliteManager is null
07-03 20:03:36.899  1147  1174 D VolumeSliceHelper: Unregistering uri broadcast relay: content://com.android.settings.slices/action/call_volume
07-03 20:03:36.899  1147  3100 W SatelliteRepository: SatelliteManager is null
07-03 20:03:36.899  1147  1174 D VolumeSliceHelper: Unregistering uri broadcast relay: content://com.android.settings.slices/action/separate_ring_volume
07-03 20:03:36.899  1147  1174 D VolumeSliceHelper: Unregistering uri broadcast relay: content://com.android.settings.slices/action/notification_volume
07-03 20:03:36.900  1147  1174 D VolumeSliceHelper: Unregistering uri broadcast relay: content://com.android.settings.slices/action/alarm_volume
07-03 20:03:36.900  1649  2511 I A       : Scheduling next refresh
07-03 20:03:36.900  1147  1174 D SliceBroadcastRelay: Unregistering uri broadcast relay: content://com.android.settings.slices/action/mobile_data
07-03 20:03:36.900  1147  1147 D SettingsSliceProvider: Stopping background worker for: content://com.android.settings.slices/action/mobile_data
07-03 20:03:36.901  1147  3100 D SliceBroadcastRelay: Unregistering uri broadcast relay: content://com.android.settings.slices/action/zen_mode_toggle
07-03 20:03:36.901  1649  2511 I A       : Scheduling next refresh
07-03 20:03:36.901  1649  2511 I A       : Scheduling next refresh
07-03 20:03:36.902  1147  1174 D SliceBroadcastRelay: Unregistering uri broadcast relay: content://android.settings.slices/action/bluetooth
07-03 20:03:36.903  1147  1147 D SettingsSliceProvider: Stopping background worker for: content://android.settings.slices/action/wifi
07-03 20:03:36.903  1147  1147 V WifiPickerTracker: onStop
07-03 20:03:36.903  1147  3764 I WifiPickerTracker: Scanning stopped
07-03 20:03:36.904  1649  2349 I A       : Throttled; returning pending refresh
07-03 20:03:36.904  1649  2349 I A       : Throttled; returning pending refresh
07-03 20:03:36.904  1649  2349 I A       : Throttled; returning pending refresh
07-03 20:03:36.905  1649  2612 I A       : Throttled; returning pending refresh
07-03 20:03:36.905  1649  2612 I A       : Throttled; returning pending refresh
07-03 20:03:36.905  1649  2612 I A       : Throttled; returning pending refresh
07-03 20:03:36.905  1649  2511 I A       : Scheduling next refresh
07-03 20:03:36.905  1649  2511 I A       : Scheduling next refresh
07-03 20:03:36.905  1649  2511 E SingleDataFileGroupPop: Failed to add file group 
07-03 20:03:36.906  1649  2267 W SearchServiceCore: Abort, client detached.
07-03 20:03:36.906   381  4279 I resolv  : GetAddrInfoHandler::run: {100 262244 100 983140 10144 0}
07-03 20:03:36.906  1649  2267 W SearchServiceCore: Abort, client detached.
07-03 20:03:36.906  1649  2267 W SearchServiceCore: Abort, client detached.
07-03 20:03:36.906  1649  2612 I A       : Throttled; returning pending refresh
07-03 20:03:36.906  1649  2612 I A       : Throttled; returning pending refresh
07-03 20:03:36.906  1649  2612 E SingleDataFileGroupPop: Failed to add file group 
07-03 20:03:36.906   381  4280 I resolv  : res_nmkquery: (QUERY, IN, AAAA)
07-03 20:03:36.906   381  4281 I resolv  : res_nmkquery: (QUERY, IN, A)
07-03 20:03:36.906   381  4281 I resolv  : resolv_cache_lookup: FOUND IN CACHE entry=0x7314be2b5d20
07-03 20:03:36.906   381  4281 I resolv  : doQuery: rcode=0, ancount=1, return value=47
07-03 20:03:36.906  1649  2349 I A       : Throttled; returning pending refresh
07-03 20:03:36.906  1649  2349 I A       : Throttled; returning pending refresh
07-03 20:03:36.906  1649  2349 E SingleDataFileGroupPop: Failed to add file group 
07-03 20:03:36.906  1649  2612 I ZipLPPopulator: #scheduleLanguagePackDeletion
07-03 20:03:36.906  1649  2612 I ZipLPPopulator: com.google.common.f.w: MEDIUM
07-03 20:03:36.906  1649  2612 I ZipLPPopulator: 	at com.google.android.libraries.speech.b.b.k.aj.b(PG:22)
07-03 20:03:36.906  1649  2612 I ZipLPPopulator: 	at com.google.android.libraries.mdi.download.gg.y(PG:24)
07-03 20:03:36.906  1649  2612 I ZipLPPopulator: 	at com.google.android.libraries.mdi.download.gg.i(PG:95)
07-03 20:03:36.906  1649  2612 I ZipLPPopulator: 	at com.google.android.apps.gsa.staticplugins.at.a.a(PG:9)
07-03 20:03:36.906  1649  2612 I ZipLPPopulator: 	at com.google.android.libraries.gsa.h.a.i.apply(PG:9)
07-03 20:03:36.906  1649  2612 I ZipLPPopulator: 	at com.google.common.util.concurrent.h.e(PG:3)
07-03 20:03:36.906  1649  2612 I ZipLPPopulator: 	at com.google.common.util.concurrent.j.run(PG:42)
07-03 20:03:36.906  1649  2612 I ZipLPPopulator: 	at com.google.android.libraries.k.x.run(PG:3)
07-03 20:03:36.906  1649  2612 I ZipLPPopulator: 	at java.util.concurrent.ThreadPoolExecutor.runWorker(ThreadPoolExecutor.java:1145)
07-03 20:03:36.906  1649  2612 I ZipLPPopulator: 	at java.util.concurrent.ThreadPoolExecutor$Worker.run(ThreadPoolExecutor.java:644)
07-03 20:03:36.906  1649  2612 I ZipLPPopulator: 	at com.google.android.libraries.k.b.run(PG:6)
07-03 20:03:36.906  1649  2612 I ZipLPPopulator: 	at java.lang.Thread.run(Thread.java:1012)
07-03 20:03:36.906  1649  2612 I ZipLPPopulator: 	at com.google.android.libraries.k.d.b.run(PG:74)
07-03 20:03:36.907  1649  2612 I ZipLPPopulator: #addNewFileGroups
07-03 20:03:36.907  1649  2511 I ZipLPPopulator: #scheduleLanguagePackDeletion
07-03 20:03:36.907  1649  2511 I ZipLPPopulator: com.google.common.f.w: MEDIUM
07-03 20:03:36.907  1649  2511 I ZipLPPopulator: 	at com.google.android.libraries.speech.b.b.k.aj.b(PG:22)
07-03 20:03:36.907  1649  2511 I ZipLPPopulator: 	at com.google.android.libraries.mdi.download.gg.y(PG:24)
07-03 20:03:36.907  1649  2511 I ZipLPPopulator: 	at com.google.android.libraries.mdi.download.gg.C(PG:1)
07-03 20:03:36.907  1649  2511 I ZipLPPopulator: 	at com.google.android.libraries.mdi.download.gg.i(PG:90)
07-03 20:03:36.907  1649  2511 I ZipLPPopulator: 	at com.google.android.apps.gsa.staticplugins.at.a.a(PG:9)
07-03 20:03:36.907  1649  2511 I ZipLPPopulator: 	at com.google.android.libraries.gsa.h.a.i.apply(PG:9)
07-03 20:03:36.907  1649  2511 I ZipLPPopulator: 	at com.google.common.util.concurrent.h.e(PG:3)
07-03 20:03:36.907  1649  2511 I ZipLPPopulator: 	at com.google.common.util.concurrent.j.run(PG:42)
07-03 20:03:36.907  1649  2511 I ZipLPPopulator: 	at com.google.android.libraries.k.x.run(PG:3)
07-03 20:03:36.907  1649  2511 I ZipLPPopulator: 	at java.util.concurrent.ThreadPoolExecutor.runWorker(ThreadPoolExecutor.java:1145)
07-03 20:03:36.907  1649  2511 I ZipLPPopulator: 	at java.util.concurrent.ThreadPoolExecutor$Worker.run(ThreadPoolExecutor.java:644)
07-03 20:03:36.907  1649  2511 I ZipLPPopulator: 	at com.google.android.libraries.k.b.run(PG:6)
07-03 20:03:36.907  1649  2511 I ZipLPPopulator: 	at java.lang.Thread.run(Thread.java:1012)
07-03 20:03:36.907  1649  2511 I ZipLPPopulator: 	at com.google.android.libraries.k.d.b.run(PG:74)
07-03 20:03:36.907  1649  2511 I ZipLPPopulator: #addNewFileGroups
07-03 20:03:36.907  1649  2349 I ZipLPPopulator: #scheduleLanguagePackDeletion
07-03 20:03:36.907  1649  2349 I ZipLPPopulator: com.google.common.f.w: MEDIUM
07-03 20:03:36.907  1649  2349 I ZipLPPopulator: 	at com.google.android.libraries.speech.b.b.k.aj.b(PG:22)
07-03 20:03:36.907  1649  2349 I ZipLPPopulator: 	at com.google.android.libraries.mdi.download.gg.y(PG:24)
07-03 20:03:36.907  1649  2349 I ZipLPPopulator: 	at com.google.android.libraries.mdi.download.gg.C(PG:1)
07-03 20:03:36.907  1649  2349 I ZipLPPopulator: 	at com.google.android.libraries.mdi.download.gg.i(PG:85)
07-03 20:03:36.907  1649  2349 I ZipLPPopulator: 	at com.google.android.apps.gsa.staticplugins.at.a.a(PG:9)
07-03 20:03:36.907  1649  2349 I ZipLPPopulator: 	at com.google.android.libraries.gsa.h.a.i.apply(PG:9)
07-03 20:03:36.907  1649  2349 I ZipLPPopulator: 	at com.google.common.util.concurrent.h.e(PG:3)
07-03 20:03:36.907  1649  2349 I ZipLPPopulator: 	at com.google.common.util.concurrent.j.run(PG:42)
07-03 20:03:36.907  1649  2349 I ZipLPPopulator: 	at com.google.android.libraries.k.x.run(PG:3)
07-03 20:03:36.907  1649  2349 I ZipLPPopulator: 	at java.util.concurrent.ThreadPoolExecutor.runWorker(ThreadPoolExecutor.java:1145)
07-03 20:03:36.907  1649  2349 I ZipLPPopulator: 	at java.util.concurrent.ThreadPoolExecutor$Worker.run(ThreadPoolExecutor.java:644)
07-03 20:03:36.907  1649  2349 I ZipLPPopulator: 	at com.google.android.libraries.k.b.run(PG:6)
07-03 20:03:36.907  1649  2349 I ZipLPPopulator: 	at java.lang.Thread.run(Thread.java:1012)
07-03 20:03:36.907  1649  2349 I ZipLPPopulator: 	at com.google.android.libraries.k.d.b.run(PG:74)
07-03 20:03:36.907  1649  2349 I ZipLPPopulator: #addNewFileGroups
07-03 20:03:36.907  1649  2612 I A       : #getDownloadableLanguagePacks
07-03 20:03:36.907  1649  2612 I A       : (REDACTED) Loaded languagepack (LP) flag value from latest config %s: %s
07-03 20:03:36.907  1649  2511 I A       : #getDownloadableLanguagePacks
07-03 20:03:36.907  1649  2511 I A       : (REDACTED) Loaded languagepack (LP) flag value from latest config %s: %s
07-03 20:03:36.907  1649  2349 I A       : #getDownloadableLanguagePacks
07-03 20:03:36.907  1649  2349 I A       : (REDACTED) Loaded languagepack (LP) flag value from latest config %s: %s
07-03 20:03:36.908  1649  2349 I A       : (REDACTED) Download file group for language pack: %s
07-03 20:03:36.908  1649  2511 I A       : (REDACTED) Download file group for language pack: %s
07-03 20:03:36.908  1649  2612 I A       : (REDACTED) Download file group for language pack: %s
07-03 20:03:36.908  1649  2511 W A       : (REDACTED) Locale %s is not compatible, please check manifest exists
07-03 20:03:36.908  1649  2511 I A       : getLocaleToModelSpecsMap
07-03 20:03:36.908  1649  2511 I A       : Fetching latest config from MDD...
07-03 20:03:36.908  1649  2511 I A       : (REDACTED) Found map of size: %d
07-03 20:03:36.908  1649  2511 I HotwordModelPopulator: (REDACTED) #updateHotwordFileGroup group name: %s, raw locale: %s, locale: %s
07-03 20:03:36.908  1649  2612 W A       : (REDACTED) Locale %s is not compatible, please check manifest exists
07-03 20:03:36.908  1649  2612 I A       : getLocaleToModelSpecsMap
07-03 20:03:36.908  1649  2612 I A       : Fetching latest config from MDD...
07-03 20:03:36.908  1649  2612 I A       : (REDACTED) Found map of size: %d
07-03 20:03:36.909  1649  2612 I HotwordModelPopulator: (REDACTED) #updateHotwordFileGroup group name: %s, raw locale: %s, locale: %s
07-03 20:03:36.909  1649  2612 I A       : getLocaleToModelSpecsMap
07-03 20:03:36.909  1649  2612 I A       : Fetching latest config from MDD...
07-03 20:03:36.909  1649  2612 I A       : (REDACTED) Found map of size: %d
07-03 20:03:36.909  1649  2612 I HotwordModelPopulator: (REDACTED) #updateHotwordFileGroup group name: %s, raw locale: %s, locale: %s
07-03 20:03:36.909  1649  2349 W A       : (REDACTED) Locale %s is not compatible, please check manifest exists
07-03 20:03:36.909  1649  2349 I A       : getLocaleToModelSpecsMap
07-03 20:03:36.909  1649  2349 I A       : Fetching latest config from MDD...
07-03 20:03:36.909  1649  2349 I A       : (REDACTED) Found map of size: %d
07-03 20:03:36.909  1649  2349 I HotwordModelPopulator: (REDACTED) #updateHotwordFileGroup group name: %s, raw locale: %s, locale: %s
07-03 20:03:36.909  1649  2349 I A       : getLocaleToModelSpecsMap
07-03 20:03:36.909  1649  2349 I A       : Fetching latest config from MDD...
07-03 20:03:36.909  1649  2349 I A       : (REDACTED) Found map of size: %d
07-03 20:03:36.910  1649  2349 I HotwordModelPopulator: (REDACTED) #updateHotwordFileGroup group name: %s, raw locale: %s, locale: %s
07-03 20:03:36.910  1649  2511 I A       : getLocaleToModelSpecsMap
07-03 20:03:36.910  1649  2511 I A       : Fetching latest config from MDD...
07-03 20:03:36.910  1649  2511 I A       : (REDACTED) Found map of size: %d
07-03 20:03:36.910  1649  2511 I HotwordModelPopulator: (REDACTED) #updateHotwordFileGroup group name: %s, raw locale: %s, locale: %s
07-03 20:03:36.911   574  1701 D FileUtils: Rounded bytes from 2592718848 to 4000000000
07-03 20:03:36.913  1649  1881 I LPRequestState: (REDACTED) [%s] #resolveDesiredLanguagePacks
07-03 20:03:36.913  1649  1881 I LPRequestState: (REDACTED) [%s] #resolveDesiredLanguagePacks
07-03 20:03:36.913  1649  1881 I LPRequestState: (REDACTED) [%s] #resolveDesiredLanguagePacks
07-03 20:03:36.913  1649  2027 I A       : #getInstalledPackages
07-03 20:03:36.913  1649  2027 I A       : #getInstalledPackages
07-03 20:03:36.913  1649  2027 I A       : #getInstalledPackages
07-03 20:03:36.914  1649  1649 I BgTaskExecutorImpl: (REDACTED) Starting %s background task %s.
07-03 20:03:36.915  1649  2607 D PhFileGroupPop: Added file groups assistant_appintegration_appactions_config
07-03 20:03:36.918  1649  2267 W SearchServiceCore: Abort, client detached.
07-03 20:03:36.918  1649  2267 W SearchServiceCore: Abort, client detached.
07-03 20:03:36.918  1649  2267 W SearchServiceCore: Abort, client detached.
07-03 20:03:36.920  1649  2607 D PhFileGroupPop: Added file groups fedass_policy_config_group
07-03 20:03:36.920  1649  1649 I BgTaskExecutorImpl: (REDACTED) Starting %s background task %s.
07-03 20:03:36.924  1649  2607 D PhFileGroupPop: Added file groups smart_dictation_policy_config_group
07-03 20:03:36.924  1649  2607 D PhFileGroupPop: Added file groups assistant_appintegration_appactions_config
07-03 20:03:36.924  1649  2607 D PhFileGroupPop: Added file groups fedass_policy_config_group
07-03 20:03:36.924  1649  2607 D PhFileGroupPop: Added file groups smart_dictation_policy_config_group
07-03 20:03:36.924  1649  2607 D PhFileGroupPop: Added file groups assistant_appintegration_appactions_config
07-03 20:03:36.924  1649  2607 D PhFileGroupPop: Added file groups fedass_policy_config_group
07-03 20:03:36.925  1649  2607 D PhFileGroupPop: Added file groups smart_dictation_policy_config_group
07-03 20:03:36.932  1649  2607 D PhFileGroupPop: Added file groups tapas_cortex
07-03 20:03:36.933  1649  2607 D PhFileGroupPop: Added file groups tapas_cortex
07-03 20:03:36.933  1649  2607 D PhFileGroupPop: Added file groups tapas_cortex
07-03 20:03:36.937  1649  1881 I LPRequestState: (REDACTED) [%s] #resolveUnusedLanguagePacks
07-03 20:03:36.937  1649  1881 I LPRequestState: (REDACTED) [%s] #resolveDesiredLanguagePacks
07-03 20:03:36.937  1649  1881 I LPRequestState: (REDACTED) [%s] #resolveUnusedLanguagePacks
07-03 20:03:36.937  1649  1881 I LPRequestState: (REDACTED) [%s] #resolveDesiredLanguagePacks
07-03 20:03:36.938  1649  2027 I LPRequestState: (REDACTED) [%s] #resolveUnusedLanguagePacks
07-03 20:03:36.938  1649  2027 I LPRequestState: (REDACTED) [%s] #resolveDesiredLanguagePacks
07-03 20:03:36.942  1649  2607 E MDD     : SharedFileManager: getSharedFile called on file that doesn't exist! Key = # com.google.android.libraries.mdi.download.cz@d601db20
07-03 20:03:36.943  1649  2607 E MDD     : FileGroupManager: Missing file. Logging and deleting file group.
07-03 20:03:36.970  1649  1881 I A       : (REDACTED) NGA Sync: MDD Task: %s done.
07-03 20:03:36.970  1649  1883 I MicroModelsUtil: (REDACTED) #getHotwordModelFromMobstore [mobstoreUri: %s]
07-03 20:03:36.970  1649  1882 I MicroModelsUtil: (REDACTED) #getHotwordModelFromMobstore [mobstoreUri: %s]
07-03 20:03:36.971  1649  1866 I MicroModelsUtil: (REDACTED) #getHotwordModelFromMobstore [mobstoreUri: %s]
07-03 20:03:36.971  1649  1862 I MicroModelsUtil: (REDACTED) #getHotwordModelFromMobstore [mobstoreUri: %s]
07-03 20:03:36.972  1649  1882 I HotwordModelPopulator: (REDACTED) Updated file group for locale '%s' from location: %s. Download in progress, but older model found. Expected version: %d. Found version: %d
07-03 20:03:36.972  1649  1882 I MicroModelsUtil: (REDACTED) #getHotwordModelFromMobstore [mobstoreUri: %s]
07-03 20:03:36.972  1649  1866 I HotwordModelPopulator: (REDACTED) Updated file group for locale '%s' from location: %s. Download in progress, but older model found. Expected version: %d. Found version: %d
07-03 20:03:36.972  1649  1866 I MicroModelsUtil: (REDACTED) #getHotwordModelFromMobstore [mobstoreUri: %s]
07-03 20:03:36.973  1649  1883 I HotwordModelPopulator: (REDACTED) Updated file group for locale '%s' from location: %s. Download in progress, but older model found. Expected version: %d. Found version: %d
07-03 20:03:36.973  1649  1882 I HotwordModelPopulator: (REDACTED) Updated file group for locale '%s' from location: %s. Download in progress, but older model found. Expected version: %d. Found version: %d
07-03 20:03:36.973  1649  1862 I HotwordModelPopulator: (REDACTED) Updated file group for locale '%s' from location: %s. Download in progress, but older model found. Expected version: %d. Found version: %d
07-03 20:03:36.974  1649  1881 I A       : (REDACTED) NGA Sync: isNgaSyncEnabled: %s; enableFileGroupPopulator: %s; requiresMddAssets: %s
07-03 20:03:36.974  1649  2267 W SearchServiceCore: Abort, client detached.
07-03 20:03:36.974  1649  2267 W SearchServiceCore: Abort, client detached.
07-03 20:03:36.974  1649  2267 W SearchServiceCore: Abort, client detached.
07-03 20:03:36.974  1649  1866 I HotwordModelPopulator: (REDACTED) Updated file group for locale '%s' from location: %s. Download in progress, but older model found. Expected version: %d. Found version: %d
07-03 20:03:36.976  1649  1649 I BgTaskExecutorImpl: (REDACTED) Starting %s background task %s.
07-03 20:03:36.976  1649  2267 W SearchServiceCore: Abort, client detached.
07-03 20:03:36.976  1649  2267 W SearchServiceCore: Abort, client detached.
07-03 20:03:36.976  1649  2267 W SearchServiceCore: Abort, client detached.
07-03 20:03:36.978  1649  1649 I BgTaskExecutorImpl: (REDACTED) Starting %s background task %s.
07-03 20:03:36.978  1649  2267 W SearchServiceCore: Abort, client detached.
07-03 20:03:36.978  1649  2267 W SearchServiceCore: Abort, client detached.
07-03 20:03:36.978  1649  2267 W SearchServiceCore: Abort, client detached.
07-03 20:03:36.979  1649  1649 I BgTaskExecutorImpl: (REDACTED) Starting %s background task %s.
07-03 20:03:36.980  1649  2267 W SearchServiceCore: Abort, client detached.
07-03 20:03:36.980  1649  2267 W SearchServiceCore: Abort, client detached.
07-03 20:03:36.980  1649  2267 W SearchServiceCore: Abort, client detached.
07-03 20:03:36.982  1649  1649 I BgTaskExecutorImpl: (REDACTED) Starting %s background task %s.
07-03 20:03:36.982  1649  2349 I A       : Canceling restore - user account is null
07-03 20:03:36.982  1649  2267 W SearchServiceCore: Abort, client detached.
07-03 20:03:36.982  1649  2267 W SearchServiceCore: Abort, client detached.
07-03 20:03:36.982  1649  2267 W SearchServiceCore: Abort, client detached.
07-03 20:03:36.984  1649  1649 I BgTaskExecutorImpl: (REDACTED) Starting %s background task %s.
07-03 20:03:36.985  1649  2267 W SearchServiceCore: Abort, client detached.
07-03 20:03:36.985  1649  2267 W SearchServiceCore: Abort, client detached.
07-03 20:03:36.985  1649  2267 W SearchServiceCore: Abort, client detached.
07-03 20:03:36.986  1649  1649 I BgTaskExecutorImpl: (REDACTED) Starting %s background task %s.
07-03 20:03:36.986  1649  2267 W SearchServiceCore: Abort, client detached.
07-03 20:03:36.987  1649  2267 W SearchServiceCore: Abort, client detached.
07-03 20:03:36.987  1649  2267 W SearchServiceCore: Abort, client detached.
07-03 20:03:37.242   381  4280 I resolv  : res_nsend: used send_dg 31 terrno: 0
07-03 20:03:37.242   381  4280 I resolv  : doQuery: rcode=0, ancount=0, return value=31
07-03 20:03:37.275  3147  3292 E MDD     : DownloadProgressMonitor: Can't find file group for uri: android://com.google.android.apps.messaging/files/datadownload/shared/public/datadownloadfile_1783080163498
07-03 20:03:37.275  3147  3265 D dasx    : Starting download: https://c.tenor.com/d9jjVFcaM88AAAAk/tenor.gif
07-03 20:03:37.275  3147  3265 V dasx    : Is http uri, downloading (uri: https://c.tenor.com/d9jjVFcaM88AAAAk/tenor.gif)
07-03 20:03:37.330  1649  1649 W JobService: onNetworkChanged() not implemented in com.google.android.apps.gsa.tasks.BackgroundTasksJobService. Must override in a subclass.
07-03 20:03:37.330  1649  1649 W JobService: onNetworkChanged() not implemented in com.google.android.apps.gsa.tasks.BackgroundTasksJobService. Must override in a subclass.
07-03 20:03:37.330  3147  3147 W JobService: onNetworkChanged() not implemented in androidx.work.impl.background.systemjob.SystemJobService. Must override in a subclass.
07-03 20:03:37.332  3331  3525 I BugleRcsEngine: handleMessage processing message:[NOTIFY_UPTIME_IGNORE_STATE_CHANGED] with [non-null]:RcsEngineImpl reference [CONTEXT log_prefix="RcsEngineImpl[DUAL_REG]:[222fa7f2-00a8]>Handler" thread_id=66 ]
07-03 20:03:37.332  1145  1308 E PhoneInterfaceManager: getCarrierPrivilegeStatusForUid: Invalid subId
07-03 20:03:37.332  3331  3385 I BugleRcsEngine: Connected state: [1], networkType: [WIFI] [CONTEXT thread_id=60 ]
07-03 20:03:37.332  1268  1946 I ChimeraSrvcProxy: NullBinder for android.net.action.RECOMMEND_NETWORKS triggering remote TransactionTooLargeException due to Service without Chimera impl
07-03 20:03:37.332  1268  1946 W .gms.persistent: Large reply transaction of 1056768 bytes, interface descriptor , code 1
07-03 20:03:37.332  3331  3525 I BugleRcsEngine: RCS Configuration storage in Bugle is disabled by p/h flag, using ProvisioningEngineStateCacheUtil.getProvisioningConfigurationForGivenSimIfExist() [CONTEXT log_prefix="ProvisioningEngineDataRetriever" thread_id=66 ]
07-03 20:03:37.363  1437  3511 I cr_CronetUrlRequestContext: destroyNativeStreamLocked org.chromium.net.impl.CronetBidirectionalStream@3d43750
07-03 20:03:37.365  1437  4266 I NotificationsModuleTask: Registering accounts to Chime Failed & Rescheduled for later. [CONTEXT service_id=358 ]
07-03 20:03:37.367  1268  1451 I NetworkScheduler.Stats: Task com.google.android.gms/com.google.android.gms.notifications.registration.service.NotificationsRegistrationTaskBoundService finished executing. cause:4 result: 3 elapsed_millis: 526 uptime_millis: 526 exec_start_elapsed_seconds: 95 [CONTEXT service_id=218 ]
07-03 20:03:37.368  1437  1437 D BoundBrokerSvc: onUnbind: Intent { act=com.google.android.gms.notifications.registration.service.NotificationsRegistrationTaskBoundService.ACTION_TASK_READY dat=chimera-action:/... cmp=com.google.android.gms/.chimera.GmsInternalBoundBrokerService }
07-03 20:03:37.382  1268  4282 I NetworkScheduler.Stats: Task com.google.android.gms/com.google.android.gms.clearcut.uploader.QosUploaderService started execution. cause:5 exec_start_elapsed_seconds: 95 [CONTEXT service_id=218 ]
07-03 20:03:37.388  1268  2271 I NetworkScheduler.Stats: Task com.google.android.gms/com.google.android.gms.clearcut.uploader.QosUploaderService started execution. cause:5 exec_start_elapsed_seconds: 95 [CONTEXT service_id=218 ]
07-03 20:03:37.403  1268  4282 I NetworkScheduler.Stats: Task com.google.android.gms/com.google.android.gms.clearcut.uploader.QosUploaderService finished executing. cause:5 result: 1 elapsed_millis: 26 uptime_millis: 26 exec_start_elapsed_seconds: 95 [CONTEXT service_id=218 ]
07-03 20:03:37.411  1268  2271 I NetworkScheduler.Stats: Task com.google.android.gms/com.google.android.gms.clearcut.uploader.QosUploaderService finished executing. cause:5 result: 1 elapsed_millis: 29 uptime_millis: 29 exec_start_elapsed_seconds: 95 [CONTEXT service_id=218 ]
07-03 20:03:37.415  1268  2271 I NetworkScheduler.Stats: Task com.google.android.gms/com.google.android.gms.tapandpay.gcmtask.TapAndPayGcmTaskService started execution. cause:5 exec_start_elapsed_seconds: 95 [CONTEXT service_id=218 ]
07-03 20:03:37.415  1268  2271 I NetworkScheduler.Stats: Task com.google.android.gms/com.google.android.gms.tapandpay.gcmtask.TapAndPayGcmTaskService finished executing. cause:5 result: 1 elapsed_millis: 6 uptime_millis: 6 exec_start_elapsed_seconds: 95 [CONTEXT service_id=218 ]
07-03 20:03:37.675   574  1639 D WifiNl80211Manager: Scan result ready event
07-03 20:03:37.675   574  1639 D WifiNative: Scan result ready event
07-03 20:03:37.677   574   878 I HalDevMgr: bestIfaceCreationProposal is null, requestIface=STA, existingIface=[name=wlan0 type=STA]
07-03 20:03:37.768  3147  3296 E MDD     : DownloadProgressMonitor: Can't find file group for uri: android://com.google.android.apps.messaging/files/datadownload/shared/public/datadownloadfile_1783080163497
07-03 20:03:37.770  3147  3292 D dasx    : Starting download: https://c.tenor.com/CAwnO7U1PuUAAAAk/tenor.gif
07-03 20:03:37.770  3147  3292 V dasx    : Is http uri, downloading (uri: https://c.tenor.com/CAwnO7U1PuUAAAAk/tenor.gif)
07-03 20:03:37.784  3147  3265 E MDD     : DownloadProgressMonitor: Can't find file group for uri: android://com.google.android.apps.messaging/files/datadownload/shared/public/datadownloadfile_1783080163499
07-03 20:03:37.796  3147  3296 D dasx    : Starting download: https://c.tenor.com/MNVpjI3peqUAAAAk/tenor.gif
07-03 20:03:37.796  3147  3296 V dasx    : Is http uri, downloading (uri: https://c.tenor.com/MNVpjI3peqUAAAAk/tenor.gif)
07-03 20:03:37.901  1649  1881 I A       : Running throttled refresh
07-03 20:03:37.902  1649  2027 I A       : Running throttled refresh
07-03 20:03:37.902  1649  2027 I A       : Running throttled refresh
07-03 20:03:37.903  1649  2027 I SettingsDataLayer.ML: (REDACTED) #shouldMigrate(): allowMobileLocaleSettingsDataMigration = %b,
07-03 20:03:37.905  1649  2027 I A       : Running throttled refresh
07-03 20:03:37.905  1649  1881 I A       : Running throttled refresh
07-03 20:03:37.909  1649  1882 W MDD     : GddFileGroupPopulator: Account was not provided, skipping private sync for corpus: GDD_APA_HEAD_SUGGEST, configuration: GddAgsaApaHeadSuggest
07-03 20:03:37.909  1649  1883 W MDD     : GddFileGroupPopulator: Account was not provided, skipping private sync for corpus: GDD_AIP_TOAST_QUALITY, configuration: GddAipToastQuality
07-03 20:03:37.910  1649  1883 W A       : (REDACTED) Corpus: %s is disabled
07-03 20:03:37.911  1649  2027 I A       : (REDACTED) Starting batch sync for corpora: %s
07-03 20:03:37.912  1649  1866 W MDD     : GddFileGroupPopulator: Account was not provided, skipping private sync for corpus: GDD_APA_LIGHTWEIGHT_TOKENS, configuration: GddAgsaApaLightweightTokens
07-03 20:03:37.912  1649  1882 W MDD     : GddFileGroupPopulator: Account was not provided, skipping private sync for corpus: GDD_APA_BISTO, configuration: GddAgsaApaBisto
07-03 20:03:37.912  1649  1866 W MDD     : GddFileGroupPopulator: Account was not provided, skipping private sync for corpus: GDD_APA_HOTWORD_MODEL, configuration: GddAgsaApaHotword
07-03 20:03:37.912  1649  1881 I A       : (REDACTED) Starting batch sync for corpora: %s
07-03 20:03:37.912  1649  1881 I A       : (REDACTED) Starting batch sync for corpora: %s
07-03 20:03:37.912  1649  1881 I A       : (REDACTED) Starting batch sync for corpora: %s
07-03 20:03:37.920  1649  1883 I AppStateUtil: (REDACTED) getting App Capabilities %s
07-03 20:03:37.920  1649  1862 I AppStateUtil: (REDACTED) getting App Capabilities %s
07-03 20:03:37.921  1649  1866 I DPContextParams: Building Device Properties.
07-03 20:03:37.921  1649  1866 I DPContextParams: Building Device Properties.
07-03 20:03:37.926  1649  1866 I A       : (REDACTED) Setting isLegacySQLite mode to %s.
07-03 20:03:37.928  1649  1882 I AppStateUtil: (REDACTED) getting App Capabilities %s
07-03 20:03:37.928  1649  1866 I DPContextParams: Building Device Properties.
07-03 20:03:37.930  1649  2511 I A       : The GellerConfig is not present, returning null.
07-03 20:03:37.930  1649  2511 I A       : (REDACTED) The GellerConfig is not present, defaulting isUploadEnabled for corpus %s to true.
07-03 20:03:37.931  1649  2511 I A       : (REDACTED) No previous syncToken for corpus %s found.
07-03 20:03:37.932   428   659 W APM::HwModule: getDeviceDescriptor: could not find HW module for device  (AUDIO_DEVICE_OUT_WIRED_HEADSET, 00000004) address 
07-03 20:03:37.932   428   659 W APM::HwModule: getDeviceDescriptor: could not find HW module for device  (AUDIO_DEVICE_OUT_WIRED_HEADPHONE, 00000008) address 
07-03 20:03:37.932   428   659 W APM::HwModule: getDeviceDescriptor: could not find HW module for device  (AUDIO_DEVICE_OUT_USB_HEADSET, 04000000) address 
07-03 20:03:37.932   428   659 W APM::HwModule: getDeviceDescriptor: could not find HW module for device  (AUDIO_DEVICE_OUT_WIRED_HEADSET, 00000004) address 
07-03 20:03:37.932   428   663 W APM::HwModule: getDeviceDescriptor: could not find HW module for device  (AUDIO_DEVICE_OUT_WIRED_HEADSET, 00000004) address 
07-03 20:03:37.932   428   659 W APM::HwModule: getDeviceDescriptor: could not find HW module for device  (AUDIO_DEVICE_OUT_WIRED_HEADPHONE, 00000008) address 
07-03 20:03:37.932   428   659 W APM::HwModule: getDeviceDescriptor: could not find HW module for device  (AUDIO_DEVICE_OUT_USB_HEADSET, 04000000) address 
07-03 20:03:37.932   428  3317 W APM::HwModule: getDeviceDescriptor: could not find HW module for device  (AUDIO_DEVICE_OUT_WIRED_HEADPHONE, 00000008) address 
07-03 20:03:37.932   428  3317 W APM::HwModule: getDeviceDescriptor: could not find HW module for device  (AUDIO_DEVICE_OUT_USB_HEADSET, 04000000) address 
07-03 20:03:37.934  1649  1883 W io.grpc.a.d: Failed to create JWT helper. This is unexpected
07-03 20:03:37.934  1649  1883 W io.grpc.a.d: java.lang.NoSuchMethodException: com.google.i.a.l.getScopes []
07-03 20:03:37.934  1649  1883 W io.grpc.a.d: 	at java.lang.Class.getMethod(Class.java:2950)
07-03 20:03:37.934  1649  1883 W io.grpc.a.d: 	at java.lang.Class.getMethod(Class.java:2450)
07-03 20:03:37.934  1649  1883 W io.grpc.a.d: 	at io.grpc.a.b.<init>(PG:15)
07-03 20:03:37.934  1649  1883 W io.grpc.a.d: 	at io.grpc.a.d.<clinit>(PG:27)
07-03 20:03:37.934  1649  1883 W io.grpc.a.d: 	at com.google.android.libraries.geller.h.bk.d(PG:99)
07-03 20:03:37.934  1649  1883 W io.grpc.a.d: 	at com.google.android.libraries.geller.h.be.a(PG:32)
07-03 20:03:37.934  1649  1883 W io.grpc.a.d: 	at com.google.apps.tiktok.tracing.ew.a(PG:18)
07-03 20:03:37.934  1649  1883 W io.grpc.a.d: 	at com.google.common.util.concurrent.ac.apply(PG:14)
07-03 20:03:37.934  1649  1883 W io.grpc.a.d: 	at com.google.common.util.concurrent.h.e(PG:3)
07-03 20:03:37.934  1649  1883 W io.grpc.a.d: 	at com.google.common.util.concurrent.j.run(PG:42)
07-03 20:03:37.934  1649  1883 W io.grpc.a.d: 	at com.google.android.libraries.k.x.run(PG:3)
07-03 20:03:37.934  1649  1883 W io.grpc.a.d: 	at com.google.common.n.c.c.run(PG:50)
07-03 20:03:37.934  1649  1883 W io.grpc.a.d: 	at com.google.android.libraries.k.e.run(PG:8)
07-03 20:03:37.934  1649  1883 W io.grpc.a.d: 	at java.lang.Thread.run(Thread.java:1012)
07-03 20:03:37.934  1649  1883 W io.grpc.a.d: 	at com.google.android.libraries.k.d.b.run(PG:74)
07-03 20:03:37.935   381  4287 I resolv  : GetAddrInfoHandler::run: {100 262244 100 983140 10144 0}
07-03 20:03:37.935   381  4289 I resolv  : res_nmkquery: (QUERY, IN, A)
07-03 20:03:37.935   381  4288 I resolv  : res_nmkquery: (QUERY, IN, AAAA)
07-03 20:03:37.936  1649  2511 I A       : The GellerConfig is not present, returning null.
07-03 20:03:37.936  1649  2511 I A       : (REDACTED) The GellerConfig is not present, defaulting isUploadEnabled for corpus %s to true.
07-03 20:03:37.936  1649  2511 I A       : The GellerConfig is not present, returning null.
07-03 20:03:37.936  1649  2612 I A       : (REDACTED) No previous syncToken for corpus %s found.
07-03 20:03:37.936  1649  2511 I A       : (REDACTED) The GellerConfig is not present, defaulting isUploadEnabled for corpus %s to true.
07-03 20:03:37.936  1649  2511 I A       : The GellerConfig is not present, returning null.
07-03 20:03:37.936  1649  2612 I A       : (REDACTED) No previous syncToken for corpus %s found.
07-03 20:03:37.936  1649  2511 I A       : (REDACTED) The GellerConfig is not present, defaulting isUploadEnabled for corpus %s to true.
07-03 20:03:37.936  1649  2511 I A       : (REDACTED) No previous syncToken for corpus %s found.
07-03 20:03:37.936   381  4292 I resolv  : GetAddrInfoHandler::run: {100 262244 100 983140 10144 0}
07-03 20:03:37.936   381  4295 I resolv  : res_nmkquery: (QUERY, IN, A)
07-03 20:03:37.936   381  4295 I resolv  : resolv_cache_lookup: Waiting for previous request
07-03 20:03:37.936   381  4293 I resolv  : res_nmkquery: (QUERY, IN, AAAA)
07-03 20:03:37.936   381  4296 I resolv  : GetAddrInfoHandler::run: {100 262244 100 983140 10144 0}
07-03 20:03:37.936   381  4293 I resolv  : resolv_cache_lookup: Waiting for previous request
07-03 20:03:37.937   381  4297 I resolv  : GetAddrInfoHandler::run: {100 262244 100 983140 10144 0}
07-03 20:03:37.937   381  4298 I resolv  : res_nmkquery: (QUERY, IN, AAAA)
07-03 20:03:37.937   381  4298 I resolv  : resolv_cache_lookup: Waiting for previous request
07-03 20:03:37.937   381  4299 I resolv  : res_nmkquery: (QUERY, IN, A)
07-03 20:03:37.937   381  4299 I resolv  : resolv_cache_lookup: Waiting for previous request
07-03 20:03:37.937   381  4300 I resolv  : res_nmkquery: (QUERY, IN, AAAA)
07-03 20:03:37.937   381  4301 I resolv  : res_nmkquery: (QUERY, IN, A)
07-03 20:03:37.937   381  4300 I resolv  : resolv_cache_lookup: Waiting for previous request
07-03 20:03:37.937   381  4301 I resolv  : resolv_cache_lookup: Waiting for previous request
07-03 20:03:38.321   381  4288 I resolv  : res_nsend: used send_dg 42 terrno: 0
07-03 20:03:38.321   381  4288 I resolv  : doQuery: rcode=0, ancount=0, return value=42
07-03 20:03:38.321   381  4289 I resolv  : res_nsend: used send_dg 58 terrno: 0
07-03 20:03:38.321   381  4289 I resolv  : doQuery: rcode=0, ancount=1, return value=58
07-03 20:03:38.321   381  4301 I resolv  : resolv_cache_lookup: FOUND IN CACHE entry=0x7315fe2b3890
07-03 20:03:38.321   381  4301 I resolv  : doQuery: rcode=0, ancount=1, return value=58
07-03 20:03:38.321   381  4295 I resolv  : resolv_cache_lookup: FOUND IN CACHE entry=0x7315fe2b3890
07-03 20:03:38.321   381  4295 I resolv  : doQuery: rcode=0, ancount=1, return value=58
07-03 20:03:38.321   381  4299 I resolv  : resolv_cache_lookup: FOUND IN CACHE entry=0x7315fe2b3890
07-03 20:03:38.321   381  4299 I resolv  : doQuery: rcode=0, ancount=1, return value=58
07-03 20:03:38.322  1649  1865 D t       : Starting download: https://dl.google.com/lens-mdd/configs/page_layout_config_1.pb
07-03 20:03:38.322  1649  1865 V t       : Is http uri, downloading (uri: https://dl.google.com/lens-mdd/configs/page_layout_config_1.pb)
07-03 20:03:38.327  1649  2616 D TrafficStats: tagSocket(137) with statsTag=0x0, statsUid=-1
07-03 20:03:38.629  3147  3292 E MDD     : DownloadProgressMonitor: Can't find file group for uri: android://com.google.android.apps.messaging/files/datadownload/shared/public/datadownloadfile_1783080163500
07-03 20:03:38.629   381  4298 I resolv  : res_nsend: used send_dg 42 terrno: 0
07-03 20:03:38.629   381  4298 I resolv  : doQuery: rcode=0, ancount=0, return value=42
07-03 20:03:38.629   381  4293 I resolv  : res_nsend: used send_dg 42 terrno: 0
07-03 20:03:38.629   381  4293 I resolv  : doQuery: rcode=0, ancount=0, return value=42
07-03 20:03:38.629   381  4300 I resolv  : res_nsend: used send_dg 42 terrno: 0
07-03 20:03:38.630   381  4300 I resolv  : doQuery: rcode=0, ancount=0, return value=42
07-03 20:03:38.630  1649  2612 D TrafficStats: tagSocket(138) with statsTag=0x0, statsUid=-1
07-03 20:03:38.630  1649  2349 D TrafficStats: tagSocket(136) with statsTag=0x0, statsUid=-1
07-03 20:03:38.630  1649  2607 D TrafficStats: tagSocket(239) with statsTag=0x0, statsUid=-1
07-03 20:03:38.630  3147  3296 E MDD     : DownloadProgressMonitor: Can't find file group for uri: android://com.google.android.apps.messaging/files/datadownload/shared/public/datadownloadfile_1783080163501
07-03 20:03:38.631  3147  3265 D dasx    : Starting download: https://c.tenor.com/AUCaj-n1RScAAAAk/tenor.gif
07-03 20:03:38.631  3147  3265 V dasx    : Is http uri, downloading (uri: https://c.tenor.com/AUCaj-n1RScAAAAk/tenor.gif)
07-03 20:03:38.718  1649  2618 D t       : Starting download: https://dl.google.com/lens-mdd/configs/proactive_config_1.pb
07-03 20:03:38.718  1649  2618 V t       : Is http uri, downloading (uri: https://dl.google.com/lens-mdd/configs/proactive_config_1.pb)
07-03 20:03:38.758  1649  2511 D t       : Starting download: https://dl.google.com/lens-mdd/configs/raid_config_1.pb
07-03 20:03:38.758  1649  2511 V t       : Is http uri, downloading (uri: https://dl.google.com/lens-mdd/configs/raid_config_1.pb)
07-03 20:03:38.758  3147  3292 D dasx    : Starting download: https://c.tenor.com/MdGCDaD6Wa8AAAAk/tenor.gif
07-03 20:03:38.758  3147  3292 V dasx    : Is http uri, downloading (uri: https://c.tenor.com/MdGCDaD6Wa8AAAAk/tenor.gif)
07-03 20:03:39.148   574   682 D ActivityManager: freezing 3022 com.google.android.rkpdapp
07-03 20:03:39.149   574   885 D InetDiagMessage: Destroyed 0 sockets, proto=IPPROTO_TCP, family=AF_INET, states=14
07-03 20:03:39.150   574   885 D InetDiagMessage: Destroyed 0 sockets, proto=IPPROTO_TCP, family=AF_INET6, states=14
07-03 20:03:39.150   574   885 D InetDiagMessage: Destroyed live tcp sockets for uids={10193} in 1ms
07-03 20:03:39.449  3147  3265 E MDD     : DownloadProgressMonitor: Can't find file group for uri: android://com.google.android.apps.messaging/files/datadownload/shared/public/datadownloadfile_1783080163502
07-03 20:03:39.451  3147  3296 D dasx    : Starting download: https://c.tenor.com/RQcrdyXkM2YAAAAk/tenor.gif
07-03 20:03:39.451  3147  3296 V dasx    : Is http uri, downloading (uri: https://c.tenor.com/RQcrdyXkM2YAAAAk/tenor.gif)
07-03 20:03:39.456  3147  3292 E MDD     : DownloadProgressMonitor: Can't find file group for uri: android://com.google.android.apps.messaging/files/datadownload/shared/public/datadownloadfile_1783080163503
07-03 20:03:39.457  3147  3265 D dasx    : Starting download: https://c.tenor.com/GEfom6TUKQIAAAAk/tenor.gif
07-03 20:03:39.457  3147  3265 V dasx    : Is http uri, downloading (uri: https://c.tenor.com/GEfom6TUKQIAAAAk/tenor.gif)
07-03 20:03:39.466   574   682 D ActivityManager: freezing 966 com.google.android.permissioncontroller
07-03 20:03:39.467   574   885 D InetDiagMessage: Destroyed 0 sockets, proto=IPPROTO_TCP, family=AF_INET, states=14
07-03 20:03:39.468   574   885 D InetDiagMessage: Destroyed 0 sockets, proto=IPPROTO_TCP, family=AF_INET6, states=14
07-03 20:03:39.468   574   885 D InetDiagMessage: Destroyed live tcp sockets for uids={10187} in 1ms
07-03 20:03:39.725   189  4269 I keystore2: system/security/keystore2/watchdog/src/lib.rs:319 - Watchdog thread idle -> terminating. Have a great day.
07-03 20:03:39.871  3147  3296 E MDD     : DownloadProgressMonitor: Can't find file group for uri: android://com.google.android.apps.messaging/files/datadownload/shared/public/datadownloadfile_1783080163504
07-03 20:03:39.873  3147  3292 D dasx    : Starting download: https://c.tenor.com/jPgPgvg4CjoAAAAk/tenor.gif
07-03 20:03:39.873  3147  3292 V dasx    : Is http uri, downloading (uri: https://c.tenor.com/jPgPgvg4CjoAAAAk/tenor.gif)
07-03 20:03:39.910  1649  2612 I A       : (REDACTED) Writing metadata key: %s, corpus: %s
07-03 20:03:39.911  1649  2612 I A       : (REDACTED) Writing metadata key: %s, corpus: %s
07-03 20:03:39.928  3147  3265 E MDD     : DownloadProgressMonitor: Can't find file group for uri: android://com.google.android.apps.messaging/files/datadownload/shared/public/datadownloadfile_1783080163505
07-03 20:03:39.933  3147  3296 D dasx    : Starting download: https://c.tenor.com/CSkw57W8v1wAAAAk/tenor.gif
07-03 20:03:39.933  3147  3296 V dasx    : Is http uri, downloading (uri: https://c.tenor.com/CSkw57W8v1wAAAAk/tenor.gif)
07-03 20:03:39.941  1268  1274 W .gms.persistent: ApkAssets: Deleting an ApkAssets object '<empty> and /product/priv-app/Velvet/Velvet.apk' with 1 weak references
07-03 20:03:40.135  1649  2511 I A       : (REDACTED) Writing metadata key: %s, corpus: %s
07-03 20:03:40.135  1649  2511 I A       : (REDACTED) Writing metadata key: %s, corpus: %s
07-03 20:03:40.152  1649  2618 I A       : (REDACTED) Writing metadata key: %s, corpus: %s
07-03 20:03:40.152  1649  2618 I A       : (REDACTED) Writing metadata key: %s, corpus: %s
07-03 20:03:40.156  1649  1865 W MDD     : No download stage experiment ids found even though experiment info is set.
07-03 20:03:40.156  1649  1865 W MDD     : No download stage experiment ids found even though experiment info is set.
07-03 20:03:40.157  1649  1865 I A       : (REDACTED) Writing metadata key: %s, corpus: %s
07-03 20:03:40.157  1649  1865 I A       : (REDACTED) Writing metadata key: %s, corpus: %s
07-03 20:03:40.330  3147  3292 E MDD     : DownloadProgressMonitor: Can't find file group for uri: android://com.google.android.apps.messaging/files/datadownload/shared/public/datadownloadfile_1783080163506
07-03 20:03:40.332  3147  3265 D dasx    : Starting download: https://c.tenor.com/gOG397-puAsAAAAk/tenor.gif
07-03 20:03:40.332  3147  3265 V dasx    : Is http uri, downloading (uri: https://c.tenor.com/gOG397-puAsAAAAk/tenor.gif)
07-03 20:03:40.355  1649  2612 D t       : Starting download: https://dl.google.com/mdi-serving/agsa-apa-bisto-hotword-models/18257/fee3dfa32c28cf1560d4b3d5339e09d63ad0fbad
07-03 20:03:40.355  1649  2612 V t       : Is http uri, downloading (uri: https://dl.google.com/mdi-serving/agsa-apa-bisto-hotword-models/18257/fee3dfa32c28cf1560d4b3d5339e09d63ad0fbad)
07-03 20:03:40.710  4307  4307 D AndroidRuntime: >>>>>> START com.android.internal.os.RuntimeInit uid 2000 <<<<<<
07-03 20:03:40.710  4311  4311 W BpBinder: Linking to death on android.gui.ISurfaceComposer but there are no threads (yet?) listening to incoming transactions. See ProcessState::startThreadPool and ProcessState::setThreadPoolMaxThreadCount. Generally you should setup the binder threadpool before other initialization steps.
07-03 20:03:40.711  4311  4311 W ProcessState: Extra binder thread started, but 0 threads requested. Do not use *startThreadPool when zero threads are requested.
07-03 20:03:40.717  4307  4307 I AndroidRuntime: Using default boot image
07-03 20:03:40.717  4307  4307 I AndroidRuntime: Leaving lock profiling enabled
07-03 20:03:40.722   165   165 I hwservicemanager: getTransport: Cannot find entry android.hardware.graphics.mapper@4.0::IMapper/default in either framework or device VINTF manifest.
07-03 20:03:40.722  4307  4307 I app_process: Core platform API reporting enabled, enforcing=false
07-03 20:03:40.722  4311  4312 I Gralloc4: mapper 4.x is not supported
07-03 20:03:40.759     0     0 I servicemanager: Caller(pid=4311,uid=2000,sid=u:r:shell:s0) Could not find android.hardware.graphics.allocator.IAllocator/default in the VINTF manifest. No alternative instances declared in VINTF.
07-03 20:03:40.723  4307  4307 I app_process: Using CollectorTypeCMC GC.
07-03 20:03:40.781  1649  2616 D t       : Starting download: https://dl.google.com/mdi-serving/agsa-apa-bisto-hotword-models/18257/4b27947fbabf9ae976b682889ecb1434118ab82c
07-03 20:03:40.781  1649  2616 V t       : Is http uri, downloading (uri: https://dl.google.com/mdi-serving/agsa-apa-bisto-hotword-models/18257/4b27947fbabf9ae976b682889ecb1434118ab82c)
07-03 20:03:40.781  3147  3296 E MDD     : DownloadProgressMonitor: Can't find file group for uri: android://com.google.android.apps.messaging/files/datadownload/shared/public/datadownloadfile_1783080163507
07-03 20:03:40.782  1649  2612 E MDD     : DownloadProgressMonitor: Can't find file group for uri: android://com.google.android.googlequicksearchbox/files/datadownload/shared/public/datadownloadfile_1783080154928
07-03 20:03:40.783  3147  3292 D dasx    : Starting download: https://c.tenor.com/fynlBjSoN7kAAAAk/tenor.gif
07-03 20:03:40.783  3147  3292 V dasx    : Is http uri, downloading (uri: https://c.tenor.com/fynlBjSoN7kAAAAk/tenor.gif)
07-03 20:03:40.784  1649  1865 D t       : Starting download: https://www.gstatic.com/federated_assistant/poliy_config_smart_dictation-v598965937.binarypb
07-03 20:03:40.784  1649  1865 V t       : Is http uri, downloading (uri: https://www.gstatic.com/federated_assistant/poliy_config_smart_dictation-v598965937.binarypb)
07-03 20:03:40.814  4307  4307 D nativeloader: InitDefaultPublicLibraries for_preload=1: libandroid.so:libaaudio.so:libamidi.so:libbinder_ndk.so:libc.so:libcamera2ndk.so:libdl.so:libEGL.so:libGLESv1_CM.so:libGLESv2.so:libGLESv3.so:libicu.so:libicui18n.so:libicuuc.so:libjnigraphics.so:liblog.so:libmediandk.so:libm.so:libnativehelper.so:libnativewindow.so:libOpenMAXAL.so:libOpenSLES.so:libRS.so:libstdc++.so:libsync.so:libvulkan.so:libwebviewchromium_plat_support.so:libz.so
07-03 20:03:40.850  3147  3265 E MDD     : DownloadProgressMonitor: Can't find file group for uri: android://com.google.android.apps.messaging/files/datadownload/shared/public/datadownloadfile_1783080163508
07-03 20:03:40.851  4307  4307 D nativeloader: Load libicu_jni.so using APEX ns com_android_art for caller /apex/com.android.art/javalib/core-oj.jar: ok
