--------- beginning of system
07-03 20:27:52.683   581   703 D ActivityManager: freezing 2586 com.google.android.rkpdapp
--------- beginning of main
07-03 20:27:52.685   581   759 D InetDiagMessage: Destroyed 0 sockets, proto=IPPROTO_TCP, family=AF_INET, states=14
07-03 20:27:52.686   581   759 D InetDiagMessage: Destroyed 0 sockets, proto=IPPROTO_TCP, family=AF_INET6, states=14
07-03 20:27:52.686   581   759 D InetDiagMessage: Destroyed live tcp sockets for uids={10193} in 1ms
07-03 20:27:52.771   834   834 I wpa_supplicant: wlan0: CTRL-EVENT-BEACON-LOSS 
07-03 20:27:53.118   581   639 D OomAdjuster: Not killing cached processes
07-03 20:27:53.128  1536  1536 D BoundBrokerSvc: onRebind: Intent { act=com.google.android.gms.notifications.registration.service.NotificationsRegistrationTaskBoundService.ACTION_TASK_READY dat=chimera-action:/... cmp=com.google.android.gms/.chimera.GmsInternalBoundBrokerService }
07-03 20:27:53.128  1063  2695 I NetworkScheduler.Stats: Task com.google.android.gms/com.google.android.gms.notifications.registration.service.NotificationsRegistrationTaskBoundService started execution. cause:4 exec_start_elapsed_seconds: 64 [CONTEXT service_id=218 ]
07-03 20:27:53.129  1536  1536 I GmsCoreXrpcWrapper: Returning a channel provider with trafficStatsTag=67175169 trafficStatsUid=-1
07-03 20:27:53.137  1605  1869 E MDD     : DownloadProgressMonitor: Can't find file group for uri: android://com.google.android.apps.messaging/files/datadownload/shared/public/datadownloadfile_1783080164151
07-03 20:27:53.139  1536  1536 D BoundBrokerSvc: onBind: Intent { act=com.google.android.gms.auth.service.START pkg=com.google.android.gms }
07-03 20:27:53.139  1536  1536 D BoundBrokerSvc: Loading bound service for intent: Intent { act=com.google.android.gms.auth.service.START pkg=com.google.android.gms }
07-03 20:27:53.139  1605  1709 E MDD     : DownloadProgressMonitor: Can't find file group for uri: android://com.google.android.apps.messaging/files/datadownload/shared/public/datadownloadfile_1783080164152
07-03 20:27:53.142  1605  1710 D dasx    : Starting download: https://fonts.gstatic.com/s/e/notoemoji/16.0/1f419/lottie.json
07-03 20:27:53.142  1605  1710 V dasx    : Is http uri, downloading (uri: https://fonts.gstatic.com/s/e/notoemoji/16.0/1f419/lottie.json)
07-03 20:27:53.143  1063  1836 W GLSUser : [DeviceKeyStore] Cannot load key: Device key file not found.
07-03 20:27:53.143  1605  1869 D dasx    : Starting download: https://fonts.gstatic.com/s/e/notoemoji/16.0/1fabc/lottie.json
07-03 20:27:53.143  1605  1869 V dasx    : Is http uri, downloading (uri: https://fonts.gstatic.com/s/e/notoemoji/16.0/1fabc/lottie.json)
07-03 20:27:53.157   581  1988 D FileUtils: Rounded bytes from 2592710656 to 4000000000
07-03 20:27:53.159   382  3068 I resolv  : GetAddrInfoHandler::run: {100 786532 100 983140 10143 0}
07-03 20:27:53.159  2554  2565 D TrafficStats: tagSocket(123) with statsTag=0x1809, statsUid=-1
07-03 20:27:53.162  2554  2565 W libc    : Access denied finding property "persist.adb.tls_server.enable"
07-03 20:27:53.162  2554  2565 W libc    : Access denied finding property "service.adb.tls.port"
07-03 20:27:53.156  2554  2554 W binder:2554_3: type=1400 audit(0.0:29): avc:  denied  { read } for  name="u:object_r:system_adbd_prop:s0" dev="tmpfs" ino=318 scontext=u:r:gmscore_app:s0:c512,c768 tcontext=u:object_r:system_adbd_prop:s0 tclass=file permissive=0 app=com.google.android.gms
07-03 20:27:53.156  2554  2554 W binder:2554_3: type=1400 audit(0.0:30): avc:  denied  { read } for  name="u:object_r:adbd_prop:s0" dev="tmpfs" ino=63 scontext=u:r:gmscore_app:s0:c512,c768 tcontext=u:object_r:adbd_prop:s0 tclass=file permissive=0 app=com.google.android.gms
07-03 20:27:53.170  1063  1836 W GmsUrlRequestImpl: Content-Type header is overwritten.
07-03 20:27:53.170   382  3070 I resolv  : GetAddrInfoHandler::run: {100 786532 100 983140 10143 0}
07-03 20:27:53.170   382  3071 I resolv  : res_nmkquery: (QUERY, IN, AAAA)
07-03 20:27:53.170   382  3072 I resolv  : res_nmkquery: (QUERY, IN, A)
07-03 20:27:53.334   198  3049 I keystore2: system/security/keystore2/watchdog/src/lib.rs:319 - Watchdog thread idle -> terminating. Have a great day.
07-03 20:27:53.642   382  3071 I resolv  : res_nsend: used send_dg 40 terrno: 0
07-03 20:27:53.642   382  3072 I resolv  : res_nsend: used send_dg 56 terrno: 0
07-03 20:27:53.642   382  3071 I resolv  : doQuery: rcode=0, ancount=0, return value=40
07-03 20:27:53.642   382  3072 I resolv  : doQuery: rcode=0, ancount=1, return value=56
07-03 20:27:53.642  1063  2953 D TrafficStats: tagSocket(97) with statsTag=0x401, statsUid=10143
07-03 20:27:53.802   581   759 D InetDiagMessage: Destroyed 0 sockets, proto=IPPROTO_TCP, family=AF_INET, states=14
07-03 20:27:53.803   581   759 D InetDiagMessage: Destroyed 0 sockets, proto=IPPROTO_TCP, family=AF_INET6, states=14
07-03 20:27:53.803   581   759 D InetDiagMessage: Destroyed live tcp sockets for uids={10140} in 1ms
07-03 20:27:53.803   581   759 D InetDiagMessage: Destroyed 0 sockets, proto=IPPROTO_TCP, family=AF_INET, states=14
07-03 20:27:53.803   581   759 D InetDiagMessage: Destroyed 0 sockets, proto=IPPROTO_TCP, family=AF_INET6, states=14
07-03 20:27:53.803   581   759 D InetDiagMessage: Destroyed live tcp sockets for uids={20140} in 1ms
07-03 20:27:53.855  1605  1710 E MDD     : DownloadProgressMonitor: Can't find file group for uri: android://com.google.android.apps.messaging/files/datadownload/shared/public/datadownloadfile_1783080164153
07-03 20:27:53.963  1605  1709 D dasx    : Starting download: https://fonts.gstatic.com/s/e/notoemoji/16.0/1f577_fe0f/lottie.json
07-03 20:27:53.963  1605  1709 V dasx    : Is http uri, downloading (uri: https://fonts.gstatic.com/s/e/notoemoji/16.0/1f577_fe0f/lottie.json)
07-03 20:27:54.161  1605  1869 E MDD     : DownloadProgressMonitor: Can't find file group for uri: android://com.google.android.apps.messaging/files/datadownload/shared/public/datadownloadfile_1783080164154
07-03 20:27:54.473  1605  1710 D dasx    : Starting download: https://fonts.gstatic.com/s/e/notoemoji/16.0/1f40c/lottie.json
07-03 20:27:54.473  1605  1710 V dasx    : Is http uri, downloading (uri: https://fonts.gstatic.com/s/e/notoemoji/16.0/1f40c/lottie.json)
07-03 20:27:54.744  1605  1709 E MDD     : DownloadProgressMonitor: Can't find file group for uri: android://com.google.android.apps.messaging/files/datadownload/shared/public/datadownloadfile_1783080164155
07-03 20:27:54.749  1605  1869 D dasx    : Starting download: https://fonts.gstatic.com/s/e/notoemoji/16.0/1f41c/lottie.json
07-03 20:27:54.749  1605  1869 V dasx    : Is http uri, downloading (uri: https://fonts.gstatic.com/s/e/notoemoji/16.0/1f41c/lottie.json)
07-03 20:27:54.878  1063  1836 W GLSUser : [AppCertManager] Exception while requesting key: 
07-03 20:27:54.878  1063  1836 W GLSUser : java.util.concurrent.ExecutionException: bpcw: Parse Proto Exception with response code 400
07-03 20:27:54.878  1063  1836 W GLSUser : 	at etvr.s(:com.google.android.gms@242335041@24.23.35 (190800-646585959):21)
07-03 20:27:54.878  1063  1836 W GLSUser : 	at etvr.get(:com.google.android.gms@242335041@24.23.35 (190800-646585959):10)
07-03 20:27:54.878  1063  1836 W GLSUser : 	at yfw.b(:com.google.android.gms@242335041@24.23.35 (190800-646585959):477)
07-03 20:27:54.878  1063  1836 W GLSUser : 	at yfu.a(:com.google.android.gms@242335041@24.23.35 (190800-646585959):70)
07-03 20:27:54.878  1063  1836 W GLSUser : 	at yfu.hf(:com.google.android.gms@242335041@24.23.35 (190800-646585959):16)
07-03 20:27:54.878  1063  1836 W GLSUser : 	at oxh.onTransact(:com.google.android.gms@242335041@24.23.35 (190800-646585959):96)
07-03 20:27:54.878  1063  1836 W GLSUser : 	at android.os.Binder.transact(Binder.java:1345)
07-03 20:27:54.878  1063  1836 W GLSUser : 	at bjld.onTransact(:com.google.android.gms@242335041@24.23.35 (190800-646585959):18)
07-03 20:27:54.878  1063  1836 W GLSUser : 	at android.os.Binder.transact(Binder.java:1345)
07-03 20:27:54.878  1063  1836 W GLSUser : 	at bbqp.onTransact(:com.google.android.gms@242335041@24.23.35 (190800-646585959):147)
07-03 20:27:54.878  1063  1836 W GLSUser : 	at android.os.Binder.execTransactInternal(Binder.java:1500)
07-03 20:27:54.878  1063  1836 W GLSUser : 	at android.os.Binder.execTransact(Binder.java:1444)
07-03 20:27:54.878  1063  1836 W GLSUser : Caused by: bpcw: Parse Proto Exception with response code 400
07-03 20:27:54.878  1063  1836 W GLSUser : 	at bpdw.b(:com.google.android.gms@242335041@24.23.35 (190800-646585959):80)
07-03 20:27:54.878  1063  1836 W GLSUser : 	at bpgb.e(:com.google.android.gms@242335041@24.23.35 (190800-646585959):17)
07-03 20:27:54.878  1063  1836 W GLSUser : 	at bpgp.onSucceeded(:com.google.android.gms@242335041@24.23.35 (190800-646585959):7)
07-03 20:27:54.878  1063  1836 W GLSUser : 	at m.mw.onSucceeded(:com.google.android.gms.dynamite_cronetdynamite@242335041@24.23.35 (190800-0):3)
07-03 20:27:54.878  1063  1836 W GLSUser : 	at m.lt.run(:com.google.android.gms.dynamite_cronetdynamite@242335041@24.23.35 (190800-0):25)
07-03 20:27:54.878  1063  1836 W GLSUser : 	at angs.c(:com.google.android.gms@242335041@24.23.35 (190800-646585959):50)
07-03 20:27:54.878  1063  1836 W GLSUser : 	at angs.run(:com.google.android.gms@242335041@24.23.35 (190800-646585959):76)
07-03 20:27:54.878  1063  1836 W GLSUser : 	at java.util.concurrent.ThreadPoolExecutor.runWorker(ThreadPoolExecutor.java:1145)
07-03 20:27:54.878  1063  1836 W GLSUser : 	at java.util.concurrent.ThreadPoolExecutor$Worker.run(ThreadPoolExecutor.java:644)
07-03 20:27:54.878  1063  1836 W GLSUser : 	at anmg.run(:com.google.android.gms@242335041@24.23.35 (190800-646585959):8)
07-03 20:27:54.878  1063  1836 W GLSUser : 	at java.lang.Thread.run(Thread.java:1012)
07-03 20:27:54.878  1063  1836 W GLSUser : Caused by: fkhe: Protocol message contained an invalid tag (zero).
07-03 20:27:54.878  1063  1836 W GLSUser : 	at fkea.k(:com.google.android.gms@242335041@24.23.35 (190800-646585959):39)
07-03 20:27:54.878  1063  1836 W GLSUser : 	at fkid.c(:com.google.android.gms@242335041@24.23.35 (190800-646585959):309)
07-03 20:27:54.878  1063  1836 W GLSUser : 	at fkid.i(:com.google.android.gms@242335041@24.23.35 (190800-646585959):8)
07-03 20:27:54.878  1063  1836 W GLSUser : 	at fkgi.fe(:com.google.android.gms@242335041@24.23.35 (190800-646585959):25)
07-03 20:27:54.878  1063  1836 W GLSUser : 	at fkgc.g(:com.google.android.gms@242335041@24.23.35 (190800-646585959):3)
07-03 20:27:54.878  1063  1836 W GLSUser : 	at fkdw.e(:com.google.android.gms@242335041@24.23.35 (190800-646585959):1)
07-03 20:27:54.878  1063  1836 W GLSUser : 	at fkdw.d(:com.google.android.gms@242335041@24.23.35 (190800-646585959):3)
07-03 20:27:54.878  1063  1836 W GLSUser : 	at fkdw.p(:com.google.android.gms@242335041@24.23.35 (190800-646585959):1)
07-03 20:27:54.878  1063  1836 W GLSUser : 	at bpdw.g(:com.google.android.gms@242335041@24.23.35 (190800-646585959):68)
07-03 20:27:54.878  1063  1836 W GLSUser : 	at bpdw.b(:com.google.android.gms@242335041@24.23.35 (190800-646585959):11)
07-03 20:27:54.878  1063  1836 W GLSUser : 	... 10 more
07-03 20:27:54.879  1063  1836 W GLSUser : [DeviceKeyStore] Cannot load key: Device key file not found.
07-03 20:27:54.884  1536  1938 E gclu    : *~*~*~ Previous channel {0} was garbage collected without being shut down! ~*~*~*
07-03 20:27:54.884  1536  1938 E gclu    :     Make sure to call shutdown()/shutdownNow()
07-03 20:27:54.884  1536  1938 E gclu    : java.lang.RuntimeException: ManagedChannel allocation site
07-03 20:27:54.884  1536  1938 E gclu    : 	at gclt.<init>(:com.google.android.gms@242335041@24.23.35 (190800-646585959):21)
07-03 20:27:54.884  1536  1938 E gclu    : 	at gclu.<init>(:com.google.android.gms@242335041@24.23.35 (190800-646585959):10)
07-03 20:27:54.884  1536  1938 E gclu    : 	at gcls.a(:com.google.android.gms@242335041@24.23.35 (190800-646585959):244)
07-03 20:27:54.884  1536  1938 E gclu    : 	at gbvj.a(:com.google.android.gms@242335041@24.23.35 (190800-646585959):5)
07-03 20:27:54.884  1536  1938 E gclu    : 	at anbr.a(:com.google.android.gms@242335041@24.23.35 (190800-646585959):59)
07-03 20:27:54.884  1536  1938 E gclu    : 	at anbi.e(:com.google.android.gms@242335041@24.23.35 (190800-646585959):63)
07-03 20:27:54.884  1536  1938 E gclu    : 	at anbi.f(:com.google.android.gms@242335041@24.23.35 (190800-646585959):5)
07-03 20:27:54.884  1536  1938 E gclu    : 	at dhgf.a(:com.google.android.gms@242335041@24.23.35 (190800-646585959):39)
07-03 20:27:54.884  1536  1938 E gclu    : 	at dhfl.c(:com.google.android.gms@242335041@24.23.35 (190800-646585959):8)
07-03 20:27:54.884  1536  1938 E gclu    : 	at dhfl.a(:com.google.android.gms@242335041@24.23.35 (190800-646585959):3)
07-03 20:27:54.884  1536  1938 E gclu    : 	at ajis.run(:com.google.android.gms@242335041@24.23.35 (190800-646585959):5)
07-03 20:27:54.884  1536  1938 E gclu    : 	at angs.c(:com.google.android.gms@242335041@24.23.35 (190800-646585959):50)
07-03 20:27:54.884  1536  1938 E gclu    : 	at angs.run(:com.google.android.gms@242335041@24.23.35 (190800-646585959):76)
07-03 20:27:54.884  1536  1938 E gclu    : 	at java.util.concurrent.ThreadPoolExecutor.runWorker(ThreadPoolExecutor.java:1145)
07-03 20:27:54.884  1536  1938 E gclu    : 	at java.util.concurrent.ThreadPoolExecutor$Worker.run(ThreadPoolExecutor.java:644)
07-03 20:27:54.884  1536  1938 E gclu    : 	at anmg.run(:com.google.android.gms@242335041@24.23.35 (190800-646585959):8)
07-03 20:27:54.884  1536  1938 E gclu    : 	at java.lang.Thread.run(Thread.java:1012)
07-03 20:27:54.886  1536  2715 D TrafficStats: tagSocket(6) with statsTag=0x3c010301, statsUid=-1
07-03 20:27:54.904  1605  1710 E MDD     : DownloadProgressMonitor: Can't find file group for uri: android://com.google.android.apps.messaging/files/datadownload/shared/public/datadownloadfile_1783080164156
07-03 20:27:54.906  1605  1709 D dasx    : Starting download: https://fonts.gstatic.com/s/e/notoemoji/16.0/1f99f/lottie.json
07-03 20:27:54.906  1605  1709 V dasx    : Is http uri, downloading (uri: https://fonts.gstatic.com/s/e/notoemoji/16.0/1f99f/lottie.json)
--------- beginning of kernel
07-03 20:27:55.009     0     0 W healthd : battery l=100 v=5000 t=25.0 h=2 st=2 c=900000 fc=3000000 cc=10 chg=a
07-03 20:27:55.234  1605  1869 E MDD     : DownloadProgressMonitor: Can't find file group for uri: android://com.google.android.apps.messaging/files/datadownload/shared/public/datadownloadfile_1783080164157
07-03 20:27:55.238  1605  1710 D dasx    : Starting download: https://fonts.gstatic.com/s/e/notoemoji/16.0/1fab3/lottie.json
07-03 20:27:55.238  1605  1710 V dasx    : Is http uri, downloading (uri: https://fonts.gstatic.com/s/e/notoemoji/16.0/1fab3/lottie.json)
07-03 20:27:55.366  1536  2715 I cr_CronetUrlRequestContext: destroyNativeStreamLocked org.chromium.net.impl.CronetBidirectionalStream@1afda72
07-03 20:27:55.368  1536  2965 I NotificationsModuleTask: Registering accounts to Chime Failed & Rescheduled for later. [CONTEXT service_id=358 ]
07-03 20:27:55.370  1063  3058 I NetworkScheduler.Stats: Task com.google.android.gms/com.google.android.gms.notifications.registration.service.NotificationsRegistrationTaskBoundService finished executing. cause:4 result: 3 elapsed_millis: 2242 uptime_millis: 2242 exec_start_elapsed_seconds: 64 [CONTEXT service_id=218 ]
07-03 20:27:55.371  1536  1536 D BoundBrokerSvc: onUnbind: Intent { act=com.google.android.gms.notifications.registration.service.NotificationsRegistrationTaskBoundService.ACTION_TASK_READY dat=chimera-action:/... cmp=com.google.android.gms/.chimera.GmsInternalBoundBrokerService }
07-03 20:27:55.595  1605  1709 E MDD     : DownloadProgressMonitor: Can't find file group for uri: android://com.google.android.apps.messaging/files/datadownload/shared/public/datadownloadfile_1783080164158
07-03 20:27:55.598  1605  1869 D dasx    : Starting download: https://fonts.gstatic.com/s/e/notoemoji/16.0/1fab0/lottie.json
07-03 20:27:55.598  1605  1869 V dasx    : Is http uri, downloading (uri: https://fonts.gstatic.com/s/e/notoemoji/16.0/1fab0/lottie.json)
07-03 20:27:55.801  1605  1710 E MDD     : DownloadProgressMonitor: Can't find file group for uri: android://com.google.android.apps.messaging/files/datadownload/shared/public/datadownloadfile_1783080164159
07-03 20:27:55.807  1605  1709 D dasx    : Starting download: https://fonts.gstatic.com/s/e/notoemoji/16.0/1f41d/lottie.json
07-03 20:27:55.807  1605  1709 V dasx    : Is http uri, downloading (uri: https://fonts.gstatic.com/s/e/notoemoji/16.0/1f41d/lottie.json)
07-03 20:27:56.414  1605  1869 E MDD     : DownloadProgressMonitor: Can't find file group for uri: android://com.google.android.apps.messaging/files/datadownload/shared/public/datadownloadfile_1783080164160
07-03 20:27:56.415  1605  1709 E MDD     : DownloadProgressMonitor: Can't find file group for uri: android://com.google.android.apps.messaging/files/datadownload/shared/public/datadownloadfile_1783080164161
07-03 20:27:56.418  1605  1710 D dasx    : Starting download: https://fonts.gstatic.com/s/e/notoemoji/16.0/1f41e/lottie.json
07-03 20:27:56.418  1605  1710 V dasx    : Is http uri, downloading (uri: https://fonts.gstatic.com/s/e/notoemoji/16.0/1f41e/lottie.json)
07-03 20:27:56.833  1605  1869 D dasx    : Starting download: https://fonts.gstatic.com/s/e/notoemoji/16.0/1f98b/lottie.json
07-03 20:27:56.833  1605  1869 V dasx    : Is http uri, downloading (uri: https://fonts.gstatic.com/s/e/notoemoji/16.0/1f98b/lottie.json)
07-03 20:27:57.232  1605  1710 E MDD     : DownloadProgressMonitor: Can't find file group for uri: android://com.google.android.apps.messaging/files/datadownload/shared/public/datadownloadfile_1783080164162
07-03 20:27:57.355  1605  1709 D dasx    : Starting download: https://fonts.gstatic.com/s/e/notoemoji/16.0/1f41b/lottie.json
07-03 20:27:57.355  1605  1709 V dasx    : Is http uri, downloading (uri: https://fonts.gstatic.com/s/e/notoemoji/16.0/1f41b/lottie.json)
07-03 20:27:57.518  1605  1869 E MDD     : DownloadProgressMonitor: Can't find file group for uri: android://com.google.android.apps.messaging/files/datadownload/shared/public/datadownloadfile_1783080164163
07-03 20:27:57.750   581   838 W BatteryExternalStatsWorker: error reading Bluetooth stats: 11
07-03 20:27:57.759  1605  1710 D dasx    : Starting download: https://fonts.gstatic.com/s/e/notoemoji/16.0/1fab1/lottie.json
07-03 20:27:57.759  1605  1710 V dasx    : Is http uri, downloading (uri: https://fonts.gstatic.com/s/e/notoemoji/16.0/1fab1/lottie.json)
07-03 20:27:57.896  1605  1709 E MDD     : DownloadProgressMonitor: Can't find file group for uri: android://com.google.android.apps.messaging/files/datadownload/shared/public/datadownloadfile_1783080164164
07-03 20:27:57.936  1605  1869 D dasx    : Starting download: https://fonts.gstatic.com/s/e/notoemoji/16.0/1f43e/lottie.json
07-03 20:27:57.936  1605  1869 V dasx    : Is http uri, downloading (uri: https://fonts.gstatic.com/s/e/notoemoji/16.0/1f43e/lottie.json)
07-03 20:27:58.175   581   838 D OomAdjuster: Not killing cached processes
07-03 20:27:58.348   581   829 D ActivityManager: sync unfroze 1184 com.google.android.permissioncontroller for 6
07-03 20:27:58.363   382   462 I netd    : tetherGetStats() -> {[]} <0.19ms>
07-03 20:27:58.374   581   838 W ProcessStats: Tracking association SourceState{8d38fd7 system/1000 ImpFg #1361} whose proc state 5 is better than process ProcessState{810e55a com.google.android.permissioncontroller/10187 pkg=com.google.android.permissioncontroller} proc state 14 (0 skipped)
07-03 20:27:58.376  1184  1194 I PermissionControllerServiceImpl: Updating user sensitive for user 0
07-03 20:27:58.389   581  1470 W ParceledListSlice: Element #63 is 140128 bytes.
07-03 20:27:58.389   581  1470 W ParceledListSlice: Overly large reply size: 160468
07-03 20:27:58.390   581  1470 W ParceledListSlice: Element #138 is 59768 bytes.
07-03 20:27:58.390   581  1470 W ParceledListSlice: Overly large reply size: 114872
07-03 20:27:58.391   581  1470 W ParceledListSlice: Element #139 is 17044 bytes.
07-03 20:27:58.391   581  1470 W ParceledListSlice: Element #188 is 21768 bytes.
07-03 20:27:58.392   581  1470 W ParceledListSlice: Element #217 is 29268 bytes.
07-03 20:27:58.626  1605  1710 E MDD     : DownloadProgressMonitor: Can't find file group for uri: android://com.google.android.apps.messaging/files/datadownload/shared/public/datadownloadfile_1783080164165
07-03 20:27:58.788  1605  1709 D dasx    : Starting download: https://fonts.gstatic.com/s/e/notoemoji/16.0/1f345/lottie.json
07-03 20:27:58.788  1605  1709 V dasx    : Is http uri, downloading (uri: https://fonts.gstatic.com/s/e/notoemoji/16.0/1f345/lottie.json)
07-03 20:27:58.798   581   703 D ActivityManager: freezing 1011 com.android.settings
07-03 20:27:58.799   581   703 D ActivityManager: freezing 2613 com.google.android.settings.intelligence
07-03 20:27:58.800   581   759 D InetDiagMessage: Destroyed 0 sockets, proto=IPPROTO_TCP, family=AF_INET, states=14
07-03 20:27:58.801   581   759 D InetDiagMessage: Destroyed 0 sockets, proto=IPPROTO_TCP, family=AF_INET6, states=14
07-03 20:27:58.801   581   759 D InetDiagMessage: Destroyed live tcp sockets for uids={10140} in 1ms
07-03 20:27:59.076  1605  1869 E MDD     : DownloadProgressMonitor: Can't find file group for uri: android://com.google.android.apps.messaging/files/datadownload/shared/public/datadownloadfile_1783080164166
07-03 20:27:59.078  1605  1710 D dasx    : Starting download: https://fonts.gstatic.com/s/e/notoemoji/16.0/1f373/lottie.json
07-03 20:27:59.078  1605  1710 V dasx    : Is http uri, downloading (uri: https://fonts.gstatic.com/s/e/notoemoji/16.0/1f373/lottie.json)
07-03 20:27:59.415  3074  3074 I abb     : StartCommandInProcess(73657474696e67730067657400676c6f settings.get.glo [truncated])
07-03 20:27:59.412   581   581 W binder:581_E: type=1400 audit(0.0:31): avc:  denied  { getopt } for  scontext=u:r:system_server:s0 tcontext=u:r:shell:s0 tclass=unix_stream_socket permissive=0
07-03 20:27:59.412   581   581 W binder:581_E: type=1400 audit(0.0:32): avc:  denied  { getopt } for  scontext=u:r:system_server:s0 tcontext=u:r:shell:s0 tclass=unix_stream_socket permissive=0
07-03 20:27:59.420  3074  3074 I abb     : StartCommandInProcess(7061636b61676500696e7374616c6c00 package.install. [truncated])
07-03 20:27:59.412   581   581 W binder:581_E: type=1400 audit(0.0:33): avc:  denied  { getopt } for  scontext=u:r:system_server:s0 tcontext=u:r:shell:s0 tclass=unix_stream_socket permissive=0
07-03 20:27:59.436   581  1470 D CompatChangeReporter: Compat change id reported: 240618202; UID 2000; state: ENABLED
07-03 20:27:59.432   581   581 W binder:581_E: type=1400 audit(0.0:34): avc:  denied  { getopt } for  scontext=u:r:system_server:s0 tcontext=u:r:shell:s0 tclass=unix_stream_socket permissive=0
07-03 20:27:59.442   581  1470 E SystemServiceRegistry: No service published for: persistent_data_block
07-03 20:27:59.442   581  1470 E SystemServiceRegistry: android.os.ServiceManager$ServiceNotFoundException: No service published for: persistent_data_block
07-03 20:27:59.442   581  1470 E SystemServiceRegistry: 	at android.os.ServiceManager.getServiceOrThrow(ServiceManager.java:203)
07-03 20:27:59.442   581  1470 E SystemServiceRegistry: 	at android.app.SystemServiceRegistry$81.createService(SystemServiceRegistry.java:1071)
07-03 20:27:59.442   581  1470 E SystemServiceRegistry: 	at android.app.SystemServiceRegistry$81.createService(SystemServiceRegistry.java:1068)
07-03 20:27:59.442   581  1470 E SystemServiceRegistry: 	at android.app.SystemServiceRegistry$StaticServiceFetcher.getService(SystemServiceRegistry.java:2293)
07-03 20:27:59.442   581  1470 E SystemServiceRegistry: 	at android.app.SystemServiceRegistry.getSystemService(SystemServiceRegistry.java:1812)
07-03 20:27:59.442   581  1470 E SystemServiceRegistry: 	at android.app.ContextImpl.getSystemService(ContextImpl.java:2241)
07-03 20:27:59.442   581  1470 E SystemServiceRegistry: 	at android.content.Context.getSystemService(Context.java:4503)
07-03 20:27:59.442   581  1470 E SystemServiceRegistry: 	at com.android.server.pm.PackageInstallerSession.markAsSealed(PackageInstallerSession.java:2394)
07-03 20:27:59.442   581  1470 E SystemServiceRegistry: 	at com.android.server.pm.PackageInstallerSession.commit(PackageInstallerSession.java:2143)
07-03 20:27:59.442   581  1470 E SystemServiceRegistry: 	at android.content.pm.PackageInstaller$Session.commit(PackageInstaller.java:1977)
07-03 20:27:59.442   581  1470 E SystemServiceRegistry: 	at com.android.server.pm.PackageManagerShellCommand.doCommitSession(PackageManagerShellCommand.java:4298)
07-03 20:27:59.442   581  1470 E SystemServiceRegistry: 	at com.android.server.pm.PackageManagerShellCommand.doRunInstall(PackageManagerShellCommand.java:1634)
07-03 20:27:59.442   581  1470 E SystemServiceRegistry: 	at com.android.server.pm.PackageManagerShellCommand.runInstall(PackageManagerShellCommand.java:1561)
07-03 20:27:59.442   581  1470 E SystemServiceRegistry: 	at com.android.server.pm.PackageManagerShellCommand.onCommand(PackageManagerShellCommand.java:245)
07-03 20:27:59.442   581  1470 E SystemServiceRegistry: 	at com.android.modules.utils.BasicShellCommandHandler.exec(BasicShellCommandHandler.java:97)
07-03 20:27:59.442   581  1470 E SystemServiceRegistry: 	at android.os.ShellCommand.exec(ShellCommand.java:38)
07-03 20:27:59.442   581  1470 E SystemServiceRegistry: 	at com.android.server.pm.PackageManagerService$IPackageManagerImpl.onShellCommand(PackageManagerService.java:6561)
07-03 20:27:59.442   581  1470 E SystemServiceRegistry: 	at android.os.Binder.shellCommand(Binder.java:1230)
07-03 20:27:59.442   581  1470 E SystemServiceRegistry: 	at android.os.Binder.onTransact(Binder.java:1043)
07-03 20:27:59.442   581  1470 E SystemServiceRegistry: 	at android.content.pm.IPackageManager$Stub.onTransact(IPackageManager.java:4620)
07-03 20:27:59.442   581  1470 E SystemServiceRegistry: 	at com.android.server.pm.PackageManagerService$IPackageManagerImpl.onTransact(PackageManagerService.java:6545)
07-03 20:27:59.442   581  1470 E SystemServiceRegistry: 	at android.os.Binder.execTransactInternal(Binder.java:1505)
07-03 20:27:59.442   581  1470 E SystemServiceRegistry: 	at android.os.Binder.execTransact(Binder.java:1444)
07-03 20:27:59.442   581  1470 E SystemServiceRegistry: Manager wrapper not available: persistent_data_block
07-03 20:27:59.479   581   663 I PackageManager: Integrity check passed for file:///data/app/vmdl834089581.tmp
07-03 20:27:59.487   581   639 I ActivityManager: Force stopping io.github.jark006.freezeit appid=10209 user=-1: installPackageLI
07-03 20:27:59.489  1605  1709 E MDD     : DownloadProgressMonitor: Can't find file group for uri: android://com.google.android.apps.messaging/files/datadownload/shared/public/datadownloadfile_1783080164167
07-03 20:27:59.491   581   663 I PackageManager: Update package io.github.jark006.freezeit code path from /data/app/~~SrT_xLvcujDC2SgtNQY9sw==/io.github.jark006.freezeit-SmZPoWFE8oJIkLqMzPI2gw== to /data/app/~~yRCd9UpkylHpqJOnlKHApw==/io.github.jark006.freezeit-74rwQ182fBcCqDy9YRe6TA==; Retain data and using new
07-03 20:27:59.493  1605  1710 E MDD     : DownloadProgressMonitor: Can't find file group for uri: android://com.google.android.apps.messaging/files/datadownload/shared/public/datadownloadfile_1783080164168
07-03 20:27:59.493   581   663 I AppsFilter: interaction: PackageSetting{8aa3b72 com.android.microdroid.empty_payload/10200} -> PackageSetting{a306553 io.github.jark006.freezeit/10209} BLOCKED
07-03 20:27:59.493   581   663 I AppsFilter: interaction: PackageSetting{8aa3b72 com.android.microdroid.empty_payload/10200} -> PackageSetting{d8e037f io.github.jark006.freezeit/10209} BLOCKED
07-03 20:27:59.495  1605  1869 D dasx    : Starting download: https://fonts.gstatic.com/s/e/notoemoji/16.0/1f35d/lottie.json
07-03 20:27:59.495  1605  1869 V dasx    : Is http uri, downloading (uri: https://fonts.gstatic.com/s/e/notoemoji/16.0/1f35d/lottie.json)
07-03 20:27:59.497  1605  1710 D dasx    : Starting download: https://fonts.gstatic.com/s/e/notoemoji/16.0/1f35c/lottie.json
07-03 20:27:59.497  1605  1710 V dasx    : Is http uri, downloading (uri: https://fonts.gstatic.com/s/e/notoemoji/16.0/1f35c/lottie.json)
07-03 20:27:59.536     0     0 I servicemanager: Caller(pid=581,uid=1000,sid=u:r:system_server:s0) Since 'artd' could not be found trying to start it as a lazy AIDL service. (if it's not configured to be a lazy service, it may be stuck starting or still starting).
07-03 20:27:59.539     0     0 I init    : starting service 'artd'...
07-03 20:27:59.503  1309  1316 W .apps.wellbeing: ApkAssets: Deleting an ApkAssets object '<empty> and /product/app/YouTube/YouTube.apk' with 1 weak references
07-03 20:27:59.503  1309  1316 W .apps.wellbeing: ApkAssets: Deleting an ApkAssets object '<empty> and /product/overlay/DisplayCutoutEmulationCorner/DisplayCutoutEmulationCornerOverlay.apk' with 1 weak references
07-03 20:27:59.503  1309  1316 W .apps.wellbeing: ApkAssets: Deleting an ApkAssets object '<empty> and /apex/com.android.extservices/priv-app/GoogleExtServices@350820300/GoogleExtServices.apk' with 1 weak references
07-03 20:27:59.503  1309  1316 W .apps.wellbeing: ApkAssets: Deleting an ApkAssets object '<empty> and /product/overlay/DisplayCutoutEmulationDouble/DisplayCutoutEmulationDoubleOverlay.apk' with 1 weak references
07-03 20:27:59.503  1309  1316 W .apps.wellbeing: ApkAssets: Deleting an ApkAssets object '<empty> and /system/priv-app/TelephonyProvider/TelephonyProvider.apk' with 1 weak references
07-03 20:27:59.503  1309  1316 W .apps.wellbeing: ApkAssets: Deleting an ApkAssets object '/product/overlay/TelephonyProvider__sdk_gphone64_x86_64__auto_generated_rro_product.apk' with 1 weak references
07-03 20:27:59.503  1309  1316 W .apps.wellbeing: ApkAssets: Deleting an ApkAssets object '<empty> and /system/priv-app/DynamicSystemInstallationService/DynamicSystemInstallationService.apk' with 1 weak references
07-03 20:27:59.503  1309  1316 W .apps.wellbeing: ApkAssets: Deleting an ApkAssets object '<empty> and /product/priv-app/Velvet/Velvet.apk' with 1 weak references
07-03 20:27:59.504  1309  1316 W .apps.wellbeing: ApkAssets: Deleting an ApkAssets object '<empty> and /system/priv-app/CalendarProvider/CalendarProvider.apk' with 1 weak references
07-03 20:27:59.504  1309  1316 W .apps.wellbeing: ApkAssets: Deleting an ApkAssets object '<empty> and /product/priv-app/GoogleOneTimeInitializer/GoogleOneTimeInitializer.apk' with 1 weak references
07-03 20:27:59.504  1309  1316 W .apps.wellbeing: ApkAssets: Deleting an ApkAssets object '<empty> and /system/app/GoogleExtShared/GoogleExtShared.apk' with 1 weak references
07-03 20:27:59.504  1309  1316 W .apps.wellbeing: ApkAssets: Deleting an ApkAssets object '<empty> and /system/priv-app/ExternalStorageProvider/ExternalStorageProvider.apk' with 1 weak references
07-03 20:27:59.504  1309  1316 W .apps.wellbeing: ApkAssets: Deleting an ApkAssets object '<empty> and /system/app/HTMLViewer/HTMLViewer.apk' with 1 weak references
07-03 20:27:59.504  1309  1316 W .apps.wellbeing: ApkAssets: Deleting an ApkAssets object '<empty> and /system/app/CompanionDeviceManager/CompanionDeviceManager.apk' with 1 weak references
07-03 20:27:59.504  1309  1316 W .apps.wellbeing: ApkAssets: Deleting an ApkAssets object '<empty> and /system/priv-app/DownloadProvider/DownloadProvider.apk' with 1 weak references
07-03 20:27:59.504  1309  1316 W .apps.wellbeing: ApkAssets: Deleting an ApkAssets object '<empty> and /product/priv-app/PrebuiltBugle/PrebuiltBugle.apk' with 1 weak references
07-03 20:27:59.504  1309  1316 W .apps.wellbeing: ApkAssets: Deleting an ApkAssets object '<empty> and /product/app/SoundPickerPrebuilt/SoundPickerPrebuilt.apk' with 1 weak references
07-03 20:27:59.504  1309  1316 W .apps.wellbeing: ApkAssets: Deleting an ApkAssets object '<empty> and /apex/com.android.mediaprovider/priv-app/MediaProviderGoogle@350820300/MediaProviderGoogle.apk' with 1 weak references
07-03 20:27:59.504  1309  1316 W .apps.wellbeing: ApkAssets: Deleting an ApkAssets object '<empty> and /product/priv-app/SafetyHubPrebuilt/SafetyHubPrebuilt.apk' with 1 weak references
07-03 20:27:59.504  1309  1316 W .apps.wellbeing: ApkAssets: Deleting an ApkAssets object '<empty> and /system/priv-app/DownloadProviderUi/DownloadProviderUi.apk' with 1 weak references
07-03 20:27:59.504  1309  1316 W .apps.wellbeing: ApkAssets: Deleting an ApkAssets object '<empty> and /apex/com.android.wifi/app/OsuLoginGoogle@350820300/OsuLoginGoogle.apk' with 1 weak references
07-03 20:27:59.504  1309  1316 W .apps.wellbeing: ApkAssets: Deleting an ApkAssets object '<empty> and /system/app/PacProcessor/PacProcessor.apk' with 1 weak references
07-03 20:27:59.504  1309  1316 W .apps.wellbeing: ApkAssets: Deleting an ApkAssets object '<empty> and /system/app/SimAppDialog/SimAppDialog.apk' with 1 weak references
07-03 20:27:59.504  1309  1316 W .apps.wellbeing: ApkAssets: Deleting an ApkAssets object '/product/overlay/SimAppDialog__sdk_gphone64_x86_64__auto_generated_rro_product.apk' with 1 weak references
07-03 20:27:59.504  1309  1316 W .apps.wellbeing: ApkAssets: Deleting an ApkAssets object '<empty> and /apex/com.android.adservices/priv-app/AdServicesApkGoogle@350820260/AdServicesApkGoogle.apk' with 1 weak references
07-03 20:27:59.504  1309  1316 W .apps.wellbeing: ApkAssets: Deleting an ApkAssets object '<empty> and /product/overlay/DisplayCutoutEmulationHole/DisplayCutoutEmulationHoleOverlay.apk' with 1 weak references
07-03 20:27:59.504  1309  1316 W .apps.wellbeing: ApkAssets: Deleting an ApkAssets object '<empty> and /product/overlay/DisplayCutoutEmulationTall/DisplayCutoutEmulationTallOverlay.apk' with 1 weak references
07-03 20:27:59.504  1309  1316 W .apps.wellbeing: ApkAssets: Deleting an ApkAssets object '<empty> and /system/app/CertInstaller/CertInstaller.apk' with 1 weak references
07-03 20:27:59.504  1309  1316 W .apps.wellbeing: ApkAssets: Deleting an ApkAssets object '<empty> and /product/app/talkback/talkback.apk' with 1 weak references
07-03 20:27:59.505  1309  1316 W .apps.wellbeing: ApkAssets: Deleting an ApkAssets object '/vendor/overlay/EmulatorTalkBackOverlay/EmulatorTalkBackOverlay.apk' with 1 weak references
07-03 20:27:59.505  1309  1316 W .apps.wellbeing: ApkAssets: Deleting an ApkAssets object '<empty> and /product/overlay/NavigationBarMode3Button/NavigationBarMode3ButtonOverlay.apk' with 1 weak references
07-03 20:27:59.505  1309  1316 W .apps.wellbeing: ApkAssets: Deleting an ApkAssets object '<empty> and /product/app/Camera2/Camera2.apk' with 1 weak references
07-03 20:27:59.505  1309  1316 W .apps.wellbeing: ApkAssets: Deleting an ApkAssets object '<empty> and /data/app/~~SrT_xLvcujDC2SgtNQY9sw==/io.github.jark006.freezeit-SmZPoWFE8oJIkLqMzPI2gw==/base.apk' with 1 weak references
07-03 20:27:59.505  1309  1316 W .apps.wellbeing: ApkAssets: Deleting an ApkAssets object '<empty> and /system/app/EasterEgg/EasterEgg.apk' with 1 weak references
07-03 20:27:59.505  1309  1316 W .apps.wellbeing: ApkAssets: Deleting an ApkAssets object '<empty> and /system/priv-app/MtpService/MtpService.apk' with 1 weak references
07-03 20:27:59.505  1309  1316 W .apps.wellbeing: ApkAssets: Deleting an ApkAssets object '<empty> and /apex/com.android.nfcservices/priv-app/NfcNciApexGoogle@AE3A.240806.043/NfcNciApexGoogle.apk' with 1 weak references
07-03 20:27:59.505  1309  1316 W .apps.wellbeing: ApkAssets: Deleting an ApkAssets object '<empty> and /system/app/Stk/Stk.apk' with 1 weak references
07-03 20:27:59.505  1309  1316 W .apps.wellbeing: ApkAssets: Deleting an ApkAssets object '<empty> and /product/app/PrebuiltDeskClockGoogle/PrebuiltDeskClockGoogle.apk' with 1 weak references
07-03 20:27:59.505  1309  1316 W .apps.wellbeing: ApkAssets: Deleting an ApkAssets object '<empty> and /product/overlay/NavigationBarMode2Button/NavigationBarMode2ButtonOverlay.apk' with 1 weak references
07-03 20:27:59.505  1309  1316 W .apps.wellbeing: ApkAssets: Deleting an ApkAssets object '<empty> and /product/priv-app/DevicePersonalizationPrebuiltPixel2021-aiai_20240329.00_RC16/DevicePersonalizationPrebuiltPixel2021-aiai_20240329.00_RC16.apk' with 1 weak references
07-03 20:27:59.505  1309  1316 W .apps.wellbeing: ApkAssets: Deleting an ApkAssets object '<empty> and /product/app/PrebuiltGmail/PrebuiltGmail.apk' with 1 weak references
07-03 20:27:59.505  1309  1316 W .apps.wellbeing: ApkAssets: Deleting an ApkAssets object '<empty> and /apex/com.android.permission/priv-app/GooglePermissionController@350820360/GooglePermissionController.apk' with 1 weak references
07-03 20:27:59.505  1309  1316 W .apps.wellbeing: ApkAssets: Deleting an ApkAssets object '/product/overlay/GooglePermissionControllerOverlay.apk' with 1 weak references
07-03 20:27:59.505  1309  1316 W .apps.wellbeing: ApkAssets: Deleting an ApkAssets object '<empty> and /apex/com.android.btservices/app/BluetoothGoogle@342010060/BluetoothGoogle.apk' with 1 weak references
07-03 20:27:59.506  1309  1316 W .apps.wellbeing: ApkAssets: Deleting an ApkAssets object '<empty> and /system/priv-app/SettingsProvider/SettingsProvider.apk' with 1 weak references
07-03 20:27:59.506  1309  1316 W .apps.wellbeing: ApkAssets: Deleting an ApkAssets object '/product/overlay/LargeScreenSettingsProviderOverlay.apk' with 1 weak references
07-03 20:27:59.506  1309  1316 W .apps.wellbeing: ApkAssets: Deleting an ApkAssets object '/product/overlay/SettingsProvider__sdk_gphone64_x86_64__auto_generated_rro_product.apk' with 1 weak references
07-03 20:27:59.506  1309  1316 W .apps.wellbeing: ApkAssets: Deleting an ApkAssets object '<empty> and /system/app/PrintSpooler/PrintSpooler.apk' with 1 weak references
07-03 20:27:59.506  1309  1316 W .apps.wellbeing: ApkAssets: Deleting an ApkAssets object '<empty> and /system/app/BasicDreams/BasicDreams.apk' with 1 weak references
07-03 20:27:59.506  1309  1316 W .apps.wellbeing: ApkAssets: Deleting an ApkAssets object '<empty> and /product/priv-app/DeviceIntelligenceNetworkPrebuilt-astrea_20240329.00_RC02/DeviceIntelligenceNetworkPrebuilt-astrea_20240329.00_RC02.apk' with 1 weak references
07-03 20:27:59.506  1309  1316 W .apps.wellbeing: ApkAssets: Deleting an ApkAssets object '<empty> and /system/priv-app/InputDevices/InputDevices.apk' with 1 weak references
07-03 20:27:59.506  1309  1316 W .apps.wellbeing: ApkAssets: Deleting an ApkAssets object '<empty> and /apex/com.android.devicelock/priv-app/DeviceLockControllerGoogle@AE3A.240806.043/DeviceLockControllerGoogle.apk' with 1 weak references
07-03 20:27:59.506  1309  1316 W .apps.wellbeing: ApkAssets: Deleting an ApkAssets object '<empty> and /product/priv-app/GoogleDialer/GoogleDialer.apk' with 1 weak references
07-03 20:27:59.506  1309  1316 W .apps.wellbeing: ApkAssets: Deleting an ApkAssets object '<empty> and /system/priv-app/BuiltInPrintService/BuiltInPrintService.apk' with 1 weak references
07-03 20:27:59.506  1309  1316 W .apps.wellbeing: ApkAssets: Deleting an ApkAssets object '/product/overlay/BuiltInPrintService__sdk_gphone64_x86_64__auto_generated_rro_product.apk' with 1 weak references
07-03 20:27:59.506  1309  1316 W .apps.wellbeing: ApkAssets: Deleting an ApkAssets object '<empty> and /system/app/CaptivePortalLoginGoogle/CaptivePortalLoginGoogle.apk' with 1 weak references
07-03 20:27:59.506  1309  1316 W .apps.wellbeing: ApkAssets: Deleting an ApkAssets object '<empty> and /system/priv-app/MusicFX/MusicFX.apk' with 1 weak references
07-03 20:27:59.506  1309  1316 W .apps.wellbeing: ApkAssets: Deleting an ApkAssets object '<empty> and /product/app/Drive/Drive.apk' with 1 weak references
07-03 20:27:59.506  1309  1316 W .apps.wellbeing: ApkAssets: Deleting an ApkAssets object '<empty> and /product/app/Maps/Maps.apk' with 1 weak references
07-03 20:27:59.506  1309  1316 W .apps.wellbeing: ApkAssets: Deleting an ApkAssets object '<empty> and /product/app/ModuleMetadataGoogle/ModuleMetadataGoogle.apk' with 1 weak references
07-03 20:27:59.506  1309  1316 W .apps.wellbeing: ApkAssets: Deleting an ApkAssets object '<empty> and /product/overlay/DisplayCutoutEmulationEmu01/DisplayCutoutEmulationEmu01Overlay.apk' with 1 weak references
07-03 20:27:59.506  1309  1316 W .apps.wellbeing: ApkAssets: Deleting an ApkAssets object '<empty> and /system_ext/priv-app/AvatarPickerGoogle/AvatarPickerGoogle.apk' with 1 weak references
07-03 20:27:59.506  1309  1316 W .apps.wellbeing: ApkAssets: Deleting an ApkAssets object '<empty> and /product/app/MarkupGoogle_v2/MarkupGoogle_v2.apk' with 1 weak references
07-03 20:27:59.506  1309  1316 W .apps.wellbeing: ApkAssets: Deleting an ApkAssets object '<empty> and /system/priv-app/NetworkStackGoogle/NetworkStackGoogle.apk' with 1 weak references
07-03 20:27:59.506  1309  1316 W .apps.wellbeing: ApkAssets: Deleting an ApkAssets object '<empty> and /apex/com.android.rkpd/priv-app/rkpdapp.google@350820300/rkpdapp.google.apk' with 1 weak references
07-03 20:27:59.506  1309  1316 W .apps.wellbeing: ApkAssets: Deleting an ApkAssets object '<empty> and /product/app/GoogleContacts/GoogleContacts.apk' with 1 weak references
07-03 20:27:59.506  1309  1316 W .apps.wellbeing: ApkAssets: Deleting an ApkAssets object '<empty> and /system/priv-app/Telecom/Telecom.apk' with 1 weak references
07-03 20:27:59.506  1309  1316 W .apps.wellbeing: ApkAssets: Deleting an ApkAssets object '/product/overlay/Telecom__sdk_gphone64_x86_64__auto_generated_rro_product.apk' with 1 weak references
07-03 20:27:59.507  1309  1316 W .apps.wellbeing: ApkAssets: Deleting an ApkAssets object '<empty> and /system/app/KeyChain/KeyChain.apk' with 1 weak references
07-03 20:27:59.507  1309  1316 W .apps.wellbeing: ApkAssets: Deleting an ApkAssets object '<empty> and /data/app/~~hN8gtLGnvjLpbVdyWhIVxg==/com.android.chrome-VksNjcKNz0nsrOniltIlRA==/Chrome.apk' with 1 weak references
07-03 20:27:59.507  1309  1316 W .apps.wellbeing: ApkAssets: Deleting an ApkAssets object '<empty> and /data/app/~~_gSAkyc-qT_IoHr9xkh-dg==/com.google.android.trichromelibrary_636771938-CuF0RVbVMGY2DNWyeFX8jA==/TrichromeLibrary.apk' with 1 weak references
07-03 20:27:59.507  1309  1316 W .apps.wellbeing: ApkAssets: Deleting an ApkAssets object '<empty> and /system/priv-app/GooglePackageInstaller/GooglePackageInstaller.apk' with 1 weak references
07-03 20:27:59.507  1309  1316 W .apps.wellbeing: ApkAssets: Deleting an ApkAssets object '<empty> and /product/app/PixelThemesStub/PixelThemesStub.apk' with 1 weak references
07-03 20:27:59.507  1309  1316 W .apps.wellbeing: ApkAssets: Deleting an ApkAssets object '<empty> and /system_ext/priv-app/GoogleServicesFramework/GoogleServicesFramework.apk' with 1 weak references
07-03 20:27:59.507  1309  1316 W .apps.wellbeing: ApkAssets: Deleting an ApkAssets object '<empty> and /system/priv-app/TagGoogle/TagGoogle.apk' with 1 weak references
07-03 20:27:59.507  1309  1316 W .apps.wellbeing: ApkAssets: Deleting an ApkAssets object '<empty> and /product/app/GoogleTTS/GoogleTTS.apk' with 1 weak references
07-03 20:27:59.507  1309  1316 W .apps.wellbeing: ApkAssets: Deleting an ApkAssets object '<empty> and /system/priv-app/CallLogBackup/CallLogBackup.apk' with 1 weak references
07-03 20:27:59.507  1309  1316 W .apps.wellbeing: ApkAssets: Deleting an ApkAssets object '<empty> and /product/priv-app/PartnerSetupPrebuilt/PartnerSetupPrebuilt.apk' with 1 weak references
07-03 20:27:59.507  1309  1316 W .apps.wellbeing: ApkAssets: Deleting an ApkAssets object '<empty> and /system/app/CameraExtensionsProxy/CameraExtensionsProxy.apk' with 1 weak references
07-03 20:27:59.507  1309  1316 W .apps.wellbeing: ApkAssets: Deleting an ApkAssets object '<empty> and /product/app/NexusWallpapersStubPrebuilt2018/NexusWallpapersStubPrebuilt2018.apk' with 1 weak references
07-03 20:27:59.507  1309  1316 W .apps.wellbeing: ApkAssets: Deleting an ApkAssets object '<empty> and /system_ext/priv-app/NexusLauncherRelease/NexusLauncherRelease.apk' with 1 weak references
07-03 20:27:59.507  1309  1316 W .apps.wellbeing: ApkAssets: Deleting an ApkAssets object '<empty> and /system/app/CarrierDefaultApp/CarrierDefaultApp.apk' with 1 weak references
07-03 20:27:59.507  1309  1316 W .apps.wellbeing: ApkAssets: Deleting an ApkAssets object '<empty> and /system/priv-app/CredentialManager/CredentialManager.apk' with 1 weak references
07-03 20:27:59.507  1309  1316 W .apps.wellbeing: ApkAssets: Deleting an ApkAssets object '<empty> and /product/overlay/FontNotoSerifSource/FontNotoSerifSourceOverlay.apk' with 1 weak references
07-03 20:27:59.507  1309  1316 W .apps.wellbeing: ApkAssets: Deleting an ApkAssets object '<empty> and /system/priv-app/DeviceAsWebcam/DeviceAsWebcam.apk' with 1 weak references
07-03 20:27:59.507  1309  1316 W .apps.wellbeing: ApkAssets: Deleting an ApkAssets object '<empty> and /system/priv-app/ProxyHandler/ProxyHandler.apk' with 1 weak references
07-03 20:27:59.507  1309  1316 W .apps.wellbeing: ApkAssets: Deleting an ApkAssets object '<empty> and /apex/com.android.permission/priv-app/GoogleSafetyCenterResources@350820360/GoogleSafetyCenterResources.apk' with 1 weak references
07-03 20:27:59.507  1309  1316 W .apps.wellbeing: ApkAssets: Deleting an ApkAssets object '<empty> and /product/overlay/DisplayCutoutEmulationWaterfall/DisplayCutoutEmulationWaterfallOverlay.apk' with 1 weak references
07-03 20:27:59.507  1309  1316 W .apps.wellbeing: ApkAssets: Deleting an ApkAssets object '<empty> and /system/priv-app/IntentResolver/IntentResolver.apk' with 1 weak references
07-03 20:27:59.507  1309  1316 W .apps.wellbeing: ApkAssets: Deleting an ApkAssets object '<empty> and /product/overlay/TransparentNavigationBar/TransparentNavigationBarOverlay.apk' with 1 weak references
07-03 20:27:59.507  1309  1316 W .apps.wellbeing: ApkAssets: Deleting an ApkAssets object '<empty> and /system/priv-app/E2eeContactKeysProvider/E2eeContactKeysProvider.apk' with 1 weak references
07-03 20:27:59.507  1309  1316 W .apps.wellbeing: ApkAssets: Deleting an ApkAssets object '<empty> and /apex/com.android.tethering/priv-app/ServiceConnectivityResourcesGoogle@350820300/ServiceConnectivityResourcesGoogle.apk' with 1 weak references
07-03 20:27:59.507  1309  1316 W .apps.wellbeing: ApkAssets: Deleting an ApkAssets object '/vendor/overlay/goldfish_overlay_connectivity_google.apk' with 1 weak references
07-03 20:27:59.507  1309  1316 W .apps.wellbeing: ApkAssets: Deleting an ApkAssets object '<empty> and /system_ext/priv-app/GoogleFeedback/GoogleFeedback.apk' with 1 weak references
07-03 20:27:59.507  1309  1316 W .apps.wellbeing: ApkAssets: Deleting an ApkAssets object '<empty> and /system/app/GooglePrintRecommendationService/GooglePrintRecommendationService.apk' with 1 weak references
07-03 20:27:59.507  1309  1316 W .apps.wellbeing: ApkAssets: Deleting an ApkAssets object '<empty> and /product/app/Photos/Photos.apk' with 1 weak references
07-03 20:27:59.508   382   462 I netd    : tetherGetStats() -> {[]} <0.17ms>
07-03 20:27:59.508  1309  1316 W .apps.wellbeing: ApkAssets: Deleting an ApkAssets object '<empty> and /product/app/CalendarGooglePrebuilt/CalendarGooglePrebuilt.apk' with 1 weak references
07-03 20:27:59.508  1309  1316 W .apps.wellbeing: ApkAssets: Deleting an ApkAssets object '<empty> and /system/priv-app/ManagedProvisioning/ManagedProvisioning.apk' with 1 weak references
07-03 20:27:59.508  1309  1316 W .apps.wellbeing: ApkAssets: Deleting an ApkAssets object '<empty> and /system/priv-app/SoundPicker/SoundPicker.apk' with 1 weak references
07-03 20:27:59.508  1309  1316 W .apps.wellbeing: ApkAssets: Deleting an ApkAssets object '<empty> and /system/priv-app/DocumentsUIGoogle/DocumentsUIGoogle.apk' with 1 weak references
07-03 20:27:59.508  1309  1316 W .apps.wellbeing: ApkAssets: Deleting an ApkAssets object '<empty> and /product/app/PrebuiltGoogleTelemetryTvp/PrebuiltGoogleTelemetryTvp.apk' with 1 weak references
07-03 20:27:59.508  1309  1316 W .apps.wellbeing: ApkAssets: Deleting an ApkAssets object '<empty> and /system_ext/priv-app/MultiDisplayProvider/MultiDisplayProvider.apk' with 1 weak references
07-03 20:27:59.508  1309  1316 W .apps.wellbeing: ApkAssets: Deleting an ApkAssets object '<empty> and /system/priv-app/DeviceDiagnostics/DeviceDiagnostics.apk' with 1 weak references
07-03 20:27:59.508  1309  1316 W .apps.wellbeing: ApkAssets: Deleting an ApkAssets object '/product/overlay/DeviceDiagnostics__sdk_gphone64_x86_64__auto_generated_rro_product.apk' with 1 weak references
07-03 20:27:59.508  1309  1316 W .apps.wellbeing: ApkAssets: Deleting an ApkAssets object '<empty> and /product/overlay/NotesRoleEnabled/NotesRoleEnabledOverlay.apk' with 1 weak references
07-03 20:27:59.508  1309  1316 W .apps.wellbeing: ApkAssets: Deleting an ApkAssets object '<empty> and /system/priv-app/LiveWallpapersPicker/LiveWallpapersPicker.apk' with 1 weak references
07-03 20:27:59.508  1309  1316 W .apps.wellbeing: ApkAssets: Deleting an ApkAssets object '<empty> and /product/app/PrebuiltGoogleAdservicesTvp/PrebuiltGoogleAdservicesTvp.apk' with 1 weak references
07-03 20:27:59.508  1309  1316 W .apps.wellbeing: ApkAssets: Deleting an ApkAssets object '<empty> and /apex/com.android.healthfitness/priv-app/HealthConnectControllerGoogle@350820300/HealthConnectControllerGoogle.apk' with 1 weak references
07-03 20:27:59.508  1309  1316 W .apps.wellbeing: ApkAssets: Deleting an ApkAssets object '<empty> and /product/priv-app/KidsSupervisionStub/KidsSupervisionStub.apk' with 1 weak references
07-03 20:27:59.508  1309  1316 W .apps.wellbeing: ApkAssets: Deleting an ApkAssets object '<empty> and /system_ext/priv-app/StorageManager/StorageManager.apk' with 1 weak references
