07-03 20:27:59.508  1309  1316 W .apps.wellbeing: ApkAssets: Deleting an ApkAssets object '/product/overlay/StorageManager__sdk_gphone64_x86_64__auto_generated_rro_product.apk' with 1 weak references
07-03 20:27:59.508  1309  1316 W .apps.wellbeing: ApkAssets: Deleting an ApkAssets object '<empty> and /system/app/BookmarkProvider/BookmarkProvider.apk' with 1 weak references
07-03 20:27:59.508  1309  1316 W .apps.wellbeing: ApkAssets: Deleting an ApkAssets object '<empty> and /system_ext/priv-app/SettingsGoogle/SettingsGoogle.apk' with 1 weak references
07-03 20:27:59.508  1309  1316 W .apps.wellbeing: ApkAssets: Deleting an ApkAssets object '/product/overlay/SettingsGoogle__sdk_gphone64_x86_64__auto_generated_rro_product.apk' with 1 weak references
07-03 20:27:59.508  1309  1316 W .apps.wellbeing: ApkAssets: Deleting an ApkAssets object '<empty> and /product/priv-app/SettingsIntelligenceGooglePrebuilt/SettingsIntelligenceGooglePrebuilt.apk' with 1 weak references
07-03 20:27:59.508  1309  1316 W .apps.wellbeing: ApkAssets: Deleting an ApkAssets object '<empty> and /apex/com.android.uwb/priv-app/ServiceUwbResourcesGoogle@350820300/ServiceUwbResourcesGoogle.apk' with 1 weak references
07-03 20:27:59.508  1309  1316 W .apps.wellbeing: ApkAssets: Deleting an ApkAssets object '<empty> and /apex/com.android.wifi/priv-app/ServiceWifiResourcesGoogle@350820300/ServiceWifiResourcesGoogle.apk' with 1 weak references
07-03 20:27:59.508  1309  1316 W .apps.wellbeing: ApkAssets: Deleting an ApkAssets object '<empty> and /system_ext/priv-app/ThemePicker/ThemePicker.apk' with 1 weak references
07-03 20:27:59.508  1309  1316 W .apps.wellbeing: ApkAssets: Deleting an ApkAssets object '<empty> and /system_ext/priv-app/WallpaperPickerGoogleRelease/WallpaperPickerGoogleRelease.apk' with 1 weak references
07-03 20:27:59.509  1309  1316 W .apps.wellbeing: ApkAssets: Deleting an ApkAssets object '<empty> and /product/priv-app/OdadPrebuilt/OdadPrebuilt.apk' with 1 weak references
07-03 20:27:59.509  1309  1316 W .apps.wellbeing: ApkAssets: Deleting an ApkAssets object '<empty> and /system/priv-app/TeleService/TeleService.apk' with 1 weak references
07-03 20:27:59.509  1309  1316 W .apps.wellbeing: ApkAssets: Deleting an ApkAssets object '/vendor/overlay/TeleService__sdk_gphone64_x86_64__auto_generated_rro_vendor.apk' with 1 weak references
07-03 20:27:59.509  1309  1316 W .apps.wellbeing: ApkAssets: Deleting an ApkAssets object '/product/overlay/TeleService__sdk_gphone64_x86_64__auto_generated_rro_product.apk' with 1 weak references
07-03 20:27:59.509  1309  1316 W .apps.wellbeing: ApkAssets: Deleting an ApkAssets object '<empty> and /system/priv-app/Shell/Shell.apk' with 1 weak references
07-03 20:27:59.509  1309  1316 W .apps.wellbeing: ApkAssets: Deleting an ApkAssets object '<empty> and /system/priv-app/BlockedNumberProvider/BlockedNumberProvider.apk' with 1 weak references
07-03 20:27:59.509  1309  1316 W .apps.wellbeing: ApkAssets: Deleting an ApkAssets object '<empty> and /system/priv-app/UserDictionaryProvider/UserDictionaryProvider.apk' with 1 weak references
07-03 20:27:59.509  1309  1316 W .apps.wellbeing: ApkAssets: Deleting an ApkAssets object '<empty> and /system_ext/app/EmergencyInfoGoogleNoUi/EmergencyInfoGoogleNoUi.apk' with 1 weak references
07-03 20:27:59.509  1309  1316 W .apps.wellbeing: ApkAssets: Deleting an ApkAssets object '<empty> and /product/overlay/NavigationBarModeGestural/NavigationBarModeGesturalOverlay.apk' with 1 weak references
07-03 20:27:59.509  1309  1316 W .apps.wellbeing: ApkAssets: Deleting an ApkAssets object '<empty> and /system/priv-app/FusedLocation/FusedLocation.apk' with 1 weak references
07-03 20:27:59.509  1309  1316 W .apps.wellbeing: ApkAssets: Deleting an ApkAssets object '<empty> and /system_ext/priv-app/SystemUIGoogle/SystemUIGoogle.apk' with 1 weak references
07-03 20:27:59.509  1309  1316 W .apps.wellbeing: ApkAssets: Deleting an ApkAssets object '/vendor/overlay/SystemUIGoogle__sdk_gphone64_x86_64__auto_generated_rro_vendor.apk' with 1 weak references
07-03 20:27:59.509  1309  1316 W .apps.wellbeing: ApkAssets: Deleting an ApkAssets object '/product/overlay/SystemUIGoogle__sdk_gphone64_x86_64__auto_generated_rro_product.apk' with 1 weak references
07-03 20:27:59.509  1309  1316 W .apps.wellbeing: ApkAssets: Deleting an ApkAssets object '<empty> and /product/app/YouTubeMusicPrebuilt/YouTubeMusicPrebuilt.apk' with 1 weak references
07-03 20:27:59.509  1309  1316 W .apps.wellbeing: ApkAssets: Deleting an ApkAssets object '<empty> and /system/app/BluetoothMidiService/BluetoothMidiService.apk' with 1 weak references
07-03 20:27:59.509  1309  1316 W .apps.wellbeing: ApkAssets: Deleting an ApkAssets object '<empty> and /system/app/Traceur/Traceur.apk' with 1 weak references
07-03 20:27:59.509  1309  1316 W .apps.wellbeing: ApkAssets: Deleting an ApkAssets object '<empty> and /apex/com.android.cellbroadcast/priv-app/GoogleCellBroadcastApp@350820300/GoogleCellBroadcastApp.apk' with 1 weak references
07-03 20:27:59.509  1309  1316 W .apps.wellbeing: ApkAssets: Deleting an ApkAssets object '<empty> and /system/priv-app/ContactsProvider/ContactsProvider.apk' with 1 weak references
07-03 20:27:59.509  1309  1316 W .apps.wellbeing: ApkAssets: Deleting an ApkAssets object '/product/overlay/ContactsProvider__sdk_gphone64_x86_64__auto_generated_rro_product.apk' with 1 weak references
07-03 20:27:59.509  1309  1316 W .apps.wellbeing: ApkAssets: Deleting an ApkAssets object '<empty> and /product/app/LatinIMEGooglePrebuilt/LatinIMEGooglePrebuilt.apk' with 1 weak references
07-03 20:27:59.509  1309  1316 W .apps.wellbeing: ApkAssets: Deleting an ApkAssets object '<empty> and /product/priv-app/GoogleRestorePrebuilt-v526684/GoogleRestorePrebuilt-v526684.apk' with 1 weak references
07-03 20:27:59.557     0     0 I init    : ... started service 'artd' has pid 3083
07-03 20:27:59.557     0     0 I init    : Control message: Processed ctl.interface_start for 'aidl/artd' from pid: 172 (/system/bin/servicemanager)
07-03 20:27:59.578  3083  3083 I artd    : Starting artd
07-03 20:27:59.579  3083  3083 I AidlLazyServiceRegistrar: Registering service artd
07-03 20:27:59.581  3083  3085 I AidlLazyServiceRegistrar: Process has 1 (of 1 available) client(s) in use after notification artd has clients: 1
07-03 20:27:59.621     0     0 I BpBinder: onLastStrongRef automatically unlinking death recipients:
07-03 20:27:59.621     0     0 I servicemanager: Notifying artd they do (previously: don't) have clients when service is guaranteed to be in use
07-03 20:27:59.611   581   663 D PackageManager: Instant App installer not found with android.intent.action.INSTALL_INSTANT_APP_PACKAGE
07-03 20:27:59.611   581   663 D PackageManager: Clear ephemeral installer activity
07-03 20:27:59.652     0     0 I logd    : start watching /data/system/packages.list ...
07-03 20:27:59.653     0     0 I logd    : ReadPackageList, total packages: 217
07-03 20:27:59.633  3083  3083 I artd    : Merge skipped because there are no existing profiles
07-03 20:27:59.633   581   663 I ArtService: Adjusting the compiler filter for 'io.github.jark006.freezeit' from 'speed-profile' to 'verify' because there is no valid profile
07-03 20:27:59.708  3083  3083 I artd    : Dex parent of /data/app/~~yRCd9UpkylHpqJOnlKHApw==/io.github.jark006.freezeit-74rwQ182fBcCqDy9YRe6TA==/base.apk is not writable: Permission denied
07-03 20:27:59.708  3083  3083 I artd    : GetBestInfo checking odex in dalvik-cache (/data/dalvik-cache/x86_64/data@app@~~yRCd9UpkylHpqJOnlKHApw==@io.github.jark006.freezeit-74rwQ182fBcCqDy9YRe6TA==@base.apk@classes.dex)
07-03 20:27:59.708  3083  3083 I artd    : Loading /data/dalvik-cache/x86_64/data@app@~~yRCd9UpkylHpqJOnlKHApw==@io.github.jark006.freezeit-74rwQ182fBcCqDy9YRe6TA==@base.apk@classes.dex with executable: 0
07-03 20:27:59.708  3083  3083 I artd    : OatFileAssistant test for existing oat file /data/dalvik-cache/x86_64/data@app@~~yRCd9UpkylHpqJOnlKHApw==@io.github.jark006.freezeit-74rwQ182fBcCqDy9YRe6TA==@base.apk@classes.dex: File /data/dalvik-cache/x86_64/data@app@~~yRCd9UpkylHpqJOnlKHApw==@io.github.jark006.freezeit-74rwQ182fBcCqDy9YRe6TA==@base.apk@classes.vdex does not exist.
07-03 20:27:59.708  3083  3083 I artd    : GetBestInfo checking odex next to the dex file (/data/app/~~yRCd9UpkylHpqJOnlKHApw==/io.github.jark006.freezeit-74rwQ182fBcCqDy9YRe6TA==/oat/x86_64/base.odex)
07-03 20:27:59.708  3083  3083 I artd    : Loading /data/app/~~yRCd9UpkylHpqJOnlKHApw==/io.github.jark006.freezeit-74rwQ182fBcCqDy9YRe6TA==/oat/x86_64/base.odex with executable: 0
07-03 20:27:59.708  3083  3083 I artd    : OatFileAssistant test for existing oat file /data/app/~~yRCd9UpkylHpqJOnlKHApw==/io.github.jark006.freezeit-74rwQ182fBcCqDy9YRe6TA==/oat/x86_64/base.odex: File /data/app/~~yRCd9UpkylHpqJOnlKHApw==/io.github.jark006.freezeit-74rwQ182fBcCqDy9YRe6TA==/oat/x86_64/base.vdex does not exist.
07-03 20:27:59.708  3083  3083 I artd    : GetBestInfo checking vdex in dalvik-cache (/data/dalvik-cache/x86_64/data@app@~~yRCd9UpkylHpqJOnlKHApw==@io.github.jark006.freezeit-74rwQ182fBcCqDy9YRe6TA==@base.apk@classes.vdex)
07-03 20:27:59.708  3083  3083 I artd    : unable to open vdex file /data/dalvik-cache/x86_64/data@app@~~yRCd9UpkylHpqJOnlKHApw==@io.github.jark006.freezeit-74rwQ182fBcCqDy9YRe6TA==@base.apk@classes.vdex: File /data/dalvik-cache/x86_64/data@app@~~yRCd9UpkylHpqJOnlKHApw==@io.github.jark006.freezeit-74rwQ182fBcCqDy9YRe6TA==@base.apk@classes.vdex does not exist.
07-03 20:27:59.708  3083  3083 I artd    : OatFileAssistant test for existing oat file /data/dalvik-cache/x86_64/data@app@~~yRCd9UpkylHpqJOnlKHApw==@io.github.jark006.freezeit-74rwQ182fBcCqDy9YRe6TA==@base.apk@classes.vdex: File /data/dalvik-cache/x86_64/data@app@~~yRCd9UpkylHpqJOnlKHApw==@io.github.jark006.freezeit-74rwQ182fBcCqDy9YRe6TA==@base.apk@classes.vdex does not exist.
07-03 20:27:59.708  3083  3083 I artd    : GetBestInfo checking vdex next to the dex file (/data/app/~~yRCd9UpkylHpqJOnlKHApw==/io.github.jark006.freezeit-74rwQ182fBcCqDy9YRe6TA==/oat/x86_64/base.vdex)
07-03 20:27:59.708  3083  3083 I artd    : unable to open vdex file /data/app/~~yRCd9UpkylHpqJOnlKHApw==/io.github.jark006.freezeit-74rwQ182fBcCqDy9YRe6TA==/oat/x86_64/base.vdex: File /data/app/~~yRCd9UpkylHpqJOnlKHApw==/io.github.jark006.freezeit-74rwQ182fBcCqDy9YRe6TA==/oat/x86_64/base.vdex does not exist.
07-03 20:27:59.708  3083  3083 I artd    : OatFileAssistant test for existing oat file /data/app/~~yRCd9UpkylHpqJOnlKHApw==/io.github.jark006.freezeit-74rwQ182fBcCqDy9YRe6TA==/oat/x86_64/base.vdex: File /data/app/~~yRCd9UpkylHpqJOnlKHApw==/io.github.jark006.freezeit-74rwQ182fBcCqDy9YRe6TA==/oat/x86_64/base.vdex does not exist.
07-03 20:27:59.708  3083  3083 I artd    : GetBestInfo checking dm (/data/app/~~yRCd9UpkylHpqJOnlKHApw==/io.github.jark006.freezeit-74rwQ182fBcCqDy9YRe6TA==/base.dm)
07-03 20:27:59.708  3083  3083 W ziparchive: Unable to open '/data/app/~~yRCd9UpkylHpqJOnlKHApw==/io.github.jark006.freezeit-74rwQ182fBcCqDy9YRe6TA==/base.dm': No such file or directory
07-03 20:27:59.708  3083  3083 I artd    : OatFileAssistant test for existing oat file /data/app/~~yRCd9UpkylHpqJOnlKHApw==/io.github.jark006.freezeit-74rwQ182fBcCqDy9YRe6TA==/base.dm: I/O error
07-03 20:27:59.708  3083  3083 I artd    : GetBestInfo checking dm (/data/app/~~yRCd9UpkylHpqJOnlKHApw==/io.github.jark006.freezeit-74rwQ182fBcCqDy9YRe6TA==/base.dm)
07-03 20:27:59.708  3083  3083 W ziparchive: Unable to open '/data/app/~~yRCd9UpkylHpqJOnlKHApw==/io.github.jark006.freezeit-74rwQ182fBcCqDy9YRe6TA==/base.dm': No such file or directory
07-03 20:27:59.708  3083  3083 I artd    : OatFileAssistant test for existing oat file /data/app/~~yRCd9UpkylHpqJOnlKHApw==/io.github.jark006.freezeit-74rwQ182fBcCqDy9YRe6TA==/base.dm: I/O error
07-03 20:27:59.708  3083  3083 I artd    : GetBestInfo no usable artifacts
07-03 20:27:59.721  3083  3083 I artd    : Running dex2oat: /apex/com.android.art/bin/art_exec --drop-capabilities --set-task-profile=Dex2OatBootComplete --set-priority=background --keep-fds=7:8:9:10:11:12 -- /apex/com.android.art/bin/dex2oat64 --zip-fd=7 --zip-location=/data/app/~~yRCd9UpkylHpqJOnlKHApw==/io.github.jark006.freezeit-74rwQ182fBcCqDy9YRe6TA==/base.apk --oat-fd=8 --oat-location=/data/app/~~yRCd9UpkylHpqJOnlKHApw==/io.github.jark006.freezeit-74rwQ182fBcCqDy9YRe6TA==/oat/x86_64/base.odex --output-vdex-fd=9 --swap-fd=10 --class-loader-context-fds=11:12 --class-loader-context=PCL[]{PCL[/system_ext/framework/androidx.window.extensions.jar]#PCL[/system_ext/framework/androidx.window.sidecar.jar]} --classpath-dir=/data/app/~~yRCd9UpkylHpqJOnlKHApw==/io.github.jark006.freezeit-74rwQ182fBcCqDy9YRe6TA== --instruction-set=x86_64 --instruction-set-features=default --instruction-set-variant=x86_64 --compiler-filter=verify --compilation-reason=install --compact-dex-level=none --max-image-block-size=524288 --resolve-startup-const-strings=true --generate-mini-debug-info --runtime-arg -Xtarget-sdk-version:34 --runtime-arg -Xhidden-api-policy:enabled --runtime-arg -Xms64m --runtime-arg -Xmx512m --comments=app-name:io.github.jark006.freezeit,app-version-name:3.1.0Alpha,app-version-code:301000,art-version:350820300
07-03 20:27:59.721  3083  3083 I artd    : Opened FDs: 7:/data/app/~~yRCd9UpkylHpqJOnlKHApw==/io.github.jark006.freezeit-74rwQ182fBcCqDy9YRe6TA==/base.apk 8:/data/app/~~yRCd9UpkylHpqJOnlKHApw==/io.github.jark006.freezeit-74rwQ182fBcCqDy9YRe6TA==/oat/x86_64/base.odex.cWxmlf.tmp 9:/data/app/~~yRCd9UpkylHpqJOnlKHApw==/io.github.jark006.freezeit-74rwQ182fBcCqDy9YRe6TA==/oat/x86_64/base.vdex.AbkLaa.tmp 10:/data/app/~~yRCd9UpkylHpqJOnlKHApw==/io.github.jark006.freezeit-74rwQ182fBcCqDy9YRe6TA==/oat/x86_64/base.odex.swap.2JKxut.tmp 11:/system_ext/framework/androidx.window.sidecar.jar 12:/system_ext/framework/androidx.window.extensions.jar 
07-03 20:27:59.773  3088  3088 W dex2oat64: Obsolete flag --compact-dex-level ignored
07-03 20:27:59.773  3088  3088 W dex2oat64: Unexpected CPU variant for x86: x86_64.
07-03 20:27:59.773  3088  3088 W dex2oat64: Known variants: atom, sandybridge, silvermont, goldmont, goldmont-plus, goldmont-without-sha-xsaves, tremont, kabylake, default
07-03 20:27:59.774  3088  3088 W dex2oat64: Mismatch between dex2oat instruction set features to use (ISA: X86_64 Feature string: -ssse3,-sse4.1,-sse4.2,-avx,-avx2,-popcnt) and those from CPP defines (ISA: X86_64 Feature string: ssse3,sse4.1,sse4.2,-avx,-avx2,popcnt) for the command line:
07-03 20:27:59.774  3088  3088 W dex2oat64: /apex/com.android.art/bin/dex2oat64 --zip-fd=7 --zip-location=/data/app/~~yRCd9UpkylHpqJOnlKHApw==/io.github.jark006.freezeit-74rwQ182fBcCqDy9YRe6TA==/base.apk --oat-fd=8 --oat-location=/data/app/~~yRCd9UpkylHpqJOnlKHApw==/io.github.jark006.freezeit-74rwQ182fBcCqDy9YRe6TA==/oat/x86_64/base.odex --output-vdex-fd=9 --swap-fd=10 --class-loader-context-fds=11:12 --class-loader-context=PCL[]{PCL[/system_ext/framework/androidx.window.extensions.jar]#PCL[/system_ext/framework/androidx.window.sidecar.jar]} --classpath-dir=/data/app/~~yRCd9UpkylHpqJOnlKHApw==/io.github.jark006.freezeit-74rwQ182fBcCqDy9YRe6TA== --instruction-set=x86_64 --instruction-set-features=default --instruction-set-variant=x86_64 --compiler-filter=verify --compilation-reason=install --compact-dex-level=none --max-image-block-size=524288 --resolve-startup-const-strings=true --generate-mini-debug-info --runtime-arg -Xtarget-sdk-version:34 --runtime-arg -Xhidden-api-policy:enabled --runtime-arg -Xms64m --runtime-arg -Xmx512m --comments=app-name:io.github.jark006.freezeit,app-version-name:3.1.0Alpha,app-version-code:301000,art-version:350820300
07-03 20:27:59.774  3088  3088 I dex2oat64: /apex/com.android.art/bin/dex2oat64 --output-vdex-fd=9 --class-loader-context-fds=11:12 --class-loader-context=PCL[]{PCL[/system_ext/framework/androidx.window.extensions.jar]#PCL[/system_ext/framework/androidx.window.sidecar.jar]} --classpath-dir=/data/app/~~yRCd9UpkylHpqJOnlKHApw==/io.github.jark006.freezeit-74rwQ182fBcCqDy9YRe6TA== --compiler-filter=verify --compilation-reason=install --compact-dex-level=none --max-image-block-size=524288 --resolve-startup-const-strings=true --generate-mini-debug-info --comments=app-name:io.github.jark006.freezeit,app-version-name:3.1.0Alpha,app-version-code:301000,art-version:350820300
07-03 20:27:59.787  3088  3088 I dex2oat64: Using CollectorTypeCMC GC.
07-03 20:27:59.907  3088  3088 I dex2oat64: dex2oat took 137.525ms (162.652ms cpu) (threads: 4) arena alloc=0B (0B) java alloc=2591KB (2653440B) native alloc=1226KB (1255680B) free=1175KB (1203952B)
07-03 20:27:59.910  3083  3083 I artd    : dex2oat returned code 0
07-03 20:27:59.913   581   663 I ArtService: Dexopt result: [packageName = io.github.jark006.freezeit] DexContainerFileDexoptResult{dexContainerFile=/data/app/~~yRCd9UpkylHpqJOnlKHApw==/io.github.jark006.freezeit-74rwQ182fBcCqDy9YRe6TA==/base.apk, primaryAbi=true, abi=x86_64, actualCompilerFilter=verify, status=PERFORMED, dex2oatWallTimeMillis=196, dex2oatCpuTimeMillis=180, sizeBytes=99456, sizeBeforeBytes=0, extendedStatusFlags=[]}
07-03 20:27:59.914   581   663 I AppsFilter: interaction: PackageSetting{edc9dbb com.android.microdroid.empty_payload/10200} -> PackageSetting{5a052d8 io.github.jark006.freezeit/10209} BLOCKED
07-03 20:27:59.920   581   663 I ActivityManager: Force stopping io.github.jark006.freezeit appid=10209 user=0: pkg removed
07-03 20:27:59.920   581   663 W IPCThreadState: Sending oneway calls to frozen process.
07-03 20:27:59.920   581   663 W IPCThreadState: Sending oneway calls to frozen process.
07-03 20:27:59.920   581   663 W IPCThreadState: Sending oneway calls to frozen process.
07-03 20:27:59.923   581   663 W IPCThreadState: Sending oneway calls to frozen process.
07-03 20:27:59.923   581   663 W IPCThreadState: Sending oneway calls to frozen process.
07-03 20:27:59.923   581   663 W IPCThreadState: Sending oneway calls to frozen process.
07-03 20:27:59.923   581   663 W IPCThreadState: Sending oneway calls to frozen process.
07-03 20:27:59.923   581   663 W IPCThreadState: Sending oneway calls to frozen process.
07-03 20:27:59.923   581   663 W IPCThreadState: Sending oneway calls to frozen process.
07-03 20:27:59.923   581   663 W IPCThreadState: Sending oneway calls to frozen process.
07-03 20:27:59.923   581   663 W IPCThreadState: Sending oneway calls to frozen process.
07-03 20:27:59.923   581   663 W IPCThreadState: Sending oneway calls to frozen process.
07-03 20:27:59.923   581   663 W IPCThreadState: Sending oneway calls to frozen process.
07-03 20:27:59.923   581   663 W IPCThreadState: Sending oneway calls to frozen process.
07-03 20:27:59.923   581   663 W IPCThreadState: Sending oneway calls to frozen process.
07-03 20:27:59.923   581   663 W IPCThreadState: Sending oneway calls to frozen process.
07-03 20:27:59.923   581   663 W IPCThreadState: Sending oneway calls to frozen process.
07-03 20:27:59.923   581   663 W IPCThreadState: Sending oneway calls to frozen process.
07-03 20:27:59.923   581   663 W IPCThreadState: Sending oneway calls to frozen process.
07-03 20:27:59.923   581   663 W IPCThreadState: Sending oneway calls to frozen process.
07-03 20:27:59.923   581   663 W IPCThreadState: Sending oneway calls to frozen process.
07-03 20:27:59.923   581   663 W IPCThreadState: Sending oneway calls to frozen process.
07-03 20:27:59.923   581   663 W IPCThreadState: Sending oneway calls to frozen process.
07-03 20:27:59.923   581   663 W IPCThreadState: Sending oneway calls to frozen process.
07-03 20:27:59.923   581   663 W IPCThreadState: Sending oneway calls to frozen process.
07-03 20:27:59.923   581   663 W IPCThreadState: Sending oneway calls to frozen process.
07-03 20:27:59.923   581   663 W IPCThreadState: Sending oneway calls to frozen process.
07-03 20:27:59.923   581   663 W IPCThreadState: Sending oneway calls to frozen process.
07-03 20:27:59.925   581   786 I AppWidgetServiceImpl: Received broadcast: android.intent.action.PACKAGE_REMOVED on user 0
07-03 20:27:59.925   581   807 D ShortcutService: received package broadcast intent: Intent { act=android.intent.action.PACKAGE_REMOVED dat=package: flg=0x4000010 (has extras) }
07-03 20:27:59.927   581   730 W PackageConfigPersister: App-specific configuration not found for packageName: io.github.jark006.freezeit and userId: 0
07-03 20:27:59.928   996   996 E SmsApplication: com.google.android.apps.messaging lost android:read_cell_broadcasts:  (fixing)
07-03 20:27:59.928  2554  2554 D ActivityThread: Package [io.github.jark006.freezeit] reported as REPLACED, but missing application info. Assuming REMOVED.
07-03 20:27:59.929  1264  1300 D PackageUpdatedTask: Package updated: mOp=UPDATE packages=[io.github.jark006.freezeit]
07-03 20:27:59.929   581  1990 W AppOpService: Ignored setUidMode call for runtime permission app op: uid = 10134, code = READ_CELL_BROADCASTS, mode = allow, callingUid = 1001, oldMode = allow
07-03 20:27:59.929   581   663 W IPCThreadState: Sending oneway calls to frozen process.
07-03 20:27:59.929   581   663 W IPCThreadState: Sending oneway calls to frozen process.
07-03 20:27:59.929   581   663 W IPCThreadState: Sending oneway calls to frozen process.
07-03 20:27:59.929   581   663 W IPCThreadState: Sending oneway calls to frozen process.
07-03 20:27:59.929  1369  1369 D ActivityThread: Package [io.github.jark006.freezeit] reported as REPLACED, but missing application info. Assuming REMOVED.
07-03 20:27:59.929   581   663 W IPCThreadState: Sending oneway calls to frozen process.
07-03 20:27:59.929   581   663 W IPCThreadState: Sending oneway calls to frozen process.
07-03 20:27:59.929   581   663 W IPCThreadState: Sending oneway calls to frozen process.
07-03 20:27:59.929   581   663 W IPCThreadState: Sending oneway calls to frozen process.
07-03 20:27:59.929   581   663 W IPCThreadState: Sending oneway calls to frozen process.
07-03 20:27:59.929  1285  1285 D ActivityThread: Package [io.github.jark006.freezeit] reported as REPLACED, but missing application info. Assuming REMOVED.
07-03 20:27:59.929  1233  1233 D ActivityThread: Package [io.github.jark006.freezeit] reported as REPLACED, but missing application info. Assuming REMOVED.
07-03 20:27:59.929  1264  1264 D ActivityThread: Package [io.github.jark006.freezeit] reported as REPLACED, but missing application info. Assuming REMOVED.
07-03 20:27:59.929  1184  1184 D ActivityThread: Package [io.github.jark006.freezeit] reported as REPLACED, but missing application info. Assuming REMOVED.
07-03 20:27:59.929  1309  1309 D ActivityThread: Package [io.github.jark006.freezeit] reported as REPLACED, but missing application info. Assuming REMOVED.
07-03 20:27:59.929  1536  1536 D ActivityThread: Package [io.github.jark006.freezeit] reported as REPLACED, but missing application info. Assuming REMOVED.
07-03 20:27:59.929  1605  1605 D ActivityThread: Package [io.github.jark006.freezeit] reported as REPLACED, but missing application info. Assuming REMOVED.
07-03 20:27:59.929  1063  1063 D ActivityThread: Package [io.github.jark006.freezeit] reported as REPLACED, but missing application info. Assuming REMOVED.
07-03 20:27:59.929  1484  1484 D ActivityThread: Package [io.github.jark006.freezeit] reported as REPLACED, but missing application info. Assuming REMOVED.
07-03 20:27:59.930  1363  1363 I AiAiEcho: AppFetcherImpl onPackageChanged io.github.jark006.freezeit.
07-03 20:27:59.930  1363  2297 I AiAiEcho: AppIndexer Package:[io.github.jark006.freezeit] UserProfile:[0] Enabled:[true].
07-03 20:27:59.930  1363  2297 I AiAiEcho: AppFetcherImplV2 updateApps package:[io.github.jark006.freezeit], userId:[0], reason:[package is updated.].
07-03 20:27:59.931  1406  1406 D ActivityThread: Package [io.github.jark006.freezeit] reported as REPLACED, but missing application info. Assuming REMOVED.
07-03 20:27:59.931   996   996 E CellBroadcastUtils: getDefaultCellBroadcastReceiverPackageName: no package found
07-03 20:27:59.931   581   663 W IPCThreadState: Sending oneway calls to frozen process.
07-03 20:27:59.931   581   663 W IPCThreadState: Sending oneway calls to frozen process.
07-03 20:27:59.931   581   663 W IPCThreadState: Sending oneway calls to frozen process.
07-03 20:27:59.931   581   663 W IPCThreadState: Sending oneway calls to frozen process.
07-03 20:27:59.931   581  1990 W AppOpService: Ignored setUidMode call for runtime permission app op: uid = 1001, code = READ_SMS, mode = allow, callingUid = 1001, oldMode = allow
07-03 20:27:59.931   581   663 W IPCThreadState: Sending oneway calls to frozen process.
07-03 20:27:59.931   581   663 W IPCThreadState: Sending oneway calls to frozen process.
07-03 20:27:59.931   581   663 W IPCThreadState: Sending oneway calls to frozen process.
07-03 20:27:59.931   581   663 W IPCThreadState: Sending oneway calls to frozen process.
07-03 20:27:59.931   581   663 W IPCThreadState: Sending oneway calls to frozen process.
07-03 20:27:59.931   581   663 W IPCThreadState: Sending oneway calls to frozen process.
07-03 20:27:59.931   581   663 W IPCThreadState: Sending oneway calls to frozen process.
07-03 20:27:59.931   581   663 W IPCThreadState: Sending oneway calls to frozen process.
07-03 20:27:59.931   581   663 W IPCThreadState: Sending oneway calls to frozen process.
07-03 20:27:59.931   581  1805 W AppOpService: Ignored setUidMode call for runtime permission app op: uid = 1001, code = RECEIVE_SMS, mode = allow, callingUid = 1001, oldMode = allow
07-03 20:27:59.931   581  1805 W AppOpService: Ignored setUidMode call for runtime permission app op: uid = 1001, code = RECEIVE_WAP_PUSH, mode = allow, callingUid = 1001, oldMode = allow
07-03 20:27:59.931   581   663 W IPCThreadState: Sending oneway calls to frozen process.
07-03 20:27:59.931   581   663 W IPCThreadState: Sending oneway calls to frozen process.
07-03 20:27:59.932   581   663 W IPCThreadState: Sending oneway calls to frozen process.
07-03 20:27:59.932  1352  1352 D ActivityThread: Package [io.github.jark006.freezeit] reported as REPLACED, but missing application info. Assuming REMOVED.
07-03 20:27:59.932   581   663 W IPCThreadState: Sending oneway calls to frozen process.
07-03 20:27:59.932   581   663 W IPCThreadState: Sending oneway calls to frozen process.
07-03 20:27:59.932   581   663 W IPCThreadState: Sending oneway calls to frozen process.
07-03 20:27:59.932   850   850 D ActivityThread: Package [io.github.jark006.freezeit] reported as REPLACED, but missing application info. Assuming REMOVED.
07-03 20:27:59.932  1363  1363 D ActivityThread: Package [io.github.jark006.freezeit] reported as REPLACED, but missing application info. Assuming REMOVED.
07-03 20:27:59.932  1425  1425 D ActivityThread: Package [io.github.jark006.freezeit] reported as REPLACED, but missing application info. Assuming REMOVED.
07-03 20:27:59.932   581   786 I AppWidgetServiceImpl: Received broadcast: android.intent.action.PACKAGE_ADDED on user 0
07-03 20:27:59.933   964   964 D ActivityThread: Package [io.github.jark006.freezeit] reported as REPLACED, but missing application info. Assuming REMOVED.
07-03 20:27:59.933   581   816 I SdkSandboxManager: No SDKs used. Skipping SDK data reconcilation for CallingInfo{mUid=10209, mPackageName='io.github.jark006.freezeit, mAppProcessToken='null'}
07-03 20:27:59.933  1030  1030 D ActivityThread: Package [io.github.jark006.freezeit] reported as REPLACED, but missing application info. Assuming REMOVED.
07-03 20:27:59.934  2105  2105 D ActivityThread: Package [io.github.jark006.freezeit] reported as REPLACED, but missing application info. Assuming REMOVED.
07-03 20:27:59.934  1874  1874 D ActivityThread: Package [io.github.jark006.freezeit] reported as REPLACED, but missing application info. Assuming REMOVED.
07-03 20:27:59.934   581   581 D ActivityManager: sync unfroze 1011 com.android.settings for 10
07-03 20:27:59.934   581   581 D ActivityManager: sync unfroze 2613 com.google.android.settings.intelligence for 10
07-03 20:27:59.935   581   581 D ActivityManager: sync unfroze 2366 com.android.dynsystem:dynsystem for 10
07-03 20:27:59.935   581   581 D ActivityManager: sync unfroze 2309 com.android.localtransport for 10
07-03 20:27:59.935   581   581 D ActivityManager: sync unfroze 2339 com.android.dynsystem for 10
07-03 20:27:59.935   581   581 D ActivityManager: sync unfroze 1496 com.android.keychain for 10
07-03 20:27:59.936  1784  1784 D ActivityThread: Package [io.github.jark006.freezeit] reported as REPLACED, but missing application info. Assuming REMOVED.
07-03 20:27:59.936   581  1992 W AppOpService: Ignored setUidMode call for runtime permission app op: uid = 1001, code = SEND_SMS, mode = allow, callingUid = 1001, oldMode = allow
07-03 20:27:59.936   916   916 D ActivityThread: Package [io.github.jark006.freezeit] reported as REPLACED, but missing application info. Assuming REMOVED.
07-03 20:27:59.936   581  1992 W AppOpService: Ignored setUidMode call for runtime permission app op: uid = 1001, code = READ_CELL_BROADCASTS, mode = allow, callingUid = 1001, oldMode = allow
07-03 20:27:59.936  2202  2202 D ActivityThread: Package [io.github.jark006.freezeit] reported as REPLACED, but missing application info. Assuming REMOVED.
07-03 20:27:59.936   581   663 D PackageInstallerSession: Marking session 834089581 as applied
07-03 20:27:59.936  1496  1496 D ActivityThread: Package [io.github.jark006.freezeit] reported as REPLACED, but missing application info. Assuming REMOVED.
07-03 20:27:59.940   996   996 D ActivityThread: Package [io.github.jark006.freezeit] reported as REPLACED, but missing application info. Assuming REMOVED.
07-03 20:27:59.936   581   581 W binder:581_E: type=1400 audit(0.0:35): avc:  denied  { getopt } for  scontext=u:r:system_server:s0 tcontext=u:r:shell:s0 tclass=unix_stream_socket permissive=0
07-03 20:27:59.940   996   996 D CarrierSvcBindHelper: onPackageUpdateFinished: io.github.jark006.freezeit
07-03 20:27:59.940   996   996 D CarrierSvcBindHelper: No carrier app for: 0
07-03 20:27:59.940  1011  1011 D ActivityThread: Package [io.github.jark006.freezeit] reported as REPLACED, but missing application info. Assuming REMOVED.
07-03 20:27:59.940   996   996 D CarrierSvcBindHelper: onPackageModified: io.github.jark006.freezeit
07-03 20:27:59.940   996   996 D CarrierSvcBindHelper: No carrier app for: 0
07-03 20:27:59.940  2366  2366 D ActivityThread: Package [io.github.jark006.freezeit] reported as REPLACED, but missing application info. Assuming REMOVED.
07-03 20:27:59.941   581   807 D ShortcutService: received package broadcast intent: Intent { act=android.intent.action.PACKAGE_ADDED dat=package: flg=0x4000010 (has extras) }
07-03 20:27:59.941  2339  2339 D ActivityThread: Package [io.github.jark006.freezeit] reported as REPLACED, but missing application info. Assuming REMOVED.
07-03 20:27:59.941   581   807 D ShortcutService: replacing package: io.github.jark006.freezeit userId0
07-03 20:27:59.941   581   807 D ShortcutService: handlePackageUpdateFinished: io.github.jark006.freezeit user=0
07-03 20:27:59.941   581   807 D ShortcutService: rescanPackageIfNeeded 0@io.github.jark006.freezeit, forceRescan=true , isNewApp=true
07-03 20:27:59.941   581   807 D ShortcutService: Package io.github.jark006.freezeit has 0 manifest shortcut(s), and 0 share target(s)
07-03 20:27:59.942  2309  2309 D ActivityThread: Package [io.github.jark006.freezeit] reported as REPLACED, but missing application info. Assuming REMOVED.
07-03 20:27:59.943   581   816 I SdkSandboxManager: No SDKs used. Skipping SDK data reconcilation for CallingInfo{mUid=10209, mPackageName='io.github.jark006.freezeit, mAppProcessToken='null'}
07-03 20:27:59.944   996   996 E SmsApplication: com.google.android.apps.messaging lost android:read_cell_broadcasts:  (fixing)
07-03 20:27:59.944   581  1805 W AppOpService: Ignored setUidMode call for runtime permission app op: uid = 10134, code = READ_CELL_BROADCASTS, mode = allow, callingUid = 1001, oldMode = allow
07-03 20:27:59.936   581   581 W binder:581_E: type=1400 audit(0.0:36): avc:  denied  { getopt } for  scontext=u:r:system_server:s0 tcontext=u:r:shell:s0 tclass=unix_stream_socket permissive=0
07-03 20:27:59.936   581   581 W binder:581_E: type=1400 audit(0.0:37): avc:  denied  { getopt } for  scontext=u:r:system_server:s0 tcontext=u:r:shell:s0 tclass=unix_stream_socket permissive=0
07-03 20:27:59.945  1184  1184 I SafetyLabelChangedBroadcastReceiver: received broadcast packageName: io.github.jark006.freezeit, current user: UserHandle{0}, packageChangeEvent: UPDATE, intent user: UserHandle{0}
07-03 20:27:59.947   996   996 E CellBroadcastUtils: getDefaultCellBroadcastReceiverPackageName: no package found
07-03 20:27:59.947   581  1470 W AppOpService: Ignored setUidMode call for runtime permission app op: uid = 1001, code = READ_SMS, mode = allow, callingUid = 1001, oldMode = allow
07-03 20:27:59.947   581  1470 W AppOpService: Ignored setUidMode call for runtime permission app op: uid = 1001, code = RECEIVE_SMS, mode = allow, callingUid = 1001, oldMode = allow
07-03 20:27:59.948   581  1470 W AppOpService: Ignored setUidMode call for runtime permission app op: uid = 1001, code = RECEIVE_WAP_PUSH, mode = allow, callingUid = 1001, oldMode = allow
07-03 20:27:59.948   581  1990 W AppOpService: Ignored setUidMode call for runtime permission app op: uid = 1001, code = SEND_SMS, mode = allow, callingUid = 1001, oldMode = allow
07-03 20:27:59.948  1264  1264 D StatsLog: LAUNCHER_ALLAPPS_COUNT
07-03 20:27:59.948   581  1990 W AppOpService: Ignored setUidMode call for runtime permission app op: uid = 1001, code = READ_CELL_BROADCASTS, mode = allow, callingUid = 1001, oldMode = allow
07-03 20:27:59.953   996   996 E SmsApplication: com.google.android.apps.messaging lost android:read_cell_broadcasts:  (fixing)
07-03 20:27:59.953   581  1805 W AppOpService: Ignored setUidMode call for runtime permission app op: uid = 10134, code = READ_CELL_BROADCASTS, mode = allow, callingUid = 1001, oldMode = allow
07-03 20:27:59.953  2613  2613 D ActivityThread: Package [io.github.jark006.freezeit] reported as REPLACED, but missing application info. Assuming REMOVED.
07-03 20:27:59.953   996   996 E CellBroadcastUtils: getDefaultCellBroadcastReceiverPackageName: no package found
07-03 20:27:59.953   581  1805 W AppOpService: Ignored setUidMode call for runtime permission app op: uid = 1001, code = READ_SMS, mode = allow, callingUid = 1001, oldMode = allow
07-03 20:27:59.953   581  1805 W AppOpService: Ignored setUidMode call for runtime permission app op: uid = 1001, code = RECEIVE_SMS, mode = allow, callingUid = 1001, oldMode = allow
07-03 20:27:59.954   581  1805 W AppOpService: Ignored setUidMode call for runtime permission app op: uid = 1001, code = RECEIVE_WAP_PUSH, mode = allow, callingUid = 1001, oldMode = allow
07-03 20:27:59.954   581  1805 W AppOpService: Ignored setUidMode call for runtime permission app op: uid = 1001, code = SEND_SMS, mode = allow, callingUid = 1001, oldMode = allow
07-03 20:27:59.954   581  1805 W AppOpService: Ignored setUidMode call for runtime permission app op: uid = 1001, code = READ_CELL_BROADCASTS, mode = allow, callingUid = 1001, oldMode = allow
07-03 20:27:59.956   581   638 W MagnificationConnectionManager: requestConnection duplicated request: connect=false, mConnectionState=DISCONNECTED
07-03 20:27:59.956   996  1155 D ImsResolver: maybeAddedImsService, packageName: io.github.jark006.freezeit
07-03 20:27:59.957   581   581 I Telecom : CarModeTracker: Package io.github.jark006.freezeit is not tracked.: SSH.oR@ADM🔒
07-03 20:27:59.958   581   638 W MagnificationConnectionManager: requestConnection duplicated request: connect=false, mConnectionState=DISCONNECTED
07-03 20:27:59.959  1363  1374 W ogle.android.as: ApkAssets: Deleting an ApkAssets object '<empty> and /data/app/~~yRCd9UpkylHpqJOnlKHApw==/io.github.jark006.freezeit-74rwQ182fBcCqDy9YRe6TA==/base.apk' with 1 weak references
07-03 20:27:59.960   581   581 I Telecom : InCallController: updateCarModeForConnections: car mode apps: : SSH.oR@ADM🔒
07-03 20:27:59.960   581   581 I Telecom : InCallController: update carmode current:UserHandle{0} parent:null: SSH.oR@ADM🔒
07-03 20:27:59.962   996   996 E VvmPkgInstalledRcvr: cannot create TelephonyManager from ComponentInfo{com.android.phone/com.android.services.telephony.TelephonyConnectionService}, E, UserHandle{0}
07-03 20:27:59.962   581  1990 D CompatChangeReporter: Compat change id reported: 311208629; UID 1000; state: ENABLED
07-03 20:27:59.965   581   581 D ActivityThread: Package [io.github.jark006.freezeit] reported as REPLACED, but missing application info. Assuming REMOVED.
07-03 20:27:59.968  1184  1194 I PermissionControllerServiceImpl: Updating user sensitive for uid 10209
07-03 20:27:59.968   581   581 V BackupManagerConstants: getFullBackupIntervalMilliseconds(...) returns 86400000
07-03 20:27:59.969   581   581 V BackupManagerConstants: getFullBackupRequiredNetworkType(...) returns 2
07-03 20:27:59.969   581   581 V BackupManagerConstants: getFullBackupRequireCharging(...) returns true
07-03 20:27:59.969   581   581 D CompatChangeReporter: Compat change id reported: 311402873; UID 1000; state: ENABLED
07-03 20:27:59.969   581   581 D CompatChangeReporter: Compat change id reported: 323349338; UID 1000; state: ENABLED
07-03 20:27:59.972   581   581 W IPCThreadState: Sending oneway calls to frozen process.
07-03 20:27:59.972   581   581 W IPCThreadState: Sending oneway calls to frozen process.
07-03 20:27:59.972   581   581 W AlarmManager: Package io.github.jark006.freezeit, uid 10209 lost permission to set exact alarms!
07-03 20:28:00.002  1363  1586 I AiAiEcho: Predicting[0]:  [CONTEXT sampling_count=5 ]
07-03 20:28:00.002  1363  1586 I AiAiEcho: EchoTargets: 
07-03 20:28:00.002  1363  1586 I AiAiEcho: Filtered by AiAi flag check: 
07-03 20:28:00.002  1363  1586 I AiAiEcho: [CONTEXT ratelimit_period="10 SECONDS" ]
07-03 20:28:00.003  1363  1586 I AiAiEcho: Ranked targets strategy: SORT, count: 0, ranking metadata:  [CONTEXT ratelimit_period="10 SECONDS" ]
07-03 20:28:00.003  1363  1586 I AiAiEcho: #remoteViewsTwiddler: feature disabled.
07-03 20:28:00.003  1363  1586 I AiAiEcho: Predicting[0]:  [CONTEXT sampling_count=5 ]
07-03 20:28:00.003  1363  1586 I AiAiEcho: EchoTargets: 
07-03 20:28:00.003  1363  1586 I AiAiEcho: Filtered by AiAi flag check: 
07-03 20:28:00.003  1363  1586 I AiAiEcho: [CONTEXT ratelimit_period="10 SECONDS" ]
07-03 20:28:00.003  1363  1586 I AiAiEcho: Ranked targets strategy: SORT, count: 0, ranking metadata:  [CONTEXT ratelimit_period="10 SECONDS" ]
07-03 20:28:00.003  1363  1586 I AiAiEcho: #remoteViewsTwiddler: feature disabled.
07-03 20:28:00.003  1363  1586 I AiAiEcho: #postPredictionTargets: Sending updates to UISurface lockscreen with targets# 0 (types=[])
07-03 20:28:00.003  1363  1586 I AiAiEcho: #postPredictionTargets: Sending updates to UISurface home with targets# 0 (types=[])
07-03 20:28:00.004  1264  1264 D SsBaseTemplateCard: No text view can be set up
07-03 20:28:00.004  1264  1264 D SsBaseTemplateCard: Passed-in item info is null
07-03 20:28:00.004  1264  1264 D SsBaseTemplateCard: Passed-in item info is null
07-03 20:28:00.004  1264  1264 D SsBaseTemplateCard: Passed-in item info is null
07-03 20:28:00.004  1264  1264 I SsBaseTemplateCard: Secondary card pane is null
07-03 20:28:00.012   850   850 W PageIndicator: Total number of pages invalid: 0. Assuming 1 page.
07-03 20:28:00.015   850   965 D EGL_emulation: app_time_stats: avg=1888.65ms min=1.02ms max=48852.99ms count=26
07-03 20:28:00.265  1605  1869 E MDD     : DownloadProgressMonitor: Can't find file group for uri: android://com.google.android.apps.messaging/files/datadownload/shared/public/datadownloadfile_1783080164169
07-03 20:28:00.267  1605  1710 E MDD     : DownloadProgressMonitor: Can't find file group for uri: android://com.google.android.apps.messaging/files/datadownload/shared/public/datadownloadfile_1783080164170
07-03 20:28:00.272  1605  1709 D dasx    : Starting download: https://fonts.gstatic.com/s/e/notoemoji/16.0/1f37f/lottie.json
07-03 20:28:00.272  1605  1709 V dasx    : Is http uri, downloading (uri: https://fonts.gstatic.com/s/e/notoemoji/16.0/1f37f/lottie.json)
07-03 20:28:00.274  1605  1869 D dasx    : Starting download: https://fonts.gstatic.com/s/e/notoemoji/16.0/2615/lottie.json
07-03 20:28:00.274  1605  1869 V dasx    : Is http uri, downloading (uri: https://fonts.gstatic.com/s/e/notoemoji/16.0/2615/lottie.json)
07-03 20:28:00.425  1352  1352 W MediaProvider: WorkProfileOwnerApps cache is empty
07-03 20:28:00.430   850   850 D ControlsListingControllerImpl: ServiceConfig reloaded, count: 0
07-03 20:28:00.432  1369  1369 I GsaVoiceInteractionSrv: (REDACTED) O received %s
07-03 20:28:00.432  1352  1352 D PickerSyncLockManager: Trying to acquire lock com.android.providers.media.photopicker.sync.CloseableReentrantLock@253ec12[Unlocked]. Lock Name = CLOUD_PROVIDER_LOCK. Threads that may be waiting to acquire this lock = []
07-03 20:28:00.433  1352  1352 D CloseableReentrantLock: Successfully acquired lock com.android.providers.media.photopicker.sync.CloseableReentrantLock@253ec12[Locked by thread main]. Lock Name = CLOUD_PROVIDER_LOCK. Threads that may be waiting to acquire this lock = []
07-03 20:28:00.433  1352  1352 D CloseableReentrantLock: Successfully released lock com.android.providers.media.photopicker.sync.CloseableReentrantLock@253ec12[Unlocked]. Lock Name = CLOUD_PROVIDER_LOCK. Threads that may be waiting to acquire this lock = []
07-03 20:28:00.433   850   850 D ControlsListingControllerImpl: ServiceConfig reloaded, count: 0
07-03 20:28:00.434   850   850 D ControlsListingControllerImpl: ServiceConfig reloaded, count: 0
07-03 20:28:00.435  1369  1369 I GsaVoiceInteractionSrv: (REDACTED) O received %s
07-03 20:28:00.436  1369  1369 I GsaVoiceInteractionSrv: (REDACTED) O received %s
07-03 20:28:00.452  1363  1866 I AiAiTextClassifier: [VisualCortexAdapter]: provideRegistration: Registered Prominent Screen Entities for updates.
07-03 20:28:00.457  1484  1959 W SearchServiceCore: Abort, client detached.
07-03 20:28:00.457  1484  1959 W SearchServiceCore: Abort, client detached.
07-03 20:28:00.460  1484  1959 W SearchServiceCore: Abort, client detached.
07-03 20:28:00.462  1063  3108 I Fitness : FitCleanupIntentOperation received Intent android.intent.action.PACKAGE_REMOVED [CONTEXT service_id=17 ]
07-03 20:28:00.463  1063  3108 I ProximityAuth: [RecentAppsMediator] Package added: (user=UserHandle{0}) io.github.jark006.freezeit
07-03 20:28:00.469  1363  1866 I AiAiTextClassifier: [VisualCortexAdapter]: provideRegistration: Registered Prominent Screen Entities for updates.
07-03 20:28:00.471  1363  1866 I AiAiTextClassifier: [VisualCortexAdapter]: provideRegistration: Registered Prominent Screen Entities for updates.
07-03 20:28:00.473  1363  1866 I AiAiTextClassifier: [VisualCortexAdapter]: provideRegistration: Registered Prominent Screen Entities for updates.
07-03 20:28:00.473  1536  3111 I Auth    : [SupervisedAccountIntentOperation] onHandleIntent(): android.intent.action.PACKAGE_ADDED
07-03 20:28:00.474  1536  3110 V Backup  : [PhotosPackagedAddedIO] Flag is disabled.
07-03 20:28:00.475  1363  1866 I AiAiTextClassifier: [VisualCortexAdapter]: provideRegistration: Registered Prominent Screen Entities for updates.
07-03 20:28:00.476  1363  1866 I AiAiTextClassifier: [VisualCortexAdapter]: provideRegistration: Registered Prominent Screen Entities for updates.
07-03 20:28:00.477  1363  1866 I AiAiTextClassifier: [VisualCortexAdapter]: provideRegistration: Registered Prominent Screen Entities for updates.
07-03 20:28:00.478  1363  1866 I AiAiTextClassifier: [VisualCortexAdapter]: provideRegistration: Registered Prominent Screen Entities for updates.
07-03 20:28:00.478  1363  1866 I AiAiTextClassifier: [VisualCortexAdapter]: provideRegistration: Registered Prominent Screen Entities for updates.
07-03 20:28:00.479  1063  1067 W .gms.persistent: Missing inline cache for fowt anht.k(android.content.Context, boolean, int, java.lang.Integer, anic, eqdz)
07-03 20:28:00.479  1063  1067 W .gms.persistent: Missing inline cache for fowt anht.k(android.content.Context, boolean, int, java.lang.Integer, anic, eqdz)
07-03 20:28:00.479  1063  1067 W .gms.persistent: Missing inline cache for fowt anht.k(android.content.Context, boolean, int, java.lang.Integer, anic, eqdz)
07-03 20:28:00.479  1063  1067 W .gms.persistent: Missing inline cache for fowt anht.k(android.content.Context, boolean, int, java.lang.Integer, anic, eqdz)
07-03 20:28:00.479  1063  1067 W .gms.persistent: Missing inline cache for fowt anht.k(android.content.Context, boolean, int, java.lang.Integer, anic, eqdz)
07-03 20:28:00.479  1063  1067 W .gms.persistent: Missing inline cache for fowt anht.k(android.content.Context, boolean, int, java.lang.Integer, anic, eqdz)
07-03 20:28:00.479  1063  1067 W .gms.persistent: Missing inline cache for fowt anht.k(android.content.Context, boolean, int, java.lang.Integer, anic, eqdz)
07-03 20:28:00.479  1063  1067 W .gms.persistent: Missing inline cache for fowt anht.k(android.content.Context, boolean, int, java.lang.Integer, anic, eqdz)
07-03 20:28:00.479  1063  1067 W .gms.persistent: Missing inline cache for fowt anht.k(android.content.Context, boolean, int, java.lang.Integer, anic, eqdz)
07-03 20:28:00.479  1063  1067 W .gms.persistent: Missing inline cache for fowt anht.k(android.content.Context, boolean, int, java.lang.Integer, anic, eqdz)
07-03 20:28:00.479  1063  1067 W .gms.persistent: Missing inline cache for fowt anht.k(android.content.Context, boolean, int, java.lang.Integer, anic, eqdz)
07-03 20:28:00.479  1063  1067 W .gms.persistent: Missing inline cache for fowt anht.k(android.content.Context, boolean, int, java.lang.Integer, anic, eqdz)
07-03 20:28:00.479  1063  1067 W .gms.persistent: Missing inline cache for fowt anht.k(android.content.Context, boolean, int, java.lang.Integer, anic, eqdz)
07-03 20:28:00.479  1063  1067 W .gms.persistent: Missing inline cache for fowt anht.k(android.content.Context, boolean, int, java.lang.Integer, anic, eqdz)
07-03 20:28:00.479  1063  1067 W .gms.persistent: Missing inline cache for fowt anht.k(android.content.Context, boolean, int, java.lang.Integer, anic, eqdz)
07-03 20:28:00.479  1063  1067 W .gms.persistent: Missing inline cache for fowt anht.k(android.content.Context, boolean, int, java.lang.Integer, anic, eqdz)
07-03 20:28:00.479  1063  1067 W .gms.persistent: Missing inline cache for fowt anht.k(android.content.Context, boolean, int, java.lang.Integer, anic, eqdz)
07-03 20:28:00.479  1063  1067 W .gms.persistent: Missing inline cache for fowt anht.k(android.content.Context, boolean, int, java.lang.Integer, anic, eqdz)
07-03 20:28:00.479  1063  1067 W .gms.persistent: Missing inline cache for fowt anht.k(android.content.Context, boolean, int, java.lang.Integer, anic, eqdz)
07-03 20:28:00.479  1063  1067 W .gms.persistent: Missing inline cache for fowt anht.k(android.content.Context, boolean, int, java.lang.Integer, anic, eqdz)
07-03 20:28:00.479  1063  1067 W .gms.persistent: Missing inline cache for fowt anht.k(android.content.Context, boolean, int, java.lang.Integer, anic, eqdz)
07-03 20:28:00.479  1063  1067 W .gms.persistent: Missing inline cache for fowt anht.k(android.content.Context, boolean, int, java.lang.Integer, anic, eqdz)
07-03 20:28:00.479  1063  1067 W .gms.persistent: Missing inline cache for fowt anht.k(android.content.Context, boolean, int, java.lang.Integer, anic, eqdz)
07-03 20:28:00.479  1063  1067 W .gms.persistent: Missing inline cache for fowt anht.k(android.content.Context, boolean, int, java.lang.Integer, anic, eqdz)
07-03 20:28:00.479  1063  1067 W .gms.persistent: Missing inline cache for fowt anht.k(android.content.Context, boolean, int, java.lang.Integer, anic, eqdz)
07-03 20:28:00.479  1063  1067 W .gms.persistent: Missing inline cache for fowt anht.k(android.content.Context, boolean, int, java.lang.Integer, anic, eqdz)
07-03 20:28:00.479  1063  1067 W .gms.persistent: Missing inline cache for fowt anht.k(android.content.Context, boolean, int, java.lang.Integer, anic, eqdz)
07-03 20:28:00.484  1536  3119 W SQLiteLog: (28) double-quoted string literal: "io.github.jark006.freezeit"
07-03 20:28:00.487  1536  3107 I GmscoreIpa: Using regular flags by method 2 [CONTEXT service_id=255 ]
07-03 20:28:00.492  1536  1536 D BoundBrokerSvc: onBind: Intent { act=com.google.android.gms.feedback.internal.IFeedbackService dat=chimera-action:/... cmp=com.google.android.gms/.chimera.GmsBoundBrokerService }
07-03 20:28:00.492  1536  1536 D BoundBrokerSvc: Loading bound service for intent: Intent { act=com.google.android.gms.feedback.internal.IFeedbackService dat=chimera-action:/... cmp=com.google.android.gms/.chimera.GmsBoundBrokerService }
07-03 20:28:00.493  1536  1663 I Icing   : IndexChimeraService.getServiceInterface callingPackage=com.google.android.gms componentName=AppsCorpus serviceId=36
07-03 20:28:00.496  1536  3128 I Icing   : Usage reports ok 0, Failed Usage reports 0, indexed 0, rejected 0
07-03 20:28:00.498  1536  3128 I Icing   : Indexing com.google.android.gms-apps from com.google.android.gms
07-03 20:28:00.501  1536  1663 I Icing   : IndexChimeraService.getServiceInterface callingPackage=com.google.android.gms componentName=null serviceId=30
07-03 20:28:00.511  1536  3128 I Icing   : Usage reports ok 0, Failed Usage reports 0, indexed 0, rejected 0
07-03 20:28:00.511  1536  3128 I Icing   : Indexing done com.google.android.gms-apps
07-03 20:28:00.514  1536  3128 I Icing   : Indexing com.google.android.gms-apps from com.google.android.gms
07-03 20:28:00.514  1536  3128 I Icing   : Indexing done com.google.android.gms-apps
07-03 20:28:00.604  1309  1316 W .apps.wellbeing: ApkAssets: Deleting an ApkAssets object '<empty> and /product/app/YouTube/YouTube.apk' with 1 weak references
