07-03 20:28:47.443  1605  3012 E PhFileGroupPop: 	at cryq.run(PG:6)
07-03 20:28:47.443  1605  3012 E PhFileGroupPop: 	at java.lang.Thread.run(Thread.java:1012)
07-03 20:28:47.443  1605  3012 E PhFileGroupPop: 	at csaw.run(PG:64)
07-03 20:28:47.443  1605  1699 W MDD     : GddFileGroupPopulator: Account was not provided, skipping private sync for corpus: GDD_BUGLE_EMOJIFY, configuration: GddBugleEmojify
07-03 20:28:47.444  1605  3012 D PhFileGroupPop: Added file groups smart_actions_grammars
07-03 20:28:47.444  1605  1700 W GellerSyncSchedulerImpl: Corpus: GDD_BUGLE_EMOJIFY is disabled
07-03 20:28:47.444  1605  3012 D PhFileGroupPop: Added file groups smart_actions_ml_models
07-03 20:28:47.444  1605  3012 D PhFileGroupPop: Added file groups text_classifier
07-03 20:28:47.445  1605  3012 D PhFileGroupPop: Added file groups smart_actions_emotive_models
07-03 20:28:47.449  1605  3012 D PhFileGroupPop: Added file groups smarts_expressive_content_scoped_v1
07-03 20:28:47.449  1605  3012 D PhFileGroupPop: Added file groups smart_actions_sensitive_classifier_models
07-03 20:28:47.449  1605  3012 D PhFileGroupPop: Added file groups scripted_reply
07-03 20:28:47.450  1605  3012 D PhFileGroupPop: Added file groups multitask_experiment
07-03 20:28:47.450  1605  3012 D PhFileGroupPop: Added file groups spam_verdict_enforcement_policy_config
07-03 20:28:47.450  1605  3012 D PhFileGroupPop: Added file groups smart_suggestion_reranker_models
07-03 20:28:47.450  1605  3012 D PhFileGroupPop: Added file groups nudge
07-03 20:28:47.450  1605  3012 D PhFileGroupPop: Added file groups calendar_appointment_grammar
07-03 20:28:47.450  1605  3012 D PhFileGroupPop: Added file groups birthday_suggestion
07-03 20:28:47.450  1605  3012 D PhFileGroupPop: Added file groups birthday_grammars
07-03 20:28:47.453  1605  3012 D PhFileGroupPop: Added file groups animated_emoji
07-03 20:28:47.453  1605  3012 D PhFileGroupPop: Added file groups voice_moods
07-03 20:28:47.454  1605  3012 D PhFileGroupPop: Added file groups screen_effects
07-03 20:28:47.454  1605  3012 D PhFileGroupPop: Added file groups screen_effect_suggestions
07-03 20:28:47.454  1605  3012 D PhFileGroupPop: Added file groups selfie_gif_grammars
07-03 20:28:47.454  1605  3012 D PhFileGroupPop: Added file groups spam_fm_templates
07-03 20:28:47.492  1605  1605 W JobService: onNetworkChanged() not implemented in androidx.work.impl.background.systemjob.SystemJobService. Must override in a subclass.
07-03 20:28:47.492  1605  1605 W JobService: onNetworkChanged() not implemented in androidx.work.impl.background.systemjob.SystemJobService. Must override in a subclass.
07-03 20:28:47.494   581   759 W IPCThreadState: Sending oneway calls to frozen process.
07-03 20:28:47.494   581   759 W IPCThreadState: Sending oneway calls to frozen process.
07-03 20:28:47.494   581   759 W IPCThreadState: Sending oneway calls to frozen process.
07-03 20:28:47.494   581   759 W IPCThreadState: Sending oneway calls to frozen process.
07-03 20:28:47.494   581   759 W IPCThreadState: Sending oneway calls to frozen process.
07-03 20:28:47.494   581   759 W IPCThreadState: Sending oneway calls to frozen process.
07-03 20:28:47.495   581   759 W IPCThreadState: Sending oneway calls to frozen process.
07-03 20:28:47.495  1063  1075 I ChimeraSrvcProxy: NullBinder for android.net.action.RECOMMEND_NETWORKS triggering remote TransactionTooLargeException due to Service without Chimera impl
07-03 20:28:47.495   581   759 W IPCThreadState: Sending oneway calls to frozen process.
07-03 20:28:47.495   581   759 W IPCThreadState: Sending oneway calls to frozen process.
07-03 20:28:47.496  1063  1075 W .gms.persistent: Large reply transaction of 1056768 bytes, interface descriptor , code 1
07-03 20:28:47.496  1406  1704 I BugleRcsEngine: Connected state: [1], networkType: [WIFI] [CONTEXT thread_id=53 ]
07-03 20:28:47.496  1406  1935 I BugleRcsEngine: handleMessage processing message:[NOTIFY_UPTIME_IGNORE_STATE_CHANGED] with [non-null]:RcsEngineImpl reference [CONTEXT log_prefix="RcsEngineImpl[DUAL_REG]:[569cb700-207e]>Handler" thread_id=61 ]
07-03 20:28:47.497   996  1171 E PhoneInterfaceManager: getCarrierPrivilegeStatusForUid: Invalid subId
07-03 20:28:47.497   581  1988 D OomAdjuster: Not killing cached processes
07-03 20:28:47.499  1406  1935 I BugleRcsEngine: No RCS Configuration was found in Bugle for simID: redacted-pii:sim_id[chars:0,last3:] [CONTEXT log_prefix="ProvisioningEngineDataRetriever" thread_id=61 ]
07-03 20:28:48.011  3230  3230 W AccessibilityNodeInfoDumper: Fetch time: 5ms
07-03 20:28:48.013   581  1988 W MagnificationConnectionManager: requestConnection duplicated request: connect=false, mConnectionState=DISCONNECTED
07-03 20:28:48.013   581  1988 D AccessibilityManagerService: restoreCurrentUserForTestAutomationIfNeededLocked(): ignoring because device doesn't support visible background users
07-03 20:28:48.013   581   581 W IPCThreadState: Sending oneway calls to frozen process.
07-03 20:28:48.013   581   581 W IPCThreadState: Sending oneway calls to frozen process.
07-03 20:28:48.013   581   581 W IPCThreadState: Sending oneway calls to frozen process.
07-03 20:28:48.013   581   581 W IPCThreadState: Sending oneway calls to frozen process.
07-03 20:28:48.013   581   581 W IPCThreadState: Sending oneway calls to frozen process.
07-03 20:28:48.013   581   581 W IPCThreadState: Sending oneway calls to frozen process.
07-03 20:28:48.013  1363  1827 I AiAiEcho: Settings changed for uri: content://settings/secure/accessibility_enabled
07-03 20:28:48.013   581   581 W IPCThreadState: Sending oneway calls to frozen process.
07-03 20:28:48.013   581   581 W IPCThreadState: Sending oneway calls to frozen process.
07-03 20:28:48.013   581   581 W IPCThreadState: Sending oneway calls to frozen process.
07-03 20:28:48.013   581   581 W IPCThreadState: Sending oneway calls to frozen process.
07-03 20:28:48.013   581   581 W IPCThreadState: Sending oneway calls to frozen process.
07-03 20:28:48.013   581   581 W IPCThreadState: Sending oneway calls to frozen process.
07-03 20:28:48.014  1363  1586 I AiAiEcho: Predicting[0]:  [CONTEXT sampling_count=5 ]
07-03 20:28:48.014  3230  3230 D AndroidRuntime: Shutting down VM
07-03 20:28:48.014   581   581 W IPCThreadState: Sending oneway calls to frozen process.
07-03 20:28:48.014   581   581 W IPCThreadState: Sending oneway calls to frozen process.
07-03 20:28:48.014   581   581 W IPCThreadState: Sending oneway calls to frozen process.
07-03 20:28:48.014   581   581 W IPCThreadState: Sending oneway calls to frozen process.
07-03 20:28:48.014   581   581 W IPCThreadState: Sending oneway calls to frozen process.
07-03 20:28:48.014   581   581 W IPCThreadState: Sending oneway calls to frozen process.
07-03 20:28:48.014   581   581 D BatterySaverPolicy: accessibility changed to false, updating policy.
07-03 20:28:48.014  1363  1586 I AiAiEcho: EchoTargets: 
07-03 20:28:48.014  1363  1586 I AiAiEcho: Filtered by AiAi flag check: 
07-03 20:28:48.014  1363  1586 I AiAiEcho: [CONTEXT ratelimit_period="10 SECONDS" ]
07-03 20:28:48.015  1363  1586 I AiAiEcho: Ranked targets strategy: SORT, count: 0, ranking metadata:  [CONTEXT ratelimit_period="10 SECONDS" ]
07-03 20:28:48.015  1363  1586 I AiAiEcho: #remoteViewsTwiddler: feature disabled.
07-03 20:28:48.015  1363  1586 I AiAiEcho: Predicting[0]:  [CONTEXT sampling_count=5 ]
07-03 20:28:48.015  1363  1586 I AiAiEcho: EchoTargets: 
07-03 20:28:48.015  1363  1586 I AiAiEcho: Filtered by AiAi flag check: 
07-03 20:28:48.015  1363  1586 I AiAiEcho: [CONTEXT ratelimit_period="10 SECONDS" ]
07-03 20:28:48.015  1363  1586 I AiAiEcho: Ranked targets strategy: SORT, count: 0, ranking metadata:  [CONTEXT ratelimit_period="10 SECONDS" ]
07-03 20:28:48.015  1363  1586 I AiAiEcho: #remoteViewsTwiddler: feature disabled.
07-03 20:28:48.016  1363  1586 I AiAiEcho: Predicting[0]:  [CONTEXT sampling_count=5 ]
07-03 20:28:48.016  1363  1586 I AiAiEcho: EchoTargets: 
07-03 20:28:48.016  1363  1586 I AiAiEcho: Filtered by AiAi flag check: 
07-03 20:28:48.016  1363  1586 I AiAiEcho: [CONTEXT ratelimit_period="10 SECONDS" ]
07-03 20:28:48.016  1363  1586 I AiAiEcho: Ranked targets strategy: SORT, count: 0, ranking metadata:  [CONTEXT ratelimit_period="10 SECONDS" ]
07-03 20:28:48.016  1363  1586 I AiAiEcho: #remoteViewsTwiddler: feature disabled.
07-03 20:28:48.016  1363  1586 I AiAiEcho: #postPredictionTargets: Sending updates to UISurface media_data_manager with targets# 0 (types=[])
07-03 20:28:48.016   850   850 D SsMediaDataProvider: Forwarding Smartspace updates []
07-03 20:28:48.016  1363  1586 I AiAiEcho: #postPredictionTargets: Sending updates to UISurface lockscreen with targets# 0 (types=[])
07-03 20:28:48.016  1363  1586 I AiAiEcho: #postPredictionTargets: Sending updates to UISurface home with targets# 0 (types=[])
07-03 20:28:48.016   850   850 W PageIndicator: Total number of pages invalid: 0. Assuming 1 page.
07-03 20:28:48.017  1264  1264 D SsBaseTemplateCard: No text view can be set up
07-03 20:28:48.017  1264  1264 D SsBaseTemplateCard: Passed-in item info is null
07-03 20:28:48.017  1264  1264 D SsBaseTemplateCard: Passed-in item info is null
07-03 20:28:48.017  1264  1264 D SsBaseTemplateCard: Passed-in item info is null
07-03 20:28:48.017  1264  1264 I SsBaseTemplateCard: Secondary card pane is null
07-03 20:28:48.025  1605  1869 I WM-WorkerWrapper: Worker result SUCCESS for Work [ id=2b0f7d3e-7982-4ef1-892e-44e74a6de338, tags={ com.google.android.libraries.mdi.download.workmanager.workers.PeriodicWorker,MDD.CELLULAR.CHARGING.PERIODIC.TASK } ]
07-03 20:28:48.631  1605  1869 I WM-WorkerWrapper: Worker result SUCCESS for Work [ id=dcb7b18e-f07c-4da0-999e-d0de804884ff, tags={ com.google.android.libraries.mdi.download.workmanager.workers.PeriodicWorker,MDD.WIFI.CHARGING.PERIODIC.TASK } ]
07-03 20:28:48.839   834   834 I wpa_supplicant: wlan0: CTRL-EVENT-BEACON-LOSS 
07-03 20:28:50.500   581   759 W IPCThreadState: Sending oneway calls to frozen process.
07-03 20:28:50.501   581   759 W IPCThreadState: Sending oneway calls to frozen process.
07-03 20:28:50.501   581   759 W IPCThreadState: Sending oneway calls to frozen process.
07-03 20:28:50.501   581   759 W IPCThreadState: Sending oneway calls to frozen process.
07-03 20:28:50.501   581   759 W IPCThreadState: Sending oneway calls to frozen process.
07-03 20:28:50.501   581   759 W IPCThreadState: Sending oneway calls to frozen process.
07-03 20:28:50.501   581   759 W IPCThreadState: Sending oneway calls to frozen process.
07-03 20:28:50.501  1406  1704 I BugleRcsEngine: Connected state: [1], networkType: [WIFI] [CONTEXT thread_id=53 ]
07-03 20:28:50.501  1406  1935 I BugleRcsEngine: handleMessage processing message:[NOTIFY_UPTIME_IGNORE_STATE_CHANGED] with [non-null]:RcsEngineImpl reference [CONTEXT log_prefix="RcsEngineImpl[DUAL_REG]:[569cb700-207e]>Handler" thread_id=61 ]
07-03 20:28:50.502   581   759 W IPCThreadState: Sending oneway calls to frozen process.
07-03 20:28:50.502   581   759 W IPCThreadState: Sending oneway calls to frozen process.
07-03 20:28:50.503   996  1171 E PhoneInterfaceManager: getCarrierPrivilegeStatusForUid: Invalid subId
07-03 20:28:50.503  1063  1480 I ChimeraSrvcProxy: NullBinder for android.net.action.RECOMMEND_NETWORKS triggering remote TransactionTooLargeException due to Service without Chimera impl
07-03 20:28:50.503  1063  1480 W .gms.persistent: Large reply transaction of 1056768 bytes, interface descriptor , code 1
07-03 20:28:50.505  1406  1935 I BugleRcsEngine: No RCS Configuration was found in Bugle for simID: redacted-pii:sim_id[chars:0,last3:] [CONTEXT log_prefix="ProvisioningEngineDataRetriever" thread_id=61 ]
07-03 20:28:53.455   581   638 D OomAdjuster: Not killing cached processes
07-03 20:28:55.007     0     0 W healthd : battery l=100 v=5000 t=25.0 h=2 st=2 c=900000 fc=3000000 cc=10 chg=a
07-03 20:28:56.695   424   424 D audioserver: logFgsApiBegin: FGS Logger Transaction failed, -129
07-03 20:28:56.696   581   989 W AS.PlaybackActivityMon: No piid assigned for invalid/internal port id 15
07-03 20:28:56.699  3161  3177 D EGL_emulation: app_time_stats: avg=432.70ms min=5.17ms max=16995.43ms count=41
07-03 20:28:56.731  3161  3161 D AutofillManager: view not autofillable - not passing ime action check
07-03 20:28:56.731  3161  3161 D AutofillManager: view not autofillable - not passing ime action check
07-03 20:28:56.742   424   537 D AudioFlinger: mixer(0x75e4233418e0) throttle end: throttle time(33)
07-03 20:28:56.771   834   834 I wpa_supplicant: wlan0: CTRL-EVENT-BEACON-LOSS 
07-03 20:28:56.856   424   537 D audioserver: logFgsApiEnd: FGS Logger Transaction failed, -129
07-03 20:28:56.877  3161  3250 D TrafficStats: tagSocket(102) with statsTag=0xffffffff, statsUid=-1
07-03 20:28:58.328  3161  3177 D EGL_emulation: app_time_stats: avg=29.85ms min=4.15ms max=763.52ms count=51
07-03 20:28:59.734   386  3225 D android.hardware.audio@7.1-impl.ranchu: threadLoop: entering standby, frames: 298112
07-03 20:29:00.004  1363  1586 I AiAiEcho: Predicting[0]:  [CONTEXT sampling_count=5 ]
07-03 20:29:00.004  1363  1586 I AiAiEcho: EchoTargets: 
07-03 20:29:00.004  1363  1586 I AiAiEcho: Filtered by AiAi flag check: 
07-03 20:29:00.004  1363  1586 I AiAiEcho: [CONTEXT ratelimit_period="10 SECONDS" ]
07-03 20:29:00.004  1363  1586 I AiAiEcho: Ranked targets strategy: SORT, count: 0, ranking metadata:  [CONTEXT ratelimit_period="10 SECONDS" ]
07-03 20:29:00.004  1363  1586 I AiAiEcho: #remoteViewsTwiddler: feature disabled.
07-03 20:29:00.004  1363  1586 I AiAiEcho: Predicting[0]:  [CONTEXT sampling_count=5 ]
07-03 20:29:00.004  1363  1586 I AiAiEcho: EchoTargets: 
07-03 20:29:00.004  1363  1586 I AiAiEcho: Filtered by AiAi flag check: 
07-03 20:29:00.004  1363  1586 I AiAiEcho: [CONTEXT ratelimit_period="10 SECONDS" ]
07-03 20:29:00.004  1363  1586 I AiAiEcho: Ranked targets strategy: SORT, count: 0, ranking metadata:  [CONTEXT ratelimit_period="10 SECONDS" ]
07-03 20:29:00.004  1363  1586 I AiAiEcho: #remoteViewsTwiddler: feature disabled.
07-03 20:29:00.005  1363  1586 I AiAiEcho: #postPredictionTargets: Sending updates to UISurface lockscreen with targets# 0 (types=[])
07-03 20:29:00.005  1363  1586 I AiAiEcho: #postPredictionTargets: Sending updates to UISurface home with targets# 0 (types=[])
07-03 20:29:00.005  1264  1264 D SsBaseTemplateCard: No text view can be set up
07-03 20:29:00.006  1264  1264 D SsBaseTemplateCard: Passed-in item info is null
07-03 20:29:00.006  1264  1264 D SsBaseTemplateCard: Passed-in item info is null
07-03 20:29:00.006  1264  1264 D SsBaseTemplateCard: Passed-in item info is null
07-03 20:29:00.006  1264  1264 I SsBaseTemplateCard: Secondary card pane is null
07-03 20:29:00.011   850   850 W PageIndicator: Total number of pages invalid: 0. Assuming 1 page.
07-03 20:29:00.013   850   965 D EGL_emulation: app_time_stats: avg=4314.36ms min=13.27ms max=42998.51ms count=10
07-03 20:29:01.878  3161  3250 D TrafficStats: tagSocket(92) with statsTag=0xffffffff, statsUid=-1
07-03 20:29:04.708   834   834 I wpa_supplicant: wlan0: CTRL-EVENT-BEACON-LOSS 
07-03 20:29:05.454  1369  1780 I BistoHotwordHelper: (REDACTED) getHotwordActive::active query: %s, watch: %s, devices connected: %s
07-03 20:29:05.802  3253  3253 D AndroidRuntime: >>>>>> START com.android.internal.os.RuntimeInit uid 2000 <<<<<<
07-03 20:29:05.804  3253  3253 I AndroidRuntime: Using default boot image
07-03 20:29:05.804  3253  3253 I AndroidRuntime: Leaving lock profiling enabled
07-03 20:29:05.806  3253  3253 I app_process: Core platform API reporting enabled, enforcing=false
07-03 20:29:05.806  3253  3253 I app_process: Using CollectorTypeCMC GC.
07-03 20:29:05.849  3253  3253 D nativeloader: InitDefaultPublicLibraries for_preload=1: libandroid.so:libaaudio.so:libamidi.so:libbinder_ndk.so:libc.so:libcamera2ndk.so:libdl.so:libEGL.so:libGLESv1_CM.so:libGLESv2.so:libGLESv3.so:libicu.so:libicui18n.so:libicuuc.so:libjnigraphics.so:liblog.so:libmediandk.so:libm.so:libnativehelper.so:libnativewindow.so:libOpenMAXAL.so:libOpenSLES.so:libRS.so:libstdc++.so:libsync.so:libvulkan.so:libwebviewchromium_plat_support.so:libz.so
07-03 20:29:05.854  3253  3253 D nativeloader: Load libicu_jni.so using APEX ns com_android_art for caller /apex/com.android.art/javalib/core-oj.jar: ok
07-03 20:29:05.855  3253  3253 D app_process: u_setTimeZoneFilesDirectory("/apex/com.android.tzdata/etc/tz/versioned/8/icu") succeeded. 
07-03 20:29:05.855  3253  3253 D app_process: I18n APEX ICU file found: /apex/com.android.i18n/etc/icu/icudt75l.dat
07-03 20:29:05.855  3253  3253 D nativeloader: Load libjavacore.so using APEX ns com_android_art for caller /apex/com.android.art/javalib/core-oj.jar: ok
07-03 20:29:05.855  3253  3253 D nativeloader: Load libopenjdk.so using APEX ns com_android_art for caller /apex/com.android.art/javalib/core-oj.jar: ok
07-03 20:29:05.856  3253  3253 W app_process: Unexpected CPU variant for x86: x86_64.
07-03 20:29:05.856  3253  3253 W app_process: Known variants: atom, sandybridge, silvermont, goldmont, goldmont-plus, goldmont-without-sha-xsaves, tremont, kabylake, default
07-03 20:29:05.857  3253  3253 W app_process: ClassLoaderContext shared library size mismatch. Expected=2, found=0 (PCL[]{PCL[/system/framework/android.test.base.jar*724373495]#PCL[/system/framework/android.test.mock.jar*1452759902]} | PCL[])
07-03 20:29:05.857  3253  3253 W app_process: ClassLoaderContext classpath size mismatch. expected=0, found=1 (PCL[]{PCL[/system/framework/android.test.runner.jar*2496447986]#PCL[/system/framework/android.test.base.jar*724373495]} | PCL[/system/framework/android.test.runner.jar*2496447986])
07-03 20:29:05.868  3253  3253 D nativeloader: Load libframework-connectivity-tiramisu-jni.so using APEX ns com_android_tethering for caller /apex/com.android.tethering/javalib/framework-connectivity-t.jar: ok
07-03 20:29:05.868  3253  3253 D AndroidRuntime: Calling main entry com.android.commands.uiautomator.Launcher
07-03 20:29:05.869  3253  3253 D UiAutomationConnection: Created on user UserHandle{0}
07-03 20:29:05.869  3253  3253 I UiAutomation: Initialized for user 0 on display 0
07-03 20:29:05.869  3253  3253 W UiAutomation: Created with deprecatead constructor, assumes DEFAULT_DISPLAY
07-03 20:29:05.870   581  1988 D AccessibilityManagerService: changeCurrentUserForTestAutomationIfNeededLocked(0): ignoring because device doesn't support visible background users
07-03 20:29:05.870   581  1988 I UiAutomationManager: Registering UiTestAutomationService (id=com.android.server.accessibility/UiAutomation, flags=0x0) when called by user 0
07-03 20:29:05.871   581  1988 W MagnificationConnectionManager: requestConnection duplicated request: connect=false, mConnectionState=DISCONNECTED
07-03 20:29:05.871  1363  1960 I AiAiEcho: Settings changed for uri: content://settings/secure/accessibility_enabled
07-03 20:29:05.871   581   581 W IPCThreadState: Sending oneway calls to frozen process.
07-03 20:29:05.871   581   581 W IPCThreadState: Sending oneway calls to frozen process.
07-03 20:29:05.871   581   581 W IPCThreadState: Sending oneway calls to frozen process.
07-03 20:29:05.871   581   581 W IPCThreadState: Sending oneway calls to frozen process.
07-03 20:29:05.871   581   581 W IPCThreadState: Sending oneway calls to frozen process.
07-03 20:29:05.871   581   581 W IPCThreadState: Sending oneway calls to frozen process.
07-03 20:29:05.871   581   581 W IPCThreadState: Sending oneway calls to frozen process.
07-03 20:29:05.871  1363  1586 I AiAiEcho: Predicting[0]:  [CONTEXT sampling_count=5 ]
07-03 20:29:05.871   581   581 W IPCThreadState: Sending oneway calls to frozen process.
07-03 20:29:05.871   581   581 W IPCThreadState: Sending oneway calls to frozen process.
07-03 20:29:05.871   581   581 W IPCThreadState: Sending oneway calls to frozen process.
07-03 20:29:05.871  1363  1586 I AiAiEcho: EchoTargets: 
07-03 20:29:05.871  1363  1586 I AiAiEcho: Filtered by AiAi flag check: 
07-03 20:29:05.871  1363  1586 I AiAiEcho: [CONTEXT ratelimit_period="10 SECONDS" ]
07-03 20:29:05.871   581   581 W IPCThreadState: Sending oneway calls to frozen process.
07-03 20:29:05.871   581   581 W IPCThreadState: Sending oneway calls to frozen process.
07-03 20:29:05.871  1363  1586 I AiAiEcho: Ranked targets strategy: SORT, count: 0, ranking metadata:  [CONTEXT ratelimit_period="10 SECONDS" ]
07-03 20:29:05.872  1363  1586 I AiAiEcho: #remoteViewsTwiddler: feature disabled.
07-03 20:29:05.872   581   581 W IPCThreadState: Sending oneway calls to frozen process.
07-03 20:29:05.872   581   581 W IPCThreadState: Sending oneway calls to frozen process.
07-03 20:29:05.872   581   581 W IPCThreadState: Sending oneway calls to frozen process.
07-03 20:29:05.872   581   581 W IPCThreadState: Sending oneway calls to frozen process.
07-03 20:29:05.872  1363  1586 I AiAiEcho: Predicting[0]:  [CONTEXT sampling_count=5 ]
07-03 20:29:05.872   581   581 W IPCThreadState: Sending oneway calls to frozen process.
07-03 20:29:05.872  1363  1586 I AiAiEcho: EchoTargets: 
07-03 20:29:05.872  1363  1586 I AiAiEcho: Filtered by AiAi flag check: 
07-03 20:29:05.872  1363  1586 I AiAiEcho: [CONTEXT ratelimit_period="10 SECONDS" ]
07-03 20:29:05.872   581   581 W IPCThreadState: Sending oneway calls to frozen process.
07-03 20:29:05.872  1363  1586 I AiAiEcho: Ranked targets strategy: SORT, count: 0, ranking metadata:  [CONTEXT ratelimit_period="10 SECONDS" ]
07-03 20:29:05.872   581   581 D BatterySaverPolicy: accessibility changed to true, updating policy.
07-03 20:29:05.872  1363  1586 I AiAiEcho: #remoteViewsTwiddler: feature disabled.
07-03 20:29:05.872  1363  1586 I AiAiEcho: Predicting[0]:  [CONTEXT sampling_count=5 ]
07-03 20:29:05.872  1363  1586 I AiAiEcho: EchoTargets: 
07-03 20:29:05.872  1363  1586 I AiAiEcho: Filtered by AiAi flag check: 
07-03 20:29:05.872  1363  1586 I AiAiEcho: [CONTEXT ratelimit_period="10 SECONDS" ]
07-03 20:29:05.872  1363  1586 I AiAiEcho: Ranked targets strategy: SORT, count: 0, ranking metadata:  [CONTEXT ratelimit_period="10 SECONDS" ]
07-03 20:29:05.872  1363  1586 I AiAiEcho: #remoteViewsTwiddler: feature disabled.
07-03 20:29:05.872  3253  3265 V UiAutomation: Init UiAutomation@badf888[id=3, displayId=0, flags=0]
07-03 20:29:05.872  1363  1586 I AiAiEcho: #postPredictionTargets: Sending updates to UISurface media_data_manager with targets# 0 (types=[])
07-03 20:29:05.873  1363  1586 I AiAiEcho: #postPredictionTargets: Sending updates to UISurface lockscreen with targets# 0 (types=[])
07-03 20:29:05.873  1363  1586 I AiAiEcho: #postPredictionTargets: Sending updates to UISurface home with targets# 0 (types=[])
07-03 20:29:05.875   581  1990 W MagnificationConnectionManager: requestConnection duplicated request: connect=false, mConnectionState=DISCONNECTED
07-03 20:29:05.875  1363  1827 I AiAiEcho: Settings changed for uri: content://settings/secure/accessibility_enabled
07-03 20:29:05.875  1363  1586 I AiAiEcho: Predicting[0]:  [CONTEXT sampling_count=5 ]
07-03 20:29:05.875   581   581 W IPCThreadState: Sending oneway calls to frozen process.
07-03 20:29:05.875  1363  1586 I AiAiEcho: EchoTargets: 
07-03 20:29:05.875  1363  1586 I AiAiEcho: Filtered by AiAi flag check: 
07-03 20:29:05.875  1363  1586 I AiAiEcho: [CONTEXT ratelimit_period="10 SECONDS" ]
07-03 20:29:05.875   581   581 W IPCThreadState: Sending oneway calls to frozen process.
07-03 20:29:05.875   581   581 W IPCThreadState: Sending oneway calls to frozen process.
07-03 20:29:05.875   581   581 W IPCThreadState: Sending oneway calls to frozen process.
07-03 20:29:05.875   581   581 W IPCThreadState: Sending oneway calls to frozen process.
07-03 20:29:05.875   581   581 W IPCThreadState: Sending oneway calls to frozen process.
07-03 20:29:05.875   581   581 W IPCThreadState: Sending oneway calls to frozen process.
07-03 20:29:05.875   581   581 W IPCThreadState: Sending oneway calls to frozen process.
07-03 20:29:05.875   581   581 W IPCThreadState: Sending oneway calls to frozen process.
07-03 20:29:05.875   581   581 W IPCThreadState: Sending oneway calls to frozen process.
07-03 20:29:05.875   581   581 W IPCThreadState: Sending oneway calls to frozen process.
07-03 20:29:05.875   581   581 W IPCThreadState: Sending oneway calls to frozen process.
07-03 20:29:05.875  1363  1586 I AiAiEcho: Ranked targets strategy: SORT, count: 0, ranking metadata:  [CONTEXT ratelimit_period="10 SECONDS" ]
07-03 20:29:05.875   850   850 D SsMediaDataProvider: Forwarding Smartspace updates []
07-03 20:29:05.876   850   850 W PageIndicator: Total number of pages invalid: 0. Assuming 1 page.
07-03 20:29:05.876  1264  1264 D SsBaseTemplateCard: No text view can be set up
07-03 20:29:05.876  1264  1264 D SsBaseTemplateCard: Passed-in item info is null
07-03 20:29:05.876  1264  1264 D SsBaseTemplateCard: Passed-in item info is null
07-03 20:29:05.876  1363  1586 I AiAiEcho: #remoteViewsTwiddler: feature disabled.
07-03 20:29:05.876  1264  1264 D SsBaseTemplateCard: Passed-in item info is null
07-03 20:29:05.876  1264  1264 I SsBaseTemplateCard: Secondary card pane is null
07-03 20:29:05.876  1363  1586 I AiAiEcho: Predicting[0]:  [CONTEXT sampling_count=5 ]
07-03 20:29:05.876  1363  1586 I AiAiEcho: EchoTargets: 
07-03 20:29:05.876  1363  1586 I AiAiEcho: Filtered by AiAi flag check: 
07-03 20:29:05.876  1363  1586 I AiAiEcho: [CONTEXT ratelimit_period="10 SECONDS" ]
07-03 20:29:05.876  1363  1586 I AiAiEcho: Ranked targets strategy: SORT, count: 0, ranking metadata:  [CONTEXT ratelimit_period="10 SECONDS" ]
07-03 20:29:05.876  1363  1586 I AiAiEcho: #remoteViewsTwiddler: feature disabled.
07-03 20:29:05.876  1363  1586 I AiAiEcho: Predicting[0]:  [CONTEXT sampling_count=5 ]
07-03 20:29:05.876  1363  1586 I AiAiEcho: EchoTargets: 
07-03 20:29:05.876  1363  1586 I AiAiEcho: Filtered by AiAi flag check: 
07-03 20:29:05.876  1363  1586 I AiAiEcho: [CONTEXT ratelimit_period="10 SECONDS" ]
07-03 20:29:05.876  1363  1586 I AiAiEcho: Ranked targets strategy: SORT, count: 0, ranking metadata:  [CONTEXT ratelimit_period="10 SECONDS" ]
07-03 20:29:05.877  1363  1586 I AiAiEcho: #remoteViewsTwiddler: feature disabled.
07-03 20:29:05.877  1363  1586 I AiAiEcho: #postPredictionTargets: Sending updates to UISurface media_data_manager with targets# 0 (types=[])
07-03 20:29:05.877   850   850 D SsMediaDataProvider: Forwarding Smartspace updates []
07-03 20:29:05.877  1363  1586 I AiAiEcho: #postPredictionTargets: Sending updates to UISurface lockscreen with targets# 0 (types=[])
07-03 20:29:05.877  1363  1586 I AiAiEcho: #postPredictionTargets: Sending updates to UISurface home with targets# 0 (types=[])
07-03 20:29:05.877   850   850 W PageIndicator: Total number of pages invalid: 0. Assuming 1 page.
07-03 20:29:05.877  1264  1264 D SsBaseTemplateCard: No text view can be set up
07-03 20:29:05.877  1264  1264 D SsBaseTemplateCard: Passed-in item info is null
07-03 20:29:05.877  1264  1264 D SsBaseTemplateCard: Passed-in item info is null
07-03 20:29:05.877  1264  1264 D SsBaseTemplateCard: Passed-in item info is null
07-03 20:29:05.877  1264  1264 I SsBaseTemplateCard: Secondary card pane is null
07-03 20:29:05.878  1285  1289 W putmethod.latin: Missing inline cache for int rto.a(java.lang.Object)
07-03 20:29:06.877  3161  3250 D TrafficStats: tagSocket(92) with statsTag=0xffffffff, statsUid=-1
07-03 20:29:06.879  3253  3253 W AccessibilityNodeInfoDumper: Fetch time: 2ms
07-03 20:29:06.879   581  1805 W MagnificationConnectionManager: requestConnection duplicated request: connect=false, mConnectionState=DISCONNECTED
07-03 20:29:06.879   581  1805 D AccessibilityManagerService: restoreCurrentUserForTestAutomationIfNeededLocked(): ignoring because device doesn't support visible background users
07-03 20:29:06.879  1363  1960 I AiAiEcho: Settings changed for uri: content://settings/secure/accessibility_enabled
07-03 20:29:06.879   581   581 W IPCThreadState: Sending oneway calls to frozen process.
07-03 20:29:06.879   581   581 W IPCThreadState: Sending oneway calls to frozen process.
07-03 20:29:06.879   581   581 W IPCThreadState: Sending oneway calls to frozen process.
07-03 20:29:06.880   581   581 W IPCThreadState: Sending oneway calls to frozen process.
07-03 20:29:06.880   581   581 W IPCThreadState: Sending oneway calls to frozen process.
07-03 20:29:06.880  1363  1586 I AiAiEcho: Predicting[0]:  [CONTEXT sampling_count=5 ]
07-03 20:29:06.880  1363  1586 I AiAiEcho: EchoTargets: 
07-03 20:29:06.880  1363  1586 I AiAiEcho: Filtered by AiAi flag check: 
07-03 20:29:06.880  1363  1586 I AiAiEcho: [CONTEXT ratelimit_period="10 SECONDS" ]
07-03 20:29:06.880   581   581 W IPCThreadState: Sending oneway calls to frozen process.
07-03 20:29:06.880  1363  1586 I AiAiEcho: Ranked targets strategy: SORT, count: 0, ranking metadata:  [CONTEXT ratelimit_period="10 SECONDS" ]
07-03 20:29:06.880   581   581 W IPCThreadState: Sending oneway calls to frozen process.
07-03 20:29:06.880  1363  1586 I AiAiEcho: #remoteViewsTwiddler: feature disabled.
07-03 20:29:06.880   581   581 W IPCThreadState: Sending oneway calls to frozen process.
07-03 20:29:06.880   581   581 W IPCThreadState: Sending oneway calls to frozen process.
07-03 20:29:06.880  1363  1586 I AiAiEcho: Predicting[0]:  [CONTEXT sampling_count=5 ]
07-03 20:29:06.880  3253  3253 D AndroidRuntime: Shutting down VM
07-03 20:29:06.880  1363  1586 I AiAiEcho: EchoTargets: 
07-03 20:29:06.880  1363  1586 I AiAiEcho: Filtered by AiAi flag check: 
07-03 20:29:06.880  1363  1586 I AiAiEcho: [CONTEXT ratelimit_period="10 SECONDS" ]
07-03 20:29:06.880  1363  1586 I AiAiEcho: Ranked targets strategy: SORT, count: 0, ranking metadata:  [CONTEXT ratelimit_period="10 SECONDS" ]
07-03 20:29:06.880   581   581 W IPCThreadState: Sending oneway calls to frozen process.
07-03 20:29:06.880  1363  1586 I AiAiEcho: #remoteViewsTwiddler: feature disabled.
07-03 20:29:06.880   581   581 W IPCThreadState: Sending oneway calls to frozen process.
07-03 20:29:06.880  1363  1586 I AiAiEcho: Predicting[0]:  [CONTEXT sampling_count=5 ]
07-03 20:29:06.880  1363  1586 I AiAiEcho: EchoTargets: 
07-03 20:29:06.880  1363  1586 I AiAiEcho: Filtered by AiAi flag check: 
07-03 20:29:06.880  1363  1586 I AiAiEcho: [CONTEXT ratelimit_period="10 SECONDS" ]
07-03 20:29:06.880  1363  1586 I AiAiEcho: Ranked targets strategy: SORT, count: 0, ranking metadata:  [CONTEXT ratelimit_period="10 SECONDS" ]
07-03 20:29:06.880  1363  1586 I AiAiEcho: #remoteViewsTwiddler: feature disabled.
07-03 20:29:06.880   581   581 W IPCThreadState: Sending oneway calls to frozen process.
07-03 20:29:06.880  1363  1586 I AiAiEcho: #postPredictionTargets: Sending updates to UISurface media_data_manager with targets# 0 (types=[])
07-03 20:29:06.880  1363  1586 I AiAiEcho: #postPredictionTargets: Sending updates to UISurface lockscreen with targets# 0 (types=[])
07-03 20:29:06.880  1363  1586 I AiAiEcho: #postPredictionTargets: Sending updates to UISurface home with targets# 0 (types=[])
07-03 20:29:06.881   581   581 W IPCThreadState: Sending oneway calls to frozen process.
07-03 20:29:06.881   581   581 W IPCThreadState: Sending oneway calls to frozen process.
07-03 20:29:06.881   581   581 W IPCThreadState: Sending oneway calls to frozen process.
07-03 20:29:06.881   581   581 W IPCThreadState: Sending oneway calls to frozen process.
07-03 20:29:06.881   581   581 W IPCThreadState: Sending oneway calls to frozen process.
07-03 20:29:06.881   581   581 W IPCThreadState: Sending oneway calls to frozen process.
07-03 20:29:06.881   581   581 D BatterySaverPolicy: accessibility changed to false, updating policy.
07-03 20:29:06.881  1264  1264 D SsBaseTemplateCard: No text view can be set up
07-03 20:29:06.881  1264  1264 D SsBaseTemplateCard: Passed-in item info is null
07-03 20:29:06.881  1264  1264 D SsBaseTemplateCard: Passed-in item info is null
07-03 20:29:06.881  1264  1264 D SsBaseTemplateCard: Passed-in item info is null
07-03 20:29:06.881  1264  1264 I SsBaseTemplateCard: Secondary card pane is null
07-03 20:29:06.881   850   850 D SsMediaDataProvider: Forwarding Smartspace updates []
07-03 20:29:06.881   850   850 W PageIndicator: Total number of pages invalid: 0. Assuming 1 page.
07-03 20:29:11.877  3161  3250 D TrafficStats: tagSocket(92) with statsTag=0xffffffff, statsUid=-1
07-03 20:29:12.643   834   834 I wpa_supplicant: wlan0: CTRL-EVENT-BEACON-LOSS 
07-03 20:29:16.878  3161  3250 D TrafficStats: tagSocket(92) with statsTag=0xffffffff, statsUid=-1
07-03 20:29:20.835   834   834 I wpa_supplicant: wlan0: CTRL-EVENT-BEACON-LOSS 
07-03 20:29:20.892   581   969 D OomAdjuster: Not killing cached processes
07-03 20:29:21.878  3161  3250 D TrafficStats: tagSocket(92) with statsTag=0xffffffff, statsUid=-1
07-03 20:29:22.556   581   695 D ActivityManager: sync unfroze 1484 com.google.android.googlequicksearchbox:search for 6
07-03 20:29:22.557   581   695 D ActivityManager: sync unfroze 2202 com.google.android.webview:sandboxed_process0:org.chromium.content.app.SandboxedProcessService0:0 for 6
07-03 20:29:22.558   581   695 W ProcessStats: Tracking association SourceState{5a013ae system/1000 ImpBg #1518} whose proc state 6 is better than process ProcessState{9b1f23e com.google.android.googlequicksearchbox:search/10144 pkg=com.google.android.googlequicksearchbox} proc state 14 (6 skipped)
07-03 20:29:22.562   581  1990 D ActivityManager: sync unfroze 1536 com.google.android.gms for 4
07-03 20:29:22.562  1605  1605 I BugleDataModel: ActionExecutorImpl: Starting ActionService
07-03 20:29:22.566  1536  1536 D BoundBrokerSvc: onRebind: Intent { act=com.google.android.gms.notifications.registration.service.NotificationsRegistrationTaskBoundService.ACTION_TASK_READY dat=chimera-action:/... cmp=com.google.android.gms/.chimera.GmsInternalBoundBrokerService }
07-03 20:29:22.568  1536  1536 I GmsCoreXrpcWrapper: Returning a channel provider with trafficStatsTag=67175169 trafficStatsUid=-1
07-03 20:29:22.571  1605  1605 I BugleDataModel: ActionExecutorImpl: ACTION_EXECUTE_QUEUED_SelfParticipantsRefreshAction
07-03 20:29:22.571  1063  3271 W TapAndPay: NfcAdapter is null while obtaining CardEmulation instance. [CONTEXT service_id=79 ]
07-03 20:29:22.571  1063  3271 W TapAndPay: java.lang.NullPointerException: NfcAdapter is null
07-03 20:29:22.571  1063  3271 W TapAndPay: 	at android.nfc.cardemulation.CardEmulation.getInstance(CardEmulation.java:170)
07-03 20:29:22.571  1063  3271 W TapAndPay: 	at dhwn.<init>(:com.google.android.gms@242335041@24.23.35 (190800-646585959):15)
07-03 20:29:22.571  1063  3271 W TapAndPay: 	at com.google.android.gms.tapandpay.hce.task.TapAndPayAidRegistrationTaskOperation.a(:com.google.android.gms@242335041@24.23.35 (190800-646585959):50)
07-03 20:29:22.571  1063  3271 W TapAndPay: 	at com.google.android.gms.tapandpay.gcmtask.TapAndPayGcmTaskChimeraService.a(:com.google.android.gms@242335041@24.23.35 (190800-646585959):32)
07-03 20:29:22.571  1063  3271 W TapAndPay: 	at bpjj.call(:com.google.android.gms@242335041@24.23.35 (190800-646585959):32)
07-03 20:29:22.571  1063  3271 W TapAndPay: 	at java.util.concurrent.FutureTask.run(FutureTask.java:264)
07-03 20:29:22.571  1063  3271 W TapAndPay: 	at angs.c(:com.google.android.gms@242335041@24.23.35 (190800-646585959):50)
07-03 20:29:22.571  1063  3271 W TapAndPay: 	at angs.run(:com.google.android.gms@242335041@24.23.35 (190800-646585959):76)
07-03 20:29:22.571  1063  3271 W TapAndPay: 	at java.util.concurrent.ThreadPoolExecutor.runWorker(ThreadPoolExecutor.java:1145)
07-03 20:29:22.571  1063  3271 W TapAndPay: 	at java.util.concurrent.ThreadPoolExecutor$Worker.run(ThreadPoolExecutor.java:644)
07-03 20:29:22.571  1063  3271 W TapAndPay: 	at anmg.run(:com.google.android.gms@242335041@24.23.35 (190800-646585959):8)
07-03 20:29:22.571  1063  3271 W TapAndPay: 	at java.lang.Thread.run(Thread.java:1012)
07-03 20:29:22.571  1605  1605 I BugleDataModel: ActionExecutorImpl: ACTION_EXECUTE_QUEUED_CountryCodeDetectorAction
07-03 20:29:22.571  1536  1536 D BoundBrokerSvc: onUnbind: Intent { act=com.google.android.gms.common.BIND_SHARED_PREFS pkg=com.google.android.gms }
07-03 20:29:22.572  1605  1869 I BugleDataModel: ExecuteActionRunnable: running action SelfParticipantsRefreshAction
07-03 20:29:22.572  1605  1869 I BugleDataModel: ActionExecutorImpl: ACTION_BACKGROUND_QUEUED_SelfParticipantsRefreshAction
07-03 20:29:22.572  1605  1869 I BugleDataModel: ExecuteActionRunnable: running action CountryCodeDetectorAction
07-03 20:29:22.572  1605  1869 I BugleDataModel: ActionExecutorImpl: ACTION_BACKGROUND_QUEUED_CountryCodeDetectorAction
07-03 20:29:22.573  1605  3012 I BugleDataModel: ParticipantRefresh: ContactContentObserver created
07-03 20:29:22.573  1605  3012 I BugleDataModel: ParticipantFullRefresh: Start participant refresh. refreshMode: SELF_ONLY
07-03 20:29:22.574  1605  3012 I BugleDataModel: SubscriptionsTracker#refreshSelfParticipantList([])
07-03 20:29:22.576  1063  3270 I NetworkScheduler.Stats: Task com.google.android.gms/com.google.android.gms.notifications.registration.service.NotificationsRegistrationTaskBoundService started execution. cause:4 exec_start_elapsed_seconds: 153 [CONTEXT service_id=218 ]
07-03 20:29:22.576  1063  3270 I NetworkScheduler.Stats: Task com.google.android.gms/com.google.android.gms.tapandpay.gcmtask.TapAndPayGcmTaskService started execution. cause:4 exec_start_elapsed_seconds: 153 [CONTEXT service_id=218 ]
07-03 20:29:22.577  1063  2695 I NetworkScheduler.Stats: Task com.google.android.gms/com.google.android.gms.tapandpay.gcmtask.TapAndPayGcmTaskService finished executing. cause:4 result: 3 elapsed_millis: 36 uptime_millis: 36 exec_start_elapsed_seconds: 153 [CONTEXT service_id=218 ]
07-03 20:29:22.580   382   462 I netd    : tetherGetStats() -> {[]} <0.35ms>
07-03 20:29:22.583  1605  3012 I BugleDataModel: SubscriptionsTracker bindToTrackingMap bound participants: [ParticipantId=1 subId=-1]
07-03 20:29:22.583  1484  1484 I BgTaskExecutorImpl: (REDACTED) Starting %s background task %s.
07-03 20:29:22.584   581   759 D ConnectivityService: releasing NetworkRequest [ REQUEST id=113, [ Transports: CELLULAR Capabilities: INTERNET&NOT_RESTRICTED&TRUSTED&NOT_VPN&NOT_VCN_MANAGED&NOT_BANDWIDTH_CONSTRAINED Forbidden: LOCAL_NETWORK Uid: 10144 RequestorUid: 10144 RequestorPkg: com.google.android.googlequicksearchbox UnderlyingNetworks: Null] ] (release request)
07-03 20:29:22.585  1536  1536 D BoundBrokerSvc: onBind: Intent { act=com.google.android.gms.auth.service.START pkg=com.google.android.gms }
07-03 20:29:22.585  1536  1536 D BoundBrokerSvc: Loading bound service for intent: Intent { act=com.google.android.gms.auth.service.START pkg=com.google.android.gms }
07-03 20:29:22.589  1484  1686 I A       : NGA enabled in interactor.
07-03 20:29:22.590  1484  1686 I A       : NGA enabled in interactor.
07-03 20:29:22.593  1605  3012 W Bugle   : Bugle: SubscriptionMetadataUtils get: unexpected subId = -1, replacing with -1
07-03 20:29:22.593  1063  1480 W GLSUser : [DeviceKeyStore] Cannot load key: Device key file not found.
07-03 20:29:22.594  1484  1686 I A       : NGA enabled in interactor.
07-03 20:29:22.594  1605  3012 W Bugle   : Bugle: SubscriptionMetadataUtils get: unexpected subId = -1, replacing with -1
07-03 20:29:22.594  1484  1686 I A       : NGA enabled in interactor.
07-03 20:29:22.595   581  1988 D ActivityManager: sync unfroze 2554 com.google.android.gms.unstable for 6
07-03 20:29:22.596  1063  2695 I NetworkScheduler.Stats: Task com.google.android.gms/com.google.android.gms.clearcut.uploader.QosUploaderService started execution. cause:5 exec_start_elapsed_seconds: 153 [CONTEXT service_id=218 ]
07-03 20:29:22.596  1605  3012 I BugleBackup: Registering preference change listener for "buglesub_-1".
07-03 20:29:22.597  1605  3012 W Bugle   : Bugle: SubscriptionMetadataUtils get: unexpected subId = -1, replacing with -1
07-03 20:29:22.597  1484  3272 I NetworkRecognitionRnr: Using pair HTTP connection
07-03 20:29:22.598  1605  3012 I Bugle   : getRawTelephonyPhoneNumber redacted-pii[0-chars] [CONTEXT sub_id=-1 ]
07-03 20:29:22.598  1605  3012 I Bugle   : SubscriptionUtilsAsOfLMR1: getActiveSubscriptionInfo(): empty sub info for subscription{id:-1}
07-03 20:29:22.598  1369  1369 I A       : (REDACTED) Created gRPC endpoint for service %s
07-03 20:29:22.599  1484  2128 I A       : [Upload] Connected
07-03 20:29:22.601   581   969 D ActivityManager: sync unfroze 1233 android.process.acore for 7
07-03 20:29:22.601  1484  1686 I A       : NGA enabled in interactor.
07-03 20:29:22.602  1484  1686 I A       : NGA enabled in interactor.
07-03 20:29:22.604  1484  1687 W CronetNetworkRqstWrppr: Upload request without a content type.
07-03 20:29:22.604  1484  1484 E A       : onError
07-03 20:29:22.604  1484  1484 E A       : com.google.android.apps.gsa.shared.speech.b.l: errorCode: 65561, engine: 2
07-03 20:29:22.604  1484  1484 E A       : 	at com.google.android.apps.gsa.staticplugins.bp.a.f.a(PG:23)
07-03 20:29:22.604  1484  1484 E A       : 	at com.google.android.apps.gsa.s3.o.hi(PG:13)
07-03 20:29:22.604  1484  1484 E A       : 	at com.google.ci.g.a.f.e(PG:9)
07-03 20:29:22.604  1484  1484 E A       : 	at com.google.android.apps.gsa.speech.k.a.g.d(PG:162)
07-03 20:29:22.604  1484  1484 E A       : 	at com.google.android.apps.gsa.speech.k.a.g.iO(PG:26)
07-03 20:29:22.604  1484  1484 E A       : 	at com.google.android.apps.gsa.s3.p.c(PG:102)
07-03 20:29:22.604  1484  1484 E A       : 	at com.google.android.apps.gsa.s3.q.run(PG:1)
07-03 20:29:22.604  1484  1484 E A       : 	at java.util.concurrent.Executors$RunnableAdapter.call(Executors.java:487)
07-03 20:29:22.604  1484  1484 E A       : 	at java.util.concurrent.FutureTask.run(FutureTask.java:264)
07-03 20:29:22.604  1484  1484 E A       : 	at com.google.android.apps.gsa.shared.util.c.a.e.run(PG:12)
07-03 20:29:22.604  1484  1484 E A       : 	at com.google.android.apps.gsa.shared.util.c.a.bg.run(PG:3)
07-03 20:29:22.604  1484  1484 E A       : 	at com.google.android.apps.gsa.shared.util.c.a.bg.run(PG:3)
07-03 20:29:22.604  1484  1484 E A       : 	at java.util.concurrent.ThreadPoolExecutor.runWorker(ThreadPoolExecutor.java:1145)
07-03 20:29:22.604  1484  1484 E A       : 	at java.util.concurrent.ThreadPoolExecutor$Worker.run(ThreadPoolExecutor.java:644)
07-03 20:29:22.604  1484  1484 E A       : 	at java.lang.Thread.run(Thread.java:1012)
07-03 20:29:22.604  1484  1484 E A       : 	at com.google.android.apps.gsa.shared.util.c.a.l.run(PG:42)
07-03 20:29:22.604  1484  1484 E A       : Caused by: com.google.android.apps.gsa.shared.speech.b.n: errorCode: 65586, engine: 2
07-03 20:29:22.604  1484  1484 E A       : 	at com.google.android.apps.gsa.s3.o.hi(PG:6)
07-03 20:29:22.604  1484  1484 E A       : 	... 14 more
07-03 20:29:22.604  1484  1484 E A       : Caused by: com.google.android.apps.gsa.shared.speech.b.j: errorCode: 401, engine: 2
07-03 20:29:22.604  1484  1484 E A       : 	at com.google.android.apps.gsa.assistant.shared.n.i.b(PG:30)
07-03 20:29:22.604  1484  1484 E A       : 	at com.google.android.apps.gsa.s3.producers.j.hs(PG:11)
07-03 20:29:22.604  1484  1484 E A       : 	at com.google.android.apps.gsa.speech.k.a.g.d(PG:135)
07-03 20:29:22.604  1484  1484 E A       : 	... 12 more
07-03 20:29:22.608  1484  2128 I NetworkRecognitionRnr: Using pair HTTP connection
07-03 20:29:22.610  1484  2130 I A       : [Upload] Connected
07-03 20:29:22.611  1484  1484 W A       : Failed to sync device settings.
07-03 20:29:22.611  1484  1484 I A       : Retrying to sync device settings.
07-03 20:29:22.612  1484  1921 W A       : (REDACTED) Failed to get connectivityLock in %d ms
07-03 20:29:22.612  1484  1921 W CronetNetworkRqstWrppr: Upload request without a content type.
07-03 20:29:22.616  1484  1484 W JobInfo : Job 'com.google.android.googlequicksearchbox/com.google.android.apps.gsa.tasks.BackgroundTasksJobService#-353' has a deadline with functional constraints and an extremely short time window of 0 ms (delay=120000, deadline=120000). The functional constraints are not likely to be satisfied when the job runs.
07-03 20:29:22.617   581   838 W JobInfo : Job 'com.google.android.googlequicksearchbox/com.google.android.apps.gsa.tasks.BackgroundTasksJobService#-353' has a deadline with functional constraints and an extremely short time window of 0 ms (delay=120000, deadline=120000). The functional constraints are not likely to be satisfied when the job runs.
07-03 20:29:22.617   581   838 W JobInfo : Job 'com.google.android.googlequicksearchbox/com.google.android.apps.gsa.tasks.BackgroundTasksJobService#-353' has a deadline with functional constraints and an extremely short time window of 0 ms (delay=120000, deadline=120000). The functional constraints are not likely to be satisfied when the job runs.
07-03 20:29:22.618   581  1805 W JobScheduler: Job didn't exist in JobStore: 61895b3 #u0a144/-353 com.google.android.googlequicksearchbox/com.google.android.apps.gsa.tasks.BackgroundTasksJobService
07-03 20:29:22.627  1605  3012 I BugleDataModel: ParticipantFullRefresh: Number of participants refreshed: 0
07-03 20:29:22.628  1605  3012 I BugleDataModel: ActionExecutorImpl: ACTION_RESPONSE_QUEUED_SelfParticipantsRefreshAction
07-03 20:29:22.628  1605  3012 W Bugle   : Bugle: SubscriptionMetadataUtils get: unexpected subId = -1, replacing with -1
07-03 20:29:22.628  1605  3012 I Bugle   : SubscriptionUtilsAsOfLMR1: getActiveSubscriptionInfo(): empty sub info for subscription{id:-1}
07-03 20:29:22.628  1605  3012 I Bugle   : CountryCodeDetector: updateHomeCountry from system locale as fallback. detected country: US
07-03 20:29:22.629  1605  3012 W Bugle   : Bugle: SubscriptionMetadataUtils get: unexpected subId = -1, replacing with -1
07-03 20:29:22.632  1605  3012 I BugleDataModel: ActionExecutorImpl: ACTION_RESPONSE_QUEUED_CountryCodeDetectorAction
07-03 20:29:22.633  1605  1869 I BugleDataModel: ActionExecutorImpl: Stopping ActionService
07-03 20:29:22.634  1369  1380 I hbox:interactor: Compiler allocated 4538KB to compile java.lang.Object com.google.android.apps.gsa.binaries.velvet.app.ahh.a()
07-03 20:29:22.638  1605  1711 W Bugle   : TextClassifierLibManagerImpl: Reclaiming memory at level: 40
07-03 20:29:22.641   581   969 D FileUtils: Rounded bytes from 2592710656 to 4000000000
07-03 20:29:22.643   581  1805 D FileUtils: Rounded bytes from 2592710656 to 4000000000
07-03 20:29:22.646   382  3283 I resolv  : GetAddrInfoHandler::run: {100 786532 100 983140 10143 0}
07-03 20:29:22.646  2554  2565 D TrafficStats: tagSocket(124) with statsTag=0x1809, statsUid=-1
07-03 20:29:22.651  2554  2565 W libc    : Access denied finding property "persist.adb.tls_server.enable"
07-03 20:29:22.651  1484  2321 V ClearcutMetricXmitter: Transmission is done.
07-03 20:29:22.651  2554  2565 W libc    : Access denied finding property "service.adb.tls.port"
07-03 20:29:22.644  2554  2554 W binder:2554_3: type=1400 audit(0.0:38): avc:  denied  { read } for  name="u:object_r:system_adbd_prop:s0" dev="tmpfs" ino=318 scontext=u:r:gmscore_app:s0:c512,c768 tcontext=u:object_r:system_adbd_prop:s0 tclass=file permissive=0 app=com.google.android.gms
07-03 20:29:22.653  1063  1111 I .gms.persistent: Waiting for a blocking GC ProfileSaver
07-03 20:29:22.644  2554  2554 W binder:2554_3: type=1400 audit(0.0:39): avc:  denied  { read } for  name="u:object_r:adbd_prop:s0" dev="tmpfs" ino=63 scontext=u:r:gmscore_app:s0:c512,c768 tcontext=u:object_r:adbd_prop:s0 tclass=file permissive=0 app=com.google.android.gms
07-03 20:29:22.654  1063  1480 W GmsUrlRequestImpl: Content-Type header is overwritten.
07-03 20:29:22.654   382  3285 I resolv  : GetAddrInfoHandler::run: {100 786532 100 983140 10143 0}
07-03 20:29:22.654   382  3286 I resolv  : res_nmkquery: (QUERY, IN, AAAA)
07-03 20:29:22.654   382  3287 I resolv  : res_nmkquery: (QUERY, IN, A)
07-03 20:29:22.668  1063  1068 W .gms.persistent: Cleared Reference was only reachable from finalizer (only reported once)
07-03 20:29:22.684  1063  1111 I .gms.persistent: WaitForGcToComplete blocked ProfileSaver on Background for 31.438ms
07-03 20:29:22.686  1063  1070 W .gms.persistent: ApkAssets: Deleting an ApkAssets object '<empty> and /product/priv-app/PrebuiltBugle/PrebuiltBugle.apk' with 1 weak references
07-03 20:29:22.687  1063  1070 W .gms.persistent: ApkAssets: Deleting an ApkAssets object '<empty> and /data/app/~~yRCd9UpkylHpqJOnlKHApw==/io.github.jark006.freezeit-74rwQ182fBcCqDy9YRe6TA==/base.apk' with 1 weak references
07-03 20:29:22.694   382  3289 I resolv  : GetAddrInfoHandler::run: {100 786532 100 983140 10143 0}
07-03 20:29:22.694   382  3290 I resolv  : res_nmkquery: (QUERY, IN, AAAA)
07-03 20:29:22.694   382  3291 I resolv  : res_nmkquery: (QUERY, IN, A)
07-03 20:29:22.751   382  3291 I resolv  : res_nsend: used send_dg 53 terrno: 0
07-03 20:29:22.751   382  3291 I resolv  : doQuery: rcode=0, ancount=1, return value=53
07-03 20:29:22.751   382  3290 I resolv  : res_nsend: used send_dg 37 terrno: 0
07-03 20:29:22.751   382  3286 I resolv  : res_nsend: used send_dg 40 terrno: 0
07-03 20:29:22.751   382  3286 I resolv  : doQuery: rcode=0, ancount=0, return value=40
07-03 20:29:22.752   382  3290 I resolv  : doQuery: rcode=0, ancount=0, return value=37
07-03 20:29:22.752   382  3287 I resolv  : res_nsend: used send_dg 56 terrno: 0
07-03 20:29:22.752   382  3287 I resolv  : doQuery: rcode=0, ancount=1, return value=56
07-03 20:29:22.752  1063  2953 D TrafficStats: tagSocket(183) with statsTag=0x401, statsUid=10143
07-03 20:29:22.753  1063  2953 D TrafficStats: tagSocket(227) with statsTag=0x1065fff, statsUid=-1
07-03 20:29:23.005  1063  2953 D TrafficStats: tagSocket(228) with statsTag=0x1065fff, statsUid=-1
07-03 20:29:23.175  1063  1480 W GLSUser : [AppCertManager] Exception while requesting key: 
