07-03 20:29:23.175  1063  1480 W GLSUser : java.util.concurrent.ExecutionException: bpcw: Parse Proto Exception with response code 400
07-03 20:29:23.175  1063  1480 W GLSUser : 	at etvr.s(:com.google.android.gms@242335041@24.23.35 (190800-646585959):21)
07-03 20:29:23.175  1063  1480 W GLSUser : 	at etvr.get(:com.google.android.gms@242335041@24.23.35 (190800-646585959):10)
07-03 20:29:23.175  1063  1480 W GLSUser : 	at yfw.b(:com.google.android.gms@242335041@24.23.35 (190800-646585959):477)
07-03 20:29:23.175  1063  1480 W GLSUser : 	at yfu.a(:com.google.android.gms@242335041@24.23.35 (190800-646585959):70)
07-03 20:29:23.175  1063  1480 W GLSUser : 	at yfu.hf(:com.google.android.gms@242335041@24.23.35 (190800-646585959):16)
07-03 20:29:23.175  1063  1480 W GLSUser : 	at oxh.onTransact(:com.google.android.gms@242335041@24.23.35 (190800-646585959):96)
07-03 20:29:23.175  1063  1480 W GLSUser : 	at android.os.Binder.transact(Binder.java:1345)
07-03 20:29:23.175  1063  1480 W GLSUser : 	at bjld.onTransact(:com.google.android.gms@242335041@24.23.35 (190800-646585959):18)
07-03 20:29:23.175  1063  1480 W GLSUser : 	at android.os.Binder.transact(Binder.java:1345)
07-03 20:29:23.175  1063  1480 W GLSUser : 	at bbqp.onTransact(:com.google.android.gms@242335041@24.23.35 (190800-646585959):147)
07-03 20:29:23.175  1063  1480 W GLSUser : 	at android.os.Binder.execTransactInternal(Binder.java:1500)
07-03 20:29:23.175  1063  1480 W GLSUser : 	at android.os.Binder.execTransact(Binder.java:1444)
07-03 20:29:23.175  1063  1480 W GLSUser : Caused by: bpcw: Parse Proto Exception with response code 400
07-03 20:29:23.175  1063  1480 W GLSUser : 	at bpdw.b(:com.google.android.gms@242335041@24.23.35 (190800-646585959):80)
07-03 20:29:23.175  1063  1480 W GLSUser : 	at bpgb.e(:com.google.android.gms@242335041@24.23.35 (190800-646585959):17)
07-03 20:29:23.175  1063  1480 W GLSUser : 	at bpgp.onSucceeded(:com.google.android.gms@242335041@24.23.35 (190800-646585959):7)
07-03 20:29:23.175  1063  1480 W GLSUser : 	at m.mw.onSucceeded(:com.google.android.gms.dynamite_cronetdynamite@242335041@24.23.35 (190800-0):3)
07-03 20:29:23.175  1063  1480 W GLSUser : 	at m.lt.run(:com.google.android.gms.dynamite_cronetdynamite@242335041@24.23.35 (190800-0):25)
07-03 20:29:23.175  1063  1480 W GLSUser : 	at angs.c(:com.google.android.gms@242335041@24.23.35 (190800-646585959):50)
07-03 20:29:23.175  1063  1480 W GLSUser : 	at angs.run(:com.google.android.gms@242335041@24.23.35 (190800-646585959):76)
07-03 20:29:23.175  1063  1480 W GLSUser : 	at java.util.concurrent.ThreadPoolExecutor.runWorker(ThreadPoolExecutor.java:1145)
07-03 20:29:23.175  1063  1480 W GLSUser : 	at java.util.concurrent.ThreadPoolExecutor$Worker.run(ThreadPoolExecutor.java:644)
07-03 20:29:23.175  1063  1480 W GLSUser : 	at anmg.run(:com.google.android.gms@242335041@24.23.35 (190800-646585959):8)
07-03 20:29:23.175  1063  1480 W GLSUser : 	at java.lang.Thread.run(Thread.java:1012)
07-03 20:29:23.175  1063  1480 W GLSUser : Caused by: fkhe: Protocol message contained an invalid tag (zero).
07-03 20:29:23.175  1063  1480 W GLSUser : 	at fkea.k(:com.google.android.gms@242335041@24.23.35 (190800-646585959):39)
07-03 20:29:23.175  1063  1480 W GLSUser : 	at fkid.c(:com.google.android.gms@242335041@24.23.35 (190800-646585959):309)
07-03 20:29:23.175  1063  1480 W GLSUser : 	at fkid.i(:com.google.android.gms@242335041@24.23.35 (190800-646585959):8)
07-03 20:29:23.175  1063  1480 W GLSUser : 	at fkgi.fe(:com.google.android.gms@242335041@24.23.35 (190800-646585959):25)
07-03 20:29:23.175  1063  1480 W GLSUser : 	at fkgc.g(:com.google.android.gms@242335041@24.23.35 (190800-646585959):3)
07-03 20:29:23.175  1063  1480 W GLSUser : 	at fkdw.e(:com.google.android.gms@242335041@24.23.35 (190800-646585959):1)
07-03 20:29:23.175  1063  1480 W GLSUser : 	at fkdw.d(:com.google.android.gms@242335041@24.23.35 (190800-646585959):3)
07-03 20:29:23.175  1063  1480 W GLSUser : 	at fkdw.p(:com.google.android.gms@242335041@24.23.35 (190800-646585959):1)
07-03 20:29:23.175  1063  1480 W GLSUser : 	at bpdw.g(:com.google.android.gms@242335041@24.23.35 (190800-646585959):68)
07-03 20:29:23.175  1063  1480 W GLSUser : 	at bpdw.b(:com.google.android.gms@242335041@24.23.35 (190800-646585959):11)
07-03 20:29:23.175  1063  1480 W GLSUser : 	... 10 more
07-03 20:29:23.176  1063  1480 W GLSUser : [DeviceKeyStore] Cannot load key: Device key file not found.
07-03 20:29:23.181  1536  2965 E gclu    : *~*~*~ Previous channel {0} was garbage collected without being shut down! ~*~*~*
07-03 20:29:23.181  1536  2965 E gclu    :     Make sure to call shutdown()/shutdownNow()
07-03 20:29:23.181  1536  2965 E gclu    : java.lang.RuntimeException: ManagedChannel allocation site
07-03 20:29:23.181  1536  2965 E gclu    : 	at gclt.<init>(:com.google.android.gms@242335041@24.23.35 (190800-646585959):21)
07-03 20:29:23.181  1536  2965 E gclu    : 	at gclu.<init>(:com.google.android.gms@242335041@24.23.35 (190800-646585959):10)
07-03 20:29:23.181  1536  2965 E gclu    : 	at gcls.a(:com.google.android.gms@242335041@24.23.35 (190800-646585959):244)
07-03 20:29:23.181  1536  2965 E gclu    : 	at gbvj.a(:com.google.android.gms@242335041@24.23.35 (190800-646585959):5)
07-03 20:29:23.181  1536  2965 E gclu    : 	at ewrn.a(:com.google.android.gms@242335041@24.23.35 (190800-646585959):173)
07-03 20:29:23.181  1536  2965 E gclu    : 	at emsu.a(:com.google.android.gms@242335041@24.23.35 (190800-646585959):13)
07-03 20:29:23.181  1536  2965 E gclu    : 	at etzu.a(:com.google.android.gms@242335041@24.23.35 (190800-646585959):3)
07-03 20:29:23.181  1536  2965 E gclu    : 	at etyv.run(:com.google.android.gms@242335041@24.23.35 (190800-646585959):21)
07-03 20:29:23.181  1536  2965 E gclu    : 	at etzw.run(:com.google.android.gms@242335041@24.23.35 (190800-646585959):5)
07-03 20:29:23.181  1536  2965 E gclu    : 	at angs.c(:com.google.android.gms@242335041@24.23.35 (190800-646585959):50)
07-03 20:29:23.181  1536  2965 E gclu    : 	at angs.run(:com.google.android.gms@242335041@24.23.35 (190800-646585959):76)
07-03 20:29:23.181  1536  2965 E gclu    : 	at java.util.concurrent.ThreadPoolExecutor.runWorker(ThreadPoolExecutor.java:1145)
07-03 20:29:23.181  1536  2965 E gclu    : 	at java.util.concurrent.ThreadPoolExecutor$Worker.run(ThreadPoolExecutor.java:644)
07-03 20:29:23.181  1536  2965 E gclu    : 	at anmg.run(:com.google.android.gms@242335041@24.23.35 (190800-646585959):8)
07-03 20:29:23.181  1536  2965 E gclu    : 	at java.lang.Thread.run(Thread.java:1012)
07-03 20:29:23.664  1536  2715 I cr_CronetUrlRequestContext: destroyNativeStreamLocked org.chromium.net.impl.CronetBidirectionalStream@6dc0fc0
07-03 20:29:23.666  1536  3128 I NotificationsModuleTask: Registering accounts to Chime Failed & Rescheduled for later. [CONTEXT service_id=358 ]
07-03 20:29:23.667  1536  1536 D BoundBrokerSvc: onUnbind: Intent { act=com.google.android.gms.notifications.registration.service.NotificationsRegistrationTaskBoundService.ACTION_TASK_READY dat=chimera-action:/... cmp=com.google.android.gms/.chimera.GmsInternalBoundBrokerService }
07-03 20:29:23.667  1063  2695 I NetworkScheduler.Stats: Task com.google.android.gms/com.google.android.gms.notifications.registration.service.NotificationsRegistrationTaskBoundService finished executing. cause:4 result: 3 elapsed_millis: 1121 uptime_millis: 1121 exec_start_elapsed_seconds: 153 [CONTEXT service_id=218 ]
07-03 20:29:23.682  1063  3270 I NetworkScheduler.Stats: Task com.google.android.gms/com.google.android.gms.telephonyspam.sync.SpamListSyncTaskService started execution. cause:5 exec_start_elapsed_seconds: 154 [CONTEXT service_id=218 ]
07-03 20:29:23.682  1536  2965 I TelephonySpamChimeraSer: Running Telephony Spam Chimera Service [CONTEXT service_id=150 ]
07-03 20:29:23.682  1536  2965 I TelephonySpamChimeraSer: Cleaning SIP Header local table of old entries [CONTEXT service_id=150 ]
07-03 20:29:23.682  1536  2965 I SpamListSync: Call spam module disabled. Skipping cleaning cache sip header table. [CONTEXT service_id=150 ]
07-03 20:29:23.682  1536  2965 I TelephonySpamChimeraSer: Syncing Call Spam List [CONTEXT service_id=150 ]
07-03 20:29:23.682  1536  2965 I SpamListSync: SpamListSyncChimeraService.syncSpamList called with tag: telephonyspam.SpamListSyncOneOffTask, extras: Bundle[{SpamList Type=0, Action=1.0}] [CONTEXT service_id=150 ]
07-03 20:29:23.682  1536  2965 I SpamListSync: Call spam module disabled. Skipping spam list syncing. [CONTEXT service_id=150 ]
07-03 20:29:23.683  1063  2695 I NetworkScheduler.Stats: Task com.google.android.gms/com.google.android.gms.telephonyspam.sync.SpamListSyncTaskService finished executing. cause:5 result: 1 elapsed_millis: 6 uptime_millis: 6 exec_start_elapsed_seconds: 154 [CONTEXT service_id=218 ]
07-03 20:29:23.697  1063  3270 I NetworkScheduler.Stats: Task com.google.android.gms/com.google.android.gms.auth.account.be.legacy.AuthCronService started execution. cause:5 exec_start_elapsed_seconds: 154 [CONTEXT service_id=218 ]
07-03 20:29:23.699  1063  3270 I NetworkScheduler.Stats: Task com.google.android.gms/com.google.android.gms.auth.account.be.legacy.AuthCronService finished executing. cause:5 result: 3 elapsed_millis: 7 uptime_millis: 7 exec_start_elapsed_seconds: 154 [CONTEXT service_id=218 ]
07-03 20:29:24.172  1063  1067 W .gms.persistent: Missing inline cache for java.lang.Object algi.next()
07-03 20:29:24.172  1063  1067 W .gms.persistent: Missing inline cache for java.lang.Object algi.next()
07-03 20:29:24.172  1063  1067 W .gms.persistent: Missing inline cache for java.lang.Object algi.next()
07-03 20:29:24.172  1063  1067 W .gms.persistent: Missing inline cache for java.lang.Object algi.next()
07-03 20:29:24.172  1063  1067 W .gms.persistent: Missing inline cache for java.lang.Object algi.next()
07-03 20:29:24.172  1063  1067 W .gms.persistent: Missing inline cache for java.lang.Object algi.next()
07-03 20:29:24.172  1063  1067 W .gms.persistent: Missing inline cache for java.lang.Object algi.next()
07-03 20:29:24.172  1063  1067 W .gms.persistent: Missing inline cache for java.lang.Object algi.next()
07-03 20:29:24.198  1063  2953 D TrafficStats: tagSocket(100) with statsTag=0x1065fff, statsUid=-1
07-03 20:29:24.619   581  1990 D ConnectivityService: requestNetwork for uid/pid:10144/1484 activeRequest: null callbackRequest: 117 [NetworkRequest [ REQUEST id=117, [ Transports: CELLULAR Capabilities: INTERNET&NOT_RESTRICTED&TRUSTED&NOT_VPN&NOT_VCN_MANAGED&NOT_BANDWIDTH_CONSTRAINED Forbidden: LOCAL_NETWORK Uid: 10144 RequestorUid: 10144 RequestorPkg: com.google.android.googlequicksearchbox UnderlyingNetworks: Null] ]] callback flags: 0 order: 2147483647 isUidTracked: false
07-03 20:29:24.620   581   759 D ConnectivityService: NetReassign [no changes] [c 0] [a 0] [i 0]
07-03 20:29:24.620   581   759 D ConnectivityService: reportNetworkConnectivity(100, false) by 10144
07-03 20:29:24.620   916  2479 D NetworkMonitor/100: Forcing reevaluation for UID 10144. Dns signal count: 0
07-03 20:29:24.621   916  3294 D TrafficStats: tagSocket(6) with statsTag=0xffffff81, statsUid=-1
07-03 20:29:24.621   916  3293 D TrafficStats: tagSocket(86) with statsTag=0xffffff81, statsUid=-1
07-03 20:29:24.622   916  3294 D TrafficStats: tagSocket(6) with statsTag=0xffffff81, statsUid=-1
07-03 20:29:24.622   916  3293 D TrafficStats: tagSocket(86) with statsTag=0xffffff81, statsUid=-1
07-03 20:29:24.623   382  3295 I resolv  : ResNSendHandler::run: 0 / {100 983140 100 983140 1073 1}
07-03 20:29:24.623   382  3296 I resolv  : ResNSendHandler::run: 0 / {100 983140 100 983140 1073 1}
07-03 20:29:24.625   382  3297 I resolv  : ResNSendHandler::run: 0 / {100 983140 100 983140 1073 1}
07-03 20:29:24.625   382  3298 I resolv  : ResNSendHandler::run: 0 / {100 983140 100 983140 1073 1}
07-03 20:29:24.625   382  3297 I resolv  : resolv_cache_lookup: FOUND IN CACHE entry=0x75b7b839b630
07-03 20:29:25.106   382  3295 I resolv  : res_nsend: used send_dg 47 terrno: 0
07-03 20:29:25.106   382  3296 I resolv  : res_nsend: used send_dg 32 terrno: 0
07-03 20:29:25.106   382  3298 I resolv  : res_nsend: used send_dg 48 terrno: 0
07-03 20:29:25.107   916   916 D TrafficStats: tagSocket(6) with statsTag=0xffffffff, statsUid=-1
07-03 20:29:25.108   916  3294 D NetworkMonitor/100: PROBE_DNS connectivitycheck.gstatic.com 486ms OK 220.181.174.226
07-03 20:29:25.108   916   916 D TrafficStats: tagSocket(6) with statsTag=0xffffffff, statsUid=-1
07-03 20:29:25.109   382  3299 I resolv  : GetAddrInfoHandler::run: {100 983140 100 983140 1073 1}
07-03 20:29:25.109   916  3293 D NetworkMonitor/100: PROBE_DNS www.google.com 488ms OK 198.18.0.187
07-03 20:29:25.109   382  3300 I resolv  : res_nmkquery: (QUERY, IN, AAAA)
07-03 20:29:25.109   382  3301 I resolv  : res_nmkquery: (QUERY, IN, A)
07-03 20:29:25.109   382  3301 I resolv  : resolv_cache_lookup: FOUND IN CACHE entry=0x75b7b839b630
07-03 20:29:25.109   382  3301 I resolv  : doQuery: rcode=0, ancount=1, return value=63
07-03 20:29:25.110   382  3302 I resolv  : GetAddrInfoHandler::run: {100 983140 100 983140 1073 1}
07-03 20:29:25.110   382  3304 I resolv  : res_nmkquery: (QUERY, IN, A)
07-03 20:29:25.110   382  3303 I resolv  : res_nmkquery: (QUERY, IN, AAAA)
07-03 20:29:25.110   382  3304 I resolv  : resolv_cache_lookup: FOUND IN CACHE entry=0x75b95839bda0
07-03 20:29:25.110   382  3304 I resolv  : doQuery: rcode=0, ancount=1, return value=48
07-03 20:29:25.599   382  3300 I resolv  : res_nsend: used send_dg 47 terrno: 0
07-03 20:29:25.599   382  3303 I resolv  : res_nsend: used send_dg 32 terrno: 0
07-03 20:29:25.599   382  3300 I resolv  : doQuery: rcode=0, ancount=0, return value=47
07-03 20:29:25.599   382  3303 I resolv  : doQuery: rcode=0, ancount=0, return value=32
07-03 20:29:25.599   916  3293 D TrafficStats: tagSocket(6) with statsTag=0xffffff81, statsUid=-1
07-03 20:29:25.600   916  3294 D TrafficStats: tagSocket(86) with statsTag=0xffffff81, statsUid=-1
07-03 20:29:26.558  1484  2140 W A       : (REDACTED) [%s] response code: %d
07-03 20:29:26.742   916  3294 D NetworkMonitor/100: PROBE_HTTP http://connectivitycheck.gstatic.com/generate_204 time=1633ms ret=204 request={Connection=[close], User-Agent=[Mozilla/5.0 (X11; Linux x86_64) AppleWebKit/537.36 (KHTML, like Gecko) Chrome/60.0.3112.32 Safari/537.36]} headers={null=[HTTP/1.1 204 No Content], Connection=[close], Content-Length=[0], Cross-Origin-Resource-Policy=[cross-origin], Date=[Fri, 03 Jul 2026 12:29:26 GMT], X-Android-Received-Millis=[1783081766742], X-Android-Response-Source=[NETWORK 204], X-Android-Selected-Protocol=[http/1.1], X-Android-Sent-Millis=[1783081766101]}
07-03 20:29:26.767  3307  3307 W BpBinder: Linking to death on android.gui.ISurfaceComposer but there are no threads (yet?) listening to incoming transactions. See ProcessState::startThreadPool and ProcessState::setThreadPoolMaxThreadCount. Generally you should setup the binder threadpool before other initialization steps.
07-03 20:29:26.767  3307  3307 W ProcessState: Extra binder thread started, but 0 threads requested. Do not use *startThreadPool when zero threads are requested.
07-03 20:29:26.812     0     0 I logd    : logdr: UID=2000 GID=2000 PID=3308 n tail=0 logMask=99 pid=0 start=0ns deadline=0ns
